Versi├│n de MSBuild 18.3.0-release-26070-10+3972042b7 para .NET Framework

  Checking File Globs
  fmt.vcxproj -> C:\Users\4stro\Desktop\geode\the-coin-guide\build\_deps\fmt-build\RelWithDebInfo\fmt.lib
  asp.vcxproj -> C:\Users\4stro\Desktop\geode\the-coin-guide\build\_deps\asp2-build\RelWithDebInfo\asp.lib
  arc.vcxproj -> C:\Users\4stro\Desktop\geode\the-coin-guide\build\_deps\arc-build\RelWithDebInfo\arc.lib
E:\msvisual2026\MSBuild\Microsoft\VC\v180\Microsoft.CppBuild.targets(1139,5): warning MSB8027: Dos o m├ís archivos con el mismo nombre de AccountHelpLayer.cpp producir├ín salidas en la misma ubicaci├│n. Esto puede dar lugar a un resultado de compilaci├│n incorrecto. Los archivos implicados son C:\Users\4stro\Desktop\geode\the-coin-guide\build\_deps\bindings-src\bindings\2.2081\inline\AccountHelpLayer.cpp, C:\Users\4stro\Desktop\geode\the-coin-guide\build\bindings\bindings\Geode\source\AccountHelpLayer.cpp. [C:\Users\4stro\Desktop\geode\the-coin-guide\build\bindings\GeodeBindings.vcxproj]
E:\msvisual2026\MSBuild\Microsoft\VC\v180\Microsoft.CppBuild.targets(1139,5): warning MSB8027: Dos o m├ís archivos con el mismo nombre de AccountLayer.cpp producir├ín salidas en la misma ubicaci├│n. Esto puede dar lugar a un resultado de compilaci├│n incorrecto. Los archivos implicados son C:\Users\4stro\Desktop\geode\the-coin-guide\build\_deps\bindings-src\bindings\2.2081\inline\AccountLayer.cpp, C:\Users\4stro\Desktop\geode\the-coin-guide\build\bindings\bindings\Geode\source\AccountLayer.cpp. [C:\Users\4stro\Desktop\geode\the-coin-guide\build\bindings\GeodeBindings.vcxproj]
E:\msvisual2026\MSBuild\Microsoft\VC\v180\Microsoft.CppBuild.targets(1139,5): warning MSB8027: Dos o m├ís archivos con el mismo nombre de AccountLoginLayer.cpp producir├ín salidas en la misma ubicaci├│n. Esto puede dar lugar a un resultado de compilaci├│n incorrecto. Los archivos implicados son C:\Users\4stro\Desktop\geode\the-coin-guide\build\_deps\bindings-src\bindings\2.2081\inline\AccountLoginLayer.cpp, C:\Users\4stro\Desktop\geode\the-coin-guide\build\bindings\bindings\Geode\source\AccountLoginLayer.cpp. [C:\Users\4stro\Desktop\geode\the-coin-guide\build\bindings\GeodeBindings.vcxproj]
E:\msvisual2026\MSBuild\Microsoft\VC\v180\Microsoft.CppBuild.targets(1139,5): warning MSB8027: Dos o m├ís archivos con el mismo nombre de AccountRegisterLayer.cpp producir├ín salidas en la misma ubicaci├│n. Esto puede dar lugar a un resultado de compilaci├│n incorrecto. Los archivos implicados son C:\Users\4stro\Desktop\geode\the-coin-guide\build\_deps\bindings-src\bindings\2.2081\inline\AccountRegisterLayer.cpp, C:\Users\4stro\Desktop\geode\the-coin-guide\build\bindings\bindings\Geode\source\AccountRegisterLayer.cpp. [C:\Users\4stro\Desktop\geode\the-coin-guide\build\bindings\GeodeBindings.vcxproj]
E:\msvisual2026\MSBuild\Microsoft\VC\v180\Microsoft.CppBuild.targets(1139,5): warning MSB8027: Dos o m├ís archivos con el mismo nombre de AchievementBar.cpp producir├ín salidas en la misma ubicaci├│n. Esto puede dar lugar a un resultado de compilaci├│n incorrecto. Los archivos implicados son C:\Users\4stro\Desktop\geode\the-coin-guide\build\_deps\bindings-src\bindings\2.2081\inline\AchievementBar.cpp, C:\Users\4stro\Desktop\geode\the-coin-guide\build\bindings\bindings\Geode\source\AchievementBar.cpp. [C:\Users\4stro\Desktop\geode\the-coin-guide\build\bindings\GeodeBindings.vcxproj]
E:\msvisual2026\MSBuild\Microsoft\VC\v180\Microsoft.CppBuild.targets(1139,5): warning MSB8027: Dos o m├ís archivos con el mismo nombre de AchievementCell.cpp producir├ín salidas en la misma ubicaci├│n. Esto puede dar lugar a un resultado de compilaci├│n incorrecto. Los archivos implicados son C:\Users\4stro\Desktop\geode\the-coin-guide\build\_deps\bindings-src\bindings\2.2081\inline\AchievementCell.cpp, C:\Users\4stro\Desktop\geode\the-coin-guide\build\bindings\bindings\Geode\source\AchievementCell.cpp. [C:\Users\4stro\Desktop\geode\the-coin-guide\build\bindings\GeodeBindings.vcxproj]
E:\msvisual2026\MSBuild\Microsoft\VC\v180\Microsoft.CppBuild.targets(1139,5): warning MSB8027: Dos o m├ís archivos con el mismo nombre de AchievementManager.cpp producir├ín salidas en la misma ubicaci├│n. Esto puede dar lugar a un resultado de compilaci├│n incorrecto. Los archivos implicados son C:\Users\4stro\Desktop\geode\the-coin-guide\build\_deps\bindings-src\bindings\2.2081\inline\AchievementManager.cpp, C:\Users\4stro\Desktop\geode\the-coin-guide\build\bindings\bindings\Geode\source\AchievementManager.cpp. [C:\Users\4stro\Desktop\geode\the-coin-guide\build\bindings\GeodeBindings.vcxproj]
E:\msvisual2026\MSBuild\Microsoft\VC\v180\Microsoft.CppBuild.targets(1139,5): warning MSB8027: Dos o m├ís archivos con el mismo nombre de AchievementNotifier.cpp producir├ín salidas en la misma ubicaci├│n. Esto puede dar lugar a un resultado de compilaci├│n incorrecto. Los archivos implicados son C:\Users\4stro\Desktop\geode\the-coin-guide\build\_deps\bindings-src\bindings\2.2081\inline\AchievementNotifier.cpp, C:\Users\4stro\Desktop\geode\the-coin-guide\build\bindings\bindings\Geode\source\AchievementNotifier.cpp. [C:\Users\4stro\Desktop\geode\the-coin-guide\build\bindings\GeodeBindings.vcxproj]
E:\msvisual2026\MSBuild\Microsoft\VC\v180\Microsoft.CppBuild.targets(1139,5): warning MSB8027: Dos o m├ís archivos con el mismo nombre de AchievementsLayer.cpp producir├ín salidas en la misma ubicaci├│n. Esto puede dar lugar a un resultado de compilaci├│n incorrecto. Los archivos implicados son C:\Users\4stro\Desktop\geode\the-coin-guide\build\_deps\bindings-src\bindings\2.2081\inline\AchievementsLayer.cpp, C:\Users\4stro\Desktop\geode\the-coin-guide\build\bindings\bindings\Geode\source\AchievementsLayer.cpp. [C:\Users\4stro\Desktop\geode\the-coin-guide\build\bindings\GeodeBindings.vcxproj]
E:\msvisual2026\MSBuild\Microsoft\VC\v180\Microsoft.CppBuild.targets(1139,5): warning MSB8027: Dos o m├ís archivos con el mismo nombre de AdToolbox.cpp producir├ín salidas en la misma ubicaci├│n. Esto puede dar lugar a un resultado de compilaci├│n incorrecto. Los archivos implicados son C:\Users\4stro\Desktop\geode\the-coin-guide\build\_deps\bindings-src\bindings\2.2081\inline\AdToolbox.cpp, C:\Users\4stro\Desktop\geode\the-coin-guide\build\bindings\bindings\Geode\source\AdToolbox.cpp. [C:\Users\4stro\Desktop\geode\the-coin-guide\build\bindings\GeodeBindings.vcxproj]
E:\msvisual2026\MSBuild\Microsoft\VC\v180\Microsoft.CppBuild.targets(1139,5): warning MSB8027: Dos o m├ís archivos con el mismo nombre de AdvFollowSetup.cpp producir├ín salidas en la misma ubicaci├│n. Esto puede dar lugar a un resultado de compilaci├│n incorrecto. Los archivos implicados son C:\Users\4stro\Desktop\geode\the-coin-guide\build\_deps\bindings-src\bindings\2.2081\inline\AdvFollowSetup.cpp, C:\Users\4stro\Desktop\geode\the-coin-guide\build\bindings\bindings\Geode\source\AdvFollowSetup.cpp. [C:\Users\4stro\Desktop\geode\the-coin-guide\build\bindings\GeodeBindings.vcxproj]
E:\msvisual2026\MSBuild\Microsoft\VC\v180\Microsoft.CppBuild.targets(1139,5): warning MSB8027: Dos o m├ís archivos con el mismo nombre de AdvancedFollowEditObject.cpp producir├ín salidas en la misma ubicaci├│n. Esto puede dar lugar a un resultado de compilaci├│n incorrecto. Los archivos implicados son C:\Users\4stro\Desktop\geode\the-coin-guide\build\_deps\bindings-src\bindings\2.2081\inline\AdvancedFollowEditObject.cpp, C:\Users\4stro\Desktop\geode\the-coin-guide\build\bindings\bindings\Geode\source\AdvancedFollowEditObject.cpp. [C:\Users\4stro\Desktop\geode\the-coin-guide\build\bindings\GeodeBindings.vcxproj]
E:\msvisual2026\MSBuild\Microsoft\VC\v180\Microsoft.CppBuild.targets(1139,5): warning MSB8027: Dos o m├ís archivos con el mismo nombre de AdvancedFollowInstance.cpp producir├ín salidas en la misma ubicaci├│n. Esto puede dar lugar a un resultado de compilaci├│n incorrecto. Los archivos implicados son C:\Users\4stro\Desktop\geode\the-coin-guide\build\_deps\bindings-src\bindings\2.2081\inline\AdvancedFollowInstance.cpp, C:\Users\4stro\Desktop\geode\the-coin-guide\build\bindings\bindings\Geode\source\AdvancedFollowInstance.cpp. [C:\Users\4stro\Desktop\geode\the-coin-guide\build\bindings\GeodeBindings.vcxproj]
E:\msvisual2026\MSBuild\Microsoft\VC\v180\Microsoft.CppBuild.targets(1139,5): warning MSB8027: Dos o m├ís archivos con el mismo nombre de AdvancedFollowTriggerObject.cpp producir├ín salidas en la misma ubicaci├│n. Esto puede dar lugar a un resultado de compilaci├│n incorrecto. Los archivos implicados son C:\Users\4stro\Desktop\geode\the-coin-guide\build\_deps\bindings-src\bindings\2.2081\inline\AdvancedFollowTriggerObject.cpp, C:\Users\4stro\Desktop\geode\the-coin-guide\build\bindings\bindings\Geode\source\AdvancedFollowTriggerObject.cpp. [C:\Users\4stro\Desktop\geode\the-coin-guide\build\bindings\GeodeBindings.vcxproj]
E:\msvisual2026\MSBuild\Microsoft\VC\v180\Microsoft.CppBuild.targets(1139,5): warning MSB8027: Dos o m├ís archivos con el mismo nombre de AnimatedGameObject.cpp producir├ín salidas en la misma ubicaci├│n. Esto puede dar lugar a un resultado de compilaci├│n incorrecto. Los archivos implicados son C:\Users\4stro\Desktop\geode\the-coin-guide\build\_deps\bindings-src\bindings\2.2081\inline\AnimatedGameObject.cpp, C:\Users\4stro\Desktop\geode\the-coin-guide\build\bindings\bindings\Geode\source\AnimatedGameObject.cpp. [C:\Users\4stro\Desktop\geode\the-coin-guide\build\bindings\GeodeBindings.vcxproj]
E:\msvisual2026\MSBuild\Microsoft\VC\v180\Microsoft.CppBuild.targets(1139,5): warning MSB8027: Dos o m├ís archivos con el mismo nombre de AnimatedShopKeeper.cpp producir├ín salidas en la misma ubicaci├│n. Esto puede dar lugar a un resultado de compilaci├│n incorrecto. Los archivos implicados son C:\Users\4stro\Desktop\geode\the-coin-guide\build\_deps\bindings-src\bindings\2.2081\inline\AnimatedShopKeeper.cpp, C:\Users\4stro\Desktop\geode\the-coin-guide\build\bindings\bindings\Geode\source\AnimatedShopKeeper.cpp. [C:\Users\4stro\Desktop\geode\the-coin-guide\build\bindings\GeodeBindings.vcxproj]
E:\msvisual2026\MSBuild\Microsoft\VC\v180\Microsoft.CppBuild.targets(1139,5): warning MSB8027: Dos o m├ís archivos con el mismo nombre de AnimatedSpriteDelegate.cpp producir├ín salidas en la misma ubicaci├│n. Esto puede dar lugar a un resultado de compilaci├│n incorrecto. Los archivos implicados son C:\Users\4stro\Desktop\geode\the-coin-guide\build\_deps\bindings-src\bindings\2.2081\inline\AnimatedSpriteDelegate.cpp, C:\Users\4stro\Desktop\geode\the-coin-guide\build\bindings\bindings\Geode\source\AnimatedSpriteDelegate.cpp. [C:\Users\4stro\Desktop\geode\the-coin-guide\build\bindings\GeodeBindings.vcxproj]
E:\msvisual2026\MSBuild\Microsoft\VC\v180\Microsoft.CppBuild.targets(1139,5): warning MSB8027: Dos o m├ís archivos con el mismo nombre de AppDelegate.cpp producir├ín salidas en la misma ubicaci├│n. Esto puede dar lugar a un resultado de compilaci├│n incorrecto. Los archivos implicados son C:\Users\4stro\Desktop\geode\the-coin-guide\build\_deps\bindings-src\bindings\2.2081\inline\AppDelegate.cpp, C:\Users\4stro\Desktop\geode\the-coin-guide\build\bindings\bindings\Geode\source\AppDelegate.cpp. [C:\Users\4stro\Desktop\geode\the-coin-guide\build\bindings\GeodeBindings.vcxproj]
E:\msvisual2026\MSBuild\Microsoft\VC\v180\Microsoft.CppBuild.targets(1139,5): warning MSB8027: Dos o m├ís archivos con el mismo nombre de ArtTriggerGameObject.cpp producir├ín salidas en la misma ubicaci├│n. Esto puede dar lugar a un resultado de compilaci├│n incorrecto. Los archivos implicados son C:\Users\4stro\Desktop\geode\the-coin-guide\build\_deps\bindings-src\bindings\2.2081\inline\ArtTriggerGameObject.cpp, C:\Users\4stro\Desktop\geode\the-coin-guide\build\bindings\bindings\Geode\source\ArtTriggerGameObject.cpp. [C:\Users\4stro\Desktop\geode\the-coin-guide\build\bindings\GeodeBindings.vcxproj]
E:\msvisual2026\MSBuild\Microsoft\VC\v180\Microsoft.CppBuild.targets(1139,5): warning MSB8027: Dos o m├ís archivos con el mismo nombre de ArtistCell.cpp producir├ín salidas en la misma ubicaci├│n. Esto puede dar lugar a un resultado de compilaci├│n incorrecto. Los archivos implicados son C:\Users\4stro\Desktop\geode\the-coin-guide\build\_deps\bindings-src\bindings\2.2081\inline\ArtistCell.cpp, C:\Users\4stro\Desktop\geode\the-coin-guide\build\bindings\bindings\Geode\source\ArtistCell.cpp. [C:\Users\4stro\Desktop\geode\the-coin-guide\build\bindings\GeodeBindings.vcxproj]
E:\msvisual2026\MSBuild\Microsoft\VC\v180\Microsoft.CppBuild.targets(1139,5): warning MSB8027: Dos o m├ís archivos con el mismo nombre de AudioAssetsBrowser.cpp producir├ín salidas en la misma ubicaci├│n. Esto puede dar lugar a un resultado de compilaci├│n incorrecto. Los archivos implicados son C:\Users\4stro\Desktop\geode\the-coin-guide\build\_deps\bindings-src\bindings\2.2081\inline\AudioAssetsBrowser.cpp, C:\Users\4stro\Desktop\geode\the-coin-guide\build\bindings\bindings\Geode\source\AudioAssetsBrowser.cpp. [C:\Users\4stro\Desktop\geode\the-coin-guide\build\bindings\GeodeBindings.vcxproj]
E:\msvisual2026\MSBuild\Microsoft\VC\v180\Microsoft.CppBuild.targets(1139,5): warning MSB8027: Dos o m├ís archivos con el mismo nombre de AudioEffectsLayer.cpp producir├ín salidas en la misma ubicaci├│n. Esto puede dar lugar a un resultado de compilaci├│n incorrecto. Los archivos implicados son C:\Users\4stro\Desktop\geode\the-coin-guide\build\_deps\bindings-src\bindings\2.2081\inline\AudioEffectsLayer.cpp, C:\Users\4stro\Desktop\geode\the-coin-guide\build\bindings\bindings\Geode\source\AudioEffectsLayer.cpp. [C:\Users\4stro\Desktop\geode\the-coin-guide\build\bindings\GeodeBindings.vcxproj]
E:\msvisual2026\MSBuild\Microsoft\VC\v180\Microsoft.CppBuild.targets(1139,5): warning MSB8027: Dos o m├ís archivos con el mismo nombre de AudioLineGuideGameObject.cpp producir├ín salidas en la misma ubicaci├│n. Esto puede dar lugar a un resultado de compilaci├│n incorrecto. Los archivos implicados son C:\Users\4stro\Desktop\geode\the-coin-guide\build\_deps\bindings-src\bindings\2.2081\inline\AudioLineGuideGameObject.cpp, C:\Users\4stro\Desktop\geode\the-coin-guide\build\bindings\bindings\Geode\source\AudioLineGuideGameObject.cpp. [C:\Users\4stro\Desktop\geode\the-coin-guide\build\bindings\GeodeBindings.vcxproj]
E:\msvisual2026\MSBuild\Microsoft\VC\v180\Microsoft.CppBuild.targets(1139,5): warning MSB8027: Dos o m├ís archivos con el mismo nombre de BitmapFontCache.cpp producir├ín salidas en la misma ubicaci├│n. Esto puede dar lugar a un resultado de compilaci├│n incorrecto. Los archivos implicados son C:\Users\4stro\Desktop\geode\the-coin-guide\build\_deps\bindings-src\bindings\2.2081\inline\BitmapFontCache.cpp, C:\Users\4stro\Desktop\geode\the-coin-guide\build\bindings\bindings\Geode\source\BitmapFontCache.cpp. [C:\Users\4stro\Desktop\geode\the-coin-guide\build\bindings\GeodeBindings.vcxproj]
E:\msvisual2026\MSBuild\Microsoft\VC\v180\Microsoft.CppBuild.targets(1139,5): warning MSB8027: Dos o m├ís archivos con el mismo nombre de BonusDropdown.cpp producir├ín salidas en la misma ubicaci├│n. Esto puede dar lugar a un resultado de compilaci├│n incorrecto. Los archivos implicados son C:\Users\4stro\Desktop\geode\the-coin-guide\build\_deps\bindings-src\bindings\2.2081\inline\BonusDropdown.cpp, C:\Users\4stro\Desktop\geode\the-coin-guide\build\bindings\bindings\Geode\source\BonusDropdown.cpp. [C:\Users\4stro\Desktop\geode\the-coin-guide\build\bindings\GeodeBindings.vcxproj]
E:\msvisual2026\MSBuild\Microsoft\VC\v180\Microsoft.CppBuild.targets(1139,5): warning MSB8027: Dos o m├ís archivos con el mismo nombre de BoomListLayer.cpp producir├ín salidas en la misma ubicaci├│n. Esto puede dar lugar a un resultado de compilaci├│n incorrecto. Los archivos implicados son C:\Users\4stro\Desktop\geode\the-coin-guide\build\_deps\bindings-src\bindings\2.2081\inline\BoomListLayer.cpp, C:\Users\4stro\Desktop\geode\the-coin-guide\build\bindings\bindings\Geode\source\BoomListLayer.cpp. [C:\Users\4stro\Desktop\geode\the-coin-guide\build\bindings\GeodeBindings.vcxproj]
E:\msvisual2026\MSBuild\Microsoft\VC\v180\Microsoft.CppBuild.targets(1139,5): warning MSB8027: Dos o m├ís archivos con el mismo nombre de BoomListView.cpp producir├ín salidas en la misma ubicaci├│n. Esto puede dar lugar a un resultado de compilaci├│n incorrecto. Los archivos implicados son C:\Users\4stro\Desktop\geode\the-coin-guide\build\_deps\bindings-src\bindings\2.2081\inline\BoomListView.cpp, C:\Users\4stro\Desktop\geode\the-coin-guide\build\bindings\bindings\Geode\source\BoomListView.cpp. [C:\Users\4stro\Desktop\geode\the-coin-guide\build\bindings\GeodeBindings.vcxproj]
E:\msvisual2026\MSBuild\Microsoft\VC\v180\Microsoft.CppBuild.targets(1139,5): warning MSB8027: Dos o m├ís archivos con el mismo nombre de BoomScrollLayer.cpp producir├ín salidas en la misma ubicaci├│n. Esto puede dar lugar a un resultado de compilaci├│n incorrecto. Los archivos implicados son C:\Users\4stro\Desktop\geode\the-coin-guide\build\_deps\bindings-src\bindings\2.2081\inline\BoomScrollLayer.cpp, C:\Users\4stro\Desktop\geode\the-coin-guide\build\bindings\bindings\Geode\source\BoomScrollLayer.cpp. [C:\Users\4stro\Desktop\geode\the-coin-guide\build\bindings\GeodeBindings.vcxproj]
E:\msvisual2026\MSBuild\Microsoft\VC\v180\Microsoft.CppBuild.targets(1139,5): warning MSB8027: Dos o m├ís archivos con el mismo nombre de BoomScrollLayerDelegate.cpp producir├ín salidas en la misma ubicaci├│n. Esto puede dar lugar a un resultado de compilaci├│n incorrecto. Los archivos implicados son C:\Users\4stro\Desktop\geode\the-coin-guide\build\_deps\bindings-src\bindings\2.2081\inline\BoomScrollLayerDelegate.cpp, C:\Users\4stro\Desktop\geode\the-coin-guide\build\bindings\bindings\Geode\source\BoomScrollLayerDelegate.cpp. [C:\Users\4stro\Desktop\geode\the-coin-guide\build\bindings\GeodeBindings.vcxproj]
E:\msvisual2026\MSBuild\Microsoft\VC\v180\Microsoft.CppBuild.targets(1139,5): warning MSB8027: Dos o m├ís archivos con el mismo nombre de BrowseSmartKeyLayer.cpp producir├ín salidas en la misma ubicaci├│n. Esto puede dar lugar a un resultado de compilaci├│n incorrecto. Los archivos implicados son C:\Users\4stro\Desktop\geode\the-coin-guide\build\_deps\bindings-src\bindings\2.2081\inline\BrowseSmartKeyLayer.cpp, C:\Users\4stro\Desktop\geode\the-coin-guide\build\bindings\bindings\Geode\source\BrowseSmartKeyLayer.cpp. [C:\Users\4stro\Desktop\geode\the-coin-guide\build\bindings\GeodeBindings.vcxproj]
E:\msvisual2026\MSBuild\Microsoft\VC\v180\Microsoft.CppBuild.targets(1139,5): warning MSB8027: Dos o m├ís archivos con el mismo nombre de BrowseSmartTemplateLayer.cpp producir├ín salidas en la misma ubicaci├│n. Esto puede dar lugar a un resultado de compilaci├│n incorrecto. Los archivos implicados son C:\Users\4stro\Desktop\geode\the-coin-guide\build\_deps\bindings-src\bindings\2.2081\inline\BrowseSmartTemplateLayer.cpp, C:\Users\4stro\Desktop\geode\the-coin-guide\build\bindings\bindings\Geode\source\BrowseSmartTemplateLayer.cpp. [C:\Users\4stro\Desktop\geode\the-coin-guide\build\bindings\GeodeBindings.vcxproj]
E:\msvisual2026\MSBuild\Microsoft\VC\v180\Microsoft.CppBuild.targets(1139,5): warning MSB8027: Dos o m├ís archivos con el mismo nombre de ButtonPage.cpp producir├ín salidas en la misma ubicaci├│n. Esto puede dar lugar a un resultado de compilaci├│n incorrecto. Los archivos implicados son C:\Users\4stro\Desktop\geode\the-coin-guide\build\_deps\bindings-src\bindings\2.2081\inline\ButtonPage.cpp, C:\Users\4stro\Desktop\geode\the-coin-guide\build\bindings\bindings\Geode\source\ButtonPage.cpp. [C:\Users\4stro\Desktop\geode\the-coin-guide\build\bindings\GeodeBindings.vcxproj]
E:\msvisual2026\MSBuild\Microsoft\VC\v180\Microsoft.CppBuild.targets(1139,5): warning MSB8027: Dos o m├ís archivos con el mismo nombre de ButtonSprite.cpp producir├ín salidas en la misma ubicaci├│n. Esto puede dar lugar a un resultado de compilaci├│n incorrecto. Los archivos implicados son C:\Users\4stro\Desktop\geode\the-coin-guide\build\_deps\bindings-src\bindings\2.2081\inline\ButtonSprite.cpp, C:\Users\4stro\Desktop\geode\the-coin-guide\build\bindings\bindings\Geode\source\ButtonSprite.cpp. [C:\Users\4stro\Desktop\geode\the-coin-guide\build\bindings\GeodeBindings.vcxproj]
E:\msvisual2026\MSBuild\Microsoft\VC\v180\Microsoft.CppBuild.targets(1139,5): warning MSB8027: Dos o m├ís archivos con el mismo nombre de CAState.cpp producir├ín salidas en la misma ubicaci├│n. Esto puede dar lugar a un resultado de compilaci├│n incorrecto. Los archivos implicados son C:\Users\4stro\Desktop\geode\the-coin-guide\build\_deps\bindings-src\bindings\2.2081\inline\CAState.cpp, C:\Users\4stro\Desktop\geode\the-coin-guide\build\bindings\bindings\Geode\source\CAState.cpp. [C:\Users\4stro\Desktop\geode\the-coin-guide\build\bindings\GeodeBindings.vcxproj]
E:\msvisual2026\MSBuild\Microsoft\VC\v180\Microsoft.CppBuild.targets(1139,5): warning MSB8027: Dos o m├ís archivos con el mismo nombre de CCAccelAmplitude.cpp producir├ín salidas en la misma ubicaci├│n. Esto puede dar lugar a un resultado de compilaci├│n incorrecto. Los archivos implicados son C:\Users\4stro\Desktop\geode\the-coin-guide\build\_deps\bindings-src\bindings\2.2081\inline\CCAccelAmplitude.cpp, C:\Users\4stro\Desktop\geode\the-coin-guide\build\bindings\bindings\Geode\source\CCAccelAmplitude.cpp. [C:\Users\4stro\Desktop\geode\the-coin-guide\build\bindings\GeodeBindings.vcxproj]
E:\msvisual2026\MSBuild\Microsoft\VC\v180\Microsoft.CppBuild.targets(1139,5): warning MSB8027: Dos o m├ís archivos con el mismo nombre de CCAccelDeccelAmplitude.cpp producir├ín salidas en la misma ubicaci├│n. Esto puede dar lugar a un resultado de compilaci├│n incorrecto. Los archivos implicados son C:\Users\4stro\Desktop\geode\the-coin-guide\build\_deps\bindings-src\bindings\2.2081\inline\CCAccelDeccelAmplitude.cpp, C:\Users\4stro\Desktop\geode\the-coin-guide\build\bindings\bindings\Geode\source\CCAccelDeccelAmplitude.cpp. [C:\Users\4stro\Desktop\geode\the-coin-guide\build\bindings\GeodeBindings.vcxproj]
E:\msvisual2026\MSBuild\Microsoft\VC\v180\Microsoft.CppBuild.targets(1139,5): warning MSB8027: Dos o m├ís archivos con el mismo nombre de CCAction.cpp producir├ín salidas en la misma ubicaci├│n. Esto puede dar lugar a un resultado de compilaci├│n incorrecto. Los archivos implicados son C:\Users\4stro\Desktop\geode\the-coin-guide\build\_deps\bindings-src\bindings\2.2081\inline\CCAction.cpp, C:\Users\4stro\Desktop\geode\the-coin-guide\build\bindings\bindings\Geode\source\CCAction.cpp. [C:\Users\4stro\Desktop\geode\the-coin-guide\build\bindings\GeodeBindings.vcxproj]
E:\msvisual2026\MSBuild\Microsoft\VC\v180\Microsoft.CppBuild.targets(1139,5): warning MSB8027: Dos o m├ís archivos con el mismo nombre de CCActionCamera.cpp producir├ín salidas en la misma ubicaci├│n. Esto puede dar lugar a un resultado de compilaci├│n incorrecto. Los archivos implicados son C:\Users\4stro\Desktop\geode\the-coin-guide\build\_deps\bindings-src\bindings\2.2081\inline\CCActionCamera.cpp, C:\Users\4stro\Desktop\geode\the-coin-guide\build\bindings\bindings\Geode\source\CCActionCamera.cpp. [C:\Users\4stro\Desktop\geode\the-coin-guide\build\bindings\GeodeBindings.vcxproj]
E:\msvisual2026\MSBuild\Microsoft\VC\v180\Microsoft.CppBuild.targets(1139,5): warning MSB8027: Dos o m├ís archivos con el mismo nombre de CCActionEase.cpp producir├ín salidas en la misma ubicaci├│n. Esto puede dar lugar a un resultado de compilaci├│n incorrecto. Los archivos implicados son C:\Users\4stro\Desktop\geode\the-coin-guide\build\_deps\bindings-src\bindings\2.2081\inline\CCActionEase.cpp, C:\Users\4stro\Desktop\geode\the-coin-guide\build\bindings\bindings\Geode\source\CCActionEase.cpp. [C:\Users\4stro\Desktop\geode\the-coin-guide\build\bindings\GeodeBindings.vcxproj]
E:\msvisual2026\MSBuild\Microsoft\VC\v180\Microsoft.CppBuild.targets(1139,5): warning MSB8027: Dos o m├ís archivos con el mismo nombre de CCActionInstant.cpp producir├ín salidas en la misma ubicaci├│n. Esto puede dar lugar a un resultado de compilaci├│n incorrecto. Los archivos implicados son C:\Users\4stro\Desktop\geode\the-coin-guide\build\_deps\bindings-src\bindings\2.2081\inline\CCActionInstant.cpp, C:\Users\4stro\Desktop\geode\the-coin-guide\build\bindings\bindings\Geode\source\CCActionInstant.cpp. [C:\Users\4stro\Desktop\geode\the-coin-guide\build\bindings\GeodeBindings.vcxproj]
E:\msvisual2026\MSBuild\Microsoft\VC\v180\Microsoft.CppBuild.targets(1139,5): warning MSB8027: Dos o m├ís archivos con el mismo nombre de CCActionInterval.cpp producir├ín salidas en la misma ubicaci├│n. Esto puede dar lugar a un resultado de compilaci├│n incorrecto. Los archivos implicados son C:\Users\4stro\Desktop\geode\the-coin-guide\build\_deps\bindings-src\bindings\2.2081\inline\CCActionInterval.cpp, C:\Users\4stro\Desktop\geode\the-coin-guide\build\bindings\bindings\Geode\source\CCActionInterval.cpp. [C:\Users\4stro\Desktop\geode\the-coin-guide\build\bindings\GeodeBindings.vcxproj]
E:\msvisual2026\MSBuild\Microsoft\VC\v180\Microsoft.CppBuild.targets(1139,5): warning MSB8027: Dos o m├ís archivos con el mismo nombre de CCActionManager.cpp producir├ín salidas en la misma ubicaci├│n. Esto puede dar lugar a un resultado de compilaci├│n incorrecto. Los archivos implicados son C:\Users\4stro\Desktop\geode\the-coin-guide\build\_deps\bindings-src\bindings\2.2081\inline\CCActionManager.cpp, C:\Users\4stro\Desktop\geode\the-coin-guide\build\bindings\bindings\Geode\source\CCActionManager.cpp. [C:\Users\4stro\Desktop\geode\the-coin-guide\build\bindings\GeodeBindings.vcxproj]
E:\msvisual2026\MSBuild\Microsoft\VC\v180\Microsoft.CppBuild.targets(1139,5): warning MSB8027: Dos o m├ís archivos con el mismo nombre de CCActionTween.cpp producir├ín salidas en la misma ubicaci├│n. Esto puede dar lugar a un resultado de compilaci├│n incorrecto. Los archivos implicados son C:\Users\4stro\Desktop\geode\the-coin-guide\build\_deps\bindings-src\bindings\2.2081\inline\CCActionTween.cpp, C:\Users\4stro\Desktop\geode\the-coin-guide\build\bindings\bindings\Geode\source\CCActionTween.cpp. [C:\Users\4stro\Desktop\geode\the-coin-guide\build\bindings\GeodeBindings.vcxproj]
E:\msvisual2026\MSBuild\Microsoft\VC\v180\Microsoft.CppBuild.targets(1139,5): warning MSB8027: Dos o m├ís archivos con el mismo nombre de CCAlertCircle.cpp producir├ín salidas en la misma ubicaci├│n. Esto puede dar lugar a un resultado de compilaci├│n incorrecto. Los archivos implicados son C:\Users\4stro\Desktop\geode\the-coin-guide\build\_deps\bindings-src\bindings\2.2081\inline\CCAlertCircle.cpp, C:\Users\4stro\Desktop\geode\the-coin-guide\build\bindings\bindings\Geode\source\CCAlertCircle.cpp. [C:\Users\4stro\Desktop\geode\the-coin-guide\build\bindings\GeodeBindings.vcxproj]
E:\msvisual2026\MSBuild\Microsoft\VC\v180\Microsoft.CppBuild.targets(1139,5): warning MSB8027: Dos o m├ís archivos con el mismo nombre de CCAnimate.cpp producir├ín salidas en la misma ubicaci├│n. Esto puede dar lugar a un resultado de compilaci├│n incorrecto. Los archivos implicados son C:\Users\4stro\Desktop\geode\the-coin-guide\build\_deps\bindings-src\bindings\2.2081\inline\CCAnimate.cpp, C:\Users\4stro\Desktop\geode\the-coin-guide\build\bindings\bindings\Geode\source\CCAnimate.cpp. [C:\Users\4stro\Desktop\geode\the-coin-guide\build\bindings\GeodeBindings.vcxproj]
E:\msvisual2026\MSBuild\Microsoft\VC\v180\Microsoft.CppBuild.targets(1139,5): warning MSB8027: Dos o m├ís archivos con el mismo nombre de CCAnimateFrameCache.cpp producir├ín salidas en la misma ubicaci├│n. Esto puede dar lugar a un resultado de compilaci├│n incorrecto. Los archivos implicados son C:\Users\4stro\Desktop\geode\the-coin-guide\build\_deps\bindings-src\bindings\2.2081\inline\CCAnimateFrameCache.cpp, C:\Users\4stro\Desktop\geode\the-coin-guide\build\bindings\bindings\Geode\source\CCAnimateFrameCache.cpp. [C:\Users\4stro\Desktop\geode\the-coin-guide\build\bindings\GeodeBindings.vcxproj]
E:\msvisual2026\MSBuild\Microsoft\VC\v180\Microsoft.CppBuild.targets(1139,5): warning MSB8027: Dos o m├ís archivos con el mismo nombre de CCAnimatedSprite.cpp producir├ín salidas en la misma ubicaci├│n. Esto puede dar lugar a un resultado de compilaci├│n incorrecto. Los archivos implicados son C:\Users\4stro\Desktop\geode\the-coin-guide\build\_deps\bindings-src\bindings\2.2081\inline\CCAnimatedSprite.cpp, C:\Users\4stro\Desktop\geode\the-coin-guide\build\bindings\bindings\Geode\source\CCAnimatedSprite.cpp. [C:\Users\4stro\Desktop\geode\the-coin-guide\build\bindings\GeodeBindings.vcxproj]
E:\msvisual2026\MSBuild\Microsoft\VC\v180\Microsoft.CppBuild.targets(1139,5): warning MSB8027: Dos o m├ís archivos con el mismo nombre de CCAnimation.cpp producir├ín salidas en la misma ubicaci├│n. Esto puede dar lugar a un resultado de compilaci├│n incorrecto. Los archivos implicados son C:\Users\4stro\Desktop\geode\the-coin-guide\build\_deps\bindings-src\bindings\2.2081\inline\CCAnimation.cpp, C:\Users\4stro\Desktop\geode\the-coin-guide\build\bindings\bindings\Geode\source\CCAnimation.cpp. [C:\Users\4stro\Desktop\geode\the-coin-guide\build\bindings\GeodeBindings.vcxproj]
E:\msvisual2026\MSBuild\Microsoft\VC\v180\Microsoft.CppBuild.targets(1139,5): warning MSB8027: Dos o m├ís archivos con el mismo nombre de CCAnimationCache.cpp producir├ín salidas en la misma ubicaci├│n. Esto puede dar lugar a un resultado de compilaci├│n incorrecto. Los archivos implicados son C:\Users\4stro\Desktop\geode\the-coin-guide\build\_deps\bindings-src\bindings\2.2081\inline\CCAnimationCache.cpp, C:\Users\4stro\Desktop\geode\the-coin-guide\build\bindings\bindings\Geode\source\CCAnimationCache.cpp. [C:\Users\4stro\Desktop\geode\the-coin-guide\build\bindings\GeodeBindings.vcxproj]
E:\msvisual2026\MSBuild\Microsoft\VC\v180\Microsoft.CppBuild.targets(1139,5): warning MSB8027: Dos o m├ís archivos con el mismo nombre de CCAnimationFrame.cpp producir├ín salidas en la misma ubicaci├│n. Esto puede dar lugar a un resultado de compilaci├│n incorrecto. Los archivos implicados son C:\Users\4stro\Desktop\geode\the-coin-guide\build\_deps\bindings-src\bindings\2.2081\inline\CCAnimationFrame.cpp, C:\Users\4stro\Desktop\geode\the-coin-guide\build\bindings\bindings\Geode\source\CCAnimationFrame.cpp. [C:\Users\4stro\Desktop\geode\the-coin-guide\build\bindings\GeodeBindings.vcxproj]
E:\msvisual2026\MSBuild\Microsoft\VC\v180\Microsoft.CppBuild.targets(1139,5): warning MSB8027: Dos o m├ís archivos con el mismo nombre de CCApplication.cpp producir├ín salidas en la misma ubicaci├│n. Esto puede dar lugar a un resultado de compilaci├│n incorrecto. Los archivos implicados son C:\Users\4stro\Desktop\geode\the-coin-guide\build\_deps\bindings-src\bindings\2.2081\inline\CCApplication.cpp, C:\Users\4stro\Desktop\geode\the-coin-guide\build\bindings\bindings\Geode\source\CCApplication.cpp. [C:\Users\4stro\Desktop\geode\the-coin-guide\build\bindings\GeodeBindings.vcxproj]
E:\msvisual2026\MSBuild\Microsoft\VC\v180\Microsoft.CppBuild.targets(1139,5): warning MSB8027: Dos o m├ís archivos con el mismo nombre de CCArray.cpp producir├ín salidas en la misma ubicaci├│n. Esto puede dar lugar a un resultado de compilaci├│n incorrecto. Los archivos implicados son C:\Users\4stro\Desktop\geode\the-coin-guide\build\_deps\bindings-src\bindings\2.2081\inline\CCArray.cpp, C:\Users\4stro\Desktop\geode\the-coin-guide\build\bindings\bindings\Geode\source\CCArray.cpp. [C:\Users\4stro\Desktop\geode\the-coin-guide\build\bindings\GeodeBindings.vcxproj]
E:\msvisual2026\MSBuild\Microsoft\VC\v180\Microsoft.CppBuild.targets(1139,5): warning MSB8027: Dos o m├ís archivos con el mismo nombre de CCArrayForObjectSorting.cpp producir├ín salidas en la misma ubicaci├│n. Esto puede dar lugar a un resultado de compilaci├│n incorrecto. Los archivos implicados son C:\Users\4stro\Desktop\geode\the-coin-guide\build\_deps\bindings-src\bindings\2.2081\inline\CCArrayForObjectSorting.cpp, C:\Users\4stro\Desktop\geode\the-coin-guide\build\bindings\bindings\Geode\source\CCArrayForObjectSorting.cpp. [C:\Users\4stro\Desktop\geode\the-coin-guide\build\bindings\GeodeBindings.vcxproj]
E:\msvisual2026\MSBuild\Microsoft\VC\v180\Microsoft.CppBuild.targets(1139,5): warning MSB8027: Dos o m├ís archivos con el mismo nombre de CCAtlasNode.cpp producir├ín salidas en la misma ubicaci├│n. Esto puede dar lugar a un resultado de compilaci├│n incorrecto. Los archivos implicados son C:\Users\4stro\Desktop\geode\the-coin-guide\build\_deps\bindings-src\bindings\2.2081\inline\CCAtlasNode.cpp, C:\Users\4stro\Desktop\geode\the-coin-guide\build\bindings\bindings\Geode\source\CCAtlasNode.cpp. [C:\Users\4stro\Desktop\geode\the-coin-guide\build\bindings\GeodeBindings.vcxproj]
E:\msvisual2026\MSBuild\Microsoft\VC\v180\Microsoft.CppBuild.targets(1139,5): warning MSB8027: Dos o m├ís archivos con el mismo nombre de CCAutoreleasePool.cpp producir├ín salidas en la misma ubicaci├│n. Esto puede dar lugar a un resultado de compilaci├│n incorrecto. Los archivos implicados son C:\Users\4stro\Desktop\geode\the-coin-guide\build\_deps\bindings-src\bindings\2.2081\inline\CCAutoreleasePool.cpp, C:\Users\4stro\Desktop\geode\the-coin-guide\build\bindings\bindings\Geode\source\CCAutoreleasePool.cpp. [C:\Users\4stro\Desktop\geode\the-coin-guide\build\bindings\GeodeBindings.vcxproj]
E:\msvisual2026\MSBuild\Microsoft\VC\v180\Microsoft.CppBuild.targets(1139,5): warning MSB8027: Dos o m├ís archivos con el mismo nombre de CCBMFontConfiguration.cpp producir├ín salidas en la misma ubicaci├│n. Esto puede dar lugar a un resultado de compilaci├│n incorrecto. Los archivos implicados son C:\Users\4stro\Desktop\geode\the-coin-guide\build\_deps\bindings-src\bindings\2.2081\inline\CCBMFontConfiguration.cpp, C:\Users\4stro\Desktop\geode\the-coin-guide\build\bindings\bindings\Geode\source\CCBMFontConfiguration.cpp. [C:\Users\4stro\Desktop\geode\the-coin-guide\build\bindings\GeodeBindings.vcxproj]
E:\msvisual2026\MSBuild\Microsoft\VC\v180\Microsoft.CppBuild.targets(1139,5): warning MSB8027: Dos o m├ís archivos con el mismo nombre de CCBezierBy.cpp producir├ín salidas en la misma ubicaci├│n. Esto puede dar lugar a un resultado de compilaci├│n incorrecto. Los archivos implicados son C:\Users\4stro\Desktop\geode\the-coin-guide\build\_deps\bindings-src\bindings\2.2081\inline\CCBezierBy.cpp, C:\Users\4stro\Desktop\geode\the-coin-guide\build\bindings\bindings\Geode\source\CCBezierBy.cpp. [C:\Users\4stro\Desktop\geode\the-coin-guide\build\bindings\GeodeBindings.vcxproj]
E:\msvisual2026\MSBuild\Microsoft\VC\v180\Microsoft.CppBuild.targets(1139,5): warning MSB8027: Dos o m├ís archivos con el mismo nombre de CCBezierTo.cpp producir├ín salidas en la misma ubicaci├│n. Esto puede dar lugar a un resultado de compilaci├│n incorrecto. Los archivos implicados son C:\Users\4stro\Desktop\geode\the-coin-guide\build\_deps\bindings-src\bindings\2.2081\inline\CCBezierTo.cpp, C:\Users\4stro\Desktop\geode\the-coin-guide\build\bindings\bindings\Geode\source\CCBezierTo.cpp. [C:\Users\4stro\Desktop\geode\the-coin-guide\build\bindings\GeodeBindings.vcxproj]
E:\msvisual2026\MSBuild\Microsoft\VC\v180\Microsoft.CppBuild.targets(1139,5): warning MSB8027: Dos o m├ís archivos con el mismo nombre de CCBlink.cpp producir├ín salidas en la misma ubicaci├│n. Esto puede dar lugar a un resultado de compilaci├│n incorrecto. Los archivos implicados son C:\Users\4stro\Desktop\geode\the-coin-guide\build\_deps\bindings-src\bindings\2.2081\inline\CCBlink.cpp, C:\Users\4stro\Desktop\geode\the-coin-guide\build\bindings\bindings\Geode\source\CCBlink.cpp. [C:\Users\4stro\Desktop\geode\the-coin-guide\build\bindings\GeodeBindings.vcxproj]
E:\msvisual2026\MSBuild\Microsoft\VC\v180\Microsoft.CppBuild.targets(1139,5): warning MSB8027: Dos o m├ís archivos con el mismo nombre de CCBlockLayer.cpp producir├ín salidas en la misma ubicaci├│n. Esto puede dar lugar a un resultado de compilaci├│n incorrecto. Los archivos implicados son C:\Users\4stro\Desktop\geode\the-coin-guide\build\_deps\bindings-src\bindings\2.2081\inline\CCBlockLayer.cpp, C:\Users\4stro\Desktop\geode\the-coin-guide\build\bindings\bindings\Geode\source\CCBlockLayer.cpp. [C:\Users\4stro\Desktop\geode\the-coin-guide\build\bindings\GeodeBindings.vcxproj]
E:\msvisual2026\MSBuild\Microsoft\VC\v180\Microsoft.CppBuild.targets(1139,5): warning MSB8027: Dos o m├ís archivos con el mismo nombre de CCCallFunc.cpp producir├ín salidas en la misma ubicaci├│n. Esto puede dar lugar a un resultado de compilaci├│n incorrecto. Los archivos implicados son C:\Users\4stro\Desktop\geode\the-coin-guide\build\_deps\bindings-src\bindings\2.2081\inline\CCCallFunc.cpp, C:\Users\4stro\Desktop\geode\the-coin-guide\build\bindings\bindings\Geode\source\CCCallFunc.cpp. [C:\Users\4stro\Desktop\geode\the-coin-guide\build\bindings\GeodeBindings.vcxproj]
E:\msvisual2026\MSBuild\Microsoft\VC\v180\Microsoft.CppBuild.targets(1139,5): warning MSB8027: Dos o m├ís archivos con el mismo nombre de CCCallFuncN.cpp producir├ín salidas en la misma ubicaci├│n. Esto puede dar lugar a un resultado de compilaci├│n incorrecto. Los archivos implicados son C:\Users\4stro\Desktop\geode\the-coin-guide\build\_deps\bindings-src\bindings\2.2081\inline\CCCallFuncN.cpp, C:\Users\4stro\Desktop\geode\the-coin-guide\build\bindings\bindings\Geode\source\CCCallFuncN.cpp. [C:\Users\4stro\Desktop\geode\the-coin-guide\build\bindings\GeodeBindings.vcxproj]
E:\msvisual2026\MSBuild\Microsoft\VC\v180\Microsoft.CppBuild.targets(1139,5): warning MSB8027: Dos o m├ís archivos con el mismo nombre de CCCallFuncND.cpp producir├ín salidas en la misma ubicaci├│n. Esto puede dar lugar a un resultado de compilaci├│n incorrecto. Los archivos implicados son C:\Users\4stro\Desktop\geode\the-coin-guide\build\_deps\bindings-src\bindings\2.2081\inline\CCCallFuncND.cpp, C:\Users\4stro\Desktop\geode\the-coin-guide\build\bindings\bindings\Geode\source\CCCallFuncND.cpp. [C:\Users\4stro\Desktop\geode\the-coin-guide\build\bindings\GeodeBindings.vcxproj]
E:\msvisual2026\MSBuild\Microsoft\VC\v180\Microsoft.CppBuild.targets(1139,5): warning MSB8027: Dos o m├ís archivos con el mismo nombre de CCCallFuncO.cpp producir├ín salidas en la misma ubicaci├│n. Esto puede dar lugar a un resultado de compilaci├│n incorrecto. Los archivos implicados son C:\Users\4stro\Desktop\geode\the-coin-guide\build\_deps\bindings-src\bindings\2.2081\inline\CCCallFuncO.cpp, C:\Users\4stro\Desktop\geode\the-coin-guide\build\bindings\bindings\Geode\source\CCCallFuncO.cpp. [C:\Users\4stro\Desktop\geode\the-coin-guide\build\bindings\GeodeBindings.vcxproj]
E:\msvisual2026\MSBuild\Microsoft\VC\v180\Microsoft.CppBuild.targets(1139,5): warning MSB8027: Dos o m├ís archivos con el mismo nombre de CCCamera.cpp producir├ín salidas en la misma ubicaci├│n. Esto puede dar lugar a un resultado de compilaci├│n incorrecto. Los archivos implicados son C:\Users\4stro\Desktop\geode\the-coin-guide\build\_deps\bindings-src\bindings\2.2081\inline\CCCamera.cpp, C:\Users\4stro\Desktop\geode\the-coin-guide\build\bindings\bindings\Geode\source\CCCamera.cpp. [C:\Users\4stro\Desktop\geode\the-coin-guide\build\bindings\GeodeBindings.vcxproj]
E:\msvisual2026\MSBuild\Microsoft\VC\v180\Microsoft.CppBuild.targets(1139,5): warning MSB8027: Dos o m├ís archivos con el mismo nombre de CCCardinalSplineBy.cpp producir├ín salidas en la misma ubicaci├│n. Esto puede dar lugar a un resultado de compilaci├│n incorrecto. Los archivos implicados son C:\Users\4stro\Desktop\geode\the-coin-guide\build\_deps\bindings-src\bindings\2.2081\inline\CCCardinalSplineBy.cpp, C:\Users\4stro\Desktop\geode\the-coin-guide\build\bindings\bindings\Geode\source\CCCardinalSplineBy.cpp. [C:\Users\4stro\Desktop\geode\the-coin-guide\build\bindings\GeodeBindings.vcxproj]
E:\msvisual2026\MSBuild\Microsoft\VC\v180\Microsoft.CppBuild.targets(1139,5): warning MSB8027: Dos o m├ís archivos con el mismo nombre de CCCardinalSplineTo.cpp producir├ín salidas en la misma ubicaci├│n. Esto puede dar lugar a un resultado de compilaci├│n incorrecto. Los archivos implicados son C:\Users\4stro\Desktop\geode\the-coin-guide\build\_deps\bindings-src\bindings\2.2081\inline\CCCardinalSplineTo.cpp, C:\Users\4stro\Desktop\geode\the-coin-guide\build\bindings\bindings\Geode\source\CCCardinalSplineTo.cpp. [C:\Users\4stro\Desktop\geode\the-coin-guide\build\bindings\GeodeBindings.vcxproj]
E:\msvisual2026\MSBuild\Microsoft\VC\v180\Microsoft.CppBuild.targets(1139,5): warning MSB8027: Dos o m├ís archivos con el mismo nombre de CCCatmullRomBy.cpp producir├ín salidas en la misma ubicaci├│n. Esto puede dar lugar a un resultado de compilaci├│n incorrecto. Los archivos implicados son C:\Users\4stro\Desktop\geode\the-coin-guide\build\_deps\bindings-src\bindings\2.2081\inline\CCCatmullRomBy.cpp, C:\Users\4stro\Desktop\geode\the-coin-guide\build\bindings\bindings\Geode\source\CCCatmullRomBy.cpp. [C:\Users\4stro\Desktop\geode\the-coin-guide\build\bindings\GeodeBindings.vcxproj]
E:\msvisual2026\MSBuild\Microsoft\VC\v180\Microsoft.CppBuild.targets(1139,5): warning MSB8027: Dos o m├ís archivos con el mismo nombre de CCCatmullRomTo.cpp producir├ín salidas en la misma ubicaci├│n. Esto puede dar lugar a un resultado de compilaci├│n incorrecto. Los archivos implicados son C:\Users\4stro\Desktop\geode\the-coin-guide\build\_deps\bindings-src\bindings\2.2081\inline\CCCatmullRomTo.cpp, C:\Users\4stro\Desktop\geode\the-coin-guide\build\bindings\bindings\Geode\source\CCCatmullRomTo.cpp. [C:\Users\4stro\Desktop\geode\the-coin-guide\build\bindings\GeodeBindings.vcxproj]
E:\msvisual2026\MSBuild\Microsoft\VC\v180\Microsoft.CppBuild.targets(1139,5): warning MSB8027: Dos o m├ís archivos con el mismo nombre de CCCircleAlert.cpp producir├ín salidas en la misma ubicaci├│n. Esto puede dar lugar a un resultado de compilaci├│n incorrecto. Los archivos implicados son C:\Users\4stro\Desktop\geode\the-coin-guide\build\_deps\bindings-src\bindings\2.2081\inline\CCCircleAlert.cpp, C:\Users\4stro\Desktop\geode\the-coin-guide\build\bindings\bindings\Geode\source\CCCircleAlert.cpp. [C:\Users\4stro\Desktop\geode\the-coin-guide\build\bindings\GeodeBindings.vcxproj]
E:\msvisual2026\MSBuild\Microsoft\VC\v180\Microsoft.CppBuild.targets(1139,5): warning MSB8027: Dos o m├ís archivos con el mismo nombre de CCCircleWave.cpp producir├ín salidas en la misma ubicaci├│n. Esto puede dar lugar a un resultado de compilaci├│n incorrecto. Los archivos implicados son C:\Users\4stro\Desktop\geode\the-coin-guide\build\_deps\bindings-src\bindings\2.2081\inline\CCCircleWave.cpp, C:\Users\4stro\Desktop\geode\the-coin-guide\build\bindings\bindings\Geode\source\CCCircleWave.cpp. [C:\Users\4stro\Desktop\geode\the-coin-guide\build\bindings\GeodeBindings.vcxproj]
E:\msvisual2026\MSBuild\Microsoft\VC\v180\Microsoft.CppBuild.targets(1139,5): warning MSB8027: Dos o m├ís archivos con el mismo nombre de CCCircleWaveDelegate.cpp producir├ín salidas en la misma ubicaci├│n. Esto puede dar lugar a un resultado de compilaci├│n incorrecto. Los archivos implicados son C:\Users\4stro\Desktop\geode\the-coin-guide\build\_deps\bindings-src\bindings\2.2081\inline\CCCircleWaveDelegate.cpp, C:\Users\4stro\Desktop\geode\the-coin-guide\build\bindings\bindings\Geode\source\CCCircleWaveDelegate.cpp. [C:\Users\4stro\Desktop\geode\the-coin-guide\build\bindings\GeodeBindings.vcxproj]
E:\msvisual2026\MSBuild\Microsoft\VC\v180\Microsoft.CppBuild.targets(1139,5): warning MSB8027: Dos o m├ís archivos con el mismo nombre de CCClippingNode.cpp producir├ín salidas en la misma ubicaci├│n. Esto puede dar lugar a un resultado de compilaci├│n incorrecto. Los archivos implicados son C:\Users\4stro\Desktop\geode\the-coin-guide\build\_deps\bindings-src\bindings\2.2081\inline\CCClippingNode.cpp, C:\Users\4stro\Desktop\geode\the-coin-guide\build\bindings\bindings\Geode\source\CCClippingNode.cpp. [C:\Users\4stro\Desktop\geode\the-coin-guide\build\bindings\GeodeBindings.vcxproj]
E:\msvisual2026\MSBuild\Microsoft\VC\v180\Microsoft.CppBuild.targets(1139,5): warning MSB8027: Dos o m├ís archivos con el mismo nombre de CCComponent.cpp producir├ín salidas en la misma ubicaci├│n. Esto puede dar lugar a un resultado de compilaci├│n incorrecto. Los archivos implicados son C:\Users\4stro\Desktop\geode\the-coin-guide\build\_deps\bindings-src\bindings\2.2081\inline\CCComponent.cpp, C:\Users\4stro\Desktop\geode\the-coin-guide\build\bindings\bindings\Geode\source\CCComponent.cpp. [C:\Users\4stro\Desktop\geode\the-coin-guide\build\bindings\GeodeBindings.vcxproj]
E:\msvisual2026\MSBuild\Microsoft\VC\v180\Microsoft.CppBuild.targets(1139,5): warning MSB8027: Dos o m├ís archivos con el mismo nombre de CCComponentContainer.cpp producir├ín salidas en la misma ubicaci├│n. Esto puede dar lugar a un resultado de compilaci├│n incorrecto. Los archivos implicados son C:\Users\4stro\Desktop\geode\the-coin-guide\build\_deps\bindings-src\bindings\2.2081\inline\CCComponentContainer.cpp, C:\Users\4stro\Desktop\geode\the-coin-guide\build\bindings\bindings\Geode\source\CCComponentContainer.cpp. [C:\Users\4stro\Desktop\geode\the-coin-guide\build\bindings\GeodeBindings.vcxproj]
E:\msvisual2026\MSBuild\Microsoft\VC\v180\Microsoft.CppBuild.targets(1139,5): warning MSB8027: Dos o m├ís archivos con el mismo nombre de CCConfiguration.cpp producir├ín salidas en la misma ubicaci├│n. Esto puede dar lugar a un resultado de compilaci├│n incorrecto. Los archivos implicados son C:\Users\4stro\Desktop\geode\the-coin-guide\build\_deps\bindings-src\bindings\2.2081\inline\CCConfiguration.cpp, C:\Users\4stro\Desktop\geode\the-coin-guide\build\bindings\bindings\Geode\source\CCConfiguration.cpp. [C:\Users\4stro\Desktop\geode\the-coin-guide\build\bindings\GeodeBindings.vcxproj]
E:\msvisual2026\MSBuild\Microsoft\VC\v180\Microsoft.CppBuild.targets(1139,5): warning MSB8027: Dos o m├ís archivos con el mismo nombre de CCContentLayer.cpp producir├ín salidas en la misma ubicaci├│n. Esto puede dar lugar a un resultado de compilaci├│n incorrecto. Los archivos implicados son C:\Users\4stro\Desktop\geode\the-coin-guide\build\_deps\bindings-src\bindings\2.2081\inline\CCContentLayer.cpp, C:\Users\4stro\Desktop\geode\the-coin-guide\build\bindings\bindings\Geode\source\CCContentLayer.cpp. [C:\Users\4stro\Desktop\geode\the-coin-guide\build\bindings\GeodeBindings.vcxproj]
E:\msvisual2026\MSBuild\Microsoft\VC\v180\Microsoft.CppBuild.targets(1139,5): warning MSB8027: Dos o m├ís archivos con el mismo nombre de CCContentManager.cpp producir├ín salidas en la misma ubicaci├│n. Esto puede dar lugar a un resultado de compilaci├│n incorrecto. Los archivos implicados son C:\Users\4stro\Desktop\geode\the-coin-guide\build\_deps\bindings-src\bindings\2.2081\inline\CCContentManager.cpp, C:\Users\4stro\Desktop\geode\the-coin-guide\build\bindings\bindings\Geode\source\CCContentManager.cpp. [C:\Users\4stro\Desktop\geode\the-coin-guide\build\bindings\GeodeBindings.vcxproj]
E:\msvisual2026\MSBuild\Microsoft\VC\v180\Microsoft.CppBuild.targets(1139,5): warning MSB8027: Dos o m├ís archivos con el mismo nombre de CCControl.cpp producir├ín salidas en la misma ubicaci├│n. Esto puede dar lugar a un resultado de compilaci├│n incorrecto. Los archivos implicados son C:\Users\4stro\Desktop\geode\the-coin-guide\build\_deps\bindings-src\bindings\2.2081\inline\CCControl.cpp, C:\Users\4stro\Desktop\geode\the-coin-guide\build\bindings\bindings\Geode\source\CCControl.cpp. [C:\Users\4stro\Desktop\geode\the-coin-guide\build\bindings\GeodeBindings.vcxproj]
E:\msvisual2026\MSBuild\Microsoft\VC\v180\Microsoft.CppBuild.targets(1139,5): warning MSB8027: Dos o m├ís archivos con el mismo nombre de CCControlButton.cpp producir├ín salidas en la misma ubicaci├│n. Esto puede dar lugar a un resultado de compilaci├│n incorrecto. Los archivos implicados son C:\Users\4stro\Desktop\geode\the-coin-guide\build\_deps\bindings-src\bindings\2.2081\inline\CCControlButton.cpp, C:\Users\4stro\Desktop\geode\the-coin-guide\build\bindings\bindings\Geode\source\CCControlButton.cpp. [C:\Users\4stro\Desktop\geode\the-coin-guide\build\bindings\GeodeBindings.vcxproj]
E:\msvisual2026\MSBuild\Microsoft\VC\v180\Microsoft.CppBuild.targets(1139,5): warning MSB8027: Dos o m├ís archivos con el mismo nombre de CCControlColourPicker.cpp producir├ín salidas en la misma ubicaci├│n. Esto puede dar lugar a un resultado de compilaci├│n incorrecto. Los archivos implicados son C:\Users\4stro\Desktop\geode\the-coin-guide\build\_deps\bindings-src\bindings\2.2081\inline\CCControlColourPicker.cpp, C:\Users\4stro\Desktop\geode\the-coin-guide\build\bindings\bindings\Geode\source\CCControlColourPicker.cpp. [C:\Users\4stro\Desktop\geode\the-coin-guide\build\bindings\GeodeBindings.vcxproj]
E:\msvisual2026\MSBuild\Microsoft\VC\v180\Microsoft.CppBuild.targets(1139,5): warning MSB8027: Dos o m├ís archivos con el mismo nombre de CCControlHuePicker.cpp producir├ín salidas en la misma ubicaci├│n. Esto puede dar lugar a un resultado de compilaci├│n incorrecto. Los archivos implicados son C:\Users\4stro\Desktop\geode\the-coin-guide\build\_deps\bindings-src\bindings\2.2081\inline\CCControlHuePicker.cpp, C:\Users\4stro\Desktop\geode\the-coin-guide\build\bindings\bindings\Geode\source\CCControlHuePicker.cpp. [C:\Users\4stro\Desktop\geode\the-coin-guide\build\bindings\GeodeBindings.vcxproj]
E:\msvisual2026\MSBuild\Microsoft\VC\v180\Microsoft.CppBuild.targets(1139,5): warning MSB8027: Dos o m├ís archivos con el mismo nombre de CCControlPotentiometer.cpp producir├ín salidas en la misma ubicaci├│n. Esto puede dar lugar a un resultado de compilaci├│n incorrecto. Los archivos implicados son C:\Users\4stro\Desktop\geode\the-coin-guide\build\_deps\bindings-src\bindings\2.2081\inline\CCControlPotentiometer.cpp, C:\Users\4stro\Desktop\geode\the-coin-guide\build\bindings\bindings\Geode\source\CCControlPotentiometer.cpp. [C:\Users\4stro\Desktop\geode\the-coin-guide\build\bindings\GeodeBindings.vcxproj]
E:\msvisual2026\MSBuild\Microsoft\VC\v180\Microsoft.CppBuild.targets(1139,5): warning MSB8027: Dos o m├ís archivos con el mismo nombre de CCControlSaturationBrightnessPicker.cpp producir├ín salidas en la misma ubicaci├│n. Esto puede dar lugar a un resultado de compilaci├│n incorrecto. Los archivos implicados son C:\Users\4stro\Desktop\geode\the-coin-guide\build\_deps\bindings-src\bindings\2.2081\inline\CCControlSaturationBrightnessPicker.cpp, C:\Users\4stro\Desktop\geode\the-coin-guide\build\bindings\bindings\Geode\source\CCControlSaturationBrightnessPicker.cpp. [C:\Users\4stro\Desktop\geode\the-coin-guide\build\bindings\GeodeBindings.vcxproj]
E:\msvisual2026\MSBuild\Microsoft\VC\v180\Microsoft.CppBuild.targets(1139,5): warning MSB8027: Dos o m├ís archivos con el mismo nombre de CCControlSlider.cpp producir├ín salidas en la misma ubicaci├│n. Esto puede dar lugar a un resultado de compilaci├│n incorrecto. Los archivos implicados son C:\Users\4stro\Desktop\geode\the-coin-guide\build\_deps\bindings-src\bindings\2.2081\inline\CCControlSlider.cpp, C:\Users\4stro\Desktop\geode\the-coin-guide\build\bindings\bindings\Geode\source\CCControlSlider.cpp. [C:\Users\4stro\Desktop\geode\the-coin-guide\build\bindings\GeodeBindings.vcxproj]
E:\msvisual2026\MSBuild\Microsoft\VC\v180\Microsoft.CppBuild.targets(1139,5): warning MSB8027: Dos o m├ís archivos con el mismo nombre de CCControlStepper.cpp producir├ín salidas en la misma ubicaci├│n. Esto puede dar lugar a un resultado de compilaci├│n incorrecto. Los archivos implicados son C:\Users\4stro\Desktop\geode\the-coin-guide\build\_deps\bindings-src\bindings\2.2081\inline\CCControlStepper.cpp, C:\Users\4stro\Desktop\geode\the-coin-guide\build\bindings\bindings\Geode\source\CCControlStepper.cpp. [C:\Users\4stro\Desktop\geode\the-coin-guide\build\bindings\GeodeBindings.vcxproj]
E:\msvisual2026\MSBuild\Microsoft\VC\v180\Microsoft.CppBuild.targets(1139,5): warning MSB8027: Dos o m├ís archivos con el mismo nombre de CCControlSwitch.cpp producir├ín salidas en la misma ubicaci├│n. Esto puede dar lugar a un resultado de compilaci├│n incorrecto. Los archivos implicados son C:\Users\4stro\Desktop\geode\the-coin-guide\build\_deps\bindings-src\bindings\2.2081\inline\CCControlSwitch.cpp, C:\Users\4stro\Desktop\geode\the-coin-guide\build\bindings\bindings\Geode\source\CCControlSwitch.cpp. [C:\Users\4stro\Desktop\geode\the-coin-guide\build\bindings\GeodeBindings.vcxproj]
E:\msvisual2026\MSBuild\Microsoft\VC\v180\Microsoft.CppBuild.targets(1139,5): warning MSB8027: Dos o m├ís archivos con el mismo nombre de CCControlUtils.cpp producir├ín salidas en la misma ubicaci├│n. Esto puede dar lugar a un resultado de compilaci├│n incorrecto. Los archivos implicados son C:\Users\4stro\Desktop\geode\the-coin-guide\build\_deps\bindings-src\bindings\2.2081\inline\CCControlUtils.cpp, C:\Users\4stro\Desktop\geode\the-coin-guide\build\bindings\bindings\Geode\source\CCControlUtils.cpp. [C:\Users\4stro\Desktop\geode\the-coin-guide\build\bindings\GeodeBindings.vcxproj]
E:\msvisual2026\MSBuild\Microsoft\VC\v180\Microsoft.CppBuild.targets(1139,5): warning MSB8027: Dos o m├ís archivos con el mismo nombre de CCCountdown.cpp producir├ín salidas en la misma ubicaci├│n. Esto puede dar lugar a un resultado de compilaci├│n incorrecto. Los archivos implicados son C:\Users\4stro\Desktop\geode\the-coin-guide\build\_deps\bindings-src\bindings\2.2081\inline\CCCountdown.cpp, C:\Users\4stro\Desktop\geode\the-coin-guide\build\bindings\bindings\Geode\source\CCCountdown.cpp. [C:\Users\4stro\Desktop\geode\the-coin-guide\build\bindings\GeodeBindings.vcxproj]
E:\msvisual2026\MSBuild\Microsoft\VC\v180\Microsoft.CppBuild.targets(1139,5): warning MSB8027: Dos o m├ís archivos con el mismo nombre de CCCounterLabel.cpp producir├ín salidas en la misma ubicaci├│n. Esto puede dar lugar a un resultado de compilaci├│n incorrecto. Los archivos implicados son C:\Users\4stro\Desktop\geode\the-coin-guide\build\_deps\bindings-src\bindings\2.2081\inline\CCCounterLabel.cpp, C:\Users\4stro\Desktop\geode\the-coin-guide\build\bindings\bindings\Geode\source\CCCounterLabel.cpp. [C:\Users\4stro\Desktop\geode\the-coin-guide\build\bindings\GeodeBindings.vcxproj]
E:\msvisual2026\MSBuild\Microsoft\VC\v180\Microsoft.CppBuild.targets(1139,5): warning MSB8027: Dos o m├ís archivos con el mismo nombre de CCDataVisitor.cpp producir├ín salidas en la misma ubicaci├│n. Esto puede dar lugar a un resultado de compilaci├│n incorrecto. Los archivos implicados son C:\Users\4stro\Desktop\geode\the-coin-guide\build\_deps\bindings-src\bindings\2.2081\inline\CCDataVisitor.cpp, C:\Users\4stro\Desktop\geode\the-coin-guide\build\bindings\bindings\Geode\source\CCDataVisitor.cpp. [C:\Users\4stro\Desktop\geode\the-coin-guide\build\bindings\GeodeBindings.vcxproj]
E:\msvisual2026\MSBuild\Microsoft\VC\v180\Microsoft.CppBuild.targets(1139,5): warning MSB8027: Dos o m├ís archivos con el mismo nombre de CCDeccelAmplitude.cpp producir├ín salidas en la misma ubicaci├│n. Esto puede dar lugar a un resultado de compilaci├│n incorrecto. Los archivos implicados son C:\Users\4stro\Desktop\geode\the-coin-guide\build\_deps\bindings-src\bindings\2.2081\inline\CCDeccelAmplitude.cpp, C:\Users\4stro\Desktop\geode\the-coin-guide\build\bindings\bindings\Geode\source\CCDeccelAmplitude.cpp. [C:\Users\4stro\Desktop\geode\the-coin-guide\build\bindings\GeodeBindings.vcxproj]
E:\msvisual2026\MSBuild\Microsoft\VC\v180\Microsoft.CppBuild.targets(1139,5): warning MSB8027: Dos o m├ís archivos con el mismo nombre de CCDelayTime.cpp producir├ín salidas en la misma ubicaci├│n. Esto puede dar lugar a un resultado de compilaci├│n incorrecto. Los archivos implicados son C:\Users\4stro\Desktop\geode\the-coin-guide\build\_deps\bindings-src\bindings\2.2081\inline\CCDelayTime.cpp, C:\Users\4stro\Desktop\geode\the-coin-guide\build\bindings\bindings\Geode\source\CCDelayTime.cpp. [C:\Users\4stro\Desktop\geode\the-coin-guide\build\bindings\GeodeBindings.vcxproj]
E:\msvisual2026\MSBuild\Microsoft\VC\v180\Microsoft.CppBuild.targets(1139,5): warning MSB8027: Dos o m├ís archivos con el mismo nombre de CCDevice.cpp producir├ín salidas en la misma ubicaci├│n. Esto puede dar lugar a un resultado de compilaci├│n incorrecto. Los archivos implicados son C:\Users\4stro\Desktop\geode\the-coin-guide\build\_deps\bindings-src\bindings\2.2081\inline\CCDevice.cpp, C:\Users\4stro\Desktop\geode\the-coin-guide\build\bindings\bindings\Geode\source\CCDevice.cpp. [C:\Users\4stro\Desktop\geode\the-coin-guide\build\bindings\GeodeBindings.vcxproj]
E:\msvisual2026\MSBuild\Microsoft\VC\v180\Microsoft.CppBuild.targets(1139,5): warning MSB8027: Dos o m├ís archivos con el mismo nombre de CCDictElement.cpp producir├ín salidas en la misma ubicaci├│n. Esto puede dar lugar a un resultado de compilaci├│n incorrecto. Los archivos implicados son C:\Users\4stro\Desktop\geode\the-coin-guide\build\_deps\bindings-src\bindings\2.2081\inline\CCDictElement.cpp, C:\Users\4stro\Desktop\geode\the-coin-guide\build\bindings\bindings\Geode\source\CCDictElement.cpp. [C:\Users\4stro\Desktop\geode\the-coin-guide\build\bindings\GeodeBindings.vcxproj]
E:\msvisual2026\MSBuild\Microsoft\VC\v180\Microsoft.CppBuild.targets(1139,5): warning MSB8027: Dos o m├ís archivos con el mismo nombre de CCDictionary.cpp producir├ín salidas en la misma ubicaci├│n. Esto puede dar lugar a un resultado de compilaci├│n incorrecto. Los archivos implicados son C:\Users\4stro\Desktop\geode\the-coin-guide\build\_deps\bindings-src\bindings\2.2081\inline\CCDictionary.cpp, C:\Users\4stro\Desktop\geode\the-coin-guide\build\bindings\bindings\Geode\source\CCDictionary.cpp. [C:\Users\4stro\Desktop\geode\the-coin-guide\build\bindings\GeodeBindings.vcxproj]
E:\msvisual2026\MSBuild\Microsoft\VC\v180\Microsoft.CppBuild.targets(1139,5): warning MSB8027: Dos o m├ís archivos con el mismo nombre de CCDirector.cpp producir├ín salidas en la misma ubicaci├│n. Esto puede dar lugar a un resultado de compilaci├│n incorrecto. Los archivos implicados son C:\Users\4stro\Desktop\geode\the-coin-guide\build\_deps\bindings-src\bindings\2.2081\inline\CCDirector.cpp, C:\Users\4stro\Desktop\geode\the-coin-guide\build\bindings\bindings\Geode\source\CCDirector.cpp. [C:\Users\4stro\Desktop\geode\the-coin-guide\build\bindings\GeodeBindings.vcxproj]
E:\msvisual2026\MSBuild\Microsoft\VC\v180\Microsoft.CppBuild.targets(1139,5): warning MSB8027: Dos o m├ís archivos con el mismo nombre de CCDisplayLinkDirector.cpp producir├ín salidas en la misma ubicaci├│n. Esto puede dar lugar a un resultado de compilaci├│n incorrecto. Los archivos implicados son C:\Users\4stro\Desktop\geode\the-coin-guide\build\_deps\bindings-src\bindings\2.2081\inline\CCDisplayLinkDirector.cpp, C:\Users\4stro\Desktop\geode\the-coin-guide\build\bindings\bindings\Geode\source\CCDisplayLinkDirector.cpp. [C:\Users\4stro\Desktop\geode\the-coin-guide\build\bindings\GeodeBindings.vcxproj]
E:\msvisual2026\MSBuild\Microsoft\VC\v180\Microsoft.CppBuild.targets(1139,5): warning MSB8027: Dos o m├ís archivos con el mismo nombre de CCDrawNode.cpp producir├ín salidas en la misma ubicaci├│n. Esto puede dar lugar a un resultado de compilaci├│n incorrecto. Los archivos implicados son C:\Users\4stro\Desktop\geode\the-coin-guide\build\_deps\bindings-src\bindings\2.2081\inline\CCDrawNode.cpp, C:\Users\4stro\Desktop\geode\the-coin-guide\build\bindings\bindings\Geode\source\CCDrawNode.cpp. [C:\Users\4stro\Desktop\geode\the-coin-guide\build\bindings\GeodeBindings.vcxproj]
E:\msvisual2026\MSBuild\Microsoft\VC\v180\Microsoft.CppBuild.targets(1139,5): warning MSB8027: Dos o m├ís archivos con el mismo nombre de CCEGLView.cpp producir├ín salidas en la misma ubicaci├│n. Esto puede dar lugar a un resultado de compilaci├│n incorrecto. Los archivos implicados son C:\Users\4stro\Desktop\geode\the-coin-guide\build\_deps\bindings-src\bindings\2.2081\inline\CCEGLView.cpp, C:\Users\4stro\Desktop\geode\the-coin-guide\build\bindings\bindings\Geode\source\CCEGLView.cpp. [C:\Users\4stro\Desktop\geode\the-coin-guide\build\bindings\GeodeBindings.vcxproj]
E:\msvisual2026\MSBuild\Microsoft\VC\v180\Microsoft.CppBuild.targets(1139,5): warning MSB8027: Dos o m├ís archivos con el mismo nombre de CCEGLViewProtocol.cpp producir├ín salidas en la misma ubicaci├│n. Esto puede dar lugar a un resultado de compilaci├│n incorrecto. Los archivos implicados son C:\Users\4stro\Desktop\geode\the-coin-guide\build\_deps\bindings-src\bindings\2.2081\inline\CCEGLViewProtocol.cpp, C:\Users\4stro\Desktop\geode\the-coin-guide\build\bindings\bindings\Geode\source\CCEGLViewProtocol.cpp. [C:\Users\4stro\Desktop\geode\the-coin-guide\build\bindings\GeodeBindings.vcxproj]
E:\msvisual2026\MSBuild\Microsoft\VC\v180\Microsoft.CppBuild.targets(1139,5): warning MSB8027: Dos o m├ís archivos con el mismo nombre de CCEaseBackIn.cpp producir├ín salidas en la misma ubicaci├│n. Esto puede dar lugar a un resultado de compilaci├│n incorrecto. Los archivos implicados son C:\Users\4stro\Desktop\geode\the-coin-guide\build\_deps\bindings-src\bindings\2.2081\inline\CCEaseBackIn.cpp, C:\Users\4stro\Desktop\geode\the-coin-guide\build\bindings\bindings\Geode\source\CCEaseBackIn.cpp. [C:\Users\4stro\Desktop\geode\the-coin-guide\build\bindings\GeodeBindings.vcxproj]
E:\msvisual2026\MSBuild\Microsoft\VC\v180\Microsoft.CppBuild.targets(1139,5): warning MSB8027: Dos o m├ís archivos con el mismo nombre de CCEaseBackInOut.cpp producir├ín salidas en la misma ubicaci├│n. Esto puede dar lugar a un resultado de compilaci├│n incorrecto. Los archivos implicados son C:\Users\4stro\Desktop\geode\the-coin-guide\build\_deps\bindings-src\bindings\2.2081\inline\CCEaseBackInOut.cpp, C:\Users\4stro\Desktop\geode\the-coin-guide\build\bindings\bindings\Geode\source\CCEaseBackInOut.cpp. [C:\Users\4stro\Desktop\geode\the-coin-guide\build\bindings\GeodeBindings.vcxproj]
E:\msvisual2026\MSBuild\Microsoft\VC\v180\Microsoft.CppBuild.targets(1139,5): warning MSB8027: Dos o m├ís archivos con el mismo nombre de CCEaseBackOut.cpp producir├ín salidas en la misma ubicaci├│n. Esto puede dar lugar a un resultado de compilaci├│n incorrecto. Los archivos implicados son C:\Users\4stro\Desktop\geode\the-coin-guide\build\_deps\bindings-src\bindings\2.2081\inline\CCEaseBackOut.cpp, C:\Users\4stro\Desktop\geode\the-coin-guide\build\bindings\bindings\Geode\source\CCEaseBackOut.cpp. [C:\Users\4stro\Desktop\geode\the-coin-guide\build\bindings\GeodeBindings.vcxproj]
E:\msvisual2026\MSBuild\Microsoft\VC\v180\Microsoft.CppBuild.targets(1139,5): warning MSB8027: Dos o m├ís archivos con el mismo nombre de CCEaseBounce.cpp producir├ín salidas en la misma ubicaci├│n. Esto puede dar lugar a un resultado de compilaci├│n incorrecto. Los archivos implicados son C:\Users\4stro\Desktop\geode\the-coin-guide\build\_deps\bindings-src\bindings\2.2081\inline\CCEaseBounce.cpp, C:\Users\4stro\Desktop\geode\the-coin-guide\build\bindings\bindings\Geode\source\CCEaseBounce.cpp. [C:\Users\4stro\Desktop\geode\the-coin-guide\build\bindings\GeodeBindings.vcxproj]
E:\msvisual2026\MSBuild\Microsoft\VC\v180\Microsoft.CppBuild.targets(1139,5): warning MSB8027: Dos o m├ís archivos con el mismo nombre de CCEaseBounceIn.cpp producir├ín salidas en la misma ubicaci├│n. Esto puede dar lugar a un resultado de compilaci├│n incorrecto. Los archivos implicados son C:\Users\4stro\Desktop\geode\the-coin-guide\build\_deps\bindings-src\bindings\2.2081\inline\CCEaseBounceIn.cpp, C:\Users\4stro\Desktop\geode\the-coin-guide\build\bindings\bindings\Geode\source\CCEaseBounceIn.cpp. [C:\Users\4stro\Desktop\geode\the-coin-guide\build\bindings\GeodeBindings.vcxproj]
E:\msvisual2026\MSBuild\Microsoft\VC\v180\Microsoft.CppBuild.targets(1139,5): warning MSB8027: Dos o m├ís archivos con el mismo nombre de CCEaseBounceInOut.cpp producir├ín salidas en la misma ubicaci├│n. Esto puede dar lugar a un resultado de compilaci├│n incorrecto. Los archivos implicados son C:\Users\4stro\Desktop\geode\the-coin-guide\build\_deps\bindings-src\bindings\2.2081\inline\CCEaseBounceInOut.cpp, C:\Users\4stro\Desktop\geode\the-coin-guide\build\bindings\bindings\Geode\source\CCEaseBounceInOut.cpp. [C:\Users\4stro\Desktop\geode\the-coin-guide\build\bindings\GeodeBindings.vcxproj]
E:\msvisual2026\MSBuild\Microsoft\VC\v180\Microsoft.CppBuild.targets(1139,5): warning MSB8027: Dos o m├ís archivos con el mismo nombre de CCEaseBounceOut.cpp producir├ín salidas en la misma ubicaci├│n. Esto puede dar lugar a un resultado de compilaci├│n incorrecto. Los archivos implicados son C:\Users\4stro\Desktop\geode\the-coin-guide\build\_deps\bindings-src\bindings\2.2081\inline\CCEaseBounceOut.cpp, C:\Users\4stro\Desktop\geode\the-coin-guide\build\bindings\bindings\Geode\source\CCEaseBounceOut.cpp. [C:\Users\4stro\Desktop\geode\the-coin-guide\build\bindings\GeodeBindings.vcxproj]
E:\msvisual2026\MSBuild\Microsoft\VC\v180\Microsoft.CppBuild.targets(1139,5): warning MSB8027: Dos o m├ís archivos con el mismo nombre de CCEaseElastic.cpp producir├ín salidas en la misma ubicaci├│n. Esto puede dar lugar a un resultado de compilaci├│n incorrecto. Los archivos implicados son C:\Users\4stro\Desktop\geode\the-coin-guide\build\_deps\bindings-src\bindings\2.2081\inline\CCEaseElastic.cpp, C:\Users\4stro\Desktop\geode\the-coin-guide\build\bindings\bindings\Geode\source\CCEaseElastic.cpp. [C:\Users\4stro\Desktop\geode\the-coin-guide\build\bindings\GeodeBindings.vcxproj]
E:\msvisual2026\MSBuild\Microsoft\VC\v180\Microsoft.CppBuild.targets(1139,5): warning MSB8027: Dos o m├ís archivos con el mismo nombre de CCEaseElasticIn.cpp producir├ín salidas en la misma ubicaci├│n. Esto puede dar lugar a un resultado de compilaci├│n incorrecto. Los archivos implicados son C:\Users\4stro\Desktop\geode\the-coin-guide\build\_deps\bindings-src\bindings\2.2081\inline\CCEaseElasticIn.cpp, C:\Users\4stro\Desktop\geode\the-coin-guide\build\bindings\bindings\Geode\source\CCEaseElasticIn.cpp. [C:\Users\4stro\Desktop\geode\the-coin-guide\build\bindings\GeodeBindings.vcxproj]
E:\msvisual2026\MSBuild\Microsoft\VC\v180\Microsoft.CppBuild.targets(1139,5): warning MSB8027: Dos o m├ís archivos con el mismo nombre de CCEaseElasticInOut.cpp producir├ín salidas en la misma ubicaci├│n. Esto puede dar lugar a un resultado de compilaci├│n incorrecto. Los archivos implicados son C:\Users\4stro\Desktop\geode\the-coin-guide\build\_deps\bindings-src\bindings\2.2081\inline\CCEaseElasticInOut.cpp, C:\Users\4stro\Desktop\geode\the-coin-guide\build\bindings\bindings\Geode\source\CCEaseElasticInOut.cpp. [C:\Users\4stro\Desktop\geode\the-coin-guide\build\bindings\GeodeBindings.vcxproj]
E:\msvisual2026\MSBuild\Microsoft\VC\v180\Microsoft.CppBuild.targets(1139,5): warning MSB8027: Dos o m├ís archivos con el mismo nombre de CCEaseElasticOut.cpp producir├ín salidas en la misma ubicaci├│n. Esto puede dar lugar a un resultado de compilaci├│n incorrecto. Los archivos implicados son C:\Users\4stro\Desktop\geode\the-coin-guide\build\_deps\bindings-src\bindings\2.2081\inline\CCEaseElasticOut.cpp, C:\Users\4stro\Desktop\geode\the-coin-guide\build\bindings\bindings\Geode\source\CCEaseElasticOut.cpp. [C:\Users\4stro\Desktop\geode\the-coin-guide\build\bindings\GeodeBindings.vcxproj]
E:\msvisual2026\MSBuild\Microsoft\VC\v180\Microsoft.CppBuild.targets(1139,5): warning MSB8027: Dos o m├ís archivos con el mismo nombre de CCEaseExponentialIn.cpp producir├ín salidas en la misma ubicaci├│n. Esto puede dar lugar a un resultado de compilaci├│n incorrecto. Los archivos implicados son C:\Users\4stro\Desktop\geode\the-coin-guide\build\_deps\bindings-src\bindings\2.2081\inline\CCEaseExponentialIn.cpp, C:\Users\4stro\Desktop\geode\the-coin-guide\build\bindings\bindings\Geode\source\CCEaseExponentialIn.cpp. [C:\Users\4stro\Desktop\geode\the-coin-guide\build\bindings\GeodeBindings.vcxproj]
E:\msvisual2026\MSBuild\Microsoft\VC\v180\Microsoft.CppBuild.targets(1139,5): warning MSB8027: Dos o m├ís archivos con el mismo nombre de CCEaseExponentialInOut.cpp producir├ín salidas en la misma ubicaci├│n. Esto puede dar lugar a un resultado de compilaci├│n incorrecto. Los archivos implicados son C:\Users\4stro\Desktop\geode\the-coin-guide\build\_deps\bindings-src\bindings\2.2081\inline\CCEaseExponentialInOut.cpp, C:\Users\4stro\Desktop\geode\the-coin-guide\build\bindings\bindings\Geode\source\CCEaseExponentialInOut.cpp. [C:\Users\4stro\Desktop\geode\the-coin-guide\build\bindings\GeodeBindings.vcxproj]
E:\msvisual2026\MSBuild\Microsoft\VC\v180\Microsoft.CppBuild.targets(1139,5): warning MSB8027: Dos o m├ís archivos con el mismo nombre de CCEaseExponentialOut.cpp producir├ín salidas en la misma ubicaci├│n. Esto puede dar lugar a un resultado de compilaci├│n incorrecto. Los archivos implicados son C:\Users\4stro\Desktop\geode\the-coin-guide\build\_deps\bindings-src\bindings\2.2081\inline\CCEaseExponentialOut.cpp, C:\Users\4stro\Desktop\geode\the-coin-guide\build\bindings\bindings\Geode\source\CCEaseExponentialOut.cpp. [C:\Users\4stro\Desktop\geode\the-coin-guide\build\bindings\GeodeBindings.vcxproj]
E:\msvisual2026\MSBuild\Microsoft\VC\v180\Microsoft.CppBuild.targets(1139,5): warning MSB8027: Dos o m├ís archivos con el mismo nombre de CCEaseIn.cpp producir├ín salidas en la misma ubicaci├│n. Esto puede dar lugar a un resultado de compilaci├│n incorrecto. Los archivos implicados son C:\Users\4stro\Desktop\geode\the-coin-guide\build\_deps\bindings-src\bindings\2.2081\inline\CCEaseIn.cpp, C:\Users\4stro\Desktop\geode\the-coin-guide\build\bindings\bindings\Geode\source\CCEaseIn.cpp. [C:\Users\4stro\Desktop\geode\the-coin-guide\build\bindings\GeodeBindings.vcxproj]
E:\msvisual2026\MSBuild\Microsoft\VC\v180\Microsoft.CppBuild.targets(1139,5): warning MSB8027: Dos o m├ís archivos con el mismo nombre de CCEaseInOut.cpp producir├ín salidas en la misma ubicaci├│n. Esto puede dar lugar a un resultado de compilaci├│n incorrecto. Los archivos implicados son C:\Users\4stro\Desktop\geode\the-coin-guide\build\_deps\bindings-src\bindings\2.2081\inline\CCEaseInOut.cpp, C:\Users\4stro\Desktop\geode\the-coin-guide\build\bindings\bindings\Geode\source\CCEaseInOut.cpp. [C:\Users\4stro\Desktop\geode\the-coin-guide\build\bindings\GeodeBindings.vcxproj]
E:\msvisual2026\MSBuild\Microsoft\VC\v180\Microsoft.CppBuild.targets(1139,5): warning MSB8027: Dos o m├ís archivos con el mismo nombre de CCEaseOut.cpp producir├ín salidas en la misma ubicaci├│n. Esto puede dar lugar a un resultado de compilaci├│n incorrecto. Los archivos implicados son C:\Users\4stro\Desktop\geode\the-coin-guide\build\_deps\bindings-src\bindings\2.2081\inline\CCEaseOut.cpp, C:\Users\4stro\Desktop\geode\the-coin-guide\build\bindings\bindings\Geode\source\CCEaseOut.cpp. [C:\Users\4stro\Desktop\geode\the-coin-guide\build\bindings\GeodeBindings.vcxproj]
E:\msvisual2026\MSBuild\Microsoft\VC\v180\Microsoft.CppBuild.targets(1139,5): warning MSB8027: Dos o m├ís archivos con el mismo nombre de CCEaseRateAction.cpp producir├ín salidas en la misma ubicaci├│n. Esto puede dar lugar a un resultado de compilaci├│n incorrecto. Los archivos implicados son C:\Users\4stro\Desktop\geode\the-coin-guide\build\_deps\bindings-src\bindings\2.2081\inline\CCEaseRateAction.cpp, C:\Users\4stro\Desktop\geode\the-coin-guide\build\bindings\bindings\Geode\source\CCEaseRateAction.cpp. [C:\Users\4stro\Desktop\geode\the-coin-guide\build\bindings\GeodeBindings.vcxproj]
E:\msvisual2026\MSBuild\Microsoft\VC\v180\Microsoft.CppBuild.targets(1139,5): warning MSB8027: Dos o m├ís archivos con el mismo nombre de CCEaseSineIn.cpp producir├ín salidas en la misma ubicaci├│n. Esto puede dar lugar a un resultado de compilaci├│n incorrecto. Los archivos implicados son C:\Users\4stro\Desktop\geode\the-coin-guide\build\_deps\bindings-src\bindings\2.2081\inline\CCEaseSineIn.cpp, C:\Users\4stro\Desktop\geode\the-coin-guide\build\bindings\bindings\Geode\source\CCEaseSineIn.cpp. [C:\Users\4stro\Desktop\geode\the-coin-guide\build\bindings\GeodeBindings.vcxproj]
E:\msvisual2026\MSBuild\Microsoft\VC\v180\Microsoft.CppBuild.targets(1139,5): warning MSB8027: Dos o m├ís archivos con el mismo nombre de CCEaseSineInOut.cpp producir├ín salidas en la misma ubicaci├│n. Esto puede dar lugar a un resultado de compilaci├│n incorrecto. Los archivos implicados son C:\Users\4stro\Desktop\geode\the-coin-guide\build\_deps\bindings-src\bindings\2.2081\inline\CCEaseSineInOut.cpp, C:\Users\4stro\Desktop\geode\the-coin-guide\build\bindings\bindings\Geode\source\CCEaseSineInOut.cpp. [C:\Users\4stro\Desktop\geode\the-coin-guide\build\bindings\GeodeBindings.vcxproj]
E:\msvisual2026\MSBuild\Microsoft\VC\v180\Microsoft.CppBuild.targets(1139,5): warning MSB8027: Dos o m├ís archivos con el mismo nombre de CCEaseSineOut.cpp producir├ín salidas en la misma ubicaci├│n. Esto puede dar lugar a un resultado de compilaci├│n incorrecto. Los archivos implicados son C:\Users\4stro\Desktop\geode\the-coin-guide\build\_deps\bindings-src\bindings\2.2081\inline\CCEaseSineOut.cpp, C:\Users\4stro\Desktop\geode\the-coin-guide\build\bindings\bindings\Geode\source\CCEaseSineOut.cpp. [C:\Users\4stro\Desktop\geode\the-coin-guide\build\bindings\GeodeBindings.vcxproj]
E:\msvisual2026\MSBuild\Microsoft\VC\v180\Microsoft.CppBuild.targets(1139,5): warning MSB8027: Dos o m├ís archivos con el mismo nombre de CCEditBox.cpp producir├ín salidas en la misma ubicaci├│n. Esto puede dar lugar a un resultado de compilaci├│n incorrecto. Los archivos implicados son C:\Users\4stro\Desktop\geode\the-coin-guide\build\_deps\bindings-src\bindings\2.2081\inline\CCEditBox.cpp, C:\Users\4stro\Desktop\geode\the-coin-guide\build\bindings\bindings\Geode\source\CCEditBox.cpp. [C:\Users\4stro\Desktop\geode\the-coin-guide\build\bindings\GeodeBindings.vcxproj]
E:\msvisual2026\MSBuild\Microsoft\VC\v180\Microsoft.CppBuild.targets(1139,5): warning MSB8027: Dos o m├ís archivos con el mismo nombre de CCExtenderNode.cpp producir├ín salidas en la misma ubicaci├│n. Esto puede dar lugar a un resultado de compilaci├│n incorrecto. Los archivos implicados son C:\Users\4stro\Desktop\geode\the-coin-guide\build\_deps\bindings-src\bindings\2.2081\inline\CCExtenderNode.cpp, C:\Users\4stro\Desktop\geode\the-coin-guide\build\bindings\bindings\Geode\source\CCExtenderNode.cpp. [C:\Users\4stro\Desktop\geode\the-coin-guide\build\bindings\GeodeBindings.vcxproj]
E:\msvisual2026\MSBuild\Microsoft\VC\v180\Microsoft.CppBuild.targets(1139,5): warning MSB8027: Dos o m├ís archivos con el mismo nombre de CCFadeIn.cpp producir├ín salidas en la misma ubicaci├│n. Esto puede dar lugar a un resultado de compilaci├│n incorrecto. Los archivos implicados son C:\Users\4stro\Desktop\geode\the-coin-guide\build\_deps\bindings-src\bindings\2.2081\inline\CCFadeIn.cpp, C:\Users\4stro\Desktop\geode\the-coin-guide\build\bindings\bindings\Geode\source\CCFadeIn.cpp. [C:\Users\4stro\Desktop\geode\the-coin-guide\build\bindings\GeodeBindings.vcxproj]
E:\msvisual2026\MSBuild\Microsoft\VC\v180\Microsoft.CppBuild.targets(1139,5): warning MSB8027: Dos o m├ís archivos con el mismo nombre de CCFadeOut.cpp producir├ín salidas en la misma ubicaci├│n. Esto puede dar lugar a un resultado de compilaci├│n incorrecto. Los archivos implicados son C:\Users\4stro\Desktop\geode\the-coin-guide\build\_deps\bindings-src\bindings\2.2081\inline\CCFadeOut.cpp, C:\Users\4stro\Desktop\geode\the-coin-guide\build\bindings\bindings\Geode\source\CCFadeOut.cpp. [C:\Users\4stro\Desktop\geode\the-coin-guide\build\bindings\GeodeBindings.vcxproj]
E:\msvisual2026\MSBuild\Microsoft\VC\v180\Microsoft.CppBuild.targets(1139,5): warning MSB8027: Dos o m├ís archivos con el mismo nombre de CCFadeOutBLTiles.cpp producir├ín salidas en la misma ubicaci├│n. Esto puede dar lugar a un resultado de compilaci├│n incorrecto. Los archivos implicados son C:\Users\4stro\Desktop\geode\the-coin-guide\build\_deps\bindings-src\bindings\2.2081\inline\CCFadeOutBLTiles.cpp, C:\Users\4stro\Desktop\geode\the-coin-guide\build\bindings\bindings\Geode\source\CCFadeOutBLTiles.cpp. [C:\Users\4stro\Desktop\geode\the-coin-guide\build\bindings\GeodeBindings.vcxproj]
E:\msvisual2026\MSBuild\Microsoft\VC\v180\Microsoft.CppBuild.targets(1139,5): warning MSB8027: Dos o m├ís archivos con el mismo nombre de CCFadeOutDownTiles.cpp producir├ín salidas en la misma ubicaci├│n. Esto puede dar lugar a un resultado de compilaci├│n incorrecto. Los archivos implicados son C:\Users\4stro\Desktop\geode\the-coin-guide\build\_deps\bindings-src\bindings\2.2081\inline\CCFadeOutDownTiles.cpp, C:\Users\4stro\Desktop\geode\the-coin-guide\build\bindings\bindings\Geode\source\CCFadeOutDownTiles.cpp. [C:\Users\4stro\Desktop\geode\the-coin-guide\build\bindings\GeodeBindings.vcxproj]
E:\msvisual2026\MSBuild\Microsoft\VC\v180\Microsoft.CppBuild.targets(1139,5): warning MSB8027: Dos o m├ís archivos con el mismo nombre de CCFadeOutTRTiles.cpp producir├ín salidas en la misma ubicaci├│n. Esto puede dar lugar a un resultado de compilaci├│n incorrecto. Los archivos implicados son C:\Users\4stro\Desktop\geode\the-coin-guide\build\_deps\bindings-src\bindings\2.2081\inline\CCFadeOutTRTiles.cpp, C:\Users\4stro\Desktop\geode\the-coin-guide\build\bindings\bindings\Geode\source\CCFadeOutTRTiles.cpp. [C:\Users\4stro\Desktop\geode\the-coin-guide\build\bindings\GeodeBindings.vcxproj]
E:\msvisual2026\MSBuild\Microsoft\VC\v180\Microsoft.CppBuild.targets(1139,5): warning MSB8027: Dos o m├ís archivos con el mismo nombre de CCFadeOutUpTiles.cpp producir├ín salidas en la misma ubicaci├│n. Esto puede dar lugar a un resultado de compilaci├│n incorrecto. Los archivos implicados son C:\Users\4stro\Desktop\geode\the-coin-guide\build\_deps\bindings-src\bindings\2.2081\inline\CCFadeOutUpTiles.cpp, C:\Users\4stro\Desktop\geode\the-coin-guide\build\bindings\bindings\Geode\source\CCFadeOutUpTiles.cpp. [C:\Users\4stro\Desktop\geode\the-coin-guide\build\bindings\GeodeBindings.vcxproj]
E:\msvisual2026\MSBuild\Microsoft\VC\v180\Microsoft.CppBuild.targets(1139,5): warning MSB8027: Dos o m├ís archivos con el mismo nombre de CCFadeTo.cpp producir├ín salidas en la misma ubicaci├│n. Esto puede dar lugar a un resultado de compilaci├│n incorrecto. Los archivos implicados son C:\Users\4stro\Desktop\geode\the-coin-guide\build\_deps\bindings-src\bindings\2.2081\inline\CCFadeTo.cpp, C:\Users\4stro\Desktop\geode\the-coin-guide\build\bindings\bindings\Geode\source\CCFadeTo.cpp. [C:\Users\4stro\Desktop\geode\the-coin-guide\build\bindings\GeodeBindings.vcxproj]
E:\msvisual2026\MSBuild\Microsoft\VC\v180\Microsoft.CppBuild.targets(1139,5): warning MSB8027: Dos o m├ís archivos con el mismo nombre de CCFileUtils.cpp producir├ín salidas en la misma ubicaci├│n. Esto puede dar lugar a un resultado de compilaci├│n incorrecto. Los archivos implicados son C:\Users\4stro\Desktop\geode\the-coin-guide\build\_deps\bindings-src\bindings\2.2081\inline\CCFileUtils.cpp, C:\Users\4stro\Desktop\geode\the-coin-guide\build\bindings\bindings\Geode\source\CCFileUtils.cpp. [C:\Users\4stro\Desktop\geode\the-coin-guide\build\bindings\GeodeBindings.vcxproj]
E:\msvisual2026\MSBuild\Microsoft\VC\v180\Microsoft.CppBuild.targets(1139,5): warning MSB8027: Dos o m├ís archivos con el mismo nombre de CCFiniteTimeAction.cpp producir├ín salidas en la misma ubicaci├│n. Esto puede dar lugar a un resultado de compilaci├│n incorrecto. Los archivos implicados son C:\Users\4stro\Desktop\geode\the-coin-guide\build\_deps\bindings-src\bindings\2.2081\inline\CCFiniteTimeAction.cpp, C:\Users\4stro\Desktop\geode\the-coin-guide\build\bindings\bindings\Geode\source\CCFiniteTimeAction.cpp. [C:\Users\4stro\Desktop\geode\the-coin-guide\build\bindings\GeodeBindings.vcxproj]
E:\msvisual2026\MSBuild\Microsoft\VC\v180\Microsoft.CppBuild.targets(1139,5): warning MSB8027: Dos o m├ís archivos con el mismo nombre de CCFlipX.cpp producir├ín salidas en la misma ubicaci├│n. Esto puede dar lugar a un resultado de compilaci├│n incorrecto. Los archivos implicados son C:\Users\4stro\Desktop\geode\the-coin-guide\build\_deps\bindings-src\bindings\2.2081\inline\CCFlipX.cpp, C:\Users\4stro\Desktop\geode\the-coin-guide\build\bindings\bindings\Geode\source\CCFlipX.cpp. [C:\Users\4stro\Desktop\geode\the-coin-guide\build\bindings\GeodeBindings.vcxproj]
E:\msvisual2026\MSBuild\Microsoft\VC\v180\Microsoft.CppBuild.targets(1139,5): warning MSB8027: Dos o m├ís archivos con el mismo nombre de CCFlipX3D.cpp producir├ín salidas en la misma ubicaci├│n. Esto puede dar lugar a un resultado de compilaci├│n incorrecto. Los archivos implicados son C:\Users\4stro\Desktop\geode\the-coin-guide\build\_deps\bindings-src\bindings\2.2081\inline\CCFlipX3D.cpp, C:\Users\4stro\Desktop\geode\the-coin-guide\build\bindings\bindings\Geode\source\CCFlipX3D.cpp. [C:\Users\4stro\Desktop\geode\the-coin-guide\build\bindings\GeodeBindings.vcxproj]
E:\msvisual2026\MSBuild\Microsoft\VC\v180\Microsoft.CppBuild.targets(1139,5): warning MSB8027: Dos o m├ís archivos con el mismo nombre de CCFlipY.cpp producir├ín salidas en la misma ubicaci├│n. Esto puede dar lugar a un resultado de compilaci├│n incorrecto. Los archivos implicados son C:\Users\4stro\Desktop\geode\the-coin-guide\build\_deps\bindings-src\bindings\2.2081\inline\CCFlipY.cpp, C:\Users\4stro\Desktop\geode\the-coin-guide\build\bindings\bindings\Geode\source\CCFlipY.cpp. [C:\Users\4stro\Desktop\geode\the-coin-guide\build\bindings\GeodeBindings.vcxproj]
E:\msvisual2026\MSBuild\Microsoft\VC\v180\Microsoft.CppBuild.targets(1139,5): warning MSB8027: Dos o m├ís archivos con el mismo nombre de CCFlipY3D.cpp producir├ín salidas en la misma ubicaci├│n. Esto puede dar lugar a un resultado de compilaci├│n incorrecto. Los archivos implicados son C:\Users\4stro\Desktop\geode\the-coin-guide\build\_deps\bindings-src\bindings\2.2081\inline\CCFlipY3D.cpp, C:\Users\4stro\Desktop\geode\the-coin-guide\build\bindings\bindings\Geode\source\CCFlipY3D.cpp. [C:\Users\4stro\Desktop\geode\the-coin-guide\build\bindings\GeodeBindings.vcxproj]
E:\msvisual2026\MSBuild\Microsoft\VC\v180\Microsoft.CppBuild.targets(1139,5): warning MSB8027: Dos o m├ís archivos con el mismo nombre de CCFollow.cpp producir├ín salidas en la misma ubicaci├│n. Esto puede dar lugar a un resultado de compilaci├│n incorrecto. Los archivos implicados son C:\Users\4stro\Desktop\geode\the-coin-guide\build\_deps\bindings-src\bindings\2.2081\inline\CCFollow.cpp, C:\Users\4stro\Desktop\geode\the-coin-guide\build\bindings\bindings\Geode\source\CCFollow.cpp. [C:\Users\4stro\Desktop\geode\the-coin-guide\build\bindings\GeodeBindings.vcxproj]
E:\msvisual2026\MSBuild\Microsoft\VC\v180\Microsoft.CppBuild.targets(1139,5): warning MSB8027: Dos o m├ís archivos con el mismo nombre de CCGLProgram.cpp producir├ín salidas en la misma ubicaci├│n. Esto puede dar lugar a un resultado de compilaci├│n incorrecto. Los archivos implicados son C:\Users\4stro\Desktop\geode\the-coin-guide\build\_deps\bindings-src\bindings\2.2081\inline\CCGLProgram.cpp, C:\Users\4stro\Desktop\geode\the-coin-guide\build\bindings\bindings\Geode\source\CCGLProgram.cpp. [C:\Users\4stro\Desktop\geode\the-coin-guide\build\bindings\GeodeBindings.vcxproj]
E:\msvisual2026\MSBuild\Microsoft\VC\v180\Microsoft.CppBuild.targets(1139,5): warning MSB8027: Dos o m├ís archivos con el mismo nombre de CCGrabber.cpp producir├ín salidas en la misma ubicaci├│n. Esto puede dar lugar a un resultado de compilaci├│n incorrecto. Los archivos implicados son C:\Users\4stro\Desktop\geode\the-coin-guide\build\_deps\bindings-src\bindings\2.2081\inline\CCGrabber.cpp, C:\Users\4stro\Desktop\geode\the-coin-guide\build\bindings\bindings\Geode\source\CCGrabber.cpp. [C:\Users\4stro\Desktop\geode\the-coin-guide\build\bindings\GeodeBindings.vcxproj]
E:\msvisual2026\MSBuild\Microsoft\VC\v180\Microsoft.CppBuild.targets(1139,5): warning MSB8027: Dos o m├ís archivos con el mismo nombre de CCGrid3D.cpp producir├ín salidas en la misma ubicaci├│n. Esto puede dar lugar a un resultado de compilaci├│n incorrecto. Los archivos implicados son C:\Users\4stro\Desktop\geode\the-coin-guide\build\_deps\bindings-src\bindings\2.2081\inline\CCGrid3D.cpp, C:\Users\4stro\Desktop\geode\the-coin-guide\build\bindings\bindings\Geode\source\CCGrid3D.cpp. [C:\Users\4stro\Desktop\geode\the-coin-guide\build\bindings\GeodeBindings.vcxproj]
E:\msvisual2026\MSBuild\Microsoft\VC\v180\Microsoft.CppBuild.targets(1139,5): warning MSB8027: Dos o m├ís archivos con el mismo nombre de CCGrid3DAction.cpp producir├ín salidas en la misma ubicaci├│n. Esto puede dar lugar a un resultado de compilaci├│n incorrecto. Los archivos implicados son C:\Users\4stro\Desktop\geode\the-coin-guide\build\_deps\bindings-src\bindings\2.2081\inline\CCGrid3DAction.cpp, C:\Users\4stro\Desktop\geode\the-coin-guide\build\bindings\bindings\Geode\source\CCGrid3DAction.cpp. [C:\Users\4stro\Desktop\geode\the-coin-guide\build\bindings\GeodeBindings.vcxproj]
E:\msvisual2026\MSBuild\Microsoft\VC\v180\Microsoft.CppBuild.targets(1139,5): warning MSB8027: Dos o m├ís archivos con el mismo nombre de CCGridAction.cpp producir├ín salidas en la misma ubicaci├│n. Esto puede dar lugar a un resultado de compilaci├│n incorrecto. Los archivos implicados son C:\Users\4stro\Desktop\geode\the-coin-guide\build\_deps\bindings-src\bindings\2.2081\inline\CCGridAction.cpp, C:\Users\4stro\Desktop\geode\the-coin-guide\build\bindings\bindings\Geode\source\CCGridAction.cpp. [C:\Users\4stro\Desktop\geode\the-coin-guide\build\bindings\GeodeBindings.vcxproj]
E:\msvisual2026\MSBuild\Microsoft\VC\v180\Microsoft.CppBuild.targets(1139,5): warning MSB8027: Dos o m├ís archivos con el mismo nombre de CCGridBase.cpp producir├ín salidas en la misma ubicaci├│n. Esto puede dar lugar a un resultado de compilaci├│n incorrecto. Los archivos implicados son C:\Users\4stro\Desktop\geode\the-coin-guide\build\_deps\bindings-src\bindings\2.2081\inline\CCGridBase.cpp, C:\Users\4stro\Desktop\geode\the-coin-guide\build\bindings\bindings\Geode\source\CCGridBase.cpp. [C:\Users\4stro\Desktop\geode\the-coin-guide\build\bindings\GeodeBindings.vcxproj]
E:\msvisual2026\MSBuild\Microsoft\VC\v180\Microsoft.CppBuild.targets(1139,5): warning MSB8027: Dos o m├ís archivos con el mismo nombre de CCHide.cpp producir├ín salidas en la misma ubicaci├│n. Esto puede dar lugar a un resultado de compilaci├│n incorrecto. Los archivos implicados son C:\Users\4stro\Desktop\geode\the-coin-guide\build\_deps\bindings-src\bindings\2.2081\inline\CCHide.cpp, C:\Users\4stro\Desktop\geode\the-coin-guide\build\bindings\bindings\Geode\source\CCHide.cpp. [C:\Users\4stro\Desktop\geode\the-coin-guide\build\bindings\GeodeBindings.vcxproj]
E:\msvisual2026\MSBuild\Microsoft\VC\v180\Microsoft.CppBuild.targets(1139,5): warning MSB8027: Dos o m├ís archivos con el mismo nombre de CCHttpClient.cpp producir├ín salidas en la misma ubicaci├│n. Esto puede dar lugar a un resultado de compilaci├│n incorrecto. Los archivos implicados son C:\Users\4stro\Desktop\geode\the-coin-guide\build\_deps\bindings-src\bindings\2.2081\inline\CCHttpClient.cpp, C:\Users\4stro\Desktop\geode\the-coin-guide\build\bindings\bindings\Geode\source\CCHttpClient.cpp. [C:\Users\4stro\Desktop\geode\the-coin-guide\build\bindings\GeodeBindings.vcxproj]
E:\msvisual2026\MSBuild\Microsoft\VC\v180\Microsoft.CppBuild.targets(1139,5): warning MSB8027: Dos o m├ís archivos con el mismo nombre de CCHttpRequest.cpp producir├ín salidas en la misma ubicaci├│n. Esto puede dar lugar a un resultado de compilaci├│n incorrecto. Los archivos implicados son C:\Users\4stro\Desktop\geode\the-coin-guide\build\_deps\bindings-src\bindings\2.2081\inline\CCHttpRequest.cpp, C:\Users\4stro\Desktop\geode\the-coin-guide\build\bindings\bindings\Geode\source\CCHttpRequest.cpp. [C:\Users\4stro\Desktop\geode\the-coin-guide\build\bindings\GeodeBindings.vcxproj]
E:\msvisual2026\MSBuild\Microsoft\VC\v180\Microsoft.CppBuild.targets(1139,5): warning MSB8027: Dos o m├ís archivos con el mismo nombre de CCHttpResponse.cpp producir├ín salidas en la misma ubicaci├│n. Esto puede dar lugar a un resultado de compilaci├│n incorrecto. Los archivos implicados son C:\Users\4stro\Desktop\geode\the-coin-guide\build\_deps\bindings-src\bindings\2.2081\inline\CCHttpResponse.cpp, C:\Users\4stro\Desktop\geode\the-coin-guide\build\bindings\bindings\Geode\source\CCHttpResponse.cpp. [C:\Users\4stro\Desktop\geode\the-coin-guide\build\bindings\GeodeBindings.vcxproj]
E:\msvisual2026\MSBuild\Microsoft\VC\v180\Microsoft.CppBuild.targets(1139,5): warning MSB8027: Dos o m├ís archivos con el mismo nombre de CCIMEDelegate.cpp producir├ín salidas en la misma ubicaci├│n. Esto puede dar lugar a un resultado de compilaci├│n incorrecto. Los archivos implicados son C:\Users\4stro\Desktop\geode\the-coin-guide\build\_deps\bindings-src\bindings\2.2081\inline\CCIMEDelegate.cpp, C:\Users\4stro\Desktop\geode\the-coin-guide\build\bindings\bindings\Geode\source\CCIMEDelegate.cpp. [C:\Users\4stro\Desktop\geode\the-coin-guide\build\bindings\GeodeBindings.vcxproj]
E:\msvisual2026\MSBuild\Microsoft\VC\v180\Microsoft.CppBuild.targets(1139,5): warning MSB8027: Dos o m├ís archivos con el mismo nombre de CCIMEDispatcher.cpp producir├ín salidas en la misma ubicaci├│n. Esto puede dar lugar a un resultado de compilaci├│n incorrecto. Los archivos implicados son C:\Users\4stro\Desktop\geode\the-coin-guide\build\_deps\bindings-src\bindings\2.2081\inline\CCIMEDispatcher.cpp, C:\Users\4stro\Desktop\geode\the-coin-guide\build\bindings\bindings\Geode\source\CCIMEDispatcher.cpp. [C:\Users\4stro\Desktop\geode\the-coin-guide\build\bindings\GeodeBindings.vcxproj]
E:\msvisual2026\MSBuild\Microsoft\VC\v180\Microsoft.CppBuild.targets(1139,5): warning MSB8027: Dos o m├ís archivos con el mismo nombre de CCImage.cpp producir├ín salidas en la misma ubicaci├│n. Esto puede dar lugar a un resultado de compilaci├│n incorrecto. Los archivos implicados son C:\Users\4stro\Desktop\geode\the-coin-guide\build\_deps\bindings-src\bindings\2.2081\inline\CCImage.cpp, C:\Users\4stro\Desktop\geode\the-coin-guide\build\bindings\bindings\Geode\source\CCImage.cpp. [C:\Users\4stro\Desktop\geode\the-coin-guide\build\bindings\GeodeBindings.vcxproj]
E:\msvisual2026\MSBuild\Microsoft\VC\v180\Microsoft.CppBuild.targets(1139,5): warning MSB8027: Dos o m├ís archivos con el mismo nombre de CCIndexPath.cpp producir├ín salidas en la misma ubicaci├│n. Esto puede dar lugar a un resultado de compilaci├│n incorrecto. Los archivos implicados son C:\Users\4stro\Desktop\geode\the-coin-guide\build\_deps\bindings-src\bindings\2.2081\inline\CCIndexPath.cpp, C:\Users\4stro\Desktop\geode\the-coin-guide\build\bindings\bindings\Geode\source\CCIndexPath.cpp. [C:\Users\4stro\Desktop\geode\the-coin-guide\build\bindings\GeodeBindings.vcxproj]
E:\msvisual2026\MSBuild\Microsoft\VC\v180\Microsoft.CppBuild.targets(1139,5): warning MSB8027: Dos o m├ís archivos con el mismo nombre de CCInvocation.cpp producir├ín salidas en la misma ubicaci├│n. Esto puede dar lugar a un resultado de compilaci├│n incorrecto. Los archivos implicados son C:\Users\4stro\Desktop\geode\the-coin-guide\build\_deps\bindings-src\bindings\2.2081\inline\CCInvocation.cpp, C:\Users\4stro\Desktop\geode\the-coin-guide\build\bindings\bindings\Geode\source\CCInvocation.cpp. [C:\Users\4stro\Desktop\geode\the-coin-guide\build\bindings\GeodeBindings.vcxproj]
E:\msvisual2026\MSBuild\Microsoft\VC\v180\Microsoft.CppBuild.targets(1139,5): warning MSB8027: Dos o m├ís archivos con el mismo nombre de CCJumpBy.cpp producir├ín salidas en la misma ubicaci├│n. Esto puede dar lugar a un resultado de compilaci├│n incorrecto. Los archivos implicados son C:\Users\4stro\Desktop\geode\the-coin-guide\build\_deps\bindings-src\bindings\2.2081\inline\CCJumpBy.cpp, C:\Users\4stro\Desktop\geode\the-coin-guide\build\bindings\bindings\Geode\source\CCJumpBy.cpp. [C:\Users\4stro\Desktop\geode\the-coin-guide\build\bindings\GeodeBindings.vcxproj]
E:\msvisual2026\MSBuild\Microsoft\VC\v180\Microsoft.CppBuild.targets(1139,5): warning MSB8027: Dos o m├ís archivos con el mismo nombre de CCJumpTiles3D.cpp producir├ín salidas en la misma ubicaci├│n. Esto puede dar lugar a un resultado de compilaci├│n incorrecto. Los archivos implicados son C:\Users\4stro\Desktop\geode\the-coin-guide\build\_deps\bindings-src\bindings\2.2081\inline\CCJumpTiles3D.cpp, C:\Users\4stro\Desktop\geode\the-coin-guide\build\bindings\bindings\Geode\source\CCJumpTiles3D.cpp. [C:\Users\4stro\Desktop\geode\the-coin-guide\build\bindings\GeodeBindings.vcxproj]
E:\msvisual2026\MSBuild\Microsoft\VC\v180\Microsoft.CppBuild.targets(1139,5): warning MSB8027: Dos o m├ís archivos con el mismo nombre de CCJumpTo.cpp producir├ín salidas en la misma ubicaci├│n. Esto puede dar lugar a un resultado de compilaci├│n incorrecto. Los archivos implicados son C:\Users\4stro\Desktop\geode\the-coin-guide\build\_deps\bindings-src\bindings\2.2081\inline\CCJumpTo.cpp, C:\Users\4stro\Desktop\geode\the-coin-guide\build\bindings\bindings\Geode\source\CCJumpTo.cpp. [C:\Users\4stro\Desktop\geode\the-coin-guide\build\bindings\GeodeBindings.vcxproj]
E:\msvisual2026\MSBuild\Microsoft\VC\v180\Microsoft.CppBuild.targets(1139,5): warning MSB8027: Dos o m├ís archivos con el mismo nombre de CCKeyboardDispatcher.cpp producir├ín salidas en la misma ubicaci├│n. Esto puede dar lugar a un resultado de compilaci├│n incorrecto. Los archivos implicados son C:\Users\4stro\Desktop\geode\the-coin-guide\build\_deps\bindings-src\bindings\2.2081\inline\CCKeyboardDispatcher.cpp, C:\Users\4stro\Desktop\geode\the-coin-guide\build\bindings\bindings\Geode\source\CCKeyboardDispatcher.cpp. [C:\Users\4stro\Desktop\geode\the-coin-guide\build\bindings\GeodeBindings.vcxproj]
E:\msvisual2026\MSBuild\Microsoft\VC\v180\Microsoft.CppBuild.targets(1139,5): warning MSB8027: Dos o m├ís archivos con el mismo nombre de CCKeyboardHandler.cpp producir├ín salidas en la misma ubicaci├│n. Esto puede dar lugar a un resultado de compilaci├│n incorrecto. Los archivos implicados son C:\Users\4stro\Desktop\geode\the-coin-guide\build\_deps\bindings-src\bindings\2.2081\inline\CCKeyboardHandler.cpp, C:\Users\4stro\Desktop\geode\the-coin-guide\build\bindings\bindings\Geode\source\CCKeyboardHandler.cpp. [C:\Users\4stro\Desktop\geode\the-coin-guide\build\bindings\GeodeBindings.vcxproj]
E:\msvisual2026\MSBuild\Microsoft\VC\v180\Microsoft.CppBuild.targets(1139,5): warning MSB8027: Dos o m├ís archivos con el mismo nombre de CCKeypadDispatcher.cpp producir├ín salidas en la misma ubicaci├│n. Esto puede dar lugar a un resultado de compilaci├│n incorrecto. Los archivos implicados son C:\Users\4stro\Desktop\geode\the-coin-guide\build\_deps\bindings-src\bindings\2.2081\inline\CCKeypadDispatcher.cpp, C:\Users\4stro\Desktop\geode\the-coin-guide\build\bindings\bindings\Geode\source\CCKeypadDispatcher.cpp. [C:\Users\4stro\Desktop\geode\the-coin-guide\build\bindings\GeodeBindings.vcxproj]
E:\msvisual2026\MSBuild\Microsoft\VC\v180\Microsoft.CppBuild.targets(1139,5): warning MSB8027: Dos o m├ís archivos con el mismo nombre de CCKeypadHandler.cpp producir├ín salidas en la misma ubicaci├│n. Esto puede dar lugar a un resultado de compilaci├│n incorrecto. Los archivos implicados son C:\Users\4stro\Desktop\geode\the-coin-guide\build\_deps\bindings-src\bindings\2.2081\inline\CCKeypadHandler.cpp, C:\Users\4stro\Desktop\geode\the-coin-guide\build\bindings\bindings\Geode\source\CCKeypadHandler.cpp. [C:\Users\4stro\Desktop\geode\the-coin-guide\build\bindings\GeodeBindings.vcxproj]
E:\msvisual2026\MSBuild\Microsoft\VC\v180\Microsoft.CppBuild.targets(1139,5): warning MSB8027: Dos o m├ís archivos con el mismo nombre de CCLabelAtlas.cpp producir├ín salidas en la misma ubicaci├│n. Esto puede dar lugar a un resultado de compilaci├│n incorrecto. Los archivos implicados son C:\Users\4stro\Desktop\geode\the-coin-guide\build\_deps\bindings-src\bindings\2.2081\inline\CCLabelAtlas.cpp, C:\Users\4stro\Desktop\geode\the-coin-guide\build\bindings\bindings\Geode\source\CCLabelAtlas.cpp. [C:\Users\4stro\Desktop\geode\the-coin-guide\build\bindings\GeodeBindings.vcxproj]
E:\msvisual2026\MSBuild\Microsoft\VC\v180\Microsoft.CppBuild.targets(1139,5): warning MSB8027: Dos o m├ís archivos con el mismo nombre de CCLabelBMFont.cpp producir├ín salidas en la misma ubicaci├│n. Esto puede dar lugar a un resultado de compilaci├│n incorrecto. Los archivos implicados son C:\Users\4stro\Desktop\geode\the-coin-guide\build\_deps\bindings-src\bindings\2.2081\inline\CCLabelBMFont.cpp, C:\Users\4stro\Desktop\geode\the-coin-guide\build\bindings\bindings\Geode\source\CCLabelBMFont.cpp. [C:\Users\4stro\Desktop\geode\the-coin-guide\build\bindings\GeodeBindings.vcxproj]
E:\msvisual2026\MSBuild\Microsoft\VC\v180\Microsoft.CppBuild.targets(1139,5): warning MSB8027: Dos o m├ís archivos con el mismo nombre de CCLabelTTF.cpp producir├ín salidas en la misma ubicaci├│n. Esto puede dar lugar a un resultado de compilaci├│n incorrecto. Los archivos implicados son C:\Users\4stro\Desktop\geode\the-coin-guide\build\_deps\bindings-src\bindings\2.2081\inline\CCLabelTTF.cpp, C:\Users\4stro\Desktop\geode\the-coin-guide\build\bindings\bindings\Geode\source\CCLabelTTF.cpp. [C:\Users\4stro\Desktop\geode\the-coin-guide\build\bindings\GeodeBindings.vcxproj]
E:\msvisual2026\MSBuild\Microsoft\VC\v180\Microsoft.CppBuild.targets(1139,5): warning MSB8027: Dos o m├ís archivos con el mismo nombre de CCLayer.cpp producir├ín salidas en la misma ubicaci├│n. Esto puede dar lugar a un resultado de compilaci├│n incorrecto. Los archivos implicados son C:\Users\4stro\Desktop\geode\the-coin-guide\build\_deps\bindings-src\bindings\2.2081\inline\CCLayer.cpp, C:\Users\4stro\Desktop\geode\the-coin-guide\build\bindings\bindings\Geode\source\CCLayer.cpp. [C:\Users\4stro\Desktop\geode\the-coin-guide\build\bindings\GeodeBindings.vcxproj]
E:\msvisual2026\MSBuild\Microsoft\VC\v180\Microsoft.CppBuild.targets(1139,5): warning MSB8027: Dos o m├ís archivos con el mismo nombre de CCLayerColor.cpp producir├ín salidas en la misma ubicaci├│n. Esto puede dar lugar a un resultado de compilaci├│n incorrecto. Los archivos implicados son C:\Users\4stro\Desktop\geode\the-coin-guide\build\_deps\bindings-src\bindings\2.2081\inline\CCLayerColor.cpp, C:\Users\4stro\Desktop\geode\the-coin-guide\build\bindings\bindings\Geode\source\CCLayerColor.cpp. [C:\Users\4stro\Desktop\geode\the-coin-guide\build\bindings\GeodeBindings.vcxproj]
E:\msvisual2026\MSBuild\Microsoft\VC\v180\Microsoft.CppBuild.targets(1139,5): warning MSB8027: Dos o m├ís archivos con el mismo nombre de CCLayerGradient.cpp producir├ín salidas en la misma ubicaci├│n. Esto puede dar lugar a un resultado de compilaci├│n incorrecto. Los archivos implicados son C:\Users\4stro\Desktop\geode\the-coin-guide\build\_deps\bindings-src\bindings\2.2081\inline\CCLayerGradient.cpp, C:\Users\4stro\Desktop\geode\the-coin-guide\build\bindings\bindings\Geode\source\CCLayerGradient.cpp. [C:\Users\4stro\Desktop\geode\the-coin-guide\build\bindings\GeodeBindings.vcxproj]
E:\msvisual2026\MSBuild\Microsoft\VC\v180\Microsoft.CppBuild.targets(1139,5): warning MSB8027: Dos o m├ís archivos con el mismo nombre de CCLayerMultiplex.cpp producir├ín salidas en la misma ubicaci├│n. Esto puede dar lugar a un resultado de compilaci├│n incorrecto. Los archivos implicados son C:\Users\4stro\Desktop\geode\the-coin-guide\build\_deps\bindings-src\bindings\2.2081\inline\CCLayerMultiplex.cpp, C:\Users\4stro\Desktop\geode\the-coin-guide\build\bindings\bindings\Geode\source\CCLayerMultiplex.cpp. [C:\Users\4stro\Desktop\geode\the-coin-guide\build\bindings\GeodeBindings.vcxproj]
E:\msvisual2026\MSBuild\Microsoft\VC\v180\Microsoft.CppBuild.targets(1139,5): warning MSB8027: Dos o m├ís archivos con el mismo nombre de CCLayerRGBA.cpp producir├ín salidas en la misma ubicaci├│n. Esto puede dar lugar a un resultado de compilaci├│n incorrecto. Los archivos implicados son C:\Users\4stro\Desktop\geode\the-coin-guide\build\_deps\bindings-src\bindings\2.2081\inline\CCLayerRGBA.cpp, C:\Users\4stro\Desktop\geode\the-coin-guide\build\bindings\bindings\Geode\source\CCLayerRGBA.cpp. [C:\Users\4stro\Desktop\geode\the-coin-guide\build\bindings\GeodeBindings.vcxproj]
E:\msvisual2026\MSBuild\Microsoft\VC\v180\Microsoft.CppBuild.targets(1139,5): warning MSB8027: Dos o m├ís archivos con el mismo nombre de CCLens3D.cpp producir├ín salidas en la misma ubicaci├│n. Esto puede dar lugar a un resultado de compilaci├│n incorrecto. Los archivos implicados son C:\Users\4stro\Desktop\geode\the-coin-guide\build\_deps\bindings-src\bindings\2.2081\inline\CCLens3D.cpp, C:\Users\4stro\Desktop\geode\the-coin-guide\build\bindings\bindings\Geode\source\CCLens3D.cpp. [C:\Users\4stro\Desktop\geode\the-coin-guide\build\bindings\GeodeBindings.vcxproj]
E:\msvisual2026\MSBuild\Microsoft\VC\v180\Microsoft.CppBuild.targets(1139,5): warning MSB8027: Dos o m├ís archivos con el mismo nombre de CCLightFlash.cpp producir├ín salidas en la misma ubicaci├│n. Esto puede dar lugar a un resultado de compilaci├│n incorrecto. Los archivos implicados son C:\Users\4stro\Desktop\geode\the-coin-guide\build\_deps\bindings-src\bindings\2.2081\inline\CCLightFlash.cpp, C:\Users\4stro\Desktop\geode\the-coin-guide\build\bindings\bindings\Geode\source\CCLightFlash.cpp. [C:\Users\4stro\Desktop\geode\the-coin-guide\build\bindings\GeodeBindings.vcxproj]
E:\msvisual2026\MSBuild\Microsoft\VC\v180\Microsoft.CppBuild.targets(1139,5): warning MSB8027: Dos o m├ís archivos con el mismo nombre de CCLightStrip.cpp producir├ín salidas en la misma ubicaci├│n. Esto puede dar lugar a un resultado de compilaci├│n incorrecto. Los archivos implicados son C:\Users\4stro\Desktop\geode\the-coin-guide\build\_deps\bindings-src\bindings\2.2081\inline\CCLightStrip.cpp, C:\Users\4stro\Desktop\geode\the-coin-guide\build\bindings\bindings\Geode\source\CCLightStrip.cpp. [C:\Users\4stro\Desktop\geode\the-coin-guide\build\bindings\GeodeBindings.vcxproj]
E:\msvisual2026\MSBuild\Microsoft\VC\v180\Microsoft.CppBuild.targets(1139,5): warning MSB8027: Dos o m├ís archivos con el mismo nombre de CCLightning.cpp producir├ín salidas en la misma ubicaci├│n. Esto puede dar lugar a un resultado de compilaci├│n incorrecto. Los archivos implicados son C:\Users\4stro\Desktop\geode\the-coin-guide\build\_deps\bindings-src\bindings\2.2081\inline\CCLightning.cpp, C:\Users\4stro\Desktop\geode\the-coin-guide\build\bindings\bindings\Geode\source\CCLightning.cpp. [C:\Users\4stro\Desktop\geode\the-coin-guide\build\bindings\GeodeBindings.vcxproj]
E:\msvisual2026\MSBuild\Microsoft\VC\v180\Microsoft.CppBuild.targets(1139,5): warning MSB8027: Dos o m├ís archivos con el mismo nombre de CCLiquid.cpp producir├ín salidas en la misma ubicaci├│n. Esto puede dar lugar a un resultado de compilaci├│n incorrecto. Los archivos implicados son C:\Users\4stro\Desktop\geode\the-coin-guide\build\_deps\bindings-src\bindings\2.2081\inline\CCLiquid.cpp, C:\Users\4stro\Desktop\geode\the-coin-guide\build\bindings\bindings\Geode\source\CCLiquid.cpp. [C:\Users\4stro\Desktop\geode\the-coin-guide\build\bindings\GeodeBindings.vcxproj]
E:\msvisual2026\MSBuild\Microsoft\VC\v180\Microsoft.CppBuild.targets(1139,5): warning MSB8027: Dos o m├ís archivos con el mismo nombre de CCMenu.cpp producir├ín salidas en la misma ubicaci├│n. Esto puede dar lugar a un resultado de compilaci├│n incorrecto. Los archivos implicados son C:\Users\4stro\Desktop\geode\the-coin-guide\build\_deps\bindings-src\bindings\2.2081\inline\CCMenu.cpp, C:\Users\4stro\Desktop\geode\the-coin-guide\build\bindings\bindings\Geode\source\CCMenu.cpp. [C:\Users\4stro\Desktop\geode\the-coin-guide\build\bindings\GeodeBindings.vcxproj]
E:\msvisual2026\MSBuild\Microsoft\VC\v180\Microsoft.CppBuild.targets(1139,5): warning MSB8027: Dos o m├ís archivos con el mismo nombre de CCMenuItem.cpp producir├ín salidas en la misma ubicaci├│n. Esto puede dar lugar a un resultado de compilaci├│n incorrecto. Los archivos implicados son C:\Users\4stro\Desktop\geode\the-coin-guide\build\_deps\bindings-src\bindings\2.2081\inline\CCMenuItem.cpp, C:\Users\4stro\Desktop\geode\the-coin-guide\build\bindings\bindings\Geode\source\CCMenuItem.cpp. [C:\Users\4stro\Desktop\geode\the-coin-guide\build\bindings\GeodeBindings.vcxproj]
E:\msvisual2026\MSBuild\Microsoft\VC\v180\Microsoft.CppBuild.targets(1139,5): warning MSB8027: Dos o m├ís archivos con el mismo nombre de CCMenuItemAtlasFont.cpp producir├ín salidas en la misma ubicaci├│n. Esto puede dar lugar a un resultado de compilaci├│n incorrecto. Los archivos implicados son C:\Users\4stro\Desktop\geode\the-coin-guide\build\_deps\bindings-src\bindings\2.2081\inline\CCMenuItemAtlasFont.cpp, C:\Users\4stro\Desktop\geode\the-coin-guide\build\bindings\bindings\Geode\source\CCMenuItemAtlasFont.cpp. [C:\Users\4stro\Desktop\geode\the-coin-guide\build\bindings\GeodeBindings.vcxproj]
E:\msvisual2026\MSBuild\Microsoft\VC\v180\Microsoft.CppBuild.targets(1139,5): warning MSB8027: Dos o m├ís archivos con el mismo nombre de CCMenuItemFont.cpp producir├ín salidas en la misma ubicaci├│n. Esto puede dar lugar a un resultado de compilaci├│n incorrecto. Los archivos implicados son C:\Users\4stro\Desktop\geode\the-coin-guide\build\_deps\bindings-src\bindings\2.2081\inline\CCMenuItemFont.cpp, C:\Users\4stro\Desktop\geode\the-coin-guide\build\bindings\bindings\Geode\source\CCMenuItemFont.cpp. [C:\Users\4stro\Desktop\geode\the-coin-guide\build\bindings\GeodeBindings.vcxproj]
E:\msvisual2026\MSBuild\Microsoft\VC\v180\Microsoft.CppBuild.targets(1139,5): warning MSB8027: Dos o m├ís archivos con el mismo nombre de CCMenuItemImage.cpp producir├ín salidas en la misma ubicaci├│n. Esto puede dar lugar a un resultado de compilaci├│n incorrecto. Los archivos implicados son C:\Users\4stro\Desktop\geode\the-coin-guide\build\_deps\bindings-src\bindings\2.2081\inline\CCMenuItemImage.cpp, C:\Users\4stro\Desktop\geode\the-coin-guide\build\bindings\bindings\Geode\source\CCMenuItemImage.cpp. [C:\Users\4stro\Desktop\geode\the-coin-guide\build\bindings\GeodeBindings.vcxproj]
E:\msvisual2026\MSBuild\Microsoft\VC\v180\Microsoft.CppBuild.targets(1139,5): warning MSB8027: Dos o m├ís archivos con el mismo nombre de CCMenuItemLabel.cpp producir├ín salidas en la misma ubicaci├│n. Esto puede dar lugar a un resultado de compilaci├│n incorrecto. Los archivos implicados son C:\Users\4stro\Desktop\geode\the-coin-guide\build\_deps\bindings-src\bindings\2.2081\inline\CCMenuItemLabel.cpp, C:\Users\4stro\Desktop\geode\the-coin-guide\build\bindings\bindings\Geode\source\CCMenuItemLabel.cpp. [C:\Users\4stro\Desktop\geode\the-coin-guide\build\bindings\GeodeBindings.vcxproj]
E:\msvisual2026\MSBuild\Microsoft\VC\v180\Microsoft.CppBuild.targets(1139,5): warning MSB8027: Dos o m├ís archivos con el mismo nombre de CCMenuItemSprite.cpp producir├ín salidas en la misma ubicaci├│n. Esto puede dar lugar a un resultado de compilaci├│n incorrecto. Los archivos implicados son C:\Users\4stro\Desktop\geode\the-coin-guide\build\_deps\bindings-src\bindings\2.2081\inline\CCMenuItemSprite.cpp, C:\Users\4stro\Desktop\geode\the-coin-guide\build\bindings\bindings\Geode\source\CCMenuItemSprite.cpp. [C:\Users\4stro\Desktop\geode\the-coin-guide\build\bindings\GeodeBindings.vcxproj]
E:\msvisual2026\MSBuild\Microsoft\VC\v180\Microsoft.CppBuild.targets(1139,5): warning MSB8027: Dos o m├ís archivos con el mismo nombre de CCMenuItemSpriteExtra.cpp producir├ín salidas en la misma ubicaci├│n. Esto puede dar lugar a un resultado de compilaci├│n incorrecto. Los archivos implicados son C:\Users\4stro\Desktop\geode\the-coin-guide\build\_deps\bindings-src\bindings\2.2081\inline\CCMenuItemSpriteExtra.cpp, C:\Users\4stro\Desktop\geode\the-coin-guide\build\bindings\bindings\Geode\source\CCMenuItemSpriteExtra.cpp. [C:\Users\4stro\Desktop\geode\the-coin-guide\build\bindings\GeodeBindings.vcxproj]
E:\msvisual2026\MSBuild\Microsoft\VC\v180\Microsoft.CppBuild.targets(1139,5): warning MSB8027: Dos o m├ís archivos con el mismo nombre de CCMenuItemToggle.cpp producir├ín salidas en la misma ubicaci├│n. Esto puede dar lugar a un resultado de compilaci├│n incorrecto. Los archivos implicados son C:\Users\4stro\Desktop\geode\the-coin-guide\build\_deps\bindings-src\bindings\2.2081\inline\CCMenuItemToggle.cpp, C:\Users\4stro\Desktop\geode\the-coin-guide\build\bindings\bindings\Geode\source\CCMenuItemToggle.cpp. [C:\Users\4stro\Desktop\geode\the-coin-guide\build\bindings\GeodeBindings.vcxproj]
E:\msvisual2026\MSBuild\Microsoft\VC\v180\Microsoft.CppBuild.targets(1139,5): warning MSB8027: Dos o m├ís archivos con el mismo nombre de CCMenuItemToggler.cpp producir├ín salidas en la misma ubicaci├│n. Esto puede dar lugar a un resultado de compilaci├│n incorrecto. Los archivos implicados son C:\Users\4stro\Desktop\geode\the-coin-guide\build\_deps\bindings-src\bindings\2.2081\inline\CCMenuItemToggler.cpp, C:\Users\4stro\Desktop\geode\the-coin-guide\build\bindings\bindings\Geode\source\CCMenuItemToggler.cpp. [C:\Users\4stro\Desktop\geode\the-coin-guide\build\bindings\GeodeBindings.vcxproj]
E:\msvisual2026\MSBuild\Microsoft\VC\v180\Microsoft.CppBuild.targets(1139,5): warning MSB8027: Dos o m├ís archivos con el mismo nombre de CCMotionStreak.cpp producir├ín salidas en la misma ubicaci├│n. Esto puede dar lugar a un resultado de compilaci├│n incorrecto. Los archivos implicados son C:\Users\4stro\Desktop\geode\the-coin-guide\build\_deps\bindings-src\bindings\2.2081\inline\CCMotionStreak.cpp, C:\Users\4stro\Desktop\geode\the-coin-guide\build\bindings\bindings\Geode\source\CCMotionStreak.cpp. [C:\Users\4stro\Desktop\geode\the-coin-guide\build\bindings\GeodeBindings.vcxproj]
E:\msvisual2026\MSBuild\Microsoft\VC\v180\Microsoft.CppBuild.targets(1139,5): warning MSB8027: Dos o m├ís archivos con el mismo nombre de CCMouseDispatcher.cpp producir├ín salidas en la misma ubicaci├│n. Esto puede dar lugar a un resultado de compilaci├│n incorrecto. Los archivos implicados son C:\Users\4stro\Desktop\geode\the-coin-guide\build\_deps\bindings-src\bindings\2.2081\inline\CCMouseDispatcher.cpp, C:\Users\4stro\Desktop\geode\the-coin-guide\build\bindings\bindings\Geode\source\CCMouseDispatcher.cpp. [C:\Users\4stro\Desktop\geode\the-coin-guide\build\bindings\GeodeBindings.vcxproj]
E:\msvisual2026\MSBuild\Microsoft\VC\v180\Microsoft.CppBuild.targets(1139,5): warning MSB8027: Dos o m├ís archivos con el mismo nombre de CCMouseHandler.cpp producir├ín salidas en la misma ubicaci├│n. Esto puede dar lugar a un resultado de compilaci├│n incorrecto. Los archivos implicados son C:\Users\4stro\Desktop\geode\the-coin-guide\build\_deps\bindings-src\bindings\2.2081\inline\CCMouseHandler.cpp, C:\Users\4stro\Desktop\geode\the-coin-guide\build\bindings\bindings\Geode\source\CCMouseHandler.cpp. [C:\Users\4stro\Desktop\geode\the-coin-guide\build\bindings\GeodeBindings.vcxproj]
E:\msvisual2026\MSBuild\Microsoft\VC\v180\Microsoft.CppBuild.targets(1139,5): warning MSB8027: Dos o m├ís archivos con el mismo nombre de CCMoveBy.cpp producir├ín salidas en la misma ubicaci├│n. Esto puede dar lugar a un resultado de compilaci├│n incorrecto. Los archivos implicados son C:\Users\4stro\Desktop\geode\the-coin-guide\build\_deps\bindings-src\bindings\2.2081\inline\CCMoveBy.cpp, C:\Users\4stro\Desktop\geode\the-coin-guide\build\bindings\bindings\Geode\source\CCMoveBy.cpp. [C:\Users\4stro\Desktop\geode\the-coin-guide\build\bindings\GeodeBindings.vcxproj]
E:\msvisual2026\MSBuild\Microsoft\VC\v180\Microsoft.CppBuild.targets(1139,5): warning MSB8027: Dos o m├ís archivos con el mismo nombre de CCMoveCNode.cpp producir├ín salidas en la misma ubicaci├│n. Esto puede dar lugar a un resultado de compilaci├│n incorrecto. Los archivos implicados son C:\Users\4stro\Desktop\geode\the-coin-guide\build\_deps\bindings-src\bindings\2.2081\inline\CCMoveCNode.cpp, C:\Users\4stro\Desktop\geode\the-coin-guide\build\bindings\bindings\Geode\source\CCMoveCNode.cpp. [C:\Users\4stro\Desktop\geode\the-coin-guide\build\bindings\GeodeBindings.vcxproj]
E:\msvisual2026\MSBuild\Microsoft\VC\v180\Microsoft.CppBuild.targets(1139,5): warning MSB8027: Dos o m├ís archivos con el mismo nombre de CCMoveTo.cpp producir├ín salidas en la misma ubicaci├│n. Esto puede dar lugar a un resultado de compilaci├│n incorrecto. Los archivos implicados son C:\Users\4stro\Desktop\geode\the-coin-guide\build\_deps\bindings-src\bindings\2.2081\inline\CCMoveTo.cpp, C:\Users\4stro\Desktop\geode\the-coin-guide\build\bindings\bindings\Geode\source\CCMoveTo.cpp. [C:\Users\4stro\Desktop\geode\the-coin-guide\build\bindings\GeodeBindings.vcxproj]
E:\msvisual2026\MSBuild\Microsoft\VC\v180\Microsoft.CppBuild.targets(1139,5): warning MSB8027: Dos o m├ís archivos con el mismo nombre de CCNode.cpp producir├ín salidas en la misma ubicaci├│n. Esto puede dar lugar a un resultado de compilaci├│n incorrecto. Los archivos implicados son C:\Users\4stro\Desktop\geode\the-coin-guide\build\_deps\bindings-src\bindings\2.2081\inline\CCNode.cpp, C:\Users\4stro\Desktop\geode\the-coin-guide\build\bindings\bindings\Geode\source\CCNode.cpp. [C:\Users\4stro\Desktop\geode\the-coin-guide\build\bindings\GeodeBindings.vcxproj]
E:\msvisual2026\MSBuild\Microsoft\VC\v180\Microsoft.CppBuild.targets(1139,5): warning MSB8027: Dos o m├ís archivos con el mismo nombre de CCNodeContainer.cpp producir├ín salidas en la misma ubicaci├│n. Esto puede dar lugar a un resultado de compilaci├│n incorrecto. Los archivos implicados son C:\Users\4stro\Desktop\geode\the-coin-guide\build\_deps\bindings-src\bindings\2.2081\inline\CCNodeContainer.cpp, C:\Users\4stro\Desktop\geode\the-coin-guide\build\bindings\bindings\Geode\source\CCNodeContainer.cpp. [C:\Users\4stro\Desktop\geode\the-coin-guide\build\bindings\GeodeBindings.vcxproj]
E:\msvisual2026\MSBuild\Microsoft\VC\v180\Microsoft.CppBuild.targets(1139,5): warning MSB8027: Dos o m├ís archivos con el mismo nombre de CCNodeRGBA.cpp producir├ín salidas en la misma ubicaci├│n. Esto puede dar lugar a un resultado de compilaci├│n incorrecto. Los archivos implicados son C:\Users\4stro\Desktop\geode\the-coin-guide\build\_deps\bindings-src\bindings\2.2081\inline\CCNodeRGBA.cpp, C:\Users\4stro\Desktop\geode\the-coin-guide\build\bindings\bindings\Geode\source\CCNodeRGBA.cpp. [C:\Users\4stro\Desktop\geode\the-coin-guide\build\bindings\GeodeBindings.vcxproj]
E:\msvisual2026\MSBuild\Microsoft\VC\v180\Microsoft.CppBuild.targets(1139,5): warning MSB8027: Dos o m├ís archivos con el mismo nombre de CCNotificationCenter.cpp producir├ín salidas en la misma ubicaci├│n. Esto puede dar lugar a un resultado de compilaci├│n incorrecto. Los archivos implicados son C:\Users\4stro\Desktop\geode\the-coin-guide\build\_deps\bindings-src\bindings\2.2081\inline\CCNotificationCenter.cpp, C:\Users\4stro\Desktop\geode\the-coin-guide\build\bindings\bindings\Geode\source\CCNotificationCenter.cpp. [C:\Users\4stro\Desktop\geode\the-coin-guide\build\bindings\GeodeBindings.vcxproj]
E:\msvisual2026\MSBuild\Microsoft\VC\v180\Microsoft.CppBuild.targets(1139,5): warning MSB8027: Dos o m├ís archivos con el mismo nombre de CCNotificationObserver.cpp producir├ín salidas en la misma ubicaci├│n. Esto puede dar lugar a un resultado de compilaci├│n incorrecto. Los archivos implicados son C:\Users\4stro\Desktop\geode\the-coin-guide\build\_deps\bindings-src\bindings\2.2081\inline\CCNotificationObserver.cpp, C:\Users\4stro\Desktop\geode\the-coin-guide\build\bindings\bindings\Geode\source\CCNotificationObserver.cpp. [C:\Users\4stro\Desktop\geode\the-coin-guide\build\bindings\GeodeBindings.vcxproj]
E:\msvisual2026\MSBuild\Microsoft\VC\v180\Microsoft.CppBuild.targets(1139,5): warning MSB8027: Dos o m├ís archivos con el mismo nombre de CCObject.cpp producir├ín salidas en la misma ubicaci├│n. Esto puede dar lugar a un resultado de compilaci├│n incorrecto. Los archivos implicados son C:\Users\4stro\Desktop\geode\the-coin-guide\build\_deps\bindings-src\bindings\2.2081\inline\CCObject.cpp, C:\Users\4stro\Desktop\geode\the-coin-guide\build\bindings\bindings\Geode\source\CCObject.cpp. [C:\Users\4stro\Desktop\geode\the-coin-guide\build\bindings\GeodeBindings.vcxproj]
E:\msvisual2026\MSBuild\Microsoft\VC\v180\Microsoft.CppBuild.targets(1139,5): warning MSB8027: Dos o m├ís archivos con el mismo nombre de CCOrbitCamera.cpp producir├ín salidas en la misma ubicaci├│n. Esto puede dar lugar a un resultado de compilaci├│n incorrecto. Los archivos implicados son C:\Users\4stro\Desktop\geode\the-coin-guide\build\_deps\bindings-src\bindings\2.2081\inline\CCOrbitCamera.cpp, C:\Users\4stro\Desktop\geode\the-coin-guide\build\bindings\bindings\Geode\source\CCOrbitCamera.cpp. [C:\Users\4stro\Desktop\geode\the-coin-guide\build\bindings\GeodeBindings.vcxproj]
E:\msvisual2026\MSBuild\Microsoft\VC\v180\Microsoft.CppBuild.targets(1139,5): warning MSB8027: Dos o m├ís archivos con el mismo nombre de CCPageTurn3D.cpp producir├ín salidas en la misma ubicaci├│n. Esto puede dar lugar a un resultado de compilaci├│n incorrecto. Los archivos implicados son C:\Users\4stro\Desktop\geode\the-coin-guide\build\_deps\bindings-src\bindings\2.2081\inline\CCPageTurn3D.cpp, C:\Users\4stro\Desktop\geode\the-coin-guide\build\bindings\bindings\Geode\source\CCPageTurn3D.cpp. [C:\Users\4stro\Desktop\geode\the-coin-guide\build\bindings\GeodeBindings.vcxproj]
E:\msvisual2026\MSBuild\Microsoft\VC\v180\Microsoft.CppBuild.targets(1139,5): warning MSB8027: Dos o m├ís archivos con el mismo nombre de CCParallaxNode.cpp producir├ín salidas en la misma ubicaci├│n. Esto puede dar lugar a un resultado de compilaci├│n incorrecto. Los archivos implicados son C:\Users\4stro\Desktop\geode\the-coin-guide\build\_deps\bindings-src\bindings\2.2081\inline\CCParallaxNode.cpp, C:\Users\4stro\Desktop\geode\the-coin-guide\build\bindings\bindings\Geode\source\CCParallaxNode.cpp. [C:\Users\4stro\Desktop\geode\the-coin-guide\build\bindings\GeodeBindings.vcxproj]
E:\msvisual2026\MSBuild\Microsoft\VC\v180\Microsoft.CppBuild.targets(1139,5): warning MSB8027: Dos o m├ís archivos con el mismo nombre de CCPartAnimSprite.cpp producir├ín salidas en la misma ubicaci├│n. Esto puede dar lugar a un resultado de compilaci├│n incorrecto. Los archivos implicados son C:\Users\4stro\Desktop\geode\the-coin-guide\build\_deps\bindings-src\bindings\2.2081\inline\CCPartAnimSprite.cpp, C:\Users\4stro\Desktop\geode\the-coin-guide\build\bindings\bindings\Geode\source\CCPartAnimSprite.cpp. [C:\Users\4stro\Desktop\geode\the-coin-guide\build\bindings\GeodeBindings.vcxproj]
E:\msvisual2026\MSBuild\Microsoft\VC\v180\Microsoft.CppBuild.targets(1139,5): warning MSB8027: Dos o m├ís archivos con el mismo nombre de CCParticleBatchNode.cpp producir├ín salidas en la misma ubicaci├│n. Esto puede dar lugar a un resultado de compilaci├│n incorrecto. Los archivos implicados son C:\Users\4stro\Desktop\geode\the-coin-guide\build\_deps\bindings-src\bindings\2.2081\inline\CCParticleBatchNode.cpp, C:\Users\4stro\Desktop\geode\the-coin-guide\build\bindings\bindings\Geode\source\CCParticleBatchNode.cpp. [C:\Users\4stro\Desktop\geode\the-coin-guide\build\bindings\GeodeBindings.vcxproj]
E:\msvisual2026\MSBuild\Microsoft\VC\v180\Microsoft.CppBuild.targets(1139,5): warning MSB8027: Dos o m├ís archivos con el mismo nombre de CCParticleExplosion.cpp producir├ín salidas en la misma ubicaci├│n. Esto puede dar lugar a un resultado de compilaci├│n incorrecto. Los archivos implicados son C:\Users\4stro\Desktop\geode\the-coin-guide\build\_deps\bindings-src\bindings\2.2081\inline\CCParticleExplosion.cpp, C:\Users\4stro\Desktop\geode\the-coin-guide\build\bindings\bindings\Geode\source\CCParticleExplosion.cpp. [C:\Users\4stro\Desktop\geode\the-coin-guide\build\bindings\GeodeBindings.vcxproj]
E:\msvisual2026\MSBuild\Microsoft\VC\v180\Microsoft.CppBuild.targets(1139,5): warning MSB8027: Dos o m├ís archivos con el mismo nombre de CCParticleFire.cpp producir├ín salidas en la misma ubicaci├│n. Esto puede dar lugar a un resultado de compilaci├│n incorrecto. Los archivos implicados son C:\Users\4stro\Desktop\geode\the-coin-guide\build\_deps\bindings-src\bindings\2.2081\inline\CCParticleFire.cpp, C:\Users\4stro\Desktop\geode\the-coin-guide\build\bindings\bindings\Geode\source\CCParticleFire.cpp. [C:\Users\4stro\Desktop\geode\the-coin-guide\build\bindings\GeodeBindings.vcxproj]
E:\msvisual2026\MSBuild\Microsoft\VC\v180\Microsoft.CppBuild.targets(1139,5): warning MSB8027: Dos o m├ís archivos con el mismo nombre de CCParticleFireworks.cpp producir├ín salidas en la misma ubicaci├│n. Esto puede dar lugar a un resultado de compilaci├│n incorrecto. Los archivos implicados son C:\Users\4stro\Desktop\geode\the-coin-guide\build\_deps\bindings-src\bindings\2.2081\inline\CCParticleFireworks.cpp, C:\Users\4stro\Desktop\geode\the-coin-guide\build\bindings\bindings\Geode\source\CCParticleFireworks.cpp. [C:\Users\4stro\Desktop\geode\the-coin-guide\build\bindings\GeodeBindings.vcxproj]
E:\msvisual2026\MSBuild\Microsoft\VC\v180\Microsoft.CppBuild.targets(1139,5): warning MSB8027: Dos o m├ís archivos con el mismo nombre de CCParticleFlower.cpp producir├ín salidas en la misma ubicaci├│n. Esto puede dar lugar a un resultado de compilaci├│n incorrecto. Los archivos implicados son C:\Users\4stro\Desktop\geode\the-coin-guide\build\_deps\bindings-src\bindings\2.2081\inline\CCParticleFlower.cpp, C:\Users\4stro\Desktop\geode\the-coin-guide\build\bindings\bindings\Geode\source\CCParticleFlower.cpp. [C:\Users\4stro\Desktop\geode\the-coin-guide\build\bindings\GeodeBindings.vcxproj]
E:\msvisual2026\MSBuild\Microsoft\VC\v180\Microsoft.CppBuild.targets(1139,5): warning MSB8027: Dos o m├ís archivos con el mismo nombre de CCParticleGalaxy.cpp producir├ín salidas en la misma ubicaci├│n. Esto puede dar lugar a un resultado de compilaci├│n incorrecto. Los archivos implicados son C:\Users\4stro\Desktop\geode\the-coin-guide\build\_deps\bindings-src\bindings\2.2081\inline\CCParticleGalaxy.cpp, C:\Users\4stro\Desktop\geode\the-coin-guide\build\bindings\bindings\Geode\source\CCParticleGalaxy.cpp. [C:\Users\4stro\Desktop\geode\the-coin-guide\build\bindings\GeodeBindings.vcxproj]
E:\msvisual2026\MSBuild\Microsoft\VC\v180\Microsoft.CppBuild.targets(1139,5): warning MSB8027: Dos o m├ís archivos con el mismo nombre de CCParticleMeteor.cpp producir├ín salidas en la misma ubicaci├│n. Esto puede dar lugar a un resultado de compilaci├│n incorrecto. Los archivos implicados son C:\Users\4stro\Desktop\geode\the-coin-guide\build\_deps\bindings-src\bindings\2.2081\inline\CCParticleMeteor.cpp, C:\Users\4stro\Desktop\geode\the-coin-guide\build\bindings\bindings\Geode\source\CCParticleMeteor.cpp. [C:\Users\4stro\Desktop\geode\the-coin-guide\build\bindings\GeodeBindings.vcxproj]
E:\msvisual2026\MSBuild\Microsoft\VC\v180\Microsoft.CppBuild.targets(1139,5): warning MSB8027: Dos o m├ís archivos con el mismo nombre de CCParticleRain.cpp producir├ín salidas en la misma ubicaci├│n. Esto puede dar lugar a un resultado de compilaci├│n incorrecto. Los archivos implicados son C:\Users\4stro\Desktop\geode\the-coin-guide\build\_deps\bindings-src\bindings\2.2081\inline\CCParticleRain.cpp, C:\Users\4stro\Desktop\geode\the-coin-guide\build\bindings\bindings\Geode\source\CCParticleRain.cpp. [C:\Users\4stro\Desktop\geode\the-coin-guide\build\bindings\GeodeBindings.vcxproj]
E:\msvisual2026\MSBuild\Microsoft\VC\v180\Microsoft.CppBuild.targets(1139,5): warning MSB8027: Dos o m├ís archivos con el mismo nombre de CCParticleSmoke.cpp producir├ín salidas en la misma ubicaci├│n. Esto puede dar lugar a un resultado de compilaci├│n incorrecto. Los archivos implicados son C:\Users\4stro\Desktop\geode\the-coin-guide\build\_deps\bindings-src\bindings\2.2081\inline\CCParticleSmoke.cpp, C:\Users\4stro\Desktop\geode\the-coin-guide\build\bindings\bindings\Geode\source\CCParticleSmoke.cpp. [C:\Users\4stro\Desktop\geode\the-coin-guide\build\bindings\GeodeBindings.vcxproj]
E:\msvisual2026\MSBuild\Microsoft\VC\v180\Microsoft.CppBuild.targets(1139,5): warning MSB8027: Dos o m├ís archivos con el mismo nombre de CCParticleSnow.cpp producir├ín salidas en la misma ubicaci├│n. Esto puede dar lugar a un resultado de compilaci├│n incorrecto. Los archivos implicados son C:\Users\4stro\Desktop\geode\the-coin-guide\build\_deps\bindings-src\bindings\2.2081\inline\CCParticleSnow.cpp, C:\Users\4stro\Desktop\geode\the-coin-guide\build\bindings\bindings\Geode\source\CCParticleSnow.cpp. [C:\Users\4stro\Desktop\geode\the-coin-guide\build\bindings\GeodeBindings.vcxproj]
E:\msvisual2026\MSBuild\Microsoft\VC\v180\Microsoft.CppBuild.targets(1139,5): warning MSB8027: Dos o m├ís archivos con el mismo nombre de CCParticleSpiral.cpp producir├ín salidas en la misma ubicaci├│n. Esto puede dar lugar a un resultado de compilaci├│n incorrecto. Los archivos implicados son C:\Users\4stro\Desktop\geode\the-coin-guide\build\_deps\bindings-src\bindings\2.2081\inline\CCParticleSpiral.cpp, C:\Users\4stro\Desktop\geode\the-coin-guide\build\bindings\bindings\Geode\source\CCParticleSpiral.cpp. [C:\Users\4stro\Desktop\geode\the-coin-guide\build\bindings\GeodeBindings.vcxproj]
E:\msvisual2026\MSBuild\Microsoft\VC\v180\Microsoft.CppBuild.targets(1139,5): warning MSB8027: Dos o m├ís archivos con el mismo nombre de CCParticleSun.cpp producir├ín salidas en la misma ubicaci├│n. Esto puede dar lugar a un resultado de compilaci├│n incorrecto. Los archivos implicados son C:\Users\4stro\Desktop\geode\the-coin-guide\build\_deps\bindings-src\bindings\2.2081\inline\CCParticleSun.cpp, C:\Users\4stro\Desktop\geode\the-coin-guide\build\bindings\bindings\Geode\source\CCParticleSun.cpp. [C:\Users\4stro\Desktop\geode\the-coin-guide\build\bindings\GeodeBindings.vcxproj]
E:\msvisual2026\MSBuild\Microsoft\VC\v180\Microsoft.CppBuild.targets(1139,5): warning MSB8027: Dos o m├ís archivos con el mismo nombre de CCParticleSystem.cpp producir├ín salidas en la misma ubicaci├│n. Esto puede dar lugar a un resultado de compilaci├│n incorrecto. Los archivos implicados son C:\Users\4stro\Desktop\geode\the-coin-guide\build\_deps\bindings-src\bindings\2.2081\inline\CCParticleSystem.cpp, C:\Users\4stro\Desktop\geode\the-coin-guide\build\bindings\bindings\Geode\source\CCParticleSystem.cpp. [C:\Users\4stro\Desktop\geode\the-coin-guide\build\bindings\GeodeBindings.vcxproj]
E:\msvisual2026\MSBuild\Microsoft\VC\v180\Microsoft.CppBuild.targets(1139,5): warning MSB8027: Dos o m├ís archivos con el mismo nombre de CCParticleSystemQuad.cpp producir├ín salidas en la misma ubicaci├│n. Esto puede dar lugar a un resultado de compilaci├│n incorrecto. Los archivos implicados son C:\Users\4stro\Desktop\geode\the-coin-guide\build\_deps\bindings-src\bindings\2.2081\inline\CCParticleSystemQuad.cpp, C:\Users\4stro\Desktop\geode\the-coin-guide\build\bindings\bindings\Geode\source\CCParticleSystemQuad.cpp. [C:\Users\4stro\Desktop\geode\the-coin-guide\build\bindings\GeodeBindings.vcxproj]
E:\msvisual2026\MSBuild\Microsoft\VC\v180\Microsoft.CppBuild.targets(1139,5): warning MSB8027: Dos o m├ís archivos con el mismo nombre de CCPlace.cpp producir├ín salidas en la misma ubicaci├│n. Esto puede dar lugar a un resultado de compilaci├│n incorrecto. Los archivos implicados son C:\Users\4stro\Desktop\geode\the-coin-guide\build\_deps\bindings-src\bindings\2.2081\inline\CCPlace.cpp, C:\Users\4stro\Desktop\geode\the-coin-guide\build\bindings\bindings\Geode\source\CCPlace.cpp. [C:\Users\4stro\Desktop\geode\the-coin-guide\build\bindings\GeodeBindings.vcxproj]
E:\msvisual2026\MSBuild\Microsoft\VC\v180\Microsoft.CppBuild.targets(1139,5): warning MSB8027: Dos o m├ís archivos con el mismo nombre de CCPointArray.cpp producir├ín salidas en la misma ubicaci├│n. Esto puede dar lugar a un resultado de compilaci├│n incorrecto. Los archivos implicados son C:\Users\4stro\Desktop\geode\the-coin-guide\build\_deps\bindings-src\bindings\2.2081\inline\CCPointArray.cpp, C:\Users\4stro\Desktop\geode\the-coin-guide\build\bindings\bindings\Geode\source\CCPointArray.cpp. [C:\Users\4stro\Desktop\geode\the-coin-guide\build\bindings\GeodeBindings.vcxproj]
E:\msvisual2026\MSBuild\Microsoft\VC\v180\Microsoft.CppBuild.targets(1139,5): warning MSB8027: Dos o m├ís archivos con el mismo nombre de CCPoolManager.cpp producir├ín salidas en la misma ubicaci├│n. Esto puede dar lugar a un resultado de compilaci├│n incorrecto. Los archivos implicados son C:\Users\4stro\Desktop\geode\the-coin-guide\build\_deps\bindings-src\bindings\2.2081\inline\CCPoolManager.cpp, C:\Users\4stro\Desktop\geode\the-coin-guide\build\bindings\bindings\Geode\source\CCPoolManager.cpp. [C:\Users\4stro\Desktop\geode\the-coin-guide\build\bindings\GeodeBindings.vcxproj]
E:\msvisual2026\MSBuild\Microsoft\VC\v180\Microsoft.CppBuild.targets(1139,5): warning MSB8027: Dos o m├ís archivos con el mismo nombre de CCPrettyPrinter.cpp producir├ín salidas en la misma ubicaci├│n. Esto puede dar lugar a un resultado de compilaci├│n incorrecto. Los archivos implicados son C:\Users\4stro\Desktop\geode\the-coin-guide\build\_deps\bindings-src\bindings\2.2081\inline\CCPrettyPrinter.cpp, C:\Users\4stro\Desktop\geode\the-coin-guide\build\bindings\bindings\Geode\source\CCPrettyPrinter.cpp. [C:\Users\4stro\Desktop\geode\the-coin-guide\build\bindings\GeodeBindings.vcxproj]
E:\msvisual2026\MSBuild\Microsoft\VC\v180\Microsoft.CppBuild.targets(1139,5): warning MSB8027: Dos o m├ís archivos con el mismo nombre de CCProfiler.cpp producir├ín salidas en la misma ubicaci├│n. Esto puede dar lugar a un resultado de compilaci├│n incorrecto. Los archivos implicados son C:\Users\4stro\Desktop\geode\the-coin-guide\build\_deps\bindings-src\bindings\2.2081\inline\CCProfiler.cpp, C:\Users\4stro\Desktop\geode\the-coin-guide\build\bindings\bindings\Geode\source\CCProfiler.cpp. [C:\Users\4stro\Desktop\geode\the-coin-guide\build\bindings\GeodeBindings.vcxproj]
E:\msvisual2026\MSBuild\Microsoft\VC\v180\Microsoft.CppBuild.targets(1139,5): warning MSB8027: Dos o m├ís archivos con el mismo nombre de CCProfilingTimer.cpp producir├ín salidas en la misma ubicaci├│n. Esto puede dar lugar a un resultado de compilaci├│n incorrecto. Los archivos implicados son C:\Users\4stro\Desktop\geode\the-coin-guide\build\_deps\bindings-src\bindings\2.2081\inline\CCProfilingTimer.cpp, C:\Users\4stro\Desktop\geode\the-coin-guide\build\bindings\bindings\Geode\source\CCProfilingTimer.cpp. [C:\Users\4stro\Desktop\geode\the-coin-guide\build\bindings\GeodeBindings.vcxproj]
E:\msvisual2026\MSBuild\Microsoft\VC\v180\Microsoft.CppBuild.targets(1139,5): warning MSB8027: Dos o m├ís archivos con el mismo nombre de CCProgressFromTo.cpp producir├ín salidas en la misma ubicaci├│n. Esto puede dar lugar a un resultado de compilaci├│n incorrecto. Los archivos implicados son C:\Users\4stro\Desktop\geode\the-coin-guide\build\_deps\bindings-src\bindings\2.2081\inline\CCProgressFromTo.cpp, C:\Users\4stro\Desktop\geode\the-coin-guide\build\bindings\bindings\Geode\source\CCProgressFromTo.cpp. [C:\Users\4stro\Desktop\geode\the-coin-guide\build\bindings\GeodeBindings.vcxproj]
E:\msvisual2026\MSBuild\Microsoft\VC\v180\Microsoft.CppBuild.targets(1139,5): warning MSB8027: Dos o m├ís archivos con el mismo nombre de CCProgressTimer.cpp producir├ín salidas en la misma ubicaci├│n. Esto puede dar lugar a un resultado de compilaci├│n incorrecto. Los archivos implicados son C:\Users\4stro\Desktop\geode\the-coin-guide\build\_deps\bindings-src\bindings\2.2081\inline\CCProgressTimer.cpp, C:\Users\4stro\Desktop\geode\the-coin-guide\build\bindings\bindings\Geode\source\CCProgressTimer.cpp. [C:\Users\4stro\Desktop\geode\the-coin-guide\build\bindings\GeodeBindings.vcxproj]
E:\msvisual2026\MSBuild\Microsoft\VC\v180\Microsoft.CppBuild.targets(1139,5): warning MSB8027: Dos o m├ís archivos con el mismo nombre de CCProgressTo.cpp producir├ín salidas en la misma ubicaci├│n. Esto puede dar lugar a un resultado de compilaci├│n incorrecto. Los archivos implicados son C:\Users\4stro\Desktop\geode\the-coin-guide\build\_deps\bindings-src\bindings\2.2081\inline\CCProgressTo.cpp, C:\Users\4stro\Desktop\geode\the-coin-guide\build\bindings\bindings\Geode\source\CCProgressTo.cpp. [C:\Users\4stro\Desktop\geode\the-coin-guide\build\bindings\GeodeBindings.vcxproj]
E:\msvisual2026\MSBuild\Microsoft\VC\v180\Microsoft.CppBuild.targets(1139,5): warning MSB8027: Dos o m├ís archivos con el mismo nombre de CCRemoveSelf.cpp producir├ín salidas en la misma ubicaci├│n. Esto puede dar lugar a un resultado de compilaci├│n incorrecto. Los archivos implicados son C:\Users\4stro\Desktop\geode\the-coin-guide\build\_deps\bindings-src\bindings\2.2081\inline\CCRemoveSelf.cpp, C:\Users\4stro\Desktop\geode\the-coin-guide\build\bindings\bindings\Geode\source\CCRemoveSelf.cpp. [C:\Users\4stro\Desktop\geode\the-coin-guide\build\bindings\GeodeBindings.vcxproj]
E:\msvisual2026\MSBuild\Microsoft\VC\v180\Microsoft.CppBuild.targets(1139,5): warning MSB8027: Dos o m├ís archivos con el mismo nombre de CCRenderTexture.cpp producir├ín salidas en la misma ubicaci├│n. Esto puede dar lugar a un resultado de compilaci├│n incorrecto. Los archivos implicados son C:\Users\4stro\Desktop\geode\the-coin-guide\build\_deps\bindings-src\bindings\2.2081\inline\CCRenderTexture.cpp, C:\Users\4stro\Desktop\geode\the-coin-guide\build\bindings\bindings\Geode\source\CCRenderTexture.cpp. [C:\Users\4stro\Desktop\geode\the-coin-guide\build\bindings\GeodeBindings.vcxproj]
E:\msvisual2026\MSBuild\Microsoft\VC\v180\Microsoft.CppBuild.targets(1139,5): warning MSB8027: Dos o m├ís archivos con el mismo nombre de CCRepeat.cpp producir├ín salidas en la misma ubicaci├│n. Esto puede dar lugar a un resultado de compilaci├│n incorrecto. Los archivos implicados son C:\Users\4stro\Desktop\geode\the-coin-guide\build\_deps\bindings-src\bindings\2.2081\inline\CCRepeat.cpp, C:\Users\4stro\Desktop\geode\the-coin-guide\build\bindings\bindings\Geode\source\CCRepeat.cpp. [C:\Users\4stro\Desktop\geode\the-coin-guide\build\bindings\GeodeBindings.vcxproj]
E:\msvisual2026\MSBuild\Microsoft\VC\v180\Microsoft.CppBuild.targets(1139,5): warning MSB8027: Dos o m├ís archivos con el mismo nombre de CCRepeatForever.cpp producir├ín salidas en la misma ubicaci├│n. Esto puede dar lugar a un resultado de compilaci├│n incorrecto. Los archivos implicados son C:\Users\4stro\Desktop\geode\the-coin-guide\build\_deps\bindings-src\bindings\2.2081\inline\CCRepeatForever.cpp, C:\Users\4stro\Desktop\geode\the-coin-guide\build\bindings\bindings\Geode\source\CCRepeatForever.cpp. [C:\Users\4stro\Desktop\geode\the-coin-guide\build\bindings\GeodeBindings.vcxproj]
E:\msvisual2026\MSBuild\Microsoft\VC\v180\Microsoft.CppBuild.targets(1139,5): warning MSB8027: Dos o m├ís archivos con el mismo nombre de CCReuseGrid.cpp producir├ín salidas en la misma ubicaci├│n. Esto puede dar lugar a un resultado de compilaci├│n incorrecto. Los archivos implicados son C:\Users\4stro\Desktop\geode\the-coin-guide\build\_deps\bindings-src\bindings\2.2081\inline\CCReuseGrid.cpp, C:\Users\4stro\Desktop\geode\the-coin-guide\build\bindings\bindings\Geode\source\CCReuseGrid.cpp. [C:\Users\4stro\Desktop\geode\the-coin-guide\build\bindings\GeodeBindings.vcxproj]
E:\msvisual2026\MSBuild\Microsoft\VC\v180\Microsoft.CppBuild.targets(1139,5): warning MSB8027: Dos o m├ís archivos con el mismo nombre de CCReverseTime.cpp producir├ín salidas en la misma ubicaci├│n. Esto puede dar lugar a un resultado de compilaci├│n incorrecto. Los archivos implicados son C:\Users\4stro\Desktop\geode\the-coin-guide\build\_deps\bindings-src\bindings\2.2081\inline\CCReverseTime.cpp, C:\Users\4stro\Desktop\geode\the-coin-guide\build\bindings\bindings\Geode\source\CCReverseTime.cpp. [C:\Users\4stro\Desktop\geode\the-coin-guide\build\bindings\GeodeBindings.vcxproj]
E:\msvisual2026\MSBuild\Microsoft\VC\v180\Microsoft.CppBuild.targets(1139,5): warning MSB8027: Dos o m├ís archivos con el mismo nombre de CCRipple3D.cpp producir├ín salidas en la misma ubicaci├│n. Esto puede dar lugar a un resultado de compilaci├│n incorrecto. Los archivos implicados son C:\Users\4stro\Desktop\geode\the-coin-guide\build\_deps\bindings-src\bindings\2.2081\inline\CCRipple3D.cpp, C:\Users\4stro\Desktop\geode\the-coin-guide\build\bindings\bindings\Geode\source\CCRipple3D.cpp. [C:\Users\4stro\Desktop\geode\the-coin-guide\build\bindings\GeodeBindings.vcxproj]
E:\msvisual2026\MSBuild\Microsoft\VC\v180\Microsoft.CppBuild.targets(1139,5): warning MSB8027: Dos o m├ís archivos con el mismo nombre de CCRotateBy.cpp producir├ín salidas en la misma ubicaci├│n. Esto puede dar lugar a un resultado de compilaci├│n incorrecto. Los archivos implicados son C:\Users\4stro\Desktop\geode\the-coin-guide\build\_deps\bindings-src\bindings\2.2081\inline\CCRotateBy.cpp, C:\Users\4stro\Desktop\geode\the-coin-guide\build\bindings\bindings\Geode\source\CCRotateBy.cpp. [C:\Users\4stro\Desktop\geode\the-coin-guide\build\bindings\GeodeBindings.vcxproj]
E:\msvisual2026\MSBuild\Microsoft\VC\v180\Microsoft.CppBuild.targets(1139,5): warning MSB8027: Dos o m├ís archivos con el mismo nombre de CCRotateTo.cpp producir├ín salidas en la misma ubicaci├│n. Esto puede dar lugar a un resultado de compilaci├│n incorrecto. Los archivos implicados son C:\Users\4stro\Desktop\geode\the-coin-guide\build\_deps\bindings-src\bindings\2.2081\inline\CCRotateTo.cpp, C:\Users\4stro\Desktop\geode\the-coin-guide\build\bindings\bindings\Geode\source\CCRotateTo.cpp. [C:\Users\4stro\Desktop\geode\the-coin-guide\build\bindings\GeodeBindings.vcxproj]
E:\msvisual2026\MSBuild\Microsoft\VC\v180\Microsoft.CppBuild.targets(1139,5): warning MSB8027: Dos o m├ís archivos con el mismo nombre de CCSAXParser.cpp producir├ín salidas en la misma ubicaci├│n. Esto puede dar lugar a un resultado de compilaci├│n incorrecto. Los archivos implicados son C:\Users\4stro\Desktop\geode\the-coin-guide\build\_deps\bindings-src\bindings\2.2081\inline\CCSAXParser.cpp, C:\Users\4stro\Desktop\geode\the-coin-guide\build\bindings\bindings\Geode\source\CCSAXParser.cpp. [C:\Users\4stro\Desktop\geode\the-coin-guide\build\bindings\GeodeBindings.vcxproj]
E:\msvisual2026\MSBuild\Microsoft\VC\v180\Microsoft.CppBuild.targets(1139,5): warning MSB8027: Dos o m├ís archivos con el mismo nombre de CCScale9Sprite.cpp producir├ín salidas en la misma ubicaci├│n. Esto puede dar lugar a un resultado de compilaci├│n incorrecto. Los archivos implicados son C:\Users\4stro\Desktop\geode\the-coin-guide\build\_deps\bindings-src\bindings\2.2081\inline\CCScale9Sprite.cpp, C:\Users\4stro\Desktop\geode\the-coin-guide\build\bindings\bindings\Geode\source\CCScale9Sprite.cpp. [C:\Users\4stro\Desktop\geode\the-coin-guide\build\bindings\GeodeBindings.vcxproj]
E:\msvisual2026\MSBuild\Microsoft\VC\v180\Microsoft.CppBuild.targets(1139,5): warning MSB8027: Dos o m├ís archivos con el mismo nombre de CCScaleBy.cpp producir├ín salidas en la misma ubicaci├│n. Esto puede dar lugar a un resultado de compilaci├│n incorrecto. Los archivos implicados son C:\Users\4stro\Desktop\geode\the-coin-guide\build\_deps\bindings-src\bindings\2.2081\inline\CCScaleBy.cpp, C:\Users\4stro\Desktop\geode\the-coin-guide\build\bindings\bindings\Geode\source\CCScaleBy.cpp. [C:\Users\4stro\Desktop\geode\the-coin-guide\build\bindings\GeodeBindings.vcxproj]
E:\msvisual2026\MSBuild\Microsoft\VC\v180\Microsoft.CppBuild.targets(1139,5): warning MSB8027: Dos o m├ís archivos con el mismo nombre de CCScaleTo.cpp producir├ín salidas en la misma ubicaci├│n. Esto puede dar lugar a un resultado de compilaci├│n incorrecto. Los archivos implicados son C:\Users\4stro\Desktop\geode\the-coin-guide\build\_deps\bindings-src\bindings\2.2081\inline\CCScaleTo.cpp, C:\Users\4stro\Desktop\geode\the-coin-guide\build\bindings\bindings\Geode\source\CCScaleTo.cpp. [C:\Users\4stro\Desktop\geode\the-coin-guide\build\bindings\GeodeBindings.vcxproj]
E:\msvisual2026\MSBuild\Microsoft\VC\v180\Microsoft.CppBuild.targets(1139,5): warning MSB8027: Dos o m├ís archivos con el mismo nombre de CCScene.cpp producir├ín salidas en la misma ubicaci├│n. Esto puede dar lugar a un resultado de compilaci├│n incorrecto. Los archivos implicados son C:\Users\4stro\Desktop\geode\the-coin-guide\build\_deps\bindings-src\bindings\2.2081\inline\CCScene.cpp, C:\Users\4stro\Desktop\geode\the-coin-guide\build\bindings\bindings\Geode\source\CCScene.cpp. [C:\Users\4stro\Desktop\geode\the-coin-guide\build\bindings\GeodeBindings.vcxproj]
E:\msvisual2026\MSBuild\Microsoft\VC\v180\Microsoft.CppBuild.targets(1139,5): warning MSB8027: Dos o m├ís archivos con el mismo nombre de CCScheduler.cpp producir├ín salidas en la misma ubicaci├│n. Esto puede dar lugar a un resultado de compilaci├│n incorrecto. Los archivos implicados son C:\Users\4stro\Desktop\geode\the-coin-guide\build\_deps\bindings-src\bindings\2.2081\inline\CCScheduler.cpp, C:\Users\4stro\Desktop\geode\the-coin-guide\build\bindings\bindings\Geode\source\CCScheduler.cpp. [C:\Users\4stro\Desktop\geode\the-coin-guide\build\bindings\GeodeBindings.vcxproj]
E:\msvisual2026\MSBuild\Microsoft\VC\v180\Microsoft.CppBuild.targets(1139,5): warning MSB8027: Dos o m├ís archivos con el mismo nombre de CCSchedulerScriptHandlerEntry.cpp producir├ín salidas en la misma ubicaci├│n. Esto puede dar lugar a un resultado de compilaci├│n incorrecto. Los archivos implicados son C:\Users\4stro\Desktop\geode\the-coin-guide\build\_deps\bindings-src\bindings\2.2081\inline\CCSchedulerScriptHandlerEntry.cpp, C:\Users\4stro\Desktop\geode\the-coin-guide\build\bindings\bindings\Geode\source\CCSchedulerScriptHandlerEntry.cpp. [C:\Users\4stro\Desktop\geode\the-coin-guide\build\bindings\GeodeBindings.vcxproj]
E:\msvisual2026\MSBuild\Microsoft\VC\v180\Microsoft.CppBuild.targets(1139,5): warning MSB8027: Dos o m├ís archivos con el mismo nombre de CCScriptEngineManager.cpp producir├ín salidas en la misma ubicaci├│n. Esto puede dar lugar a un resultado de compilaci├│n incorrecto. Los archivos implicados son C:\Users\4stro\Desktop\geode\the-coin-guide\build\_deps\bindings-src\bindings\2.2081\inline\CCScriptEngineManager.cpp, C:\Users\4stro\Desktop\geode\the-coin-guide\build\bindings\bindings\Geode\source\CCScriptEngineManager.cpp. [C:\Users\4stro\Desktop\geode\the-coin-guide\build\bindings\GeodeBindings.vcxproj]
E:\msvisual2026\MSBuild\Microsoft\VC\v180\Microsoft.CppBuild.targets(1139,5): warning MSB8027: Dos o m├ís archivos con el mismo nombre de CCScriptHandlerEntry.cpp producir├ín salidas en la misma ubicaci├│n. Esto puede dar lugar a un resultado de compilaci├│n incorrecto. Los archivos implicados son C:\Users\4stro\Desktop\geode\the-coin-guide\build\_deps\bindings-src\bindings\2.2081\inline\CCScriptHandlerEntry.cpp, C:\Users\4stro\Desktop\geode\the-coin-guide\build\bindings\bindings\Geode\source\CCScriptHandlerEntry.cpp. [C:\Users\4stro\Desktop\geode\the-coin-guide\build\bindings\GeodeBindings.vcxproj]
E:\msvisual2026\MSBuild\Microsoft\VC\v180\Microsoft.CppBuild.targets(1139,5): warning MSB8027: Dos o m├ís archivos con el mismo nombre de CCScrollLayerExt.cpp producir├ín salidas en la misma ubicaci├│n. Esto puede dar lugar a un resultado de compilaci├│n incorrecto. Los archivos implicados son C:\Users\4stro\Desktop\geode\the-coin-guide\build\_deps\bindings-src\bindings\2.2081\inline\CCScrollLayerExt.cpp, C:\Users\4stro\Desktop\geode\the-coin-guide\build\bindings\bindings\Geode\source\CCScrollLayerExt.cpp. [C:\Users\4stro\Desktop\geode\the-coin-guide\build\bindings\GeodeBindings.vcxproj]
E:\msvisual2026\MSBuild\Microsoft\VC\v180\Microsoft.CppBuild.targets(1139,5): warning MSB8027: Dos o m├ís archivos con el mismo nombre de CCScrollLayerExtDelegate.cpp producir├ín salidas en la misma ubicaci├│n. Esto puede dar lugar a un resultado de compilaci├│n incorrecto. Los archivos implicados son C:\Users\4stro\Desktop\geode\the-coin-guide\build\_deps\bindings-src\bindings\2.2081\inline\CCScrollLayerExtDelegate.cpp, C:\Users\4stro\Desktop\geode\the-coin-guide\build\bindings\bindings\Geode\source\CCScrollLayerExtDelegate.cpp. [C:\Users\4stro\Desktop\geode\the-coin-guide\build\bindings\GeodeBindings.vcxproj]
E:\msvisual2026\MSBuild\Microsoft\VC\v180\Microsoft.CppBuild.targets(1139,5): warning MSB8027: Dos o m├ís archivos con el mismo nombre de CCScrollView.cpp producir├ín salidas en la misma ubicaci├│n. Esto puede dar lugar a un resultado de compilaci├│n incorrecto. Los archivos implicados son C:\Users\4stro\Desktop\geode\the-coin-guide\build\_deps\bindings-src\bindings\2.2081\inline\CCScrollView.cpp, C:\Users\4stro\Desktop\geode\the-coin-guide\build\bindings\bindings\Geode\source\CCScrollView.cpp. [C:\Users\4stro\Desktop\geode\the-coin-guide\build\bindings\GeodeBindings.vcxproj]
E:\msvisual2026\MSBuild\Microsoft\VC\v180\Microsoft.CppBuild.targets(1139,5): warning MSB8027: Dos o m├ís archivos con el mismo nombre de CCSequence.cpp producir├ín salidas en la misma ubicaci├│n. Esto puede dar lugar a un resultado de compilaci├│n incorrecto. Los archivos implicados son C:\Users\4stro\Desktop\geode\the-coin-guide\build\_deps\bindings-src\bindings\2.2081\inline\CCSequence.cpp, C:\Users\4stro\Desktop\geode\the-coin-guide\build\bindings\bindings\Geode\source\CCSequence.cpp. [C:\Users\4stro\Desktop\geode\the-coin-guide\build\bindings\GeodeBindings.vcxproj]
E:\msvisual2026\MSBuild\Microsoft\VC\v180\Microsoft.CppBuild.targets(1139,5): warning MSB8027: Dos o m├ís archivos con el mismo nombre de CCSet.cpp producir├ín salidas en la misma ubicaci├│n. Esto puede dar lugar a un resultado de compilaci├│n incorrecto. Los archivos implicados son C:\Users\4stro\Desktop\geode\the-coin-guide\build\_deps\bindings-src\bindings\2.2081\inline\CCSet.cpp, C:\Users\4stro\Desktop\geode\the-coin-guide\build\bindings\bindings\Geode\source\CCSet.cpp. [C:\Users\4stro\Desktop\geode\the-coin-guide\build\bindings\GeodeBindings.vcxproj]
E:\msvisual2026\MSBuild\Microsoft\VC\v180\Microsoft.CppBuild.targets(1139,5): warning MSB8027: Dos o m├ís archivos con el mismo nombre de CCShaderCache.cpp producir├ín salidas en la misma ubicaci├│n. Esto puede dar lugar a un resultado de compilaci├│n incorrecto. Los archivos implicados son C:\Users\4stro\Desktop\geode\the-coin-guide\build\_deps\bindings-src\bindings\2.2081\inline\CCShaderCache.cpp, C:\Users\4stro\Desktop\geode\the-coin-guide\build\bindings\bindings\Geode\source\CCShaderCache.cpp. [C:\Users\4stro\Desktop\geode\the-coin-guide\build\bindings\GeodeBindings.vcxproj]
E:\msvisual2026\MSBuild\Microsoft\VC\v180\Microsoft.CppBuild.targets(1139,5): warning MSB8027: Dos o m├ís archivos con el mismo nombre de CCShaky3D.cpp producir├ín salidas en la misma ubicaci├│n. Esto puede dar lugar a un resultado de compilaci├│n incorrecto. Los archivos implicados son C:\Users\4stro\Desktop\geode\the-coin-guide\build\_deps\bindings-src\bindings\2.2081\inline\CCShaky3D.cpp, C:\Users\4stro\Desktop\geode\the-coin-guide\build\bindings\bindings\Geode\source\CCShaky3D.cpp. [C:\Users\4stro\Desktop\geode\the-coin-guide\build\bindings\GeodeBindings.vcxproj]
E:\msvisual2026\MSBuild\Microsoft\VC\v180\Microsoft.CppBuild.targets(1139,5): warning MSB8027: Dos o m├ís archivos con el mismo nombre de CCShakyTiles3D.cpp producir├ín salidas en la misma ubicaci├│n. Esto puede dar lugar a un resultado de compilaci├│n incorrecto. Los archivos implicados son C:\Users\4stro\Desktop\geode\the-coin-guide\build\_deps\bindings-src\bindings\2.2081\inline\CCShakyTiles3D.cpp, C:\Users\4stro\Desktop\geode\the-coin-guide\build\bindings\bindings\Geode\source\CCShakyTiles3D.cpp. [C:\Users\4stro\Desktop\geode\the-coin-guide\build\bindings\GeodeBindings.vcxproj]
E:\msvisual2026\MSBuild\Microsoft\VC\v180\Microsoft.CppBuild.targets(1139,5): warning MSB8027: Dos o m├ís archivos con el mismo nombre de CCShatteredTiles3D.cpp producir├ín salidas en la misma ubicaci├│n. Esto puede dar lugar a un resultado de compilaci├│n incorrecto. Los archivos implicados son C:\Users\4stro\Desktop\geode\the-coin-guide\build\_deps\bindings-src\bindings\2.2081\inline\CCShatteredTiles3D.cpp, C:\Users\4stro\Desktop\geode\the-coin-guide\build\bindings\bindings\Geode\source\CCShatteredTiles3D.cpp. [C:\Users\4stro\Desktop\geode\the-coin-guide\build\bindings\GeodeBindings.vcxproj]
E:\msvisual2026\MSBuild\Microsoft\VC\v180\Microsoft.CppBuild.targets(1139,5): warning MSB8027: Dos o m├ís archivos con el mismo nombre de CCShow.cpp producir├ín salidas en la misma ubicaci├│n. Esto puede dar lugar a un resultado de compilaci├│n incorrecto. Los archivos implicados son C:\Users\4stro\Desktop\geode\the-coin-guide\build\_deps\bindings-src\bindings\2.2081\inline\CCShow.cpp, C:\Users\4stro\Desktop\geode\the-coin-guide\build\bindings\bindings\Geode\source\CCShow.cpp. [C:\Users\4stro\Desktop\geode\the-coin-guide\build\bindings\GeodeBindings.vcxproj]
E:\msvisual2026\MSBuild\Microsoft\VC\v180\Microsoft.CppBuild.targets(1139,5): warning MSB8027: Dos o m├ís archivos con el mismo nombre de CCShuffleTiles.cpp producir├ín salidas en la misma ubicaci├│n. Esto puede dar lugar a un resultado de compilaci├│n incorrecto. Los archivos implicados son C:\Users\4stro\Desktop\geode\the-coin-guide\build\_deps\bindings-src\bindings\2.2081\inline\CCShuffleTiles.cpp, C:\Users\4stro\Desktop\geode\the-coin-guide\build\bindings\bindings\Geode\source\CCShuffleTiles.cpp. [C:\Users\4stro\Desktop\geode\the-coin-guide\build\bindings\GeodeBindings.vcxproj]
E:\msvisual2026\MSBuild\Microsoft\VC\v180\Microsoft.CppBuild.targets(1139,5): warning MSB8027: Dos o m├ís archivos con el mismo nombre de CCSkewBy.cpp producir├ín salidas en la misma ubicaci├│n. Esto puede dar lugar a un resultado de compilaci├│n incorrecto. Los archivos implicados son C:\Users\4stro\Desktop\geode\the-coin-guide\build\_deps\bindings-src\bindings\2.2081\inline\CCSkewBy.cpp, C:\Users\4stro\Desktop\geode\the-coin-guide\build\bindings\bindings\Geode\source\CCSkewBy.cpp. [C:\Users\4stro\Desktop\geode\the-coin-guide\build\bindings\GeodeBindings.vcxproj]
E:\msvisual2026\MSBuild\Microsoft\VC\v180\Microsoft.CppBuild.targets(1139,5): warning MSB8027: Dos o m├ís archivos con el mismo nombre de CCSkewTo.cpp producir├ín salidas en la misma ubicaci├│n. Esto puede dar lugar a un resultado de compilaci├│n incorrecto. Los archivos implicados son C:\Users\4stro\Desktop\geode\the-coin-guide\build\_deps\bindings-src\bindings\2.2081\inline\CCSkewTo.cpp, C:\Users\4stro\Desktop\geode\the-coin-guide\build\bindings\bindings\Geode\source\CCSkewTo.cpp. [C:\Users\4stro\Desktop\geode\the-coin-guide\build\bindings\GeodeBindings.vcxproj]
E:\msvisual2026\MSBuild\Microsoft\VC\v180\Microsoft.CppBuild.targets(1139,5): warning MSB8027: Dos o m├ís archivos con el mismo nombre de CCSpawn.cpp producir├ín salidas en la misma ubicaci├│n. Esto puede dar lugar a un resultado de compilaci├│n incorrecto. Los archivos implicados son C:\Users\4stro\Desktop\geode\the-coin-guide\build\_deps\bindings-src\bindings\2.2081\inline\CCSpawn.cpp, C:\Users\4stro\Desktop\geode\the-coin-guide\build\bindings\bindings\Geode\source\CCSpawn.cpp. [C:\Users\4stro\Desktop\geode\the-coin-guide\build\bindings\GeodeBindings.vcxproj]
E:\msvisual2026\MSBuild\Microsoft\VC\v180\Microsoft.CppBuild.targets(1139,5): warning MSB8027: Dos o m├ís archivos con el mismo nombre de CCSpeed.cpp producir├ín salidas en la misma ubicaci├│n. Esto puede dar lugar a un resultado de compilaci├│n incorrecto. Los archivos implicados son C:\Users\4stro\Desktop\geode\the-coin-guide\build\_deps\bindings-src\bindings\2.2081\inline\CCSpeed.cpp, C:\Users\4stro\Desktop\geode\the-coin-guide\build\bindings\bindings\Geode\source\CCSpeed.cpp. [C:\Users\4stro\Desktop\geode\the-coin-guide\build\bindings\GeodeBindings.vcxproj]
E:\msvisual2026\MSBuild\Microsoft\VC\v180\Microsoft.CppBuild.targets(1139,5): warning MSB8027: Dos o m├ís archivos con el mismo nombre de CCSplitCols.cpp producir├ín salidas en la misma ubicaci├│n. Esto puede dar lugar a un resultado de compilaci├│n incorrecto. Los archivos implicados son C:\Users\4stro\Desktop\geode\the-coin-guide\build\_deps\bindings-src\bindings\2.2081\inline\CCSplitCols.cpp, C:\Users\4stro\Desktop\geode\the-coin-guide\build\bindings\bindings\Geode\source\CCSplitCols.cpp. [C:\Users\4stro\Desktop\geode\the-coin-guide\build\bindings\GeodeBindings.vcxproj]
E:\msvisual2026\MSBuild\Microsoft\VC\v180\Microsoft.CppBuild.targets(1139,5): warning MSB8027: Dos o m├ís archivos con el mismo nombre de CCSplitRows.cpp producir├ín salidas en la misma ubicaci├│n. Esto puede dar lugar a un resultado de compilaci├│n incorrecto. Los archivos implicados son C:\Users\4stro\Desktop\geode\the-coin-guide\build\_deps\bindings-src\bindings\2.2081\inline\CCSplitRows.cpp, C:\Users\4stro\Desktop\geode\the-coin-guide\build\bindings\bindings\Geode\source\CCSplitRows.cpp. [C:\Users\4stro\Desktop\geode\the-coin-guide\build\bindings\GeodeBindings.vcxproj]
E:\msvisual2026\MSBuild\Microsoft\VC\v180\Microsoft.CppBuild.targets(1139,5): warning MSB8027: Dos o m├ís archivos con el mismo nombre de CCSprite.cpp producir├ín salidas en la misma ubicaci├│n. Esto puede dar lugar a un resultado de compilaci├│n incorrecto. Los archivos implicados son C:\Users\4stro\Desktop\geode\the-coin-guide\build\_deps\bindings-src\bindings\2.2081\inline\CCSprite.cpp, C:\Users\4stro\Desktop\geode\the-coin-guide\build\bindings\bindings\Geode\source\CCSprite.cpp. [C:\Users\4stro\Desktop\geode\the-coin-guide\build\bindings\GeodeBindings.vcxproj]
E:\msvisual2026\MSBuild\Microsoft\VC\v180\Microsoft.CppBuild.targets(1139,5): warning MSB8027: Dos o m├ís archivos con el mismo nombre de CCSpriteBatchNode.cpp producir├ín salidas en la misma ubicaci├│n. Esto puede dar lugar a un resultado de compilaci├│n incorrecto. Los archivos implicados son C:\Users\4stro\Desktop\geode\the-coin-guide\build\_deps\bindings-src\bindings\2.2081\inline\CCSpriteBatchNode.cpp, C:\Users\4stro\Desktop\geode\the-coin-guide\build\bindings\bindings\Geode\source\CCSpriteBatchNode.cpp. [C:\Users\4stro\Desktop\geode\the-coin-guide\build\bindings\GeodeBindings.vcxproj]
E:\msvisual2026\MSBuild\Microsoft\VC\v180\Microsoft.CppBuild.targets(1139,5): warning MSB8027: Dos o m├ís archivos con el mismo nombre de CCSpriteCOpacity.cpp producir├ín salidas en la misma ubicaci├│n. Esto puede dar lugar a un resultado de compilaci├│n incorrecto. Los archivos implicados son C:\Users\4stro\Desktop\geode\the-coin-guide\build\_deps\bindings-src\bindings\2.2081\inline\CCSpriteCOpacity.cpp, C:\Users\4stro\Desktop\geode\the-coin-guide\build\bindings\bindings\Geode\source\CCSpriteCOpacity.cpp. [C:\Users\4stro\Desktop\geode\the-coin-guide\build\bindings\GeodeBindings.vcxproj]
E:\msvisual2026\MSBuild\Microsoft\VC\v180\Microsoft.CppBuild.targets(1139,5): warning MSB8027: Dos o m├ís archivos con el mismo nombre de CCSpriteFrame.cpp producir├ín salidas en la misma ubicaci├│n. Esto puede dar lugar a un resultado de compilaci├│n incorrecto. Los archivos implicados son C:\Users\4stro\Desktop\geode\the-coin-guide\build\_deps\bindings-src\bindings\2.2081\inline\CCSpriteFrame.cpp, C:\Users\4stro\Desktop\geode\the-coin-guide\build\bindings\bindings\Geode\source\CCSpriteFrame.cpp. [C:\Users\4stro\Desktop\geode\the-coin-guide\build\bindings\GeodeBindings.vcxproj]
E:\msvisual2026\MSBuild\Microsoft\VC\v180\Microsoft.CppBuild.targets(1139,5): warning MSB8027: Dos o m├ís archivos con el mismo nombre de CCSpriteFrameCache.cpp producir├ín salidas en la misma ubicaci├│n. Esto puede dar lugar a un resultado de compilaci├│n incorrecto. Los archivos implicados son C:\Users\4stro\Desktop\geode\the-coin-guide\build\_deps\bindings-src\bindings\2.2081\inline\CCSpriteFrameCache.cpp, C:\Users\4stro\Desktop\geode\the-coin-guide\build\bindings\bindings\Geode\source\CCSpriteFrameCache.cpp. [C:\Users\4stro\Desktop\geode\the-coin-guide\build\bindings\GeodeBindings.vcxproj]
E:\msvisual2026\MSBuild\Microsoft\VC\v180\Microsoft.CppBuild.targets(1139,5): warning MSB8027: Dos o m├ís archivos con el mismo nombre de CCSpriteGrayscale.cpp producir├ín salidas en la misma ubicaci├│n. Esto puede dar lugar a un resultado de compilaci├│n incorrecto. Los archivos implicados son C:\Users\4stro\Desktop\geode\the-coin-guide\build\_deps\bindings-src\bindings\2.2081\inline\CCSpriteGrayscale.cpp, C:\Users\4stro\Desktop\geode\the-coin-guide\build\bindings\bindings\Geode\source\CCSpriteGrayscale.cpp. [C:\Users\4stro\Desktop\geode\the-coin-guide\build\bindings\GeodeBindings.vcxproj]
E:\msvisual2026\MSBuild\Microsoft\VC\v180\Microsoft.CppBuild.targets(1139,5): warning MSB8027: Dos o m├ís archivos con el mismo nombre de CCSpritePart.cpp producir├ín salidas en la misma ubicaci├│n. Esto puede dar lugar a un resultado de compilaci├│n incorrecto. Los archivos implicados son C:\Users\4stro\Desktop\geode\the-coin-guide\build\_deps\bindings-src\bindings\2.2081\inline\CCSpritePart.cpp, C:\Users\4stro\Desktop\geode\the-coin-guide\build\bindings\bindings\Geode\source\CCSpritePart.cpp. [C:\Users\4stro\Desktop\geode\the-coin-guide\build\bindings\GeodeBindings.vcxproj]
E:\msvisual2026\MSBuild\Microsoft\VC\v180\Microsoft.CppBuild.targets(1139,5): warning MSB8027: Dos o m├ís archivos con el mismo nombre de CCSpritePlus.cpp producir├ín salidas en la misma ubicaci├│n. Esto puede dar lugar a un resultado de compilaci├│n incorrecto. Los archivos implicados son C:\Users\4stro\Desktop\geode\the-coin-guide\build\_deps\bindings-src\bindings\2.2081\inline\CCSpritePlus.cpp, C:\Users\4stro\Desktop\geode\the-coin-guide\build\bindings\bindings\Geode\source\CCSpritePlus.cpp. [C:\Users\4stro\Desktop\geode\the-coin-guide\build\bindings\GeodeBindings.vcxproj]
E:\msvisual2026\MSBuild\Microsoft\VC\v180\Microsoft.CppBuild.targets(1139,5): warning MSB8027: Dos o m├ís archivos con el mismo nombre de CCSpriteWithHue.cpp producir├ín salidas en la misma ubicaci├│n. Esto puede dar lugar a un resultado de compilaci├│n incorrecto. Los archivos implicados son C:\Users\4stro\Desktop\geode\the-coin-guide\build\_deps\bindings-src\bindings\2.2081\inline\CCSpriteWithHue.cpp, C:\Users\4stro\Desktop\geode\the-coin-guide\build\bindings\bindings\Geode\source\CCSpriteWithHue.cpp. [C:\Users\4stro\Desktop\geode\the-coin-guide\build\bindings\GeodeBindings.vcxproj]
E:\msvisual2026\MSBuild\Microsoft\VC\v180\Microsoft.CppBuild.targets(1139,5): warning MSB8027: Dos o m├ís archivos con el mismo nombre de CCStandardTouchHandler.cpp producir├ín salidas en la misma ubicaci├│n. Esto puede dar lugar a un resultado de compilaci├│n incorrecto. Los archivos implicados son C:\Users\4stro\Desktop\geode\the-coin-guide\build\_deps\bindings-src\bindings\2.2081\inline\CCStandardTouchHandler.cpp, C:\Users\4stro\Desktop\geode\the-coin-guide\build\bindings\bindings\Geode\source\CCStandardTouchHandler.cpp. [C:\Users\4stro\Desktop\geode\the-coin-guide\build\bindings\GeodeBindings.vcxproj]
E:\msvisual2026\MSBuild\Microsoft\VC\v180\Microsoft.CppBuild.targets(1139,5): warning MSB8027: Dos o m├ís archivos con el mismo nombre de CCStopGrid.cpp producir├ín salidas en la misma ubicaci├│n. Esto puede dar lugar a un resultado de compilaci├│n incorrecto. Los archivos implicados son C:\Users\4stro\Desktop\geode\the-coin-guide\build\_deps\bindings-src\bindings\2.2081\inline\CCStopGrid.cpp, C:\Users\4stro\Desktop\geode\the-coin-guide\build\bindings\bindings\Geode\source\CCStopGrid.cpp. [C:\Users\4stro\Desktop\geode\the-coin-guide\build\bindings\GeodeBindings.vcxproj]
E:\msvisual2026\MSBuild\Microsoft\VC\v180\Microsoft.CppBuild.targets(1139,5): warning MSB8027: Dos o m├ís archivos con el mismo nombre de CCString.cpp producir├ín salidas en la misma ubicaci├│n. Esto puede dar lugar a un resultado de compilaci├│n incorrecto. Los archivos implicados son C:\Users\4stro\Desktop\geode\the-coin-guide\build\_deps\bindings-src\bindings\2.2081\inline\CCString.cpp, C:\Users\4stro\Desktop\geode\the-coin-guide\build\bindings\bindings\Geode\source\CCString.cpp. [C:\Users\4stro\Desktop\geode\the-coin-guide\build\bindings\GeodeBindings.vcxproj]
E:\msvisual2026\MSBuild\Microsoft\VC\v180\Microsoft.CppBuild.targets(1139,5): warning MSB8027: Dos o m├ís archivos con el mismo nombre de CCTMXLayer.cpp producir├ín salidas en la misma ubicaci├│n. Esto puede dar lugar a un resultado de compilaci├│n incorrecto. Los archivos implicados son C:\Users\4stro\Desktop\geode\the-coin-guide\build\_deps\bindings-src\bindings\2.2081\inline\CCTMXLayer.cpp, C:\Users\4stro\Desktop\geode\the-coin-guide\build\bindings\bindings\Geode\source\CCTMXLayer.cpp. [C:\Users\4stro\Desktop\geode\the-coin-guide\build\bindings\GeodeBindings.vcxproj]
E:\msvisual2026\MSBuild\Microsoft\VC\v180\Microsoft.CppBuild.targets(1139,5): warning MSB8027: Dos o m├ís archivos con el mismo nombre de CCTMXLayerInfo.cpp producir├ín salidas en la misma ubicaci├│n. Esto puede dar lugar a un resultado de compilaci├│n incorrecto. Los archivos implicados son C:\Users\4stro\Desktop\geode\the-coin-guide\build\_deps\bindings-src\bindings\2.2081\inline\CCTMXLayerInfo.cpp, C:\Users\4stro\Desktop\geode\the-coin-guide\build\bindings\bindings\Geode\source\CCTMXLayerInfo.cpp. [C:\Users\4stro\Desktop\geode\the-coin-guide\build\bindings\GeodeBindings.vcxproj]
E:\msvisual2026\MSBuild\Microsoft\VC\v180\Microsoft.CppBuild.targets(1139,5): warning MSB8027: Dos o m├ís archivos con el mismo nombre de CCTMXMapInfo.cpp producir├ín salidas en la misma ubicaci├│n. Esto puede dar lugar a un resultado de compilaci├│n incorrecto. Los archivos implicados son C:\Users\4stro\Desktop\geode\the-coin-guide\build\_deps\bindings-src\bindings\2.2081\inline\CCTMXMapInfo.cpp, C:\Users\4stro\Desktop\geode\the-coin-guide\build\bindings\bindings\Geode\source\CCTMXMapInfo.cpp. [C:\Users\4stro\Desktop\geode\the-coin-guide\build\bindings\GeodeBindings.vcxproj]
E:\msvisual2026\MSBuild\Microsoft\VC\v180\Microsoft.CppBuild.targets(1139,5): warning MSB8027: Dos o m├ís archivos con el mismo nombre de CCTMXObjectGroup.cpp producir├ín salidas en la misma ubicaci├│n. Esto puede dar lugar a un resultado de compilaci├│n incorrecto. Los archivos implicados son C:\Users\4stro\Desktop\geode\the-coin-guide\build\_deps\bindings-src\bindings\2.2081\inline\CCTMXObjectGroup.cpp, C:\Users\4stro\Desktop\geode\the-coin-guide\build\bindings\bindings\Geode\source\CCTMXObjectGroup.cpp. [C:\Users\4stro\Desktop\geode\the-coin-guide\build\bindings\GeodeBindings.vcxproj]
E:\msvisual2026\MSBuild\Microsoft\VC\v180\Microsoft.CppBuild.targets(1139,5): warning MSB8027: Dos o m├ís archivos con el mismo nombre de CCTMXTiledMap.cpp producir├ín salidas en la misma ubicaci├│n. Esto puede dar lugar a un resultado de compilaci├│n incorrecto. Los archivos implicados son C:\Users\4stro\Desktop\geode\the-coin-guide\build\_deps\bindings-src\bindings\2.2081\inline\CCTMXTiledMap.cpp, C:\Users\4stro\Desktop\geode\the-coin-guide\build\bindings\bindings\Geode\source\CCTMXTiledMap.cpp. [C:\Users\4stro\Desktop\geode\the-coin-guide\build\bindings\GeodeBindings.vcxproj]
E:\msvisual2026\MSBuild\Microsoft\VC\v180\Microsoft.CppBuild.targets(1139,5): warning MSB8027: Dos o m├ís archivos con el mismo nombre de CCTMXTilesetInfo.cpp producir├ín salidas en la misma ubicaci├│n. Esto puede dar lugar a un resultado de compilaci├│n incorrecto. Los archivos implicados son C:\Users\4stro\Desktop\geode\the-coin-guide\build\_deps\bindings-src\bindings\2.2081\inline\CCTMXTilesetInfo.cpp, C:\Users\4stro\Desktop\geode\the-coin-guide\build\bindings\bindings\Geode\source\CCTMXTilesetInfo.cpp. [C:\Users\4stro\Desktop\geode\the-coin-guide\build\bindings\GeodeBindings.vcxproj]
E:\msvisual2026\MSBuild\Microsoft\VC\v180\Microsoft.CppBuild.targets(1139,5): warning MSB8027: Dos o m├ís archivos con el mismo nombre de CCTableView.cpp producir├ín salidas en la misma ubicaci├│n. Esto puede dar lugar a un resultado de compilaci├│n incorrecto. Los archivos implicados son C:\Users\4stro\Desktop\geode\the-coin-guide\build\_deps\bindings-src\bindings\2.2081\inline\CCTableView.cpp, C:\Users\4stro\Desktop\geode\the-coin-guide\build\bindings\bindings\Geode\source\CCTableView.cpp. [C:\Users\4stro\Desktop\geode\the-coin-guide\build\bindings\GeodeBindings.vcxproj]
E:\msvisual2026\MSBuild\Microsoft\VC\v180\Microsoft.CppBuild.targets(1139,5): warning MSB8027: Dos o m├ís archivos con el mismo nombre de CCTableViewCell.cpp producir├ín salidas en la misma ubicaci├│n. Esto puede dar lugar a un resultado de compilaci├│n incorrecto. Los archivos implicados son C:\Users\4stro\Desktop\geode\the-coin-guide\build\_deps\bindings-src\bindings\2.2081\inline\CCTableViewCell.cpp, C:\Users\4stro\Desktop\geode\the-coin-guide\build\bindings\bindings\Geode\source\CCTableViewCell.cpp. [C:\Users\4stro\Desktop\geode\the-coin-guide\build\bindings\GeodeBindings.vcxproj]
E:\msvisual2026\MSBuild\Microsoft\VC\v180\Microsoft.CppBuild.targets(1139,5): warning MSB8027: Dos o m├ís archivos con el mismo nombre de CCTargetedAction.cpp producir├ín salidas en la misma ubicaci├│n. Esto puede dar lugar a un resultado de compilaci├│n incorrecto. Los archivos implicados son C:\Users\4stro\Desktop\geode\the-coin-guide\build\_deps\bindings-src\bindings\2.2081\inline\CCTargetedAction.cpp, C:\Users\4stro\Desktop\geode\the-coin-guide\build\bindings\bindings\Geode\source\CCTargetedAction.cpp. [C:\Users\4stro\Desktop\geode\the-coin-guide\build\bindings\GeodeBindings.vcxproj]
E:\msvisual2026\MSBuild\Microsoft\VC\v180\Microsoft.CppBuild.targets(1139,5): warning MSB8027: Dos o m├ís archivos con el mismo nombre de CCTargetedTouchHandler.cpp producir├ín salidas en la misma ubicaci├│n. Esto puede dar lugar a un resultado de compilaci├│n incorrecto. Los archivos implicados son C:\Users\4stro\Desktop\geode\the-coin-guide\build\_deps\bindings-src\bindings\2.2081\inline\CCTargetedTouchHandler.cpp, C:\Users\4stro\Desktop\geode\the-coin-guide\build\bindings\bindings\Geode\source\CCTargetedTouchHandler.cpp. [C:\Users\4stro\Desktop\geode\the-coin-guide\build\bindings\GeodeBindings.vcxproj]
E:\msvisual2026\MSBuild\Microsoft\VC\v180\Microsoft.CppBuild.targets(1139,5): warning MSB8027: Dos o m├ís archivos con el mismo nombre de CCTextFieldTTF.cpp producir├ín salidas en la misma ubicaci├│n. Esto puede dar lugar a un resultado de compilaci├│n incorrecto. Los archivos implicados son C:\Users\4stro\Desktop\geode\the-coin-guide\build\_deps\bindings-src\bindings\2.2081\inline\CCTextFieldTTF.cpp, C:\Users\4stro\Desktop\geode\the-coin-guide\build\bindings\bindings\Geode\source\CCTextFieldTTF.cpp. [C:\Users\4stro\Desktop\geode\the-coin-guide\build\bindings\GeodeBindings.vcxproj]
E:\msvisual2026\MSBuild\Microsoft\VC\v180\Microsoft.CppBuild.targets(1139,5): warning MSB8027: Dos o m├ís archivos con el mismo nombre de CCTextInputNode.cpp producir├ín salidas en la misma ubicaci├│n. Esto puede dar lugar a un resultado de compilaci├│n incorrecto. Los archivos implicados son C:\Users\4stro\Desktop\geode\the-coin-guide\build\_deps\bindings-src\bindings\2.2081\inline\CCTextInputNode.cpp, C:\Users\4stro\Desktop\geode\the-coin-guide\build\bindings\bindings\Geode\source\CCTextInputNode.cpp. [C:\Users\4stro\Desktop\geode\the-coin-guide\build\bindings\GeodeBindings.vcxproj]
E:\msvisual2026\MSBuild\Microsoft\VC\v180\Microsoft.CppBuild.targets(1139,5): warning MSB8027: Dos o m├ís archivos con el mismo nombre de CCTexture2D.cpp producir├ín salidas en la misma ubicaci├│n. Esto puede dar lugar a un resultado de compilaci├│n incorrecto. Los archivos implicados son C:\Users\4stro\Desktop\geode\the-coin-guide\build\_deps\bindings-src\bindings\2.2081\inline\CCTexture2D.cpp, C:\Users\4stro\Desktop\geode\the-coin-guide\build\bindings\bindings\Geode\source\CCTexture2D.cpp. [C:\Users\4stro\Desktop\geode\the-coin-guide\build\bindings\GeodeBindings.vcxproj]
E:\msvisual2026\MSBuild\Microsoft\VC\v180\Microsoft.CppBuild.targets(1139,5): warning MSB8027: Dos o m├ís archivos con el mismo nombre de CCTextureAtlas.cpp producir├ín salidas en la misma ubicaci├│n. Esto puede dar lugar a un resultado de compilaci├│n incorrecto. Los archivos implicados son C:\Users\4stro\Desktop\geode\the-coin-guide\build\_deps\bindings-src\bindings\2.2081\inline\CCTextureAtlas.cpp, C:\Users\4stro\Desktop\geode\the-coin-guide\build\bindings\bindings\Geode\source\CCTextureAtlas.cpp. [C:\Users\4stro\Desktop\geode\the-coin-guide\build\bindings\GeodeBindings.vcxproj]
E:\msvisual2026\MSBuild\Microsoft\VC\v180\Microsoft.CppBuild.targets(1139,5): warning MSB8027: Dos o m├ís archivos con el mismo nombre de CCTextureCache.cpp producir├ín salidas en la misma ubicaci├│n. Esto puede dar lugar a un resultado de compilaci├│n incorrecto. Los archivos implicados son C:\Users\4stro\Desktop\geode\the-coin-guide\build\_deps\bindings-src\bindings\2.2081\inline\CCTextureCache.cpp, C:\Users\4stro\Desktop\geode\the-coin-guide\build\bindings\bindings\Geode\source\CCTextureCache.cpp. [C:\Users\4stro\Desktop\geode\the-coin-guide\build\bindings\GeodeBindings.vcxproj]
E:\msvisual2026\MSBuild\Microsoft\VC\v180\Microsoft.CppBuild.targets(1139,5): warning MSB8027: Dos o m├ís archivos con el mismo nombre de CCTextureETC.cpp producir├ín salidas en la misma ubicaci├│n. Esto puede dar lugar a un resultado de compilaci├│n incorrecto. Los archivos implicados son C:\Users\4stro\Desktop\geode\the-coin-guide\build\_deps\bindings-src\bindings\2.2081\inline\CCTextureETC.cpp, C:\Users\4stro\Desktop\geode\the-coin-guide\build\bindings\bindings\Geode\source\CCTextureETC.cpp. [C:\Users\4stro\Desktop\geode\the-coin-guide\build\bindings\GeodeBindings.vcxproj]
E:\msvisual2026\MSBuild\Microsoft\VC\v180\Microsoft.CppBuild.targets(1139,5): warning MSB8027: Dos o m├ís archivos con el mismo nombre de CCTexturePVR.cpp producir├ín salidas en la misma ubicaci├│n. Esto puede dar lugar a un resultado de compilaci├│n incorrecto. Los archivos implicados son C:\Users\4stro\Desktop\geode\the-coin-guide\build\_deps\bindings-src\bindings\2.2081\inline\CCTexturePVR.cpp, C:\Users\4stro\Desktop\geode\the-coin-guide\build\bindings\bindings\Geode\source\CCTexturePVR.cpp. [C:\Users\4stro\Desktop\geode\the-coin-guide\build\bindings\GeodeBindings.vcxproj]
E:\msvisual2026\MSBuild\Microsoft\VC\v180\Microsoft.CppBuild.targets(1139,5): warning MSB8027: Dos o m├ís archivos con el mismo nombre de CCThread.cpp producir├ín salidas en la misma ubicaci├│n. Esto puede dar lugar a un resultado de compilaci├│n incorrecto. Los archivos implicados son C:\Users\4stro\Desktop\geode\the-coin-guide\build\_deps\bindings-src\bindings\2.2081\inline\CCThread.cpp, C:\Users\4stro\Desktop\geode\the-coin-guide\build\bindings\bindings\Geode\source\CCThread.cpp. [C:\Users\4stro\Desktop\geode\the-coin-guide\build\bindings\GeodeBindings.vcxproj]
E:\msvisual2026\MSBuild\Microsoft\VC\v180\Microsoft.CppBuild.targets(1139,5): warning MSB8027: Dos o m├ís archivos con el mismo nombre de CCTileMapAtlas.cpp producir├ín salidas en la misma ubicaci├│n. Esto puede dar lugar a un resultado de compilaci├│n incorrecto. Los archivos implicados son C:\Users\4stro\Desktop\geode\the-coin-guide\build\_deps\bindings-src\bindings\2.2081\inline\CCTileMapAtlas.cpp, C:\Users\4stro\Desktop\geode\the-coin-guide\build\bindings\bindings\Geode\source\CCTileMapAtlas.cpp. [C:\Users\4stro\Desktop\geode\the-coin-guide\build\bindings\GeodeBindings.vcxproj]
E:\msvisual2026\MSBuild\Microsoft\VC\v180\Microsoft.CppBuild.targets(1139,5): warning MSB8027: Dos o m├ís archivos con el mismo nombre de CCTiledGrid3D.cpp producir├ín salidas en la misma ubicaci├│n. Esto puede dar lugar a un resultado de compilaci├│n incorrecto. Los archivos implicados son C:\Users\4stro\Desktop\geode\the-coin-guide\build\_deps\bindings-src\bindings\2.2081\inline\CCTiledGrid3D.cpp, C:\Users\4stro\Desktop\geode\the-coin-guide\build\bindings\bindings\Geode\source\CCTiledGrid3D.cpp. [C:\Users\4stro\Desktop\geode\the-coin-guide\build\bindings\GeodeBindings.vcxproj]
E:\msvisual2026\MSBuild\Microsoft\VC\v180\Microsoft.CppBuild.targets(1139,5): warning MSB8027: Dos o m├ís archivos con el mismo nombre de CCTiledGrid3DAction.cpp producir├ín salidas en la misma ubicaci├│n. Esto puede dar lugar a un resultado de compilaci├│n incorrecto. Los archivos implicados son C:\Users\4stro\Desktop\geode\the-coin-guide\build\_deps\bindings-src\bindings\2.2081\inline\CCTiledGrid3DAction.cpp, C:\Users\4stro\Desktop\geode\the-coin-guide\build\bindings\bindings\Geode\source\CCTiledGrid3DAction.cpp. [C:\Users\4stro\Desktop\geode\the-coin-guide\build\bindings\GeodeBindings.vcxproj]
E:\msvisual2026\MSBuild\Microsoft\VC\v180\Microsoft.CppBuild.targets(1139,5): warning MSB8027: Dos o m├ís archivos con el mismo nombre de CCTime.cpp producir├ín salidas en la misma ubicaci├│n. Esto puede dar lugar a un resultado de compilaci├│n incorrecto. Los archivos implicados son C:\Users\4stro\Desktop\geode\the-coin-guide\build\_deps\bindings-src\bindings\2.2081\inline\CCTime.cpp, C:\Users\4stro\Desktop\geode\the-coin-guide\build\bindings\bindings\Geode\source\CCTime.cpp. [C:\Users\4stro\Desktop\geode\the-coin-guide\build\bindings\GeodeBindings.vcxproj]
E:\msvisual2026\MSBuild\Microsoft\VC\v180\Microsoft.CppBuild.targets(1139,5): warning MSB8027: Dos o m├ís archivos con el mismo nombre de CCTimer.cpp producir├ín salidas en la misma ubicaci├│n. Esto puede dar lugar a un resultado de compilaci├│n incorrecto. Los archivos implicados son C:\Users\4stro\Desktop\geode\the-coin-guide\build\_deps\bindings-src\bindings\2.2081\inline\CCTimer.cpp, C:\Users\4stro\Desktop\geode\the-coin-guide\build\bindings\bindings\Geode\source\CCTimer.cpp. [C:\Users\4stro\Desktop\geode\the-coin-guide\build\bindings\GeodeBindings.vcxproj]
E:\msvisual2026\MSBuild\Microsoft\VC\v180\Microsoft.CppBuild.targets(1139,5): warning MSB8027: Dos o m├ís archivos con el mismo nombre de CCTintBy.cpp producir├ín salidas en la misma ubicaci├│n. Esto puede dar lugar a un resultado de compilaci├│n incorrecto. Los archivos implicados son C:\Users\4stro\Desktop\geode\the-coin-guide\build\_deps\bindings-src\bindings\2.2081\inline\CCTintBy.cpp, C:\Users\4stro\Desktop\geode\the-coin-guide\build\bindings\bindings\Geode\source\CCTintBy.cpp. [C:\Users\4stro\Desktop\geode\the-coin-guide\build\bindings\GeodeBindings.vcxproj]
E:\msvisual2026\MSBuild\Microsoft\VC\v180\Microsoft.CppBuild.targets(1139,5): warning MSB8027: Dos o m├ís archivos con el mismo nombre de CCTintTo.cpp producir├ín salidas en la misma ubicaci├│n. Esto puede dar lugar a un resultado de compilaci├│n incorrecto. Los archivos implicados son C:\Users\4stro\Desktop\geode\the-coin-guide\build\_deps\bindings-src\bindings\2.2081\inline\CCTintTo.cpp, C:\Users\4stro\Desktop\geode\the-coin-guide\build\bindings\bindings\Geode\source\CCTintTo.cpp. [C:\Users\4stro\Desktop\geode\the-coin-guide\build\bindings\GeodeBindings.vcxproj]
E:\msvisual2026\MSBuild\Microsoft\VC\v180\Microsoft.CppBuild.targets(1139,5): warning MSB8027: Dos o m├ís archivos con el mismo nombre de CCToggleVisibility.cpp producir├ín salidas en la misma ubicaci├│n. Esto puede dar lugar a un resultado de compilaci├│n incorrecto. Los archivos implicados son C:\Users\4stro\Desktop\geode\the-coin-guide\build\_deps\bindings-src\bindings\2.2081\inline\CCToggleVisibility.cpp, C:\Users\4stro\Desktop\geode\the-coin-guide\build\bindings\bindings\Geode\source\CCToggleVisibility.cpp. [C:\Users\4stro\Desktop\geode\the-coin-guide\build\bindings\GeodeBindings.vcxproj]
E:\msvisual2026\MSBuild\Microsoft\VC\v180\Microsoft.CppBuild.targets(1139,5): warning MSB8027: Dos o m├ís archivos con el mismo nombre de CCTouch.cpp producir├ín salidas en la misma ubicaci├│n. Esto puede dar lugar a un resultado de compilaci├│n incorrecto. Los archivos implicados son C:\Users\4stro\Desktop\geode\the-coin-guide\build\_deps\bindings-src\bindings\2.2081\inline\CCTouch.cpp, C:\Users\4stro\Desktop\geode\the-coin-guide\build\bindings\bindings\Geode\source\CCTouch.cpp. [C:\Users\4stro\Desktop\geode\the-coin-guide\build\bindings\GeodeBindings.vcxproj]
E:\msvisual2026\MSBuild\Microsoft\VC\v180\Microsoft.CppBuild.targets(1139,5): warning MSB8027: Dos o m├ís archivos con el mismo nombre de CCTouchDelegate.cpp producir├ín salidas en la misma ubicaci├│n. Esto puede dar lugar a un resultado de compilaci├│n incorrecto. Los archivos implicados son C:\Users\4stro\Desktop\geode\the-coin-guide\build\_deps\bindings-src\bindings\2.2081\inline\CCTouchDelegate.cpp, C:\Users\4stro\Desktop\geode\the-coin-guide\build\bindings\bindings\Geode\source\CCTouchDelegate.cpp. [C:\Users\4stro\Desktop\geode\the-coin-guide\build\bindings\GeodeBindings.vcxproj]
E:\msvisual2026\MSBuild\Microsoft\VC\v180\Microsoft.CppBuild.targets(1139,5): warning MSB8027: Dos o m├ís archivos con el mismo nombre de CCTouchDispatcher.cpp producir├ín salidas en la misma ubicaci├│n. Esto puede dar lugar a un resultado de compilaci├│n incorrecto. Los archivos implicados son C:\Users\4stro\Desktop\geode\the-coin-guide\build\_deps\bindings-src\bindings\2.2081\inline\CCTouchDispatcher.cpp, C:\Users\4stro\Desktop\geode\the-coin-guide\build\bindings\bindings\Geode\source\CCTouchDispatcher.cpp. [C:\Users\4stro\Desktop\geode\the-coin-guide\build\bindings\GeodeBindings.vcxproj]
E:\msvisual2026\MSBuild\Microsoft\VC\v180\Microsoft.CppBuild.targets(1139,5): warning MSB8027: Dos o m├ís archivos con el mismo nombre de CCTouchHandler.cpp producir├ín salidas en la misma ubicaci├│n. Esto puede dar lugar a un resultado de compilaci├│n incorrecto. Los archivos implicados son C:\Users\4stro\Desktop\geode\the-coin-guide\build\_deps\bindings-src\bindings\2.2081\inline\CCTouchHandler.cpp, C:\Users\4stro\Desktop\geode\the-coin-guide\build\bindings\bindings\Geode\source\CCTouchHandler.cpp. [C:\Users\4stro\Desktop\geode\the-coin-guide\build\bindings\GeodeBindings.vcxproj]
E:\msvisual2026\MSBuild\Microsoft\VC\v180\Microsoft.CppBuild.targets(1139,5): warning MSB8027: Dos o m├ís archivos con el mismo nombre de CCTouchScriptHandlerEntry.cpp producir├ín salidas en la misma ubicaci├│n. Esto puede dar lugar a un resultado de compilaci├│n incorrecto. Los archivos implicados son C:\Users\4stro\Desktop\geode\the-coin-guide\build\_deps\bindings-src\bindings\2.2081\inline\CCTouchScriptHandlerEntry.cpp, C:\Users\4stro\Desktop\geode\the-coin-guide\build\bindings\bindings\Geode\source\CCTouchScriptHandlerEntry.cpp. [C:\Users\4stro\Desktop\geode\the-coin-guide\build\bindings\GeodeBindings.vcxproj]
E:\msvisual2026\MSBuild\Microsoft\VC\v180\Microsoft.CppBuild.targets(1139,5): warning MSB8027: Dos o m├ís archivos con el mismo nombre de CCTransitionCrossFade.cpp producir├ín salidas en la misma ubicaci├│n. Esto puede dar lugar a un resultado de compilaci├│n incorrecto. Los archivos implicados son C:\Users\4stro\Desktop\geode\the-coin-guide\build\_deps\bindings-src\bindings\2.2081\inline\CCTransitionCrossFade.cpp, C:\Users\4stro\Desktop\geode\the-coin-guide\build\bindings\bindings\Geode\source\CCTransitionCrossFade.cpp. [C:\Users\4stro\Desktop\geode\the-coin-guide\build\bindings\GeodeBindings.vcxproj]
E:\msvisual2026\MSBuild\Microsoft\VC\v180\Microsoft.CppBuild.targets(1139,5): warning MSB8027: Dos o m├ís archivos con el mismo nombre de CCTransitionFade.cpp producir├ín salidas en la misma ubicaci├│n. Esto puede dar lugar a un resultado de compilaci├│n incorrecto. Los archivos implicados son C:\Users\4stro\Desktop\geode\the-coin-guide\build\_deps\bindings-src\bindings\2.2081\inline\CCTransitionFade.cpp, C:\Users\4stro\Desktop\geode\the-coin-guide\build\bindings\bindings\Geode\source\CCTransitionFade.cpp. [C:\Users\4stro\Desktop\geode\the-coin-guide\build\bindings\GeodeBindings.vcxproj]
E:\msvisual2026\MSBuild\Microsoft\VC\v180\Microsoft.CppBuild.targets(1139,5): warning MSB8027: Dos o m├ís archivos con el mismo nombre de CCTransitionFadeBL.cpp producir├ín salidas en la misma ubicaci├│n. Esto puede dar lugar a un resultado de compilaci├│n incorrecto. Los archivos implicados son C:\Users\4stro\Desktop\geode\the-coin-guide\build\_deps\bindings-src\bindings\2.2081\inline\CCTransitionFadeBL.cpp, C:\Users\4stro\Desktop\geode\the-coin-guide\build\bindings\bindings\Geode\source\CCTransitionFadeBL.cpp. [C:\Users\4stro\Desktop\geode\the-coin-guide\build\bindings\GeodeBindings.vcxproj]
E:\msvisual2026\MSBuild\Microsoft\VC\v180\Microsoft.CppBuild.targets(1139,5): warning MSB8027: Dos o m├ís archivos con el mismo nombre de CCTransitionFadeDown.cpp producir├ín salidas en la misma ubicaci├│n. Esto puede dar lugar a un resultado de compilaci├│n incorrecto. Los archivos implicados son C:\Users\4stro\Desktop\geode\the-coin-guide\build\_deps\bindings-src\bindings\2.2081\inline\CCTransitionFadeDown.cpp, C:\Users\4stro\Desktop\geode\the-coin-guide\build\bindings\bindings\Geode\source\CCTransitionFadeDown.cpp. [C:\Users\4stro\Desktop\geode\the-coin-guide\build\bindings\GeodeBindings.vcxproj]
E:\msvisual2026\MSBuild\Microsoft\VC\v180\Microsoft.CppBuild.targets(1139,5): warning MSB8027: Dos o m├ís archivos con el mismo nombre de CCTransitionFadeTR.cpp producir├ín salidas en la misma ubicaci├│n. Esto puede dar lugar a un resultado de compilaci├│n incorrecto. Los archivos implicados son C:\Users\4stro\Desktop\geode\the-coin-guide\build\_deps\bindings-src\bindings\2.2081\inline\CCTransitionFadeTR.cpp, C:\Users\4stro\Desktop\geode\the-coin-guide\build\bindings\bindings\Geode\source\CCTransitionFadeTR.cpp. [C:\Users\4stro\Desktop\geode\the-coin-guide\build\bindings\GeodeBindings.vcxproj]
E:\msvisual2026\MSBuild\Microsoft\VC\v180\Microsoft.CppBuild.targets(1139,5): warning MSB8027: Dos o m├ís archivos con el mismo nombre de CCTransitionFadeUp.cpp producir├ín salidas en la misma ubicaci├│n. Esto puede dar lugar a un resultado de compilaci├│n incorrecto. Los archivos implicados son C:\Users\4stro\Desktop\geode\the-coin-guide\build\_deps\bindings-src\bindings\2.2081\inline\CCTransitionFadeUp.cpp, C:\Users\4stro\Desktop\geode\the-coin-guide\build\bindings\bindings\Geode\source\CCTransitionFadeUp.cpp. [C:\Users\4stro\Desktop\geode\the-coin-guide\build\bindings\GeodeBindings.vcxproj]
E:\msvisual2026\MSBuild\Microsoft\VC\v180\Microsoft.CppBuild.targets(1139,5): warning MSB8027: Dos o m├ís archivos con el mismo nombre de CCTransitionFlipAngular.cpp producir├ín salidas en la misma ubicaci├│n. Esto puede dar lugar a un resultado de compilaci├│n incorrecto. Los archivos implicados son C:\Users\4stro\Desktop\geode\the-coin-guide\build\_deps\bindings-src\bindings\2.2081\inline\CCTransitionFlipAngular.cpp, C:\Users\4stro\Desktop\geode\the-coin-guide\build\bindings\bindings\Geode\source\CCTransitionFlipAngular.cpp. [C:\Users\4stro\Desktop\geode\the-coin-guide\build\bindings\GeodeBindings.vcxproj]
E:\msvisual2026\MSBuild\Microsoft\VC\v180\Microsoft.CppBuild.targets(1139,5): warning MSB8027: Dos o m├ís archivos con el mismo nombre de CCTransitionFlipX.cpp producir├ín salidas en la misma ubicaci├│n. Esto puede dar lugar a un resultado de compilaci├│n incorrecto. Los archivos implicados son C:\Users\4stro\Desktop\geode\the-coin-guide\build\_deps\bindings-src\bindings\2.2081\inline\CCTransitionFlipX.cpp, C:\Users\4stro\Desktop\geode\the-coin-guide\build\bindings\bindings\Geode\source\CCTransitionFlipX.cpp. [C:\Users\4stro\Desktop\geode\the-coin-guide\build\bindings\GeodeBindings.vcxproj]
E:\msvisual2026\MSBuild\Microsoft\VC\v180\Microsoft.CppBuild.targets(1139,5): warning MSB8027: Dos o m├ís archivos con el mismo nombre de CCTransitionFlipY.cpp producir├ín salidas en la misma ubicaci├│n. Esto puede dar lugar a un resultado de compilaci├│n incorrecto. Los archivos implicados son C:\Users\4stro\Desktop\geode\the-coin-guide\build\_deps\bindings-src\bindings\2.2081\inline\CCTransitionFlipY.cpp, C:\Users\4stro\Desktop\geode\the-coin-guide\build\bindings\bindings\Geode\source\CCTransitionFlipY.cpp. [C:\Users\4stro\Desktop\geode\the-coin-guide\build\bindings\GeodeBindings.vcxproj]
E:\msvisual2026\MSBuild\Microsoft\VC\v180\Microsoft.CppBuild.targets(1139,5): warning MSB8027: Dos o m├ís archivos con el mismo nombre de CCTransitionJumpZoom.cpp producir├ín salidas en la misma ubicaci├│n. Esto puede dar lugar a un resultado de compilaci├│n incorrecto. Los archivos implicados son C:\Users\4stro\Desktop\geode\the-coin-guide\build\_deps\bindings-src\bindings\2.2081\inline\CCTransitionJumpZoom.cpp, C:\Users\4stro\Desktop\geode\the-coin-guide\build\bindings\bindings\Geode\source\CCTransitionJumpZoom.cpp. [C:\Users\4stro\Desktop\geode\the-coin-guide\build\bindings\GeodeBindings.vcxproj]
E:\msvisual2026\MSBuild\Microsoft\VC\v180\Microsoft.CppBuild.targets(1139,5): warning MSB8027: Dos o m├ís archivos con el mismo nombre de CCTransitionMoveInB.cpp producir├ín salidas en la misma ubicaci├│n. Esto puede dar lugar a un resultado de compilaci├│n incorrecto. Los archivos implicados son C:\Users\4stro\Desktop\geode\the-coin-guide\build\_deps\bindings-src\bindings\2.2081\inline\CCTransitionMoveInB.cpp, C:\Users\4stro\Desktop\geode\the-coin-guide\build\bindings\bindings\Geode\source\CCTransitionMoveInB.cpp. [C:\Users\4stro\Desktop\geode\the-coin-guide\build\bindings\GeodeBindings.vcxproj]
E:\msvisual2026\MSBuild\Microsoft\VC\v180\Microsoft.CppBuild.targets(1139,5): warning MSB8027: Dos o m├ís archivos con el mismo nombre de CCTransitionMoveInL.cpp producir├ín salidas en la misma ubicaci├│n. Esto puede dar lugar a un resultado de compilaci├│n incorrecto. Los archivos implicados son C:\Users\4stro\Desktop\geode\the-coin-guide\build\_deps\bindings-src\bindings\2.2081\inline\CCTransitionMoveInL.cpp, C:\Users\4stro\Desktop\geode\the-coin-guide\build\bindings\bindings\Geode\source\CCTransitionMoveInL.cpp. [C:\Users\4stro\Desktop\geode\the-coin-guide\build\bindings\GeodeBindings.vcxproj]
E:\msvisual2026\MSBuild\Microsoft\VC\v180\Microsoft.CppBuild.targets(1139,5): warning MSB8027: Dos o m├ís archivos con el mismo nombre de CCTransitionMoveInR.cpp producir├ín salidas en la misma ubicaci├│n. Esto puede dar lugar a un resultado de compilaci├│n incorrecto. Los archivos implicados son C:\Users\4stro\Desktop\geode\the-coin-guide\build\_deps\bindings-src\bindings\2.2081\inline\CCTransitionMoveInR.cpp, C:\Users\4stro\Desktop\geode\the-coin-guide\build\bindings\bindings\Geode\source\CCTransitionMoveInR.cpp. [C:\Users\4stro\Desktop\geode\the-coin-guide\build\bindings\GeodeBindings.vcxproj]
E:\msvisual2026\MSBuild\Microsoft\VC\v180\Microsoft.CppBuild.targets(1139,5): warning MSB8027: Dos o m├ís archivos con el mismo nombre de CCTransitionMoveInT.cpp producir├ín salidas en la misma ubicaci├│n. Esto puede dar lugar a un resultado de compilaci├│n incorrecto. Los archivos implicados son C:\Users\4stro\Desktop\geode\the-coin-guide\build\_deps\bindings-src\bindings\2.2081\inline\CCTransitionMoveInT.cpp, C:\Users\4stro\Desktop\geode\the-coin-guide\build\bindings\bindings\Geode\source\CCTransitionMoveInT.cpp. [C:\Users\4stro\Desktop\geode\the-coin-guide\build\bindings\GeodeBindings.vcxproj]
E:\msvisual2026\MSBuild\Microsoft\VC\v180\Microsoft.CppBuild.targets(1139,5): warning MSB8027: Dos o m├ís archivos con el mismo nombre de CCTransitionPageTurn.cpp producir├ín salidas en la misma ubicaci├│n. Esto puede dar lugar a un resultado de compilaci├│n incorrecto. Los archivos implicados son C:\Users\4stro\Desktop\geode\the-coin-guide\build\_deps\bindings-src\bindings\2.2081\inline\CCTransitionPageTurn.cpp, C:\Users\4stro\Desktop\geode\the-coin-guide\build\bindings\bindings\Geode\source\CCTransitionPageTurn.cpp. [C:\Users\4stro\Desktop\geode\the-coin-guide\build\bindings\GeodeBindings.vcxproj]
E:\msvisual2026\MSBuild\Microsoft\VC\v180\Microsoft.CppBuild.targets(1139,5): warning MSB8027: Dos o m├ís archivos con el mismo nombre de CCTransitionProgress.cpp producir├ín salidas en la misma ubicaci├│n. Esto puede dar lugar a un resultado de compilaci├│n incorrecto. Los archivos implicados son C:\Users\4stro\Desktop\geode\the-coin-guide\build\_deps\bindings-src\bindings\2.2081\inline\CCTransitionProgress.cpp, C:\Users\4stro\Desktop\geode\the-coin-guide\build\bindings\bindings\Geode\source\CCTransitionProgress.cpp. [C:\Users\4stro\Desktop\geode\the-coin-guide\build\bindings\GeodeBindings.vcxproj]
E:\msvisual2026\MSBuild\Microsoft\VC\v180\Microsoft.CppBuild.targets(1139,5): warning MSB8027: Dos o m├ís archivos con el mismo nombre de CCTransitionProgressHorizontal.cpp producir├ín salidas en la misma ubicaci├│n. Esto puede dar lugar a un resultado de compilaci├│n incorrecto. Los archivos implicados son C:\Users\4stro\Desktop\geode\the-coin-guide\build\_deps\bindings-src\bindings\2.2081\inline\CCTransitionProgressHorizontal.cpp, C:\Users\4stro\Desktop\geode\the-coin-guide\build\bindings\bindings\Geode\source\CCTransitionProgressHorizontal.cpp. [C:\Users\4stro\Desktop\geode\the-coin-guide\build\bindings\GeodeBindings.vcxproj]
E:\msvisual2026\MSBuild\Microsoft\VC\v180\Microsoft.CppBuild.targets(1139,5): warning MSB8027: Dos o m├ís archivos con el mismo nombre de CCTransitionProgressInOut.cpp producir├ín salidas en la misma ubicaci├│n. Esto puede dar lugar a un resultado de compilaci├│n incorrecto. Los archivos implicados son C:\Users\4stro\Desktop\geode\the-coin-guide\build\_deps\bindings-src\bindings\2.2081\inline\CCTransitionProgressInOut.cpp, C:\Users\4stro\Desktop\geode\the-coin-guide\build\bindings\bindings\Geode\source\CCTransitionProgressInOut.cpp. [C:\Users\4stro\Desktop\geode\the-coin-guide\build\bindings\GeodeBindings.vcxproj]
E:\msvisual2026\MSBuild\Microsoft\VC\v180\Microsoft.CppBuild.targets(1139,5): warning MSB8027: Dos o m├ís archivos con el mismo nombre de CCTransitionProgressOutIn.cpp producir├ín salidas en la misma ubicaci├│n. Esto puede dar lugar a un resultado de compilaci├│n incorrecto. Los archivos implicados son C:\Users\4stro\Desktop\geode\the-coin-guide\build\_deps\bindings-src\bindings\2.2081\inline\CCTransitionProgressOutIn.cpp, C:\Users\4stro\Desktop\geode\the-coin-guide\build\bindings\bindings\Geode\source\CCTransitionProgressOutIn.cpp. [C:\Users\4stro\Desktop\geode\the-coin-guide\build\bindings\GeodeBindings.vcxproj]
E:\msvisual2026\MSBuild\Microsoft\VC\v180\Microsoft.CppBuild.targets(1139,5): warning MSB8027: Dos o m├ís archivos con el mismo nombre de CCTransitionProgressRadialCCW.cpp producir├ín salidas en la misma ubicaci├│n. Esto puede dar lugar a un resultado de compilaci├│n incorrecto. Los archivos implicados son C:\Users\4stro\Desktop\geode\the-coin-guide\build\_deps\bindings-src\bindings\2.2081\inline\CCTransitionProgressRadialCCW.cpp, C:\Users\4stro\Desktop\geode\the-coin-guide\build\bindings\bindings\Geode\source\CCTransitionProgressRadialCCW.cpp. [C:\Users\4stro\Desktop\geode\the-coin-guide\build\bindings\GeodeBindings.vcxproj]
E:\msvisual2026\MSBuild\Microsoft\VC\v180\Microsoft.CppBuild.targets(1139,5): warning MSB8027: Dos o m├ís archivos con el mismo nombre de CCTransitionProgressRadialCW.cpp producir├ín salidas en la misma ubicaci├│n. Esto puede dar lugar a un resultado de compilaci├│n incorrecto. Los archivos implicados son C:\Users\4stro\Desktop\geode\the-coin-guide\build\_deps\bindings-src\bindings\2.2081\inline\CCTransitionProgressRadialCW.cpp, C:\Users\4stro\Desktop\geode\the-coin-guide\build\bindings\bindings\Geode\source\CCTransitionProgressRadialCW.cpp. [C:\Users\4stro\Desktop\geode\the-coin-guide\build\bindings\GeodeBindings.vcxproj]
E:\msvisual2026\MSBuild\Microsoft\VC\v180\Microsoft.CppBuild.targets(1139,5): warning MSB8027: Dos o m├ís archivos con el mismo nombre de CCTransitionProgressVertical.cpp producir├ín salidas en la misma ubicaci├│n. Esto puede dar lugar a un resultado de compilaci├│n incorrecto. Los archivos implicados son C:\Users\4stro\Desktop\geode\the-coin-guide\build\_deps\bindings-src\bindings\2.2081\inline\CCTransitionProgressVertical.cpp, C:\Users\4stro\Desktop\geode\the-coin-guide\build\bindings\bindings\Geode\source\CCTransitionProgressVertical.cpp. [C:\Users\4stro\Desktop\geode\the-coin-guide\build\bindings\GeodeBindings.vcxproj]
E:\msvisual2026\MSBuild\Microsoft\VC\v180\Microsoft.CppBuild.targets(1139,5): warning MSB8027: Dos o m├ís archivos con el mismo nombre de CCTransitionRotoZoom.cpp producir├ín salidas en la misma ubicaci├│n. Esto puede dar lugar a un resultado de compilaci├│n incorrecto. Los archivos implicados son C:\Users\4stro\Desktop\geode\the-coin-guide\build\_deps\bindings-src\bindings\2.2081\inline\CCTransitionRotoZoom.cpp, C:\Users\4stro\Desktop\geode\the-coin-guide\build\bindings\bindings\Geode\source\CCTransitionRotoZoom.cpp. [C:\Users\4stro\Desktop\geode\the-coin-guide\build\bindings\GeodeBindings.vcxproj]
E:\msvisual2026\MSBuild\Microsoft\VC\v180\Microsoft.CppBuild.targets(1139,5): warning MSB8027: Dos o m├ís archivos con el mismo nombre de CCTransitionScene.cpp producir├ín salidas en la misma ubicaci├│n. Esto puede dar lugar a un resultado de compilaci├│n incorrecto. Los archivos implicados son C:\Users\4stro\Desktop\geode\the-coin-guide\build\_deps\bindings-src\bindings\2.2081\inline\CCTransitionScene.cpp, C:\Users\4stro\Desktop\geode\the-coin-guide\build\bindings\bindings\Geode\source\CCTransitionScene.cpp. [C:\Users\4stro\Desktop\geode\the-coin-guide\build\bindings\GeodeBindings.vcxproj]
E:\msvisual2026\MSBuild\Microsoft\VC\v180\Microsoft.CppBuild.targets(1139,5): warning MSB8027: Dos o m├ís archivos con el mismo nombre de CCTransitionSceneOriented.cpp producir├ín salidas en la misma ubicaci├│n. Esto puede dar lugar a un resultado de compilaci├│n incorrecto. Los archivos implicados son C:\Users\4stro\Desktop\geode\the-coin-guide\build\_deps\bindings-src\bindings\2.2081\inline\CCTransitionSceneOriented.cpp, C:\Users\4stro\Desktop\geode\the-coin-guide\build\bindings\bindings\Geode\source\CCTransitionSceneOriented.cpp. [C:\Users\4stro\Desktop\geode\the-coin-guide\build\bindings\GeodeBindings.vcxproj]
E:\msvisual2026\MSBuild\Microsoft\VC\v180\Microsoft.CppBuild.targets(1139,5): warning MSB8027: Dos o m├ís archivos con el mismo nombre de CCTransitionShrinkGrow.cpp producir├ín salidas en la misma ubicaci├│n. Esto puede dar lugar a un resultado de compilaci├│n incorrecto. Los archivos implicados son C:\Users\4stro\Desktop\geode\the-coin-guide\build\_deps\bindings-src\bindings\2.2081\inline\CCTransitionShrinkGrow.cpp, C:\Users\4stro\Desktop\geode\the-coin-guide\build\bindings\bindings\Geode\source\CCTransitionShrinkGrow.cpp. [C:\Users\4stro\Desktop\geode\the-coin-guide\build\bindings\GeodeBindings.vcxproj]
E:\msvisual2026\MSBuild\Microsoft\VC\v180\Microsoft.CppBuild.targets(1139,5): warning MSB8027: Dos o m├ís archivos con el mismo nombre de CCTransitionSlideInB.cpp producir├ín salidas en la misma ubicaci├│n. Esto puede dar lugar a un resultado de compilaci├│n incorrecto. Los archivos implicados son C:\Users\4stro\Desktop\geode\the-coin-guide\build\_deps\bindings-src\bindings\2.2081\inline\CCTransitionSlideInB.cpp, C:\Users\4stro\Desktop\geode\the-coin-guide\build\bindings\bindings\Geode\source\CCTransitionSlideInB.cpp. [C:\Users\4stro\Desktop\geode\the-coin-guide\build\bindings\GeodeBindings.vcxproj]
E:\msvisual2026\MSBuild\Microsoft\VC\v180\Microsoft.CppBuild.targets(1139,5): warning MSB8027: Dos o m├ís archivos con el mismo nombre de CCTransitionSlideInL.cpp producir├ín salidas en la misma ubicaci├│n. Esto puede dar lugar a un resultado de compilaci├│n incorrecto. Los archivos implicados son C:\Users\4stro\Desktop\geode\the-coin-guide\build\_deps\bindings-src\bindings\2.2081\inline\CCTransitionSlideInL.cpp, C:\Users\4stro\Desktop\geode\the-coin-guide\build\bindings\bindings\Geode\source\CCTransitionSlideInL.cpp. [C:\Users\4stro\Desktop\geode\the-coin-guide\build\bindings\GeodeBindings.vcxproj]
E:\msvisual2026\MSBuild\Microsoft\VC\v180\Microsoft.CppBuild.targets(1139,5): warning MSB8027: Dos o m├ís archivos con el mismo nombre de CCTransitionSlideInR.cpp producir├ín salidas en la misma ubicaci├│n. Esto puede dar lugar a un resultado de compilaci├│n incorrecto. Los archivos implicados son C:\Users\4stro\Desktop\geode\the-coin-guide\build\_deps\bindings-src\bindings\2.2081\inline\CCTransitionSlideInR.cpp, C:\Users\4stro\Desktop\geode\the-coin-guide\build\bindings\bindings\Geode\source\CCTransitionSlideInR.cpp. [C:\Users\4stro\Desktop\geode\the-coin-guide\build\bindings\GeodeBindings.vcxproj]
E:\msvisual2026\MSBuild\Microsoft\VC\v180\Microsoft.CppBuild.targets(1139,5): warning MSB8027: Dos o m├ís archivos con el mismo nombre de CCTransitionSlideInT.cpp producir├ín salidas en la misma ubicaci├│n. Esto puede dar lugar a un resultado de compilaci├│n incorrecto. Los archivos implicados son C:\Users\4stro\Desktop\geode\the-coin-guide\build\_deps\bindings-src\bindings\2.2081\inline\CCTransitionSlideInT.cpp, C:\Users\4stro\Desktop\geode\the-coin-guide\build\bindings\bindings\Geode\source\CCTransitionSlideInT.cpp. [C:\Users\4stro\Desktop\geode\the-coin-guide\build\bindings\GeodeBindings.vcxproj]
E:\msvisual2026\MSBuild\Microsoft\VC\v180\Microsoft.CppBuild.targets(1139,5): warning MSB8027: Dos o m├ís archivos con el mismo nombre de CCTransitionSplitCols.cpp producir├ín salidas en la misma ubicaci├│n. Esto puede dar lugar a un resultado de compilaci├│n incorrecto. Los archivos implicados son C:\Users\4stro\Desktop\geode\the-coin-guide\build\_deps\bindings-src\bindings\2.2081\inline\CCTransitionSplitCols.cpp, C:\Users\4stro\Desktop\geode\the-coin-guide\build\bindings\bindings\Geode\source\CCTransitionSplitCols.cpp. [C:\Users\4stro\Desktop\geode\the-coin-guide\build\bindings\GeodeBindings.vcxproj]
E:\msvisual2026\MSBuild\Microsoft\VC\v180\Microsoft.CppBuild.targets(1139,5): warning MSB8027: Dos o m├ís archivos con el mismo nombre de CCTransitionSplitRows.cpp producir├ín salidas en la misma ubicaci├│n. Esto puede dar lugar a un resultado de compilaci├│n incorrecto. Los archivos implicados son C:\Users\4stro\Desktop\geode\the-coin-guide\build\_deps\bindings-src\bindings\2.2081\inline\CCTransitionSplitRows.cpp, C:\Users\4stro\Desktop\geode\the-coin-guide\build\bindings\bindings\Geode\source\CCTransitionSplitRows.cpp. [C:\Users\4stro\Desktop\geode\the-coin-guide\build\bindings\GeodeBindings.vcxproj]
E:\msvisual2026\MSBuild\Microsoft\VC\v180\Microsoft.CppBuild.targets(1139,5): warning MSB8027: Dos o m├ís archivos con el mismo nombre de CCTransitionTurnOffTiles.cpp producir├ín salidas en la misma ubicaci├│n. Esto puede dar lugar a un resultado de compilaci├│n incorrecto. Los archivos implicados son C:\Users\4stro\Desktop\geode\the-coin-guide\build\_deps\bindings-src\bindings\2.2081\inline\CCTransitionTurnOffTiles.cpp, C:\Users\4stro\Desktop\geode\the-coin-guide\build\bindings\bindings\Geode\source\CCTransitionTurnOffTiles.cpp. [C:\Users\4stro\Desktop\geode\the-coin-guide\build\bindings\GeodeBindings.vcxproj]
E:\msvisual2026\MSBuild\Microsoft\VC\v180\Microsoft.CppBuild.targets(1139,5): warning MSB8027: Dos o m├ís archivos con el mismo nombre de CCTransitionZoomFlipAngular.cpp producir├ín salidas en la misma ubicaci├│n. Esto puede dar lugar a un resultado de compilaci├│n incorrecto. Los archivos implicados son C:\Users\4stro\Desktop\geode\the-coin-guide\build\_deps\bindings-src\bindings\2.2081\inline\CCTransitionZoomFlipAngular.cpp, C:\Users\4stro\Desktop\geode\the-coin-guide\build\bindings\bindings\Geode\source\CCTransitionZoomFlipAngular.cpp. [C:\Users\4stro\Desktop\geode\the-coin-guide\build\bindings\GeodeBindings.vcxproj]
E:\msvisual2026\MSBuild\Microsoft\VC\v180\Microsoft.CppBuild.targets(1139,5): warning MSB8027: Dos o m├ís archivos con el mismo nombre de CCTransitionZoomFlipX.cpp producir├ín salidas en la misma ubicaci├│n. Esto puede dar lugar a un resultado de compilaci├│n incorrecto. Los archivos implicados son C:\Users\4stro\Desktop\geode\the-coin-guide\build\_deps\bindings-src\bindings\2.2081\inline\CCTransitionZoomFlipX.cpp, C:\Users\4stro\Desktop\geode\the-coin-guide\build\bindings\bindings\Geode\source\CCTransitionZoomFlipX.cpp. [C:\Users\4stro\Desktop\geode\the-coin-guide\build\bindings\GeodeBindings.vcxproj]
E:\msvisual2026\MSBuild\Microsoft\VC\v180\Microsoft.CppBuild.targets(1139,5): warning MSB8027: Dos o m├ís archivos con el mismo nombre de CCTransitionZoomFlipY.cpp producir├ín salidas en la misma ubicaci├│n. Esto puede dar lugar a un resultado de compilaci├│n incorrecto. Los archivos implicados son C:\Users\4stro\Desktop\geode\the-coin-guide\build\_deps\bindings-src\bindings\2.2081\inline\CCTransitionZoomFlipY.cpp, C:\Users\4stro\Desktop\geode\the-coin-guide\build\bindings\bindings\Geode\source\CCTransitionZoomFlipY.cpp. [C:\Users\4stro\Desktop\geode\the-coin-guide\build\bindings\GeodeBindings.vcxproj]
E:\msvisual2026\MSBuild\Microsoft\VC\v180\Microsoft.CppBuild.targets(1139,5): warning MSB8027: Dos o m├ís archivos con el mismo nombre de CCTurnOffTiles.cpp producir├ín salidas en la misma ubicaci├│n. Esto puede dar lugar a un resultado de compilaci├│n incorrecto. Los archivos implicados son C:\Users\4stro\Desktop\geode\the-coin-guide\build\_deps\bindings-src\bindings\2.2081\inline\CCTurnOffTiles.cpp, C:\Users\4stro\Desktop\geode\the-coin-guide\build\bindings\bindings\Geode\source\CCTurnOffTiles.cpp. [C:\Users\4stro\Desktop\geode\the-coin-guide\build\bindings\GeodeBindings.vcxproj]
E:\msvisual2026\MSBuild\Microsoft\VC\v180\Microsoft.CppBuild.targets(1139,5): warning MSB8027: Dos o m├ís archivos con el mismo nombre de CCTwirl.cpp producir├ín salidas en la misma ubicaci├│n. Esto puede dar lugar a un resultado de compilaci├│n incorrecto. Los archivos implicados son C:\Users\4stro\Desktop\geode\the-coin-guide\build\_deps\bindings-src\bindings\2.2081\inline\CCTwirl.cpp, C:\Users\4stro\Desktop\geode\the-coin-guide\build\bindings\bindings\Geode\source\CCTwirl.cpp. [C:\Users\4stro\Desktop\geode\the-coin-guide\build\bindings\GeodeBindings.vcxproj]
E:\msvisual2026\MSBuild\Microsoft\VC\v180\Microsoft.CppBuild.targets(1139,5): warning MSB8027: Dos o m├ís archivos con el mismo nombre de CCURLObject.cpp producir├ín salidas en la misma ubicaci├│n. Esto puede dar lugar a un resultado de compilaci├│n incorrecto. Los archivos implicados son C:\Users\4stro\Desktop\geode\the-coin-guide\build\_deps\bindings-src\bindings\2.2081\inline\CCURLObject.cpp, C:\Users\4stro\Desktop\geode\the-coin-guide\build\bindings\bindings\Geode\source\CCURLObject.cpp. [C:\Users\4stro\Desktop\geode\the-coin-guide\build\bindings\GeodeBindings.vcxproj]
E:\msvisual2026\MSBuild\Microsoft\VC\v180\Microsoft.CppBuild.targets(1139,5): warning MSB8027: Dos o m├ís archivos con el mismo nombre de CCUserDefault.cpp producir├ín salidas en la misma ubicaci├│n. Esto puede dar lugar a un resultado de compilaci├│n incorrecto. Los archivos implicados son C:\Users\4stro\Desktop\geode\the-coin-guide\build\_deps\bindings-src\bindings\2.2081\inline\CCUserDefault.cpp, C:\Users\4stro\Desktop\geode\the-coin-guide\build\bindings\bindings\Geode\source\CCUserDefault.cpp. [C:\Users\4stro\Desktop\geode\the-coin-guide\build\bindings\GeodeBindings.vcxproj]
E:\msvisual2026\MSBuild\Microsoft\VC\v180\Microsoft.CppBuild.targets(1139,5): warning MSB8027: Dos o m├ís archivos con el mismo nombre de CCWaves.cpp producir├ín salidas en la misma ubicaci├│n. Esto puede dar lugar a un resultado de compilaci├│n incorrecto. Los archivos implicados son C:\Users\4stro\Desktop\geode\the-coin-guide\build\_deps\bindings-src\bindings\2.2081\inline\CCWaves.cpp, C:\Users\4stro\Desktop\geode\the-coin-guide\build\bindings\bindings\Geode\source\CCWaves.cpp. [C:\Users\4stro\Desktop\geode\the-coin-guide\build\bindings\GeodeBindings.vcxproj]
E:\msvisual2026\MSBuild\Microsoft\VC\v180\Microsoft.CppBuild.targets(1139,5): warning MSB8027: Dos o m├ís archivos con el mismo nombre de CCWaves3D.cpp producir├ín salidas en la misma ubicaci├│n. Esto puede dar lugar a un resultado de compilaci├│n incorrecto. Los archivos implicados son C:\Users\4stro\Desktop\geode\the-coin-guide\build\_deps\bindings-src\bindings\2.2081\inline\CCWaves3D.cpp, C:\Users\4stro\Desktop\geode\the-coin-guide\build\bindings\bindings\Geode\source\CCWaves3D.cpp. [C:\Users\4stro\Desktop\geode\the-coin-guide\build\bindings\GeodeBindings.vcxproj]
E:\msvisual2026\MSBuild\Microsoft\VC\v180\Microsoft.CppBuild.targets(1139,5): warning MSB8027: Dos o m├ís archivos con el mismo nombre de CCWavesTiles3D.cpp producir├ín salidas en la misma ubicaci├│n. Esto puede dar lugar a un resultado de compilaci├│n incorrecto. Los archivos implicados son C:\Users\4stro\Desktop\geode\the-coin-guide\build\_deps\bindings-src\bindings\2.2081\inline\CCWavesTiles3D.cpp, C:\Users\4stro\Desktop\geode\the-coin-guide\build\bindings\bindings\Geode\source\CCWavesTiles3D.cpp. [C:\Users\4stro\Desktop\geode\the-coin-guide\build\bindings\GeodeBindings.vcxproj]
E:\msvisual2026\MSBuild\Microsoft\VC\v180\Microsoft.CppBuild.targets(1139,5): warning MSB8027: Dos o m├ís archivos con el mismo nombre de CCZone.cpp producir├ín salidas en la misma ubicaci├│n. Esto puede dar lugar a un resultado de compilaci├│n incorrecto. Los archivos implicados son C:\Users\4stro\Desktop\geode\the-coin-guide\build\_deps\bindings-src\bindings\2.2081\inline\CCZone.cpp, C:\Users\4stro\Desktop\geode\the-coin-guide\build\bindings\bindings\Geode\source\CCZone.cpp. [C:\Users\4stro\Desktop\geode\the-coin-guide\build\bindings\GeodeBindings.vcxproj]
E:\msvisual2026\MSBuild\Microsoft\VC\v180\Microsoft.CppBuild.targets(1139,5): warning MSB8027: Dos o m├ís archivos con el mismo nombre de CameraTriggerGameObject.cpp producir├ín salidas en la misma ubicaci├│n. Esto puede dar lugar a un resultado de compilaci├│n incorrecto. Los archivos implicados son C:\Users\4stro\Desktop\geode\the-coin-guide\build\_deps\bindings-src\bindings\2.2081\inline\CameraTriggerGameObject.cpp, C:\Users\4stro\Desktop\geode\the-coin-guide\build\bindings\bindings\Geode\source\CameraTriggerGameObject.cpp. [C:\Users\4stro\Desktop\geode\the-coin-guide\build\bindings\GeodeBindings.vcxproj]
E:\msvisual2026\MSBuild\Microsoft\VC\v180\Microsoft.CppBuild.targets(1139,5): warning MSB8027: Dos o m├ís archivos con el mismo nombre de ChallengeNode.cpp producir├ín salidas en la misma ubicaci├│n. Esto puede dar lugar a un resultado de compilaci├│n incorrecto. Los archivos implicados son C:\Users\4stro\Desktop\geode\the-coin-guide\build\_deps\bindings-src\bindings\2.2081\inline\ChallengeNode.cpp, C:\Users\4stro\Desktop\geode\the-coin-guide\build\bindings\bindings\Geode\source\ChallengeNode.cpp. [C:\Users\4stro\Desktop\geode\the-coin-guide\build\bindings\GeodeBindings.vcxproj]
E:\msvisual2026\MSBuild\Microsoft\VC\v180\Microsoft.CppBuild.targets(1139,5): warning MSB8027: Dos o m├ís archivos con el mismo nombre de ChallengesPage.cpp producir├ín salidas en la misma ubicaci├│n. Esto puede dar lugar a un resultado de compilaci├│n incorrecto. Los archivos implicados son C:\Users\4stro\Desktop\geode\the-coin-guide\build\_deps\bindings-src\bindings\2.2081\inline\ChallengesPage.cpp, C:\Users\4stro\Desktop\geode\the-coin-guide\build\bindings\bindings\Geode\source\ChallengesPage.cpp. [C:\Users\4stro\Desktop\geode\the-coin-guide\build\bindings\GeodeBindings.vcxproj]
E:\msvisual2026\MSBuild\Microsoft\VC\v180\Microsoft.CppBuild.targets(1139,5): warning MSB8027: Dos o m├ís archivos con el mismo nombre de ChanceObject.cpp producir├ín salidas en la misma ubicaci├│n. Esto puede dar lugar a un resultado de compilaci├│n incorrecto. Los archivos implicados son C:\Users\4stro\Desktop\geode\the-coin-guide\build\_deps\bindings-src\bindings\2.2081\inline\ChanceObject.cpp, C:\Users\4stro\Desktop\geode\the-coin-guide\build\bindings\bindings\Geode\source\ChanceObject.cpp. [C:\Users\4stro\Desktop\geode\the-coin-guide\build\bindings\GeodeBindings.vcxproj]
E:\msvisual2026\MSBuild\Microsoft\VC\v180\Microsoft.CppBuild.targets(1139,5): warning MSB8027: Dos o m├ís archivos con el mismo nombre de ChanceTriggerGameObject.cpp producir├ín salidas en la misma ubicaci├│n. Esto puede dar lugar a un resultado de compilaci├│n incorrecto. Los archivos implicados son C:\Users\4stro\Desktop\geode\the-coin-guide\build\_deps\bindings-src\bindings\2.2081\inline\ChanceTriggerGameObject.cpp, C:\Users\4stro\Desktop\geode\the-coin-guide\build\bindings\bindings\Geode\source\ChanceTriggerGameObject.cpp. [C:\Users\4stro\Desktop\geode\the-coin-guide\build\bindings\GeodeBindings.vcxproj]
E:\msvisual2026\MSBuild\Microsoft\VC\v180\Microsoft.CppBuild.targets(1139,5): warning MSB8027: Dos o m├ís archivos con el mismo nombre de Channel.cpp producir├ín salidas en la misma ubicaci├│n. Esto puede dar lugar a un resultado de compilaci├│n incorrecto. Los archivos implicados son C:\Users\4stro\Desktop\geode\the-coin-guide\build\_deps\bindings-src\bindings\2.2081\inline\Channel.cpp, C:\Users\4stro\Desktop\geode\the-coin-guide\build\bindings\bindings\Geode\source\Channel.cpp. [C:\Users\4stro\Desktop\geode\the-coin-guide\build\bindings\GeodeBindings.vcxproj]
E:\msvisual2026\MSBuild\Microsoft\VC\v180\Microsoft.CppBuild.targets(1139,5): warning MSB8027: Dos o m├ís archivos con el mismo nombre de ChannelControl.cpp producir├ín salidas en la misma ubicaci├│n. Esto puede dar lugar a un resultado de compilaci├│n incorrecto. Los archivos implicados son C:\Users\4stro\Desktop\geode\the-coin-guide\build\_deps\bindings-src\bindings\2.2081\inline\ChannelControl.cpp, C:\Users\4stro\Desktop\geode\the-coin-guide\build\bindings\bindings\Geode\source\ChannelControl.cpp. [C:\Users\4stro\Desktop\geode\the-coin-guide\build\bindings\GeodeBindings.vcxproj]
E:\msvisual2026\MSBuild\Microsoft\VC\v180\Microsoft.CppBuild.targets(1139,5): warning MSB8027: Dos o m├ís archivos con el mismo nombre de ChannelGroup.cpp producir├ín salidas en la misma ubicaci├│n. Esto puede dar lugar a un resultado de compilaci├│n incorrecto. Los archivos implicados son C:\Users\4stro\Desktop\geode\the-coin-guide\build\_deps\bindings-src\bindings\2.2081\inline\ChannelGroup.cpp, C:\Users\4stro\Desktop\geode\the-coin-guide\build\bindings\bindings\Geode\source\ChannelGroup.cpp. [C:\Users\4stro\Desktop\geode\the-coin-guide\build\bindings\GeodeBindings.vcxproj]
E:\msvisual2026\MSBuild\Microsoft\VC\v180\Microsoft.CppBuild.targets(1139,5): warning MSB8027: Dos o m├ís archivos con el mismo nombre de CharacterColorDelegate.cpp producir├ín salidas en la misma ubicaci├│n. Esto puede dar lugar a un resultado de compilaci├│n incorrecto. Los archivos implicados son C:\Users\4stro\Desktop\geode\the-coin-guide\build\_deps\bindings-src\bindings\2.2081\inline\CharacterColorDelegate.cpp, C:\Users\4stro\Desktop\geode\the-coin-guide\build\bindings\bindings\Geode\source\CharacterColorDelegate.cpp. [C:\Users\4stro\Desktop\geode\the-coin-guide\build\bindings\GeodeBindings.vcxproj]
E:\msvisual2026\MSBuild\Microsoft\VC\v180\Microsoft.CppBuild.targets(1139,5): warning MSB8027: Dos o m├ís archivos con el mismo nombre de CharacterColorPage.cpp producir├ín salidas en la misma ubicaci├│n. Esto puede dar lugar a un resultado de compilaci├│n incorrecto. Los archivos implicados son C:\Users\4stro\Desktop\geode\the-coin-guide\build\_deps\bindings-src\bindings\2.2081\inline\CharacterColorPage.cpp, C:\Users\4stro\Desktop\geode\the-coin-guide\build\bindings\bindings\Geode\source\CharacterColorPage.cpp. [C:\Users\4stro\Desktop\geode\the-coin-guide\build\bindings\GeodeBindings.vcxproj]
E:\msvisual2026\MSBuild\Microsoft\VC\v180\Microsoft.CppBuild.targets(1139,5): warning MSB8027: Dos o m├ís archivos con el mismo nombre de CheckpointGameObject.cpp producir├ín salidas en la misma ubicaci├│n. Esto puede dar lugar a un resultado de compilaci├│n incorrecto. Los archivos implicados son C:\Users\4stro\Desktop\geode\the-coin-guide\build\_deps\bindings-src\bindings\2.2081\inline\CheckpointGameObject.cpp, C:\Users\4stro\Desktop\geode\the-coin-guide\build\bindings\bindings\Geode\source\CheckpointGameObject.cpp. [C:\Users\4stro\Desktop\geode\the-coin-guide\build\bindings\GeodeBindings.vcxproj]
E:\msvisual2026\MSBuild\Microsoft\VC\v180\Microsoft.CppBuild.targets(1139,5): warning MSB8027: Dos o m├ís archivos con el mismo nombre de CheckpointObject.cpp producir├ín salidas en la misma ubicaci├│n. Esto puede dar lugar a un resultado de compilaci├│n incorrecto. Los archivos implicados son C:\Users\4stro\Desktop\geode\the-coin-guide\build\_deps\bindings-src\bindings\2.2081\inline\CheckpointObject.cpp, C:\Users\4stro\Desktop\geode\the-coin-guide\build\bindings\bindings\Geode\source\CheckpointObject.cpp. [C:\Users\4stro\Desktop\geode\the-coin-guide\build\bindings\GeodeBindings.vcxproj]
E:\msvisual2026\MSBuild\Microsoft\VC\v180\Microsoft.CppBuild.targets(1139,5): warning MSB8027: Dos o m├ís archivos con el mismo nombre de CollisionBlockPopup.cpp producir├ín salidas en la misma ubicaci├│n. Esto puede dar lugar a un resultado de compilaci├│n incorrecto. Los archivos implicados son C:\Users\4stro\Desktop\geode\the-coin-guide\build\_deps\bindings-src\bindings\2.2081\inline\CollisionBlockPopup.cpp, C:\Users\4stro\Desktop\geode\the-coin-guide\build\bindings\bindings\Geode\source\CollisionBlockPopup.cpp. [C:\Users\4stro\Desktop\geode\the-coin-guide\build\bindings\GeodeBindings.vcxproj]
E:\msvisual2026\MSBuild\Microsoft\VC\v180\Microsoft.CppBuild.targets(1139,5): warning MSB8027: Dos o m├ís archivos con el mismo nombre de CollisionTriggerAction.cpp producir├ín salidas en la misma ubicaci├│n. Esto puede dar lugar a un resultado de compilaci├│n incorrecto. Los archivos implicados son C:\Users\4stro\Desktop\geode\the-coin-guide\build\_deps\bindings-src\bindings\2.2081\inline\CollisionTriggerAction.cpp, C:\Users\4stro\Desktop\geode\the-coin-guide\build\bindings\bindings\Geode\source\CollisionTriggerAction.cpp. [C:\Users\4stro\Desktop\geode\the-coin-guide\build\bindings\GeodeBindings.vcxproj]
E:\msvisual2026\MSBuild\Microsoft\VC\v180\Microsoft.CppBuild.targets(1139,5): warning MSB8027: Dos o m├ís archivos con el mismo nombre de ColorAction.cpp producir├ín salidas en la misma ubicaci├│n. Esto puede dar lugar a un resultado de compilaci├│n incorrecto. Los archivos implicados son C:\Users\4stro\Desktop\geode\the-coin-guide\build\_deps\bindings-src\bindings\2.2081\inline\ColorAction.cpp, C:\Users\4stro\Desktop\geode\the-coin-guide\build\bindings\bindings\Geode\source\ColorAction.cpp. [C:\Users\4stro\Desktop\geode\the-coin-guide\build\bindings\GeodeBindings.vcxproj]
E:\msvisual2026\MSBuild\Microsoft\VC\v180\Microsoft.CppBuild.targets(1139,5): warning MSB8027: Dos o m├ís archivos con el mismo nombre de ColorAction2.cpp producir├ín salidas en la misma ubicaci├│n. Esto puede dar lugar a un resultado de compilaci├│n incorrecto. Los archivos implicados son C:\Users\4stro\Desktop\geode\the-coin-guide\build\_deps\bindings-src\bindings\2.2081\inline\ColorAction2.cpp, C:\Users\4stro\Desktop\geode\the-coin-guide\build\bindings\bindings\Geode\source\ColorAction2.cpp. [C:\Users\4stro\Desktop\geode\the-coin-guide\build\bindings\GeodeBindings.vcxproj]
E:\msvisual2026\MSBuild\Microsoft\VC\v180\Microsoft.CppBuild.targets(1139,5): warning MSB8027: Dos o m├ís archivos con el mismo nombre de ColorActionSprite.cpp producir├ín salidas en la misma ubicaci├│n. Esto puede dar lugar a un resultado de compilaci├│n incorrecto. Los archivos implicados son C:\Users\4stro\Desktop\geode\the-coin-guide\build\_deps\bindings-src\bindings\2.2081\inline\ColorActionSprite.cpp, C:\Users\4stro\Desktop\geode\the-coin-guide\build\bindings\bindings\Geode\source\ColorActionSprite.cpp. [C:\Users\4stro\Desktop\geode\the-coin-guide\build\bindings\GeodeBindings.vcxproj]
E:\msvisual2026\MSBuild\Microsoft\VC\v180\Microsoft.CppBuild.targets(1139,5): warning MSB8027: Dos o m├ís archivos con el mismo nombre de ColorChannelSprite.cpp producir├ín salidas en la misma ubicaci├│n. Esto puede dar lugar a un resultado de compilaci├│n incorrecto. Los archivos implicados son C:\Users\4stro\Desktop\geode\the-coin-guide\build\_deps\bindings-src\bindings\2.2081\inline\ColorChannelSprite.cpp, C:\Users\4stro\Desktop\geode\the-coin-guide\build\bindings\bindings\Geode\source\ColorChannelSprite.cpp. [C:\Users\4stro\Desktop\geode\the-coin-guide\build\bindings\GeodeBindings.vcxproj]
E:\msvisual2026\MSBuild\Microsoft\VC\v180\Microsoft.CppBuild.targets(1139,5): warning MSB8027: Dos o m├ís archivos con el mismo nombre de ColorSelectDelegate.cpp producir├ín salidas en la misma ubicaci├│n. Esto puede dar lugar a un resultado de compilaci├│n incorrecto. Los archivos implicados son C:\Users\4stro\Desktop\geode\the-coin-guide\build\_deps\bindings-src\bindings\2.2081\inline\ColorSelectDelegate.cpp, C:\Users\4stro\Desktop\geode\the-coin-guide\build\bindings\bindings\Geode\source\ColorSelectDelegate.cpp. [C:\Users\4stro\Desktop\geode\the-coin-guide\build\bindings\GeodeBindings.vcxproj]
E:\msvisual2026\MSBuild\Microsoft\VC\v180\Microsoft.CppBuild.targets(1139,5): warning MSB8027: Dos o m├ís archivos con el mismo nombre de ColorSelectLiveOverlay.cpp producir├ín salidas en la misma ubicaci├│n. Esto puede dar lugar a un resultado de compilaci├│n incorrecto. Los archivos implicados son C:\Users\4stro\Desktop\geode\the-coin-guide\build\_deps\bindings-src\bindings\2.2081\inline\ColorSelectLiveOverlay.cpp, C:\Users\4stro\Desktop\geode\the-coin-guide\build\bindings\bindings\Geode\source\ColorSelectLiveOverlay.cpp. [C:\Users\4stro\Desktop\geode\the-coin-guide\build\bindings\GeodeBindings.vcxproj]
E:\msvisual2026\MSBuild\Microsoft\VC\v180\Microsoft.CppBuild.targets(1139,5): warning MSB8027: Dos o m├ís archivos con el mismo nombre de ColorSelectPopup.cpp producir├ín salidas en la misma ubicaci├│n. Esto puede dar lugar a un resultado de compilaci├│n incorrecto. Los archivos implicados son C:\Users\4stro\Desktop\geode\the-coin-guide\build\_deps\bindings-src\bindings\2.2081\inline\ColorSelectPopup.cpp, C:\Users\4stro\Desktop\geode\the-coin-guide\build\bindings\bindings\Geode\source\ColorSelectPopup.cpp. [C:\Users\4stro\Desktop\geode\the-coin-guide\build\bindings\GeodeBindings.vcxproj]
E:\msvisual2026\MSBuild\Microsoft\VC\v180\Microsoft.CppBuild.targets(1139,5): warning MSB8027: Dos o m├ís archivos con el mismo nombre de ColorSetupDelegate.cpp producir├ín salidas en la misma ubicaci├│n. Esto puede dar lugar a un resultado de compilaci├│n incorrecto. Los archivos implicados son C:\Users\4stro\Desktop\geode\the-coin-guide\build\_deps\bindings-src\bindings\2.2081\inline\ColorSetupDelegate.cpp, C:\Users\4stro\Desktop\geode\the-coin-guide\build\bindings\bindings\Geode\source\ColorSetupDelegate.cpp. [C:\Users\4stro\Desktop\geode\the-coin-guide\build\bindings\GeodeBindings.vcxproj]
E:\msvisual2026\MSBuild\Microsoft\VC\v180\Microsoft.CppBuild.targets(1139,5): warning MSB8027: Dos o m├ís archivos con el mismo nombre de CommentCell.cpp producir├ín salidas en la misma ubicaci├│n. Esto puede dar lugar a un resultado de compilaci├│n incorrecto. Los archivos implicados son C:\Users\4stro\Desktop\geode\the-coin-guide\build\_deps\bindings-src\bindings\2.2081\inline\CommentCell.cpp, C:\Users\4stro\Desktop\geode\the-coin-guide\build\bindings\bindings\Geode\source\CommentCell.cpp. [C:\Users\4stro\Desktop\geode\the-coin-guide\build\bindings\GeodeBindings.vcxproj]
E:\msvisual2026\MSBuild\Microsoft\VC\v180\Microsoft.CppBuild.targets(1139,5): warning MSB8027: Dos o m├ís archivos con el mismo nombre de CommentUploadDelegate.cpp producir├ín salidas en la misma ubicaci├│n. Esto puede dar lugar a un resultado de compilaci├│n incorrecto. Los archivos implicados son C:\Users\4stro\Desktop\geode\the-coin-guide\build\_deps\bindings-src\bindings\2.2081\inline\CommentUploadDelegate.cpp, C:\Users\4stro\Desktop\geode\the-coin-guide\build\bindings\bindings\Geode\source\CommentUploadDelegate.cpp. [C:\Users\4stro\Desktop\geode\the-coin-guide\build\bindings\GeodeBindings.vcxproj]
E:\msvisual2026\MSBuild\Microsoft\VC\v180\Microsoft.CppBuild.targets(1139,5): warning MSB8027: Dos o m├ís archivos con el mismo nombre de CommunityCreditNode.cpp producir├ín salidas en la misma ubicaci├│n. Esto puede dar lugar a un resultado de compilaci├│n incorrecto. Los archivos implicados son C:\Users\4stro\Desktop\geode\the-coin-guide\build\_deps\bindings-src\bindings\2.2081\inline\CommunityCreditNode.cpp, C:\Users\4stro\Desktop\geode\the-coin-guide\build\bindings\bindings\Geode\source\CommunityCreditNode.cpp. [C:\Users\4stro\Desktop\geode\the-coin-guide\build\bindings\GeodeBindings.vcxproj]
E:\msvisual2026\MSBuild\Microsoft\VC\v180\Microsoft.CppBuild.targets(1139,5): warning MSB8027: Dos o m├ís archivos con el mismo nombre de CommunityCreditsPage.cpp producir├ín salidas en la misma ubicaci├│n. Esto puede dar lugar a un resultado de compilaci├│n incorrecto. Los archivos implicados son C:\Users\4stro\Desktop\geode\the-coin-guide\build\_deps\bindings-src\bindings\2.2081\inline\CommunityCreditsPage.cpp, C:\Users\4stro\Desktop\geode\the-coin-guide\build\bindings\bindings\Geode\source\CommunityCreditsPage.cpp. [C:\Users\4stro\Desktop\geode\the-coin-guide\build\bindings\GeodeBindings.vcxproj]
E:\msvisual2026\MSBuild\Microsoft\VC\v180\Microsoft.CppBuild.targets(1139,5): warning MSB8027: Dos o m├ís archivos con el mismo nombre de ConfigureHSVWidget.cpp producir├ín salidas en la misma ubicaci├│n. Esto puede dar lugar a un resultado de compilaci├│n incorrecto. Los archivos implicados son C:\Users\4stro\Desktop\geode\the-coin-guide\build\_deps\bindings-src\bindings\2.2081\inline\ConfigureHSVWidget.cpp, C:\Users\4stro\Desktop\geode\the-coin-guide\build\bindings\bindings\Geode\source\ConfigureHSVWidget.cpp. [C:\Users\4stro\Desktop\geode\the-coin-guide\build\bindings\GeodeBindings.vcxproj]
E:\msvisual2026\MSBuild\Microsoft\VC\v180\Microsoft.CppBuild.targets(1139,5): warning MSB8027: Dos o m├ís archivos con el mismo nombre de ConfigureValuePopup.cpp producir├ín salidas en la misma ubicaci├│n. Esto puede dar lugar a un resultado de compilaci├│n incorrecto. Los archivos implicados son C:\Users\4stro\Desktop\geode\the-coin-guide\build\_deps\bindings-src\bindings\2.2081\inline\ConfigureValuePopup.cpp, C:\Users\4stro\Desktop\geode\the-coin-guide\build\bindings\bindings\Geode\source\ConfigureValuePopup.cpp. [C:\Users\4stro\Desktop\geode\the-coin-guide\build\bindings\GeodeBindings.vcxproj]
E:\msvisual2026\MSBuild\Microsoft\VC\v180\Microsoft.CppBuild.targets(1139,5): warning MSB8027: Dos o m├ís archivos con el mismo nombre de ConfigureValuePopupDelegate.cpp producir├ín salidas en la misma ubicaci├│n. Esto puede dar lugar a un resultado de compilaci├│n incorrecto. Los archivos implicados son C:\Users\4stro\Desktop\geode\the-coin-guide\build\_deps\bindings-src\bindings\2.2081\inline\ConfigureValuePopupDelegate.cpp, C:\Users\4stro\Desktop\geode\the-coin-guide\build\bindings\bindings\Geode\source\ConfigureValuePopupDelegate.cpp. [C:\Users\4stro\Desktop\geode\the-coin-guide\build\bindings\GeodeBindings.vcxproj]
E:\msvisual2026\MSBuild\Microsoft\VC\v180\Microsoft.CppBuild.targets(1139,5): warning MSB8027: Dos o m├ís archivos con el mismo nombre de CountTriggerAction.cpp producir├ín salidas en la misma ubicaci├│n. Esto puede dar lugar a un resultado de compilaci├│n incorrecto. Los archivos implicados son C:\Users\4stro\Desktop\geode\the-coin-guide\build\_deps\bindings-src\bindings\2.2081\inline\CountTriggerAction.cpp, C:\Users\4stro\Desktop\geode\the-coin-guide\build\bindings\bindings\Geode\source\CountTriggerAction.cpp. [C:\Users\4stro\Desktop\geode\the-coin-guide\build\bindings\GeodeBindings.vcxproj]
E:\msvisual2026\MSBuild\Microsoft\VC\v180\Microsoft.CppBuild.targets(1139,5): warning MSB8027: Dos o m├ís archivos con el mismo nombre de CountTriggerGameObject.cpp producir├ín salidas en la misma ubicaci├│n. Esto puede dar lugar a un resultado de compilaci├│n incorrecto. Los archivos implicados son C:\Users\4stro\Desktop\geode\the-coin-guide\build\_deps\bindings-src\bindings\2.2081\inline\CountTriggerGameObject.cpp, C:\Users\4stro\Desktop\geode\the-coin-guide\build\bindings\bindings\Geode\source\CountTriggerGameObject.cpp. [C:\Users\4stro\Desktop\geode\the-coin-guide\build\bindings\GeodeBindings.vcxproj]
E:\msvisual2026\MSBuild\Microsoft\VC\v180\Microsoft.CppBuild.targets(1139,5): warning MSB8027: Dos o m├ís archivos con el mismo nombre de CreateGuidelinesLayer.cpp producir├ín salidas en la misma ubicaci├│n. Esto puede dar lugar a un resultado de compilaci├│n incorrecto. Los archivos implicados son C:\Users\4stro\Desktop\geode\the-coin-guide\build\_deps\bindings-src\bindings\2.2081\inline\CreateGuidelinesLayer.cpp, C:\Users\4stro\Desktop\geode\the-coin-guide\build\bindings\bindings\Geode\source\CreateGuidelinesLayer.cpp. [C:\Users\4stro\Desktop\geode\the-coin-guide\build\bindings\GeodeBindings.vcxproj]
E:\msvisual2026\MSBuild\Microsoft\VC\v180\Microsoft.CppBuild.targets(1139,5): warning MSB8027: Dos o m├ís archivos con el mismo nombre de CreateMenuItem.cpp producir├ín salidas en la misma ubicaci├│n. Esto puede dar lugar a un resultado de compilaci├│n incorrecto. Los archivos implicados son C:\Users\4stro\Desktop\geode\the-coin-guide\build\_deps\bindings-src\bindings\2.2081\inline\CreateMenuItem.cpp, C:\Users\4stro\Desktop\geode\the-coin-guide\build\bindings\bindings\Geode\source\CreateMenuItem.cpp. [C:\Users\4stro\Desktop\geode\the-coin-guide\build\bindings\GeodeBindings.vcxproj]
E:\msvisual2026\MSBuild\Microsoft\VC\v180\Microsoft.CppBuild.targets(1139,5): warning MSB8027: Dos o m├ís archivos con el mismo nombre de CreateParticlePopup.cpp producir├ín salidas en la misma ubicaci├│n. Esto puede dar lugar a un resultado de compilaci├│n incorrecto. Los archivos implicados son C:\Users\4stro\Desktop\geode\the-coin-guide\build\_deps\bindings-src\bindings\2.2081\inline\CreateParticlePopup.cpp, C:\Users\4stro\Desktop\geode\the-coin-guide\build\bindings\bindings\Geode\source\CreateParticlePopup.cpp. [C:\Users\4stro\Desktop\geode\the-coin-guide\build\bindings\GeodeBindings.vcxproj]
E:\msvisual2026\MSBuild\Microsoft\VC\v180\Microsoft.CppBuild.targets(1139,5): warning MSB8027: Dos o m├ís archivos con el mismo nombre de CreatorLayer.cpp producir├ín salidas en la misma ubicaci├│n. Esto puede dar lugar a un resultado de compilaci├│n incorrecto. Los archivos implicados son C:\Users\4stro\Desktop\geode\the-coin-guide\build\_deps\bindings-src\bindings\2.2081\inline\CreatorLayer.cpp, C:\Users\4stro\Desktop\geode\the-coin-guide\build\bindings\bindings\Geode\source\CreatorLayer.cpp. [C:\Users\4stro\Desktop\geode\the-coin-guide\build\bindings\GeodeBindings.vcxproj]
E:\msvisual2026\MSBuild\Microsoft\VC\v180\Microsoft.CppBuild.targets(1139,5): warning MSB8027: Dos o m├ís archivos con el mismo nombre de CurrencyRewardDelegate.cpp producir├ín salidas en la misma ubicaci├│n. Esto puede dar lugar a un resultado de compilaci├│n incorrecto. Los archivos implicados son C:\Users\4stro\Desktop\geode\the-coin-guide\build\_deps\bindings-src\bindings\2.2081\inline\CurrencyRewardDelegate.cpp, C:\Users\4stro\Desktop\geode\the-coin-guide\build\bindings\bindings\Geode\source\CurrencyRewardDelegate.cpp. [C:\Users\4stro\Desktop\geode\the-coin-guide\build\bindings\GeodeBindings.vcxproj]
E:\msvisual2026\MSBuild\Microsoft\VC\v180\Microsoft.CppBuild.targets(1139,5): warning MSB8027: Dos o m├ís archivos con el mismo nombre de CurrencyRewardLayer.cpp producir├ín salidas en la misma ubicaci├│n. Esto puede dar lugar a un resultado de compilaci├│n incorrecto. Los archivos implicados son C:\Users\4stro\Desktop\geode\the-coin-guide\build\_deps\bindings-src\bindings\2.2081\inline\CurrencyRewardLayer.cpp, C:\Users\4stro\Desktop\geode\the-coin-guide\build\bindings\bindings\Geode\source\CurrencyRewardLayer.cpp. [C:\Users\4stro\Desktop\geode\the-coin-guide\build\bindings\GeodeBindings.vcxproj]
E:\msvisual2026\MSBuild\Microsoft\VC\v180\Microsoft.CppBuild.targets(1139,5): warning MSB8027: Dos o m├ís archivos con el mismo nombre de CurrencySprite.cpp producir├ín salidas en la misma ubicaci├│n. Esto puede dar lugar a un resultado de compilaci├│n incorrecto. Los archivos implicados son C:\Users\4stro\Desktop\geode\the-coin-guide\build\_deps\bindings-src\bindings\2.2081\inline\CurrencySprite.cpp, C:\Users\4stro\Desktop\geode\the-coin-guide\build\bindings\bindings\Geode\source\CurrencySprite.cpp. [C:\Users\4stro\Desktop\geode\the-coin-guide\build\bindings\GeodeBindings.vcxproj]
E:\msvisual2026\MSBuild\Microsoft\VC\v180\Microsoft.CppBuild.targets(1139,5): warning MSB8027: Dos o m├ís archivos con el mismo nombre de CustomListView.cpp producir├ín salidas en la misma ubicaci├│n. Esto puede dar lugar a un resultado de compilaci├│n incorrecto. Los archivos implicados son C:\Users\4stro\Desktop\geode\the-coin-guide\build\_deps\bindings-src\bindings\2.2081\inline\CustomListView.cpp, C:\Users\4stro\Desktop\geode\the-coin-guide\build\bindings\bindings\Geode\source\CustomListView.cpp. [C:\Users\4stro\Desktop\geode\the-coin-guide\build\bindings\GeodeBindings.vcxproj]
E:\msvisual2026\MSBuild\Microsoft\VC\v180\Microsoft.CppBuild.targets(1139,5): warning MSB8027: Dos o m├ís archivos con el mismo nombre de CustomMusicCell.cpp producir├ín salidas en la misma ubicaci├│n. Esto puede dar lugar a un resultado de compilaci├│n incorrecto. Los archivos implicados son C:\Users\4stro\Desktop\geode\the-coin-guide\build\_deps\bindings-src\bindings\2.2081\inline\CustomMusicCell.cpp, C:\Users\4stro\Desktop\geode\the-coin-guide\build\bindings\bindings\Geode\source\CustomMusicCell.cpp. [C:\Users\4stro\Desktop\geode\the-coin-guide\build\bindings\GeodeBindings.vcxproj]
E:\msvisual2026\MSBuild\Microsoft\VC\v180\Microsoft.CppBuild.targets(1139,5): warning MSB8027: Dos o m├ís archivos con el mismo nombre de CustomSFXCell.cpp producir├ín salidas en la misma ubicaci├│n. Esto puede dar lugar a un resultado de compilaci├│n incorrecto. Los archivos implicados son C:\Users\4stro\Desktop\geode\the-coin-guide\build\_deps\bindings-src\bindings\2.2081\inline\CustomSFXCell.cpp, C:\Users\4stro\Desktop\geode\the-coin-guide\build\bindings\bindings\Geode\source\CustomSFXCell.cpp. [C:\Users\4stro\Desktop\geode\the-coin-guide\build\bindings\GeodeBindings.vcxproj]
E:\msvisual2026\MSBuild\Microsoft\VC\v180\Microsoft.CppBuild.targets(1139,5): warning MSB8027: Dos o m├ís archivos con el mismo nombre de CustomSFXDelegate.cpp producir├ín salidas en la misma ubicaci├│n. Esto puede dar lugar a un resultado de compilaci├│n incorrecto. Los archivos implicados son C:\Users\4stro\Desktop\geode\the-coin-guide\build\_deps\bindings-src\bindings\2.2081\inline\CustomSFXDelegate.cpp, C:\Users\4stro\Desktop\geode\the-coin-guide\build\bindings\bindings\Geode\source\CustomSFXDelegate.cpp. [C:\Users\4stro\Desktop\geode\the-coin-guide\build\bindings\GeodeBindings.vcxproj]
E:\msvisual2026\MSBuild\Microsoft\VC\v180\Microsoft.CppBuild.targets(1139,5): warning MSB8027: Dos o m├ís archivos con el mismo nombre de CustomSFXWidget.cpp producir├ín salidas en la misma ubicaci├│n. Esto puede dar lugar a un resultado de compilaci├│n incorrecto. Los archivos implicados son C:\Users\4stro\Desktop\geode\the-coin-guide\build\_deps\bindings-src\bindings\2.2081\inline\CustomSFXWidget.cpp, C:\Users\4stro\Desktop\geode\the-coin-guide\build\bindings\bindings\Geode\source\CustomSFXWidget.cpp. [C:\Users\4stro\Desktop\geode\the-coin-guide\build\bindings\GeodeBindings.vcxproj]
E:\msvisual2026\MSBuild\Microsoft\VC\v180\Microsoft.CppBuild.targets(1139,5): warning MSB8027: Dos o m├ís archivos con el mismo nombre de CustomSongCell.cpp producir├ín salidas en la misma ubicaci├│n. Esto puede dar lugar a un resultado de compilaci├│n incorrecto. Los archivos implicados son C:\Users\4stro\Desktop\geode\the-coin-guide\build\_deps\bindings-src\bindings\2.2081\inline\CustomSongCell.cpp, C:\Users\4stro\Desktop\geode\the-coin-guide\build\bindings\bindings\Geode\source\CustomSongCell.cpp. [C:\Users\4stro\Desktop\geode\the-coin-guide\build\bindings\GeodeBindings.vcxproj]
E:\msvisual2026\MSBuild\Microsoft\VC\v180\Microsoft.CppBuild.targets(1139,5): warning MSB8027: Dos o m├ís archivos con el mismo nombre de CustomSongDelegate.cpp producir├ín salidas en la misma ubicaci├│n. Esto puede dar lugar a un resultado de compilaci├│n incorrecto. Los archivos implicados son C:\Users\4stro\Desktop\geode\the-coin-guide\build\_deps\bindings-src\bindings\2.2081\inline\CustomSongDelegate.cpp, C:\Users\4stro\Desktop\geode\the-coin-guide\build\bindings\bindings\Geode\source\CustomSongDelegate.cpp. [C:\Users\4stro\Desktop\geode\the-coin-guide\build\bindings\GeodeBindings.vcxproj]
E:\msvisual2026\MSBuild\Microsoft\VC\v180\Microsoft.CppBuild.targets(1139,5): warning MSB8027: Dos o m├ís archivos con el mismo nombre de CustomSongLayer.cpp producir├ín salidas en la misma ubicaci├│n. Esto puede dar lugar a un resultado de compilaci├│n incorrecto. Los archivos implicados son C:\Users\4stro\Desktop\geode\the-coin-guide\build\_deps\bindings-src\bindings\2.2081\inline\CustomSongLayer.cpp, C:\Users\4stro\Desktop\geode\the-coin-guide\build\bindings\bindings\Geode\source\CustomSongLayer.cpp. [C:\Users\4stro\Desktop\geode\the-coin-guide\build\bindings\GeodeBindings.vcxproj]
E:\msvisual2026\MSBuild\Microsoft\VC\v180\Microsoft.CppBuild.targets(1139,5): warning MSB8027: Dos o m├ís archivos con el mismo nombre de CustomSongLayerDelegate.cpp producir├ín salidas en la misma ubicaci├│n. Esto puede dar lugar a un resultado de compilaci├│n incorrecto. Los archivos implicados son C:\Users\4stro\Desktop\geode\the-coin-guide\build\_deps\bindings-src\bindings\2.2081\inline\CustomSongLayerDelegate.cpp, C:\Users\4stro\Desktop\geode\the-coin-guide\build\bindings\bindings\Geode\source\CustomSongLayerDelegate.cpp. [C:\Users\4stro\Desktop\geode\the-coin-guide\build\bindings\GeodeBindings.vcxproj]
E:\msvisual2026\MSBuild\Microsoft\VC\v180\Microsoft.CppBuild.targets(1139,5): warning MSB8027: Dos o m├ís archivos con el mismo nombre de CustomSongWidget.cpp producir├ín salidas en la misma ubicaci├│n. Esto puede dar lugar a un resultado de compilaci├│n incorrecto. Los archivos implicados son C:\Users\4stro\Desktop\geode\the-coin-guide\build\_deps\bindings-src\bindings\2.2081\inline\CustomSongWidget.cpp, C:\Users\4stro\Desktop\geode\the-coin-guide\build\bindings\bindings\Geode\source\CustomSongWidget.cpp. [C:\Users\4stro\Desktop\geode\the-coin-guide\build\bindings\GeodeBindings.vcxproj]
E:\msvisual2026\MSBuild\Microsoft\VC\v180\Microsoft.CppBuild.targets(1139,5): warning MSB8027: Dos o m├ís archivos con el mismo nombre de CustomizeObjectLayer.cpp producir├ín salidas en la misma ubicaci├│n. Esto puede dar lugar a un resultado de compilaci├│n incorrecto. Los archivos implicados son C:\Users\4stro\Desktop\geode\the-coin-guide\build\_deps\bindings-src\bindings\2.2081\inline\CustomizeObjectLayer.cpp, C:\Users\4stro\Desktop\geode\the-coin-guide\build\bindings\bindings\Geode\source\CustomizeObjectLayer.cpp. [C:\Users\4stro\Desktop\geode\the-coin-guide\build\bindings\GeodeBindings.vcxproj]
E:\msvisual2026\MSBuild\Microsoft\VC\v180\Microsoft.CppBuild.targets(1139,5): warning MSB8027: Dos o m├ís archivos con el mismo nombre de CustomizeObjectSettingsPopup.cpp producir├ín salidas en la misma ubicaci├│n. Esto puede dar lugar a un resultado de compilaci├│n incorrecto. Los archivos implicados son C:\Users\4stro\Desktop\geode\the-coin-guide\build\_deps\bindings-src\bindings\2.2081\inline\CustomizeObjectSettingsPopup.cpp, C:\Users\4stro\Desktop\geode\the-coin-guide\build\bindings\bindings\Geode\source\CustomizeObjectSettingsPopup.cpp. [C:\Users\4stro\Desktop\geode\the-coin-guide\build\bindings\GeodeBindings.vcxproj]
E:\msvisual2026\MSBuild\Microsoft\VC\v180\Microsoft.CppBuild.targets(1139,5): warning MSB8027: Dos o m├ís archivos con el mismo nombre de DSP.cpp producir├ín salidas en la misma ubicaci├│n. Esto puede dar lugar a un resultado de compilaci├│n incorrecto. Los archivos implicados son C:\Users\4stro\Desktop\geode\the-coin-guide\build\_deps\bindings-src\bindings\2.2081\inline\DSP.cpp, C:\Users\4stro\Desktop\geode\the-coin-guide\build\bindings\bindings\Geode\source\DSP.cpp. [C:\Users\4stro\Desktop\geode\the-coin-guide\build\bindings\GeodeBindings.vcxproj]
E:\msvisual2026\MSBuild\Microsoft\VC\v180\Microsoft.CppBuild.targets(1139,5): warning MSB8027: Dos o m├ís archivos con el mismo nombre de DSPConnection.cpp producir├ín salidas en la misma ubicaci├│n. Esto puede dar lugar a un resultado de compilaci├│n incorrecto. Los archivos implicados son C:\Users\4stro\Desktop\geode\the-coin-guide\build\_deps\bindings-src\bindings\2.2081\inline\DSPConnection.cpp, C:\Users\4stro\Desktop\geode\the-coin-guide\build\bindings\bindings\Geode\source\DSPConnection.cpp. [C:\Users\4stro\Desktop\geode\the-coin-guide\build\bindings\GeodeBindings.vcxproj]
E:\msvisual2026\MSBuild\Microsoft\VC\v180\Microsoft.CppBuild.targets(1139,5): warning MSB8027: Dos o m├ís archivos con el mismo nombre de DS_Dictionary.cpp producir├ín salidas en la misma ubicaci├│n. Esto puede dar lugar a un resultado de compilaci├│n incorrecto. Los archivos implicados son C:\Users\4stro\Desktop\geode\the-coin-guide\build\_deps\bindings-src\bindings\2.2081\inline\DS_Dictionary.cpp, C:\Users\4stro\Desktop\geode\the-coin-guide\build\bindings\bindings\Geode\source\DS_Dictionary.cpp. [C:\Users\4stro\Desktop\geode\the-coin-guide\build\bindings\GeodeBindings.vcxproj]
E:\msvisual2026\MSBuild\Microsoft\VC\v180\Microsoft.CppBuild.targets(1139,5): warning MSB8027: Dos o m├ís archivos con el mismo nombre de DailyLevelNode.cpp producir├ín salidas en la misma ubicaci├│n. Esto puede dar lugar a un resultado de compilaci├│n incorrecto. Los archivos implicados son C:\Users\4stro\Desktop\geode\the-coin-guide\build\_deps\bindings-src\bindings\2.2081\inline\DailyLevelNode.cpp, C:\Users\4stro\Desktop\geode\the-coin-guide\build\bindings\bindings\Geode\source\DailyLevelNode.cpp. [C:\Users\4stro\Desktop\geode\the-coin-guide\build\bindings\GeodeBindings.vcxproj]
E:\msvisual2026\MSBuild\Microsoft\VC\v180\Microsoft.CppBuild.targets(1139,5): warning MSB8027: Dos o m├ís archivos con el mismo nombre de DailyLevelPage.cpp producir├ín salidas en la misma ubicaci├│n. Esto puede dar lugar a un resultado de compilaci├│n incorrecto. Los archivos implicados son C:\Users\4stro\Desktop\geode\the-coin-guide\build\_deps\bindings-src\bindings\2.2081\inline\DailyLevelPage.cpp, C:\Users\4stro\Desktop\geode\the-coin-guide\build\bindings\bindings\Geode\source\DailyLevelPage.cpp. [C:\Users\4stro\Desktop\geode\the-coin-guide\build\bindings\GeodeBindings.vcxproj]
E:\msvisual2026\MSBuild\Microsoft\VC\v180\Microsoft.CppBuild.targets(1139,5): warning MSB8027: Dos o m├ís archivos con el mismo nombre de DashRingObject.cpp producir├ín salidas en la misma ubicaci├│n. Esto puede dar lugar a un resultado de compilaci├│n incorrecto. Los archivos implicados son C:\Users\4stro\Desktop\geode\the-coin-guide\build\_deps\bindings-src\bindings\2.2081\inline\DashRingObject.cpp, C:\Users\4stro\Desktop\geode\the-coin-guide\build\bindings\bindings\Geode\source\DashRingObject.cpp. [C:\Users\4stro\Desktop\geode\the-coin-guide\build\bindings\GeodeBindings.vcxproj]
E:\msvisual2026\MSBuild\Microsoft\VC\v180\Microsoft.CppBuild.targets(1139,5): warning MSB8027: Dos o m├ís archivos con el mismo nombre de DelayedSpawnNode.cpp producir├ín salidas en la misma ubicaci├│n. Esto puede dar lugar a un resultado de compilaci├│n incorrecto. Los archivos implicados son C:\Users\4stro\Desktop\geode\the-coin-guide\build\_deps\bindings-src\bindings\2.2081\inline\DelayedSpawnNode.cpp, C:\Users\4stro\Desktop\geode\the-coin-guide\build\bindings\bindings\Geode\source\DelayedSpawnNode.cpp. [C:\Users\4stro\Desktop\geode\the-coin-guide\build\bindings\GeodeBindings.vcxproj]
E:\msvisual2026\MSBuild\Microsoft\VC\v180\Microsoft.CppBuild.targets(1139,5): warning MSB8027: Dos o m├ís archivos con el mismo nombre de DemonFilterDelegate.cpp producir├ín salidas en la misma ubicaci├│n. Esto puede dar lugar a un resultado de compilaci├│n incorrecto. Los archivos implicados son C:\Users\4stro\Desktop\geode\the-coin-guide\build\_deps\bindings-src\bindings\2.2081\inline\DemonFilterDelegate.cpp, C:\Users\4stro\Desktop\geode\the-coin-guide\build\bindings\bindings\Geode\source\DemonFilterDelegate.cpp. [C:\Users\4stro\Desktop\geode\the-coin-guide\build\bindings\GeodeBindings.vcxproj]
E:\msvisual2026\MSBuild\Microsoft\VC\v180\Microsoft.CppBuild.targets(1139,5): warning MSB8027: Dos o m├ís archivos con el mismo nombre de DemonFilterSelectLayer.cpp producir├ín salidas en la misma ubicaci├│n. Esto puede dar lugar a un resultado de compilaci├│n incorrecto. Los archivos implicados son C:\Users\4stro\Desktop\geode\the-coin-guide\build\_deps\bindings-src\bindings\2.2081\inline\DemonFilterSelectLayer.cpp, C:\Users\4stro\Desktop\geode\the-coin-guide\build\bindings\bindings\Geode\source\DemonFilterSelectLayer.cpp. [C:\Users\4stro\Desktop\geode\the-coin-guide\build\bindings\GeodeBindings.vcxproj]
E:\msvisual2026\MSBuild\Microsoft\VC\v180\Microsoft.CppBuild.targets(1139,5): warning MSB8027: Dos o m├ís archivos con el mismo nombre de DemonInfoPopup.cpp producir├ín salidas en la misma ubicaci├│n. Esto puede dar lugar a un resultado de compilaci├│n incorrecto. Los archivos implicados son C:\Users\4stro\Desktop\geode\the-coin-guide\build\_deps\bindings-src\bindings\2.2081\inline\DemonInfoPopup.cpp, C:\Users\4stro\Desktop\geode\the-coin-guide\build\bindings\bindings\Geode\source\DemonInfoPopup.cpp. [C:\Users\4stro\Desktop\geode\the-coin-guide\build\bindings\GeodeBindings.vcxproj]
E:\msvisual2026\MSBuild\Microsoft\VC\v180\Microsoft.CppBuild.targets(1139,5): warning MSB8027: Dos o m├ís archivos con el mismo nombre de DialogDelegate.cpp producir├ín salidas en la misma ubicaci├│n. Esto puede dar lugar a un resultado de compilaci├│n incorrecto. Los archivos implicados son C:\Users\4stro\Desktop\geode\the-coin-guide\build\_deps\bindings-src\bindings\2.2081\inline\DialogDelegate.cpp, C:\Users\4stro\Desktop\geode\the-coin-guide\build\bindings\bindings\Geode\source\DialogDelegate.cpp. [C:\Users\4stro\Desktop\geode\the-coin-guide\build\bindings\GeodeBindings.vcxproj]
E:\msvisual2026\MSBuild\Microsoft\VC\v180\Microsoft.CppBuild.targets(1139,5): warning MSB8027: Dos o m├ís archivos con el mismo nombre de DialogLayer.cpp producir├ín salidas en la misma ubicaci├│n. Esto puede dar lugar a un resultado de compilaci├│n incorrecto. Los archivos implicados son C:\Users\4stro\Desktop\geode\the-coin-guide\build\_deps\bindings-src\bindings\2.2081\inline\DialogLayer.cpp, C:\Users\4stro\Desktop\geode\the-coin-guide\build\bindings\bindings\Geode\source\DialogLayer.cpp. [C:\Users\4stro\Desktop\geode\the-coin-guide\build\bindings\GeodeBindings.vcxproj]
E:\msvisual2026\MSBuild\Microsoft\VC\v180\Microsoft.CppBuild.targets(1139,5): warning MSB8027: Dos o m├ís archivos con el mismo nombre de DialogObject.cpp producir├ín salidas en la misma ubicaci├│n. Esto puede dar lugar a un resultado de compilaci├│n incorrecto. Los archivos implicados son C:\Users\4stro\Desktop\geode\the-coin-guide\build\_deps\bindings-src\bindings\2.2081\inline\DialogObject.cpp, C:\Users\4stro\Desktop\geode\the-coin-guide\build\bindings\bindings\Geode\source\DialogObject.cpp. [C:\Users\4stro\Desktop\geode\the-coin-guide\build\bindings\GeodeBindings.vcxproj]
E:\msvisual2026\MSBuild\Microsoft\VC\v180\Microsoft.CppBuild.targets(1139,5): warning MSB8027: Dos o m├ís archivos con el mismo nombre de DownloadMessageDelegate.cpp producir├ín salidas en la misma ubicaci├│n. Esto puede dar lugar a un resultado de compilaci├│n incorrecto. Los archivos implicados son C:\Users\4stro\Desktop\geode\the-coin-guide\build\_deps\bindings-src\bindings\2.2081\inline\DownloadMessageDelegate.cpp, C:\Users\4stro\Desktop\geode\the-coin-guide\build\bindings\bindings\Geode\source\DownloadMessageDelegate.cpp. [C:\Users\4stro\Desktop\geode\the-coin-guide\build\bindings\GeodeBindings.vcxproj]
E:\msvisual2026\MSBuild\Microsoft\VC\v180\Microsoft.CppBuild.targets(1139,5): warning MSB8027: Dos o m├ís archivos con el mismo nombre de DrawGridLayer.cpp producir├ín salidas en la misma ubicaci├│n. Esto puede dar lugar a un resultado de compilaci├│n incorrecto. Los archivos implicados son C:\Users\4stro\Desktop\geode\the-coin-guide\build\_deps\bindings-src\bindings\2.2081\inline\DrawGridLayer.cpp, C:\Users\4stro\Desktop\geode\the-coin-guide\build\bindings\bindings\Geode\source\DrawGridLayer.cpp. [C:\Users\4stro\Desktop\geode\the-coin-guide\build\bindings\GeodeBindings.vcxproj]
E:\msvisual2026\MSBuild\Microsoft\VC\v180\Microsoft.CppBuild.targets(1139,5): warning MSB8027: Dos o m├ís archivos con el mismo nombre de DungeonBarsSprite.cpp producir├ín salidas en la misma ubicaci├│n. Esto puede dar lugar a un resultado de compilaci├│n incorrecto. Los archivos implicados son C:\Users\4stro\Desktop\geode\the-coin-guide\build\_deps\bindings-src\bindings\2.2081\inline\DungeonBarsSprite.cpp, C:\Users\4stro\Desktop\geode\the-coin-guide\build\bindings\bindings\Geode\source\DungeonBarsSprite.cpp. [C:\Users\4stro\Desktop\geode\the-coin-guide\build\bindings\GeodeBindings.vcxproj]
E:\msvisual2026\MSBuild\Microsoft\VC\v180\Microsoft.CppBuild.targets(1139,5): warning MSB8027: Dos o m├ís archivos con el mismo nombre de DynamicBitset.cpp producir├ín salidas en la misma ubicaci├│n. Esto puede dar lugar a un resultado de compilaci├│n incorrecto. Los archivos implicados son C:\Users\4stro\Desktop\geode\the-coin-guide\build\_deps\bindings-src\bindings\2.2081\inline\DynamicBitset.cpp, C:\Users\4stro\Desktop\geode\the-coin-guide\build\bindings\bindings\Geode\source\DynamicBitset.cpp. [C:\Users\4stro\Desktop\geode\the-coin-guide\build\bindings\GeodeBindings.vcxproj]
E:\msvisual2026\MSBuild\Microsoft\VC\v180\Microsoft.CppBuild.targets(1139,5): warning MSB8027: Dos o m├ís archivos con el mismo nombre de DynamicMoveCalculation.cpp producir├ín salidas en la misma ubicaci├│n. Esto puede dar lugar a un resultado de compilaci├│n incorrecto. Los archivos implicados son C:\Users\4stro\Desktop\geode\the-coin-guide\build\_deps\bindings-src\bindings\2.2081\inline\DynamicMoveCalculation.cpp, C:\Users\4stro\Desktop\geode\the-coin-guide\build\bindings\bindings\Geode\source\DynamicMoveCalculation.cpp. [C:\Users\4stro\Desktop\geode\the-coin-guide\build\bindings\GeodeBindings.vcxproj]
E:\msvisual2026\MSBuild\Microsoft\VC\v180\Microsoft.CppBuild.targets(1139,5): warning MSB8027: Dos o m├ís archivos con el mismo nombre de DynamicObjectAction.cpp producir├ín salidas en la misma ubicaci├│n. Esto puede dar lugar a un resultado de compilaci├│n incorrecto. Los archivos implicados son C:\Users\4stro\Desktop\geode\the-coin-guide\build\_deps\bindings-src\bindings\2.2081\inline\DynamicObjectAction.cpp, C:\Users\4stro\Desktop\geode\the-coin-guide\build\bindings\bindings\Geode\source\DynamicObjectAction.cpp. [C:\Users\4stro\Desktop\geode\the-coin-guide\build\bindings\GeodeBindings.vcxproj]
E:\msvisual2026\MSBuild\Microsoft\VC\v180\Microsoft.CppBuild.targets(1139,5): warning MSB8027: Dos o m├ís archivos con el mismo nombre de DynamicScrollDelegate.cpp producir├ín salidas en la misma ubicaci├│n. Esto puede dar lugar a un resultado de compilaci├│n incorrecto. Los archivos implicados son C:\Users\4stro\Desktop\geode\the-coin-guide\build\_deps\bindings-src\bindings\2.2081\inline\DynamicScrollDelegate.cpp, C:\Users\4stro\Desktop\geode\the-coin-guide\build\bindings\bindings\Geode\source\DynamicScrollDelegate.cpp. [C:\Users\4stro\Desktop\geode\the-coin-guide\build\bindings\GeodeBindings.vcxproj]
E:\msvisual2026\MSBuild\Microsoft\VC\v180\Microsoft.CppBuild.targets(1139,5): warning MSB8027: Dos o m├ís archivos con el mismo nombre de EditButtonBar.cpp producir├ín salidas en la misma ubicaci├│n. Esto puede dar lugar a un resultado de compilaci├│n incorrecto. Los archivos implicados son C:\Users\4stro\Desktop\geode\the-coin-guide\build\_deps\bindings-src\bindings\2.2081\inline\EditButtonBar.cpp, C:\Users\4stro\Desktop\geode\the-coin-guide\build\bindings\bindings\Geode\source\EditButtonBar.cpp. [C:\Users\4stro\Desktop\geode\the-coin-guide\build\bindings\GeodeBindings.vcxproj]
E:\msvisual2026\MSBuild\Microsoft\VC\v180\Microsoft.CppBuild.targets(1139,5): warning MSB8027: Dos o m├ís archivos con el mismo nombre de EditGameObjectPopup.cpp producir├ín salidas en la misma ubicaci├│n. Esto puede dar lugar a un resultado de compilaci├│n incorrecto. Los archivos implicados son C:\Users\4stro\Desktop\geode\the-coin-guide\build\_deps\bindings-src\bindings\2.2081\inline\EditGameObjectPopup.cpp, C:\Users\4stro\Desktop\geode\the-coin-guide\build\bindings\bindings\Geode\source\EditGameObjectPopup.cpp. [C:\Users\4stro\Desktop\geode\the-coin-guide\build\bindings\GeodeBindings.vcxproj]
E:\msvisual2026\MSBuild\Microsoft\VC\v180\Microsoft.CppBuild.targets(1139,5): warning MSB8027: Dos o m├ís archivos con el mismo nombre de EditLevelLayer.cpp producir├ín salidas en la misma ubicaci├│n. Esto puede dar lugar a un resultado de compilaci├│n incorrecto. Los archivos implicados son C:\Users\4stro\Desktop\geode\the-coin-guide\build\_deps\bindings-src\bindings\2.2081\inline\EditLevelLayer.cpp, C:\Users\4stro\Desktop\geode\the-coin-guide\build\bindings\bindings\Geode\source\EditLevelLayer.cpp. [C:\Users\4stro\Desktop\geode\the-coin-guide\build\bindings\GeodeBindings.vcxproj]
E:\msvisual2026\MSBuild\Microsoft\VC\v180\Microsoft.CppBuild.targets(1139,5): warning MSB8027: Dos o m├ís archivos con el mismo nombre de EditTriggersPopup.cpp producir├ín salidas en la misma ubicaci├│n. Esto puede dar lugar a un resultado de compilaci├│n incorrecto. Los archivos implicados son C:\Users\4stro\Desktop\geode\the-coin-guide\build\_deps\bindings-src\bindings\2.2081\inline\EditTriggersPopup.cpp, C:\Users\4stro\Desktop\geode\the-coin-guide\build\bindings\bindings\Geode\source\EditTriggersPopup.cpp. [C:\Users\4stro\Desktop\geode\the-coin-guide\build\bindings\GeodeBindings.vcxproj]
E:\msvisual2026\MSBuild\Microsoft\VC\v180\Microsoft.CppBuild.targets(1139,5): warning MSB8027: Dos o m├ís archivos con el mismo nombre de EditorOptionsLayer.cpp producir├ín salidas en la misma ubicaci├│n. Esto puede dar lugar a un resultado de compilaci├│n incorrecto. Los archivos implicados son C:\Users\4stro\Desktop\geode\the-coin-guide\build\_deps\bindings-src\bindings\2.2081\inline\EditorOptionsLayer.cpp, C:\Users\4stro\Desktop\geode\the-coin-guide\build\bindings\bindings\Geode\source\EditorOptionsLayer.cpp. [C:\Users\4stro\Desktop\geode\the-coin-guide\build\bindings\GeodeBindings.vcxproj]
E:\msvisual2026\MSBuild\Microsoft\VC\v180\Microsoft.CppBuild.targets(1139,5): warning MSB8027: Dos o m├ís archivos con el mismo nombre de EditorPauseLayer.cpp producir├ín salidas en la misma ubicaci├│n. Esto puede dar lugar a un resultado de compilaci├│n incorrecto. Los archivos implicados son C:\Users\4stro\Desktop\geode\the-coin-guide\build\_deps\bindings-src\bindings\2.2081\inline\EditorPauseLayer.cpp, C:\Users\4stro\Desktop\geode\the-coin-guide\build\bindings\bindings\Geode\source\EditorPauseLayer.cpp. [C:\Users\4stro\Desktop\geode\the-coin-guide\build\bindings\GeodeBindings.vcxproj]
E:\msvisual2026\MSBuild\Microsoft\VC\v180\Microsoft.CppBuild.targets(1139,5): warning MSB8027: Dos o m├ís archivos con el mismo nombre de EditorUI.cpp producir├ín salidas en la misma ubicaci├│n. Esto puede dar lugar a un resultado de compilaci├│n incorrecto. Los archivos implicados son C:\Users\4stro\Desktop\geode\the-coin-guide\build\_deps\bindings-src\bindings\2.2081\inline\EditorUI.cpp, C:\Users\4stro\Desktop\geode\the-coin-guide\build\bindings\bindings\Geode\source\EditorUI.cpp. [C:\Users\4stro\Desktop\geode\the-coin-guide\build\bindings\GeodeBindings.vcxproj]
E:\msvisual2026\MSBuild\Microsoft\VC\v180\Microsoft.CppBuild.targets(1139,5): warning MSB8027: Dos o m├ís archivos con el mismo nombre de EffectGameObject.cpp producir├ín salidas en la misma ubicaci├│n. Esto puede dar lugar a un resultado de compilaci├│n incorrecto. Los archivos implicados son C:\Users\4stro\Desktop\geode\the-coin-guide\build\_deps\bindings-src\bindings\2.2081\inline\EffectGameObject.cpp, C:\Users\4stro\Desktop\geode\the-coin-guide\build\bindings\bindings\Geode\source\EffectGameObject.cpp. [C:\Users\4stro\Desktop\geode\the-coin-guide\build\bindings\GeodeBindings.vcxproj]
E:\msvisual2026\MSBuild\Microsoft\VC\v180\Microsoft.CppBuild.targets(1139,5): warning MSB8027: Dos o m├ís archivos con el mismo nombre de EffectManagerState.cpp producir├ín salidas en la misma ubicaci├│n. Esto puede dar lugar a un resultado de compilaci├│n incorrecto. Los archivos implicados son C:\Users\4stro\Desktop\geode\the-coin-guide\build\_deps\bindings-src\bindings\2.2081\inline\EffectManagerState.cpp, C:\Users\4stro\Desktop\geode\the-coin-guide\build\bindings\bindings\Geode\source\EffectManagerState.cpp. [C:\Users\4stro\Desktop\geode\the-coin-guide\build\bindings\GeodeBindings.vcxproj]
E:\msvisual2026\MSBuild\Microsoft\VC\v180\Microsoft.CppBuild.targets(1139,5): warning MSB8027: Dos o m├ís archivos con el mismo nombre de EndLevelLayer.cpp producir├ín salidas en la misma ubicaci├│n. Esto puede dar lugar a un resultado de compilaci├│n incorrecto. Los archivos implicados son C:\Users\4stro\Desktop\geode\the-coin-guide\build\_deps\bindings-src\bindings\2.2081\inline\EndLevelLayer.cpp, C:\Users\4stro\Desktop\geode\the-coin-guide\build\bindings\bindings\Geode\source\EndLevelLayer.cpp. [C:\Users\4stro\Desktop\geode\the-coin-guide\build\bindings\GeodeBindings.vcxproj]
E:\msvisual2026\MSBuild\Microsoft\VC\v180\Microsoft.CppBuild.targets(1139,5): warning MSB8027: Dos o m├ís archivos con el mismo nombre de EndPortalObject.cpp producir├ín salidas en la misma ubicaci├│n. Esto puede dar lugar a un resultado de compilaci├│n incorrecto. Los archivos implicados son C:\Users\4stro\Desktop\geode\the-coin-guide\build\_deps\bindings-src\bindings\2.2081\inline\EndPortalObject.cpp, C:\Users\4stro\Desktop\geode\the-coin-guide\build\bindings\bindings\Geode\source\EndPortalObject.cpp. [C:\Users\4stro\Desktop\geode\the-coin-guide\build\bindings\GeodeBindings.vcxproj]
E:\msvisual2026\MSBuild\Microsoft\VC\v180\Microsoft.CppBuild.targets(1139,5): warning MSB8027: Dos o m├ís archivos con el mismo nombre de EndTriggerGameObject.cpp producir├ín salidas en la misma ubicaci├│n. Esto puede dar lugar a un resultado de compilaci├│n incorrecto. Los archivos implicados son C:\Users\4stro\Desktop\geode\the-coin-guide\build\_deps\bindings-src\bindings\2.2081\inline\EndTriggerGameObject.cpp, C:\Users\4stro\Desktop\geode\the-coin-guide\build\bindings\bindings\Geode\source\EndTriggerGameObject.cpp. [C:\Users\4stro\Desktop\geode\the-coin-guide\build\bindings\GeodeBindings.vcxproj]
E:\msvisual2026\MSBuild\Microsoft\VC\v180\Microsoft.CppBuild.targets(1139,5): warning MSB8027: Dos o m├ís archivos con el mismo nombre de EnhancedGameObject.cpp producir├ín salidas en la misma ubicaci├│n. Esto puede dar lugar a un resultado de compilaci├│n incorrecto. Los archivos implicados son C:\Users\4stro\Desktop\geode\the-coin-guide\build\_deps\bindings-src\bindings\2.2081\inline\EnhancedGameObject.cpp, C:\Users\4stro\Desktop\geode\the-coin-guide\build\bindings\bindings\Geode\source\EnhancedGameObject.cpp. [C:\Users\4stro\Desktop\geode\the-coin-guide\build\bindings\GeodeBindings.vcxproj]
E:\msvisual2026\MSBuild\Microsoft\VC\v180\Microsoft.CppBuild.targets(1139,5): warning MSB8027: Dos o m├ís archivos con el mismo nombre de EnhancedTriggerObject.cpp producir├ín salidas en la misma ubicaci├│n. Esto puede dar lugar a un resultado de compilaci├│n incorrecto. Los archivos implicados son C:\Users\4stro\Desktop\geode\the-coin-guide\build\_deps\bindings-src\bindings\2.2081\inline\EnhancedTriggerObject.cpp, C:\Users\4stro\Desktop\geode\the-coin-guide\build\bindings\bindings\Geode\source\EnhancedTriggerObject.cpp. [C:\Users\4stro\Desktop\geode\the-coin-guide\build\bindings\GeodeBindings.vcxproj]
E:\msvisual2026\MSBuild\Microsoft\VC\v180\Microsoft.CppBuild.targets(1139,5): warning MSB8027: Dos o m├ís archivos con el mismo nombre de EnterEffectAnimValue.cpp producir├ín salidas en la misma ubicaci├│n. Esto puede dar lugar a un resultado de compilaci├│n incorrecto. Los archivos implicados son C:\Users\4stro\Desktop\geode\the-coin-guide\build\_deps\bindings-src\bindings\2.2081\inline\EnterEffectAnimValue.cpp, C:\Users\4stro\Desktop\geode\the-coin-guide\build\bindings\bindings\Geode\source\EnterEffectAnimValue.cpp. [C:\Users\4stro\Desktop\geode\the-coin-guide\build\bindings\GeodeBindings.vcxproj]
E:\msvisual2026\MSBuild\Microsoft\VC\v180\Microsoft.CppBuild.targets(1139,5): warning MSB8027: Dos o m├ís archivos con el mismo nombre de EnterEffectInstance.cpp producir├ín salidas en la misma ubicaci├│n. Esto puede dar lugar a un resultado de compilaci├│n incorrecto. Los archivos implicados son C:\Users\4stro\Desktop\geode\the-coin-guide\build\_deps\bindings-src\bindings\2.2081\inline\EnterEffectInstance.cpp, C:\Users\4stro\Desktop\geode\the-coin-guide\build\bindings\bindings\Geode\source\EnterEffectInstance.cpp. [C:\Users\4stro\Desktop\geode\the-coin-guide\build\bindings\GeodeBindings.vcxproj]
E:\msvisual2026\MSBuild\Microsoft\VC\v180\Microsoft.CppBuild.targets(1139,5): warning MSB8027: Dos o m├ís archivos con el mismo nombre de EnterEffectObject.cpp producir├ín salidas en la misma ubicaci├│n. Esto puede dar lugar a un resultado de compilaci├│n incorrecto. Los archivos implicados son C:\Users\4stro\Desktop\geode\the-coin-guide\build\_deps\bindings-src\bindings\2.2081\inline\EnterEffectObject.cpp, C:\Users\4stro\Desktop\geode\the-coin-guide\build\bindings\bindings\Geode\source\EnterEffectObject.cpp. [C:\Users\4stro\Desktop\geode\the-coin-guide\build\bindings\GeodeBindings.vcxproj]
E:\msvisual2026\MSBuild\Microsoft\VC\v180\Microsoft.CppBuild.targets(1139,5): warning MSB8027: Dos o m├ís archivos con el mismo nombre de EventLinkTrigger.cpp producir├ín salidas en la misma ubicaci├│n. Esto puede dar lugar a un resultado de compilaci├│n incorrecto. Los archivos implicados son C:\Users\4stro\Desktop\geode\the-coin-guide\build\_deps\bindings-src\bindings\2.2081\inline\EventLinkTrigger.cpp, C:\Users\4stro\Desktop\geode\the-coin-guide\build\bindings\bindings\Geode\source\EventLinkTrigger.cpp. [C:\Users\4stro\Desktop\geode\the-coin-guide\build\bindings\GeodeBindings.vcxproj]
E:\msvisual2026\MSBuild\Microsoft\VC\v180\Microsoft.CppBuild.targets(1139,5): warning MSB8027: Dos o m├ís archivos con el mismo nombre de EventTriggerInstance.cpp producir├ín salidas en la misma ubicaci├│n. Esto puede dar lugar a un resultado de compilaci├│n incorrecto. Los archivos implicados son C:\Users\4stro\Desktop\geode\the-coin-guide\build\_deps\bindings-src\bindings\2.2081\inline\EventTriggerInstance.cpp, C:\Users\4stro\Desktop\geode\the-coin-guide\build\bindings\bindings\Geode\source\EventTriggerInstance.cpp. [C:\Users\4stro\Desktop\geode\the-coin-guide\build\bindings\GeodeBindings.vcxproj]
E:\msvisual2026\MSBuild\Microsoft\VC\v180\Microsoft.CppBuild.targets(1139,5): warning MSB8027: Dos o m├ís archivos con el mismo nombre de ExplodeItemNode.cpp producir├ín salidas en la misma ubicaci├│n. Esto puede dar lugar a un resultado de compilaci├│n incorrecto. Los archivos implicados son C:\Users\4stro\Desktop\geode\the-coin-guide\build\_deps\bindings-src\bindings\2.2081\inline\ExplodeItemNode.cpp, C:\Users\4stro\Desktop\geode\the-coin-guide\build\bindings\bindings\Geode\source\ExplodeItemNode.cpp. [C:\Users\4stro\Desktop\geode\the-coin-guide\build\bindings\GeodeBindings.vcxproj]
E:\msvisual2026\MSBuild\Microsoft\VC\v180\Microsoft.CppBuild.targets(1139,5): warning MSB8027: Dos o m├ís archivos con el mismo nombre de ExplodeItemSprite.cpp producir├ín salidas en la misma ubicaci├│n. Esto puede dar lugar a un resultado de compilaci├│n incorrecto. Los archivos implicados son C:\Users\4stro\Desktop\geode\the-coin-guide\build\_deps\bindings-src\bindings\2.2081\inline\ExplodeItemSprite.cpp, C:\Users\4stro\Desktop\geode\the-coin-guide\build\bindings\bindings\Geode\source\ExplodeItemSprite.cpp. [C:\Users\4stro\Desktop\geode\the-coin-guide\build\bindings\GeodeBindings.vcxproj]
E:\msvisual2026\MSBuild\Microsoft\VC\v180\Microsoft.CppBuild.targets(1139,5): warning MSB8027: Dos o m├ís archivos con el mismo nombre de ExtendedLayer.cpp producir├ín salidas en la misma ubicaci├│n. Esto puede dar lugar a un resultado de compilaci├│n incorrecto. Los archivos implicados son C:\Users\4stro\Desktop\geode\the-coin-guide\build\_deps\bindings-src\bindings\2.2081\inline\ExtendedLayer.cpp, C:\Users\4stro\Desktop\geode\the-coin-guide\build\bindings\bindings\Geode\source\ExtendedLayer.cpp. [C:\Users\4stro\Desktop\geode\the-coin-guide\build\bindings\GeodeBindings.vcxproj]
E:\msvisual2026\MSBuild\Microsoft\VC\v180\Microsoft.CppBuild.targets(1139,5): warning MSB8027: Dos o m├ís archivos con el mismo nombre de FLAlertLayer.cpp producir├ín salidas en la misma ubicaci├│n. Esto puede dar lugar a un resultado de compilaci├│n incorrecto. Los archivos implicados son C:\Users\4stro\Desktop\geode\the-coin-guide\build\_deps\bindings-src\bindings\2.2081\inline\FLAlertLayer.cpp, C:\Users\4stro\Desktop\geode\the-coin-guide\build\bindings\bindings\Geode\source\FLAlertLayer.cpp. [C:\Users\4stro\Desktop\geode\the-coin-guide\build\bindings\GeodeBindings.vcxproj]
E:\msvisual2026\MSBuild\Microsoft\VC\v180\Microsoft.CppBuild.targets(1139,5): warning MSB8027: Dos o m├ís archivos con el mismo nombre de FLAlertLayerProtocol.cpp producir├ín salidas en la misma ubicaci├│n. Esto puede dar lugar a un resultado de compilaci├│n incorrecto. Los archivos implicados son C:\Users\4stro\Desktop\geode\the-coin-guide\build\_deps\bindings-src\bindings\2.2081\inline\FLAlertLayerProtocol.cpp, C:\Users\4stro\Desktop\geode\the-coin-guide\build\bindings\bindings\Geode\source\FLAlertLayerProtocol.cpp. [C:\Users\4stro\Desktop\geode\the-coin-guide\build\bindings\GeodeBindings.vcxproj]
E:\msvisual2026\MSBuild\Microsoft\VC\v180\Microsoft.CppBuild.targets(1139,5): warning MSB8027: Dos o m├ís archivos con el mismo nombre de FMODAudioEngine.cpp producir├ín salidas en la misma ubicaci├│n. Esto puede dar lugar a un resultado de compilaci├│n incorrecto. Los archivos implicados son C:\Users\4stro\Desktop\geode\the-coin-guide\build\_deps\bindings-src\bindings\2.2081\inline\FMODAudioEngine.cpp, C:\Users\4stro\Desktop\geode\the-coin-guide\build\bindings\bindings\Geode\source\FMODAudioEngine.cpp. [C:\Users\4stro\Desktop\geode\the-coin-guide\build\bindings\GeodeBindings.vcxproj]
E:\msvisual2026\MSBuild\Microsoft\VC\v180\Microsoft.CppBuild.targets(1139,5): warning MSB8027: Dos o m├ís archivos con el mismo nombre de FMODAudioState.cpp producir├ín salidas en la misma ubicaci├│n. Esto puede dar lugar a un resultado de compilaci├│n incorrecto. Los archivos implicados son C:\Users\4stro\Desktop\geode\the-coin-guide\build\_deps\bindings-src\bindings\2.2081\inline\FMODAudioState.cpp, C:\Users\4stro\Desktop\geode\the-coin-guide\build\bindings\bindings\Geode\source\FMODAudioState.cpp. [C:\Users\4stro\Desktop\geode\the-coin-guide\build\bindings\GeodeBindings.vcxproj]
E:\msvisual2026\MSBuild\Microsoft\VC\v180\Microsoft.CppBuild.targets(1139,5): warning MSB8027: Dos o m├ís archivos con el mismo nombre de FMODLevelVisualizer.cpp producir├ín salidas en la misma ubicaci├│n. Esto puede dar lugar a un resultado de compilaci├│n incorrecto. Los archivos implicados son C:\Users\4stro\Desktop\geode\the-coin-guide\build\_deps\bindings-src\bindings\2.2081\inline\FMODLevelVisualizer.cpp, C:\Users\4stro\Desktop\geode\the-coin-guide\build\bindings\bindings\Geode\source\FMODLevelVisualizer.cpp. [C:\Users\4stro\Desktop\geode\the-coin-guide\build\bindings\GeodeBindings.vcxproj]
E:\msvisual2026\MSBuild\Microsoft\VC\v180\Microsoft.CppBuild.targets(1139,5): warning MSB8027: Dos o m├ís archivos con el mismo nombre de FMODMusic.cpp producir├ín salidas en la misma ubicaci├│n. Esto puede dar lugar a un resultado de compilaci├│n incorrecto. Los archivos implicados son C:\Users\4stro\Desktop\geode\the-coin-guide\build\_deps\bindings-src\bindings\2.2081\inline\FMODMusic.cpp, C:\Users\4stro\Desktop\geode\the-coin-guide\build\bindings\bindings\Geode\source\FMODMusic.cpp. [C:\Users\4stro\Desktop\geode\the-coin-guide\build\bindings\GeodeBindings.vcxproj]
E:\msvisual2026\MSBuild\Microsoft\VC\v180\Microsoft.CppBuild.targets(1139,5): warning MSB8027: Dos o m├ís archivos con el mismo nombre de FMODQueuedEffect.cpp producir├ín salidas en la misma ubicaci├│n. Esto puede dar lugar a un resultado de compilaci├│n incorrecto. Los archivos implicados son C:\Users\4stro\Desktop\geode\the-coin-guide\build\_deps\bindings-src\bindings\2.2081\inline\FMODQueuedEffect.cpp, C:\Users\4stro\Desktop\geode\the-coin-guide\build\bindings\bindings\Geode\source\FMODQueuedEffect.cpp. [C:\Users\4stro\Desktop\geode\the-coin-guide\build\bindings\GeodeBindings.vcxproj]
E:\msvisual2026\MSBuild\Microsoft\VC\v180\Microsoft.CppBuild.targets(1139,5): warning MSB8027: Dos o m├ís archivos con el mismo nombre de FMODQueuedMusic.cpp producir├ín salidas en la misma ubicaci├│n. Esto puede dar lugar a un resultado de compilaci├│n incorrecto. Los archivos implicados son C:\Users\4stro\Desktop\geode\the-coin-guide\build\_deps\bindings-src\bindings\2.2081\inline\FMODQueuedMusic.cpp, C:\Users\4stro\Desktop\geode\the-coin-guide\build\bindings\bindings\Geode\source\FMODQueuedMusic.cpp. [C:\Users\4stro\Desktop\geode\the-coin-guide\build\bindings\GeodeBindings.vcxproj]
E:\msvisual2026\MSBuild\Microsoft\VC\v180\Microsoft.CppBuild.targets(1139,5): warning MSB8027: Dos o m├ís archivos con el mismo nombre de FMODSound.cpp producir├ín salidas en la misma ubicaci├│n. Esto puede dar lugar a un resultado de compilaci├│n incorrecto. Los archivos implicados son C:\Users\4stro\Desktop\geode\the-coin-guide\build\_deps\bindings-src\bindings\2.2081\inline\FMODSound.cpp, C:\Users\4stro\Desktop\geode\the-coin-guide\build\bindings\bindings\Geode\source\FMODSound.cpp. [C:\Users\4stro\Desktop\geode\the-coin-guide\build\bindings\GeodeBindings.vcxproj]
E:\msvisual2026\MSBuild\Microsoft\VC\v180\Microsoft.CppBuild.targets(1139,5): warning MSB8027: Dos o m├ís archivos con el mismo nombre de FMODSoundState.cpp producir├ín salidas en la misma ubicaci├│n. Esto puede dar lugar a un resultado de compilaci├│n incorrecto. Los archivos implicados son C:\Users\4stro\Desktop\geode\the-coin-guide\build\_deps\bindings-src\bindings\2.2081\inline\FMODSoundState.cpp, C:\Users\4stro\Desktop\geode\the-coin-guide\build\bindings\bindings\Geode\source\FMODSoundState.cpp. [C:\Users\4stro\Desktop\geode\the-coin-guide\build\bindings\GeodeBindings.vcxproj]
E:\msvisual2026\MSBuild\Microsoft\VC\v180\Microsoft.CppBuild.targets(1139,5): warning MSB8027: Dos o m├ís archivos con el mismo nombre de FMODSoundTween.cpp producir├ín salidas en la misma ubicaci├│n. Esto puede dar lugar a un resultado de compilaci├│n incorrecto. Los archivos implicados son C:\Users\4stro\Desktop\geode\the-coin-guide\build\_deps\bindings-src\bindings\2.2081\inline\FMODSoundTween.cpp, C:\Users\4stro\Desktop\geode\the-coin-guide\build\bindings\bindings\Geode\source\FMODSoundTween.cpp. [C:\Users\4stro\Desktop\geode\the-coin-guide\build\bindings\GeodeBindings.vcxproj]
E:\msvisual2026\MSBuild\Microsoft\VC\v180\Microsoft.CppBuild.targets(1139,5): warning MSB8027: Dos o m├ís archivos con el mismo nombre de FRequestProfilePage.cpp producir├ín salidas en la misma ubicaci├│n. Esto puede dar lugar a un resultado de compilaci├│n incorrecto. Los archivos implicados son C:\Users\4stro\Desktop\geode\the-coin-guide\build\_deps\bindings-src\bindings\2.2081\inline\FRequestProfilePage.cpp, C:\Users\4stro\Desktop\geode\the-coin-guide\build\bindings\bindings\Geode\source\FRequestProfilePage.cpp. [C:\Users\4stro\Desktop\geode\the-coin-guide\build\bindings\GeodeBindings.vcxproj]
E:\msvisual2026\MSBuild\Microsoft\VC\v180\Microsoft.CppBuild.targets(1139,5): warning MSB8027: Dos o m├ís archivos con el mismo nombre de FileOperation.cpp producir├ín salidas en la misma ubicaci├│n. Esto puede dar lugar a un resultado de compilaci├│n incorrecto. Los archivos implicados son C:\Users\4stro\Desktop\geode\the-coin-guide\build\_deps\bindings-src\bindings\2.2081\inline\FileOperation.cpp, C:\Users\4stro\Desktop\geode\the-coin-guide\build\bindings\bindings\Geode\source\FileOperation.cpp. [C:\Users\4stro\Desktop\geode\the-coin-guide\build\bindings\GeodeBindings.vcxproj]
E:\msvisual2026\MSBuild\Microsoft\VC\v180\Microsoft.CppBuild.targets(1139,5): warning MSB8027: Dos o m├ís archivos con el mismo nombre de FileSaveManager.cpp producir├ín salidas en la misma ubicaci├│n. Esto puede dar lugar a un resultado de compilaci├│n incorrecto. Los archivos implicados son C:\Users\4stro\Desktop\geode\the-coin-guide\build\_deps\bindings-src\bindings\2.2081\inline\FileSaveManager.cpp, C:\Users\4stro\Desktop\geode\the-coin-guide\build\bindings\bindings\Geode\source\FileSaveManager.cpp. [C:\Users\4stro\Desktop\geode\the-coin-guide\build\bindings\GeodeBindings.vcxproj]
E:\msvisual2026\MSBuild\Microsoft\VC\v180\Microsoft.CppBuild.targets(1139,5): warning MSB8027: Dos o m├ís archivos con el mismo nombre de FindBPMLayer.cpp producir├ín salidas en la misma ubicaci├│n. Esto puede dar lugar a un resultado de compilaci├│n incorrecto. Los archivos implicados son C:\Users\4stro\Desktop\geode\the-coin-guide\build\_deps\bindings-src\bindings\2.2081\inline\FindBPMLayer.cpp, C:\Users\4stro\Desktop\geode\the-coin-guide\build\bindings\bindings\Geode\source\FindBPMLayer.cpp. [C:\Users\4stro\Desktop\geode\the-coin-guide\build\bindings\GeodeBindings.vcxproj]
E:\msvisual2026\MSBuild\Microsoft\VC\v180\Microsoft.CppBuild.targets(1139,5): warning MSB8027: Dos o m├ís archivos con el mismo nombre de FindObjectPopup.cpp producir├ín salidas en la misma ubicaci├│n. Esto puede dar lugar a un resultado de compilaci├│n incorrecto. Los archivos implicados son C:\Users\4stro\Desktop\geode\the-coin-guide\build\_deps\bindings-src\bindings\2.2081\inline\FindObjectPopup.cpp, C:\Users\4stro\Desktop\geode\the-coin-guide\build\bindings\bindings\Geode\source\FindObjectPopup.cpp. [C:\Users\4stro\Desktop\geode\the-coin-guide\build\bindings\GeodeBindings.vcxproj]
E:\msvisual2026\MSBuild\Microsoft\VC\v180\Microsoft.CppBuild.targets(1139,5): warning MSB8027: Dos o m├ís archivos con el mismo nombre de FollowRewardPage.cpp producir├ín salidas en la misma ubicaci├│n. Esto puede dar lugar a un resultado de compilaci├│n incorrecto. Los archivos implicados son C:\Users\4stro\Desktop\geode\the-coin-guide\build\_deps\bindings-src\bindings\2.2081\inline\FollowRewardPage.cpp, C:\Users\4stro\Desktop\geode\the-coin-guide\build\bindings\bindings\Geode\source\FollowRewardPage.cpp. [C:\Users\4stro\Desktop\geode\the-coin-guide\build\bindings\GeodeBindings.vcxproj]
E:\msvisual2026\MSBuild\Microsoft\VC\v180\Microsoft.CppBuild.targets(1139,5): warning MSB8027: Dos o m├ís archivos con el mismo nombre de FontObject.cpp producir├ín salidas en la misma ubicaci├│n. Esto puede dar lugar a un resultado de compilaci├│n incorrecto. Los archivos implicados son C:\Users\4stro\Desktop\geode\the-coin-guide\build\_deps\bindings-src\bindings\2.2081\inline\FontObject.cpp, C:\Users\4stro\Desktop\geode\the-coin-guide\build\bindings\bindings\Geode\source\FontObject.cpp. [C:\Users\4stro\Desktop\geode\the-coin-guide\build\bindings\GeodeBindings.vcxproj]
E:\msvisual2026\MSBuild\Microsoft\VC\v180\Microsoft.CppBuild.targets(1139,5): warning MSB8027: Dos o m├ís archivos con el mismo nombre de ForceBlockGameObject.cpp producir├ín salidas en la misma ubicaci├│n. Esto puede dar lugar a un resultado de compilaci├│n incorrecto. Los archivos implicados son C:\Users\4stro\Desktop\geode\the-coin-guide\build\_deps\bindings-src\bindings\2.2081\inline\ForceBlockGameObject.cpp, C:\Users\4stro\Desktop\geode\the-coin-guide\build\bindings\bindings\Geode\source\ForceBlockGameObject.cpp. [C:\Users\4stro\Desktop\geode\the-coin-guide\build\bindings\GeodeBindings.vcxproj]
E:\msvisual2026\MSBuild\Microsoft\VC\v180\Microsoft.CppBuild.targets(1139,5): warning MSB8027: Dos o m├ís archivos con el mismo nombre de FriendRequestDelegate.cpp producir├ín salidas en la misma ubicaci├│n. Esto puede dar lugar a un resultado de compilaci├│n incorrecto. Los archivos implicados son C:\Users\4stro\Desktop\geode\the-coin-guide\build\_deps\bindings-src\bindings\2.2081\inline\FriendRequestDelegate.cpp, C:\Users\4stro\Desktop\geode\the-coin-guide\build\bindings\bindings\Geode\source\FriendRequestDelegate.cpp. [C:\Users\4stro\Desktop\geode\the-coin-guide\build\bindings\GeodeBindings.vcxproj]
E:\msvisual2026\MSBuild\Microsoft\VC\v180\Microsoft.CppBuild.targets(1139,5): warning MSB8027: Dos o m├ís archivos con el mismo nombre de FriendRequestPopup.cpp producir├ín salidas en la misma ubicaci├│n. Esto puede dar lugar a un resultado de compilaci├│n incorrecto. Los archivos implicados son C:\Users\4stro\Desktop\geode\the-coin-guide\build\_deps\bindings-src\bindings\2.2081\inline\FriendRequestPopup.cpp, C:\Users\4stro\Desktop\geode\the-coin-guide\build\bindings\bindings\Geode\source\FriendRequestPopup.cpp. [C:\Users\4stro\Desktop\geode\the-coin-guide\build\bindings\GeodeBindings.vcxproj]
E:\msvisual2026\MSBuild\Microsoft\VC\v180\Microsoft.CppBuild.targets(1139,5): warning MSB8027: Dos o m├ís archivos con el mismo nombre de FriendsProfilePage.cpp producir├ín salidas en la misma ubicaci├│n. Esto puede dar lugar a un resultado de compilaci├│n incorrecto. Los archivos implicados son C:\Users\4stro\Desktop\geode\the-coin-guide\build\_deps\bindings-src\bindings\2.2081\inline\FriendsProfilePage.cpp, C:\Users\4stro\Desktop\geode\the-coin-guide\build\bindings\bindings\Geode\source\FriendsProfilePage.cpp. [C:\Users\4stro\Desktop\geode\the-coin-guide\build\bindings\GeodeBindings.vcxproj]
E:\msvisual2026\MSBuild\Microsoft\VC\v180\Microsoft.CppBuild.targets(1139,5): warning MSB8027: Dos o m├ís archivos con el mismo nombre de GJAccountBackupDelegate.cpp producir├ín salidas en la misma ubicaci├│n. Esto puede dar lugar a un resultado de compilaci├│n incorrecto. Los archivos implicados son C:\Users\4stro\Desktop\geode\the-coin-guide\build\_deps\bindings-src\bindings\2.2081\inline\GJAccountBackupDelegate.cpp, C:\Users\4stro\Desktop\geode\the-coin-guide\build\bindings\bindings\Geode\source\GJAccountBackupDelegate.cpp. [C:\Users\4stro\Desktop\geode\the-coin-guide\build\bindings\GeodeBindings.vcxproj]
E:\msvisual2026\MSBuild\Microsoft\VC\v180\Microsoft.CppBuild.targets(1139,5): warning MSB8027: Dos o m├ís archivos con el mismo nombre de GJAccountDelegate.cpp producir├ín salidas en la misma ubicaci├│n. Esto puede dar lugar a un resultado de compilaci├│n incorrecto. Los archivos implicados son C:\Users\4stro\Desktop\geode\the-coin-guide\build\_deps\bindings-src\bindings\2.2081\inline\GJAccountDelegate.cpp, C:\Users\4stro\Desktop\geode\the-coin-guide\build\bindings\bindings\Geode\source\GJAccountDelegate.cpp. [C:\Users\4stro\Desktop\geode\the-coin-guide\build\bindings\GeodeBindings.vcxproj]
E:\msvisual2026\MSBuild\Microsoft\VC\v180\Microsoft.CppBuild.targets(1139,5): warning MSB8027: Dos o m├ís archivos con el mismo nombre de GJAccountLoginDelegate.cpp producir├ín salidas en la misma ubicaci├│n. Esto puede dar lugar a un resultado de compilaci├│n incorrecto. Los archivos implicados son C:\Users\4stro\Desktop\geode\the-coin-guide\build\_deps\bindings-src\bindings\2.2081\inline\GJAccountLoginDelegate.cpp, C:\Users\4stro\Desktop\geode\the-coin-guide\build\bindings\bindings\Geode\source\GJAccountLoginDelegate.cpp. [C:\Users\4stro\Desktop\geode\the-coin-guide\build\bindings\GeodeBindings.vcxproj]
E:\msvisual2026\MSBuild\Microsoft\VC\v180\Microsoft.CppBuild.targets(1139,5): warning MSB8027: Dos o m├ís archivos con el mismo nombre de GJAccountManager.cpp producir├ín salidas en la misma ubicaci├│n. Esto puede dar lugar a un resultado de compilaci├│n incorrecto. Los archivos implicados son C:\Users\4stro\Desktop\geode\the-coin-guide\build\_deps\bindings-src\bindings\2.2081\inline\GJAccountManager.cpp, C:\Users\4stro\Desktop\geode\the-coin-guide\build\bindings\bindings\Geode\source\GJAccountManager.cpp. [C:\Users\4stro\Desktop\geode\the-coin-guide\build\bindings\GeodeBindings.vcxproj]
E:\msvisual2026\MSBuild\Microsoft\VC\v180\Microsoft.CppBuild.targets(1139,5): warning MSB8027: Dos o m├ís archivos con el mismo nombre de GJAccountRegisterDelegate.cpp producir├ín salidas en la misma ubicaci├│n. Esto puede dar lugar a un resultado de compilaci├│n incorrecto. Los archivos implicados son C:\Users\4stro\Desktop\geode\the-coin-guide\build\_deps\bindings-src\bindings\2.2081\inline\GJAccountRegisterDelegate.cpp, C:\Users\4stro\Desktop\geode\the-coin-guide\build\bindings\bindings\Geode\source\GJAccountRegisterDelegate.cpp. [C:\Users\4stro\Desktop\geode\the-coin-guide\build\bindings\GeodeBindings.vcxproj]
E:\msvisual2026\MSBuild\Microsoft\VC\v180\Microsoft.CppBuild.targets(1139,5): warning MSB8027: Dos o m├ís archivos con el mismo nombre de GJAccountSettingsDelegate.cpp producir├ín salidas en la misma ubicaci├│n. Esto puede dar lugar a un resultado de compilaci├│n incorrecto. Los archivos implicados son C:\Users\4stro\Desktop\geode\the-coin-guide\build\_deps\bindings-src\bindings\2.2081\inline\GJAccountSettingsDelegate.cpp, C:\Users\4stro\Desktop\geode\the-coin-guide\build\bindings\bindings\Geode\source\GJAccountSettingsDelegate.cpp. [C:\Users\4stro\Desktop\geode\the-coin-guide\build\bindings\GeodeBindings.vcxproj]
E:\msvisual2026\MSBuild\Microsoft\VC\v180\Microsoft.CppBuild.targets(1139,5): warning MSB8027: Dos o m├ís archivos con el mismo nombre de GJAccountSettingsLayer.cpp producir├ín salidas en la misma ubicaci├│n. Esto puede dar lugar a un resultado de compilaci├│n incorrecto. Los archivos implicados son C:\Users\4stro\Desktop\geode\the-coin-guide\build\_deps\bindings-src\bindings\2.2081\inline\GJAccountSettingsLayer.cpp, C:\Users\4stro\Desktop\geode\the-coin-guide\build\bindings\bindings\Geode\source\GJAccountSettingsLayer.cpp. [C:\Users\4stro\Desktop\geode\the-coin-guide\build\bindings\GeodeBindings.vcxproj]
E:\msvisual2026\MSBuild\Microsoft\VC\v180\Microsoft.CppBuild.targets(1139,5): warning MSB8027: Dos o m├ís archivos con el mismo nombre de GJAccountSyncDelegate.cpp producir├ín salidas en la misma ubicaci├│n. Esto puede dar lugar a un resultado de compilaci├│n incorrecto. Los archivos implicados son C:\Users\4stro\Desktop\geode\the-coin-guide\build\_deps\bindings-src\bindings\2.2081\inline\GJAccountSyncDelegate.cpp, C:\Users\4stro\Desktop\geode\the-coin-guide\build\bindings\bindings\Geode\source\GJAccountSyncDelegate.cpp. [C:\Users\4stro\Desktop\geode\the-coin-guide\build\bindings\GeodeBindings.vcxproj]
E:\msvisual2026\MSBuild\Microsoft\VC\v180\Microsoft.CppBuild.targets(1139,5): warning MSB8027: Dos o m├ís archivos con el mismo nombre de GJActionManager.cpp producir├ín salidas en la misma ubicaci├│n. Esto puede dar lugar a un resultado de compilaci├│n incorrecto. Los archivos implicados son C:\Users\4stro\Desktop\geode\the-coin-guide\build\_deps\bindings-src\bindings\2.2081\inline\GJActionManager.cpp, C:\Users\4stro\Desktop\geode\the-coin-guide\build\bindings\bindings\Geode\source\GJActionManager.cpp. [C:\Users\4stro\Desktop\geode\the-coin-guide\build\bindings\GeodeBindings.vcxproj]
E:\msvisual2026\MSBuild\Microsoft\VC\v180\Microsoft.CppBuild.targets(1139,5): warning MSB8027: Dos o m├ís archivos con el mismo nombre de GJAssetDownloadAction.cpp producir├ín salidas en la misma ubicaci├│n. Esto puede dar lugar a un resultado de compilaci├│n incorrecto. Los archivos implicados son C:\Users\4stro\Desktop\geode\the-coin-guide\build\_deps\bindings-src\bindings\2.2081\inline\GJAssetDownloadAction.cpp, C:\Users\4stro\Desktop\geode\the-coin-guide\build\bindings\bindings\Geode\source\GJAssetDownloadAction.cpp. [C:\Users\4stro\Desktop\geode\the-coin-guide\build\bindings\GeodeBindings.vcxproj]
E:\msvisual2026\MSBuild\Microsoft\VC\v180\Microsoft.CppBuild.targets(1139,5): warning MSB8027: Dos o m├ís archivos con el mismo nombre de GJBaseGameLayer.cpp producir├ín salidas en la misma ubicaci├│n. Esto puede dar lugar a un resultado de compilaci├│n incorrecto. Los archivos implicados son C:\Users\4stro\Desktop\geode\the-coin-guide\build\_deps\bindings-src\bindings\2.2081\inline\GJBaseGameLayer.cpp, C:\Users\4stro\Desktop\geode\the-coin-guide\build\bindings\bindings\Geode\source\GJBaseGameLayer.cpp. [C:\Users\4stro\Desktop\geode\the-coin-guide\build\bindings\GeodeBindings.vcxproj]
E:\msvisual2026\MSBuild\Microsoft\VC\v180\Microsoft.CppBuild.targets(1139,5): warning MSB8027: Dos o m├ís archivos con el mismo nombre de GJBigSprite.cpp producir├ín salidas en la misma ubicaci├│n. Esto puede dar lugar a un resultado de compilaci├│n incorrecto. Los archivos implicados son C:\Users\4stro\Desktop\geode\the-coin-guide\build\_deps\bindings-src\bindings\2.2081\inline\GJBigSprite.cpp, C:\Users\4stro\Desktop\geode\the-coin-guide\build\bindings\bindings\Geode\source\GJBigSprite.cpp. [C:\Users\4stro\Desktop\geode\the-coin-guide\build\bindings\GeodeBindings.vcxproj]
E:\msvisual2026\MSBuild\Microsoft\VC\v180\Microsoft.CppBuild.targets(1139,5): warning MSB8027: Dos o m├ís archivos con el mismo nombre de GJBigSpriteNode.cpp producir├ín salidas en la misma ubicaci├│n. Esto puede dar lugar a un resultado de compilaci├│n incorrecto. Los archivos implicados son C:\Users\4stro\Desktop\geode\the-coin-guide\build\_deps\bindings-src\bindings\2.2081\inline\GJBigSpriteNode.cpp, C:\Users\4stro\Desktop\geode\the-coin-guide\build\bindings\bindings\Geode\source\GJBigSpriteNode.cpp. [C:\Users\4stro\Desktop\geode\the-coin-guide\build\bindings\GeodeBindings.vcxproj]
E:\msvisual2026\MSBuild\Microsoft\VC\v180\Microsoft.CppBuild.targets(1139,5): warning MSB8027: Dos o m├ís archivos con el mismo nombre de GJChallengeDelegate.cpp producir├ín salidas en la misma ubicaci├│n. Esto puede dar lugar a un resultado de compilaci├│n incorrecto. Los archivos implicados son C:\Users\4stro\Desktop\geode\the-coin-guide\build\_deps\bindings-src\bindings\2.2081\inline\GJChallengeDelegate.cpp, C:\Users\4stro\Desktop\geode\the-coin-guide\build\bindings\bindings\Geode\source\GJChallengeDelegate.cpp. [C:\Users\4stro\Desktop\geode\the-coin-guide\build\bindings\GeodeBindings.vcxproj]
E:\msvisual2026\MSBuild\Microsoft\VC\v180\Microsoft.CppBuild.targets(1139,5): warning MSB8027: Dos o m├ís archivos con el mismo nombre de GJChallengeItem.cpp producir├ín salidas en la misma ubicaci├│n. Esto puede dar lugar a un resultado de compilaci├│n incorrecto. Los archivos implicados son C:\Users\4stro\Desktop\geode\the-coin-guide\build\_deps\bindings-src\bindings\2.2081\inline\GJChallengeItem.cpp, C:\Users\4stro\Desktop\geode\the-coin-guide\build\bindings\bindings\Geode\source\GJChallengeItem.cpp. [C:\Users\4stro\Desktop\geode\the-coin-guide\build\bindings\GeodeBindings.vcxproj]
E:\msvisual2026\MSBuild\Microsoft\VC\v180\Microsoft.CppBuild.targets(1139,5): warning MSB8027: Dos o m├ís archivos con el mismo nombre de GJChestSprite.cpp producir├ín salidas en la misma ubicaci├│n. Esto puede dar lugar a un resultado de compilaci├│n incorrecto. Los archivos implicados son C:\Users\4stro\Desktop\geode\the-coin-guide\build\_deps\bindings-src\bindings\2.2081\inline\GJChestSprite.cpp, C:\Users\4stro\Desktop\geode\the-coin-guide\build\bindings\bindings\Geode\source\GJChestSprite.cpp. [C:\Users\4stro\Desktop\geode\the-coin-guide\build\bindings\GeodeBindings.vcxproj]
E:\msvisual2026\MSBuild\Microsoft\VC\v180\Microsoft.CppBuild.targets(1139,5): warning MSB8027: Dos o m├ís archivos con el mismo nombre de GJColorSetupLayer.cpp producir├ín salidas en la misma ubicaci├│n. Esto puede dar lugar a un resultado de compilaci├│n incorrecto. Los archivos implicados son C:\Users\4stro\Desktop\geode\the-coin-guide\build\_deps\bindings-src\bindings\2.2081\inline\GJColorSetupLayer.cpp, C:\Users\4stro\Desktop\geode\the-coin-guide\build\bindings\bindings\Geode\source\GJColorSetupLayer.cpp. [C:\Users\4stro\Desktop\geode\the-coin-guide\build\bindings\GeodeBindings.vcxproj]
E:\msvisual2026\MSBuild\Microsoft\VC\v180\Microsoft.CppBuild.targets(1139,5): warning MSB8027: Dos o m├ís archivos con el mismo nombre de GJComment.cpp producir├ín salidas en la misma ubicaci├│n. Esto puede dar lugar a un resultado de compilaci├│n incorrecto. Los archivos implicados son C:\Users\4stro\Desktop\geode\the-coin-guide\build\_deps\bindings-src\bindings\2.2081\inline\GJComment.cpp, C:\Users\4stro\Desktop\geode\the-coin-guide\build\bindings\bindings\Geode\source\GJComment.cpp. [C:\Users\4stro\Desktop\geode\the-coin-guide\build\bindings\GeodeBindings.vcxproj]
E:\msvisual2026\MSBuild\Microsoft\VC\v180\Microsoft.CppBuild.targets(1139,5): warning MSB8027: Dos o m├ís archivos con el mismo nombre de GJCommentListLayer.cpp producir├ín salidas en la misma ubicaci├│n. Esto puede dar lugar a un resultado de compilaci├│n incorrecto. Los archivos implicados son C:\Users\4stro\Desktop\geode\the-coin-guide\build\_deps\bindings-src\bindings\2.2081\inline\GJCommentListLayer.cpp, C:\Users\4stro\Desktop\geode\the-coin-guide\build\bindings\bindings\Geode\source\GJCommentListLayer.cpp. [C:\Users\4stro\Desktop\geode\the-coin-guide\build\bindings\GeodeBindings.vcxproj]
E:\msvisual2026\MSBuild\Microsoft\VC\v180\Microsoft.CppBuild.targets(1139,5): warning MSB8027: Dos o m├ís archivos con el mismo nombre de GJDailyLevelDelegate.cpp producir├ín salidas en la misma ubicaci├│n. Esto puede dar lugar a un resultado de compilaci├│n incorrecto. Los archivos implicados son C:\Users\4stro\Desktop\geode\the-coin-guide\build\_deps\bindings-src\bindings\2.2081\inline\GJDailyLevelDelegate.cpp, C:\Users\4stro\Desktop\geode\the-coin-guide\build\bindings\bindings\Geode\source\GJDailyLevelDelegate.cpp. [C:\Users\4stro\Desktop\geode\the-coin-guide\build\bindings\GeodeBindings.vcxproj]
E:\msvisual2026\MSBuild\Microsoft\VC\v180\Microsoft.CppBuild.targets(1139,5): warning MSB8027: Dos o m├ís archivos con el mismo nombre de GJDifficultySprite.cpp producir├ín salidas en la misma ubicaci├│n. Esto puede dar lugar a un resultado de compilaci├│n incorrecto. Los archivos implicados son C:\Users\4stro\Desktop\geode\the-coin-guide\build\_deps\bindings-src\bindings\2.2081\inline\GJDifficultySprite.cpp, C:\Users\4stro\Desktop\geode\the-coin-guide\build\bindings\bindings\Geode\source\GJDifficultySprite.cpp. [C:\Users\4stro\Desktop\geode\the-coin-guide\build\bindings\GeodeBindings.vcxproj]
E:\msvisual2026\MSBuild\Microsoft\VC\v180\Microsoft.CppBuild.targets(1139,5): warning MSB8027: Dos o m├ís archivos con el mismo nombre de GJDropDownLayer.cpp producir├ín salidas en la misma ubicaci├│n. Esto puede dar lugar a un resultado de compilaci├│n incorrecto. Los archivos implicados son C:\Users\4stro\Desktop\geode\the-coin-guide\build\_deps\bindings-src\bindings\2.2081\inline\GJDropDownLayer.cpp, C:\Users\4stro\Desktop\geode\the-coin-guide\build\bindings\bindings\Geode\source\GJDropDownLayer.cpp. [C:\Users\4stro\Desktop\geode\the-coin-guide\build\bindings\GeodeBindings.vcxproj]
E:\msvisual2026\MSBuild\Microsoft\VC\v180\Microsoft.CppBuild.targets(1139,5): warning MSB8027: Dos o m├ís archivos con el mismo nombre de GJDropDownLayerDelegate.cpp producir├ín salidas en la misma ubicaci├│n. Esto puede dar lugar a un resultado de compilaci├│n incorrecto. Los archivos implicados son C:\Users\4stro\Desktop\geode\the-coin-guide\build\_deps\bindings-src\bindings\2.2081\inline\GJDropDownLayerDelegate.cpp, C:\Users\4stro\Desktop\geode\the-coin-guide\build\bindings\bindings\Geode\source\GJDropDownLayerDelegate.cpp. [C:\Users\4stro\Desktop\geode\the-coin-guide\build\bindings\GeodeBindings.vcxproj]
E:\msvisual2026\MSBuild\Microsoft\VC\v180\Microsoft.CppBuild.targets(1139,5): warning MSB8027: Dos o m├ís archivos con el mismo nombre de GJEffectManager.cpp producir├ín salidas en la misma ubicaci├│n. Esto puede dar lugar a un resultado de compilaci├│n incorrecto. Los archivos implicados son C:\Users\4stro\Desktop\geode\the-coin-guide\build\_deps\bindings-src\bindings\2.2081\inline\GJEffectManager.cpp, C:\Users\4stro\Desktop\geode\the-coin-guide\build\bindings\bindings\Geode\source\GJEffectManager.cpp. [C:\Users\4stro\Desktop\geode\the-coin-guide\build\bindings\GeodeBindings.vcxproj]
E:\msvisual2026\MSBuild\Microsoft\VC\v180\Microsoft.CppBuild.targets(1139,5): warning MSB8027: Dos o m├ís archivos con el mismo nombre de GJFlyGroundLayer.cpp producir├ín salidas en la misma ubicaci├│n. Esto puede dar lugar a un resultado de compilaci├│n incorrecto. Los archivos implicados son C:\Users\4stro\Desktop\geode\the-coin-guide\build\_deps\bindings-src\bindings\2.2081\inline\GJFlyGroundLayer.cpp, C:\Users\4stro\Desktop\geode\the-coin-guide\build\bindings\bindings\Geode\source\GJFlyGroundLayer.cpp. [C:\Users\4stro\Desktop\geode\the-coin-guide\build\bindings\GeodeBindings.vcxproj]
E:\msvisual2026\MSBuild\Microsoft\VC\v180\Microsoft.CppBuild.targets(1139,5): warning MSB8027: Dos o m├ís archivos con el mismo nombre de GJFollowCommandLayer.cpp producir├ín salidas en la misma ubicaci├│n. Esto puede dar lugar a un resultado de compilaci├│n incorrecto. Los archivos implicados son C:\Users\4stro\Desktop\geode\the-coin-guide\build\_deps\bindings-src\bindings\2.2081\inline\GJFollowCommandLayer.cpp, C:\Users\4stro\Desktop\geode\the-coin-guide\build\bindings\bindings\Geode\source\GJFollowCommandLayer.cpp. [C:\Users\4stro\Desktop\geode\the-coin-guide\build\bindings\GeodeBindings.vcxproj]
E:\msvisual2026\MSBuild\Microsoft\VC\v180\Microsoft.CppBuild.targets(1139,5): warning MSB8027: Dos o m├ís archivos con el mismo nombre de GJFriendRequest.cpp producir├ín salidas en la misma ubicaci├│n. Esto puede dar lugar a un resultado de compilaci├│n incorrecto. Los archivos implicados son C:\Users\4stro\Desktop\geode\the-coin-guide\build\_deps\bindings-src\bindings\2.2081\inline\GJFriendRequest.cpp, C:\Users\4stro\Desktop\geode\the-coin-guide\build\bindings\bindings\Geode\source\GJFriendRequest.cpp. [C:\Users\4stro\Desktop\geode\the-coin-guide\build\bindings\GeodeBindings.vcxproj]
E:\msvisual2026\MSBuild\Microsoft\VC\v180\Microsoft.CppBuild.targets(1139,5): warning MSB8027: Dos o m├ís archivos con el mismo nombre de GJGameLevel.cpp producir├ín salidas en la misma ubicaci├│n. Esto puede dar lugar a un resultado de compilaci├│n incorrecto. Los archivos implicados son C:\Users\4stro\Desktop\geode\the-coin-guide\build\_deps\bindings-src\bindings\2.2081\inline\GJGameLevel.cpp, C:\Users\4stro\Desktop\geode\the-coin-guide\build\bindings\bindings\Geode\source\GJGameLevel.cpp. [C:\Users\4stro\Desktop\geode\the-coin-guide\build\bindings\GeodeBindings.vcxproj]
E:\msvisual2026\MSBuild\Microsoft\VC\v180\Microsoft.CppBuild.targets(1139,5): warning MSB8027: Dos o m├ís archivos con el mismo nombre de GJGameLoadingLayer.cpp producir├ín salidas en la misma ubicaci├│n. Esto puede dar lugar a un resultado de compilaci├│n incorrecto. Los archivos implicados son C:\Users\4stro\Desktop\geode\the-coin-guide\build\_deps\bindings-src\bindings\2.2081\inline\GJGameLoadingLayer.cpp, C:\Users\4stro\Desktop\geode\the-coin-guide\build\bindings\bindings\Geode\source\GJGameLoadingLayer.cpp. [C:\Users\4stro\Desktop\geode\the-coin-guide\build\bindings\GeodeBindings.vcxproj]
E:\msvisual2026\MSBuild\Microsoft\VC\v180\Microsoft.CppBuild.targets(1139,5): warning MSB8027: Dos o m├ís archivos con el mismo nombre de GJGameState.cpp producir├ín salidas en la misma ubicaci├│n. Esto puede dar lugar a un resultado de compilaci├│n incorrecto. Los archivos implicados son C:\Users\4stro\Desktop\geode\the-coin-guide\build\_deps\bindings-src\bindings\2.2081\inline\GJGameState.cpp, C:\Users\4stro\Desktop\geode\the-coin-guide\build\bindings\bindings\Geode\source\GJGameState.cpp. [C:\Users\4stro\Desktop\geode\the-coin-guide\build\bindings\GeodeBindings.vcxproj]
E:\msvisual2026\MSBuild\Microsoft\VC\v180\Microsoft.CppBuild.targets(1139,5): warning MSB8027: Dos o m├ís archivos con el mismo nombre de GJGarageLayer.cpp producir├ín salidas en la misma ubicaci├│n. Esto puede dar lugar a un resultado de compilaci├│n incorrecto. Los archivos implicados son C:\Users\4stro\Desktop\geode\the-coin-guide\build\_deps\bindings-src\bindings\2.2081\inline\GJGarageLayer.cpp, C:\Users\4stro\Desktop\geode\the-coin-guide\build\bindings\bindings\Geode\source\GJGarageLayer.cpp. [C:\Users\4stro\Desktop\geode\the-coin-guide\build\bindings\GeodeBindings.vcxproj]
E:\msvisual2026\MSBuild\Microsoft\VC\v180\Microsoft.CppBuild.targets(1139,5): warning MSB8027: Dos o m├ís archivos con el mismo nombre de GJGradientLayer.cpp producir├ín salidas en la misma ubicaci├│n. Esto puede dar lugar a un resultado de compilaci├│n incorrecto. Los archivos implicados son C:\Users\4stro\Desktop\geode\the-coin-guide\build\_deps\bindings-src\bindings\2.2081\inline\GJGradientLayer.cpp, C:\Users\4stro\Desktop\geode\the-coin-guide\build\bindings\bindings\Geode\source\GJGradientLayer.cpp. [C:\Users\4stro\Desktop\geode\the-coin-guide\build\bindings\GeodeBindings.vcxproj]
E:\msvisual2026\MSBuild\Microsoft\VC\v180\Microsoft.CppBuild.targets(1139,5): warning MSB8027: Dos o m├ís archivos con el mismo nombre de GJGroundLayer.cpp producir├ín salidas en la misma ubicaci├│n. Esto puede dar lugar a un resultado de compilaci├│n incorrecto. Los archivos implicados son C:\Users\4stro\Desktop\geode\the-coin-guide\build\_deps\bindings-src\bindings\2.2081\inline\GJGroundLayer.cpp, C:\Users\4stro\Desktop\geode\the-coin-guide\build\bindings\bindings\Geode\source\GJGroundLayer.cpp. [C:\Users\4stro\Desktop\geode\the-coin-guide\build\bindings\GeodeBindings.vcxproj]
E:\msvisual2026\MSBuild\Microsoft\VC\v180\Microsoft.CppBuild.targets(1139,5): warning MSB8027: Dos o m├ís archivos con el mismo nombre de GJHttpResult.cpp producir├ín salidas en la misma ubicaci├│n. Esto puede dar lugar a un resultado de compilaci├│n incorrecto. Los archivos implicados son C:\Users\4stro\Desktop\geode\the-coin-guide\build\_deps\bindings-src\bindings\2.2081\inline\GJHttpResult.cpp, C:\Users\4stro\Desktop\geode\the-coin-guide\build\bindings\bindings\Geode\source\GJHttpResult.cpp. [C:\Users\4stro\Desktop\geode\the-coin-guide\build\bindings\GeodeBindings.vcxproj]
E:\msvisual2026\MSBuild\Microsoft\VC\v180\Microsoft.CppBuild.targets(1139,5): warning MSB8027: Dos o m├ís archivos con el mismo nombre de GJItemIcon.cpp producir├ín salidas en la misma ubicaci├│n. Esto puede dar lugar a un resultado de compilaci├│n incorrecto. Los archivos implicados son C:\Users\4stro\Desktop\geode\the-coin-guide\build\_deps\bindings-src\bindings\2.2081\inline\GJItemIcon.cpp, C:\Users\4stro\Desktop\geode\the-coin-guide\build\bindings\bindings\Geode\source\GJItemIcon.cpp. [C:\Users\4stro\Desktop\geode\the-coin-guide\build\bindings\GeodeBindings.vcxproj]
E:\msvisual2026\MSBuild\Microsoft\VC\v180\Microsoft.CppBuild.targets(1139,5): warning MSB8027: Dos o m├ís archivos con el mismo nombre de GJLevelList.cpp producir├ín salidas en la misma ubicaci├│n. Esto puede dar lugar a un resultado de compilaci├│n incorrecto. Los archivos implicados son C:\Users\4stro\Desktop\geode\the-coin-guide\build\_deps\bindings-src\bindings\2.2081\inline\GJLevelList.cpp, C:\Users\4stro\Desktop\geode\the-coin-guide\build\bindings\bindings\Geode\source\GJLevelList.cpp. [C:\Users\4stro\Desktop\geode\the-coin-guide\build\bindings\GeodeBindings.vcxproj]
E:\msvisual2026\MSBuild\Microsoft\VC\v180\Microsoft.CppBuild.targets(1139,5): warning MSB8027: Dos o m├ís archivos con el mismo nombre de GJLevelScoreCell.cpp producir├ín salidas en la misma ubicaci├│n. Esto puede dar lugar a un resultado de compilaci├│n incorrecto. Los archivos implicados son C:\Users\4stro\Desktop\geode\the-coin-guide\build\_deps\bindings-src\bindings\2.2081\inline\GJLevelScoreCell.cpp, C:\Users\4stro\Desktop\geode\the-coin-guide\build\bindings\bindings\Geode\source\GJLevelScoreCell.cpp. [C:\Users\4stro\Desktop\geode\the-coin-guide\build\bindings\GeodeBindings.vcxproj]
E:\msvisual2026\MSBuild\Microsoft\VC\v180\Microsoft.CppBuild.targets(1139,5): warning MSB8027: Dos o m├ís archivos con el mismo nombre de GJListLayer.cpp producir├ín salidas en la misma ubicaci├│n. Esto puede dar lugar a un resultado de compilaci├│n incorrecto. Los archivos implicados son C:\Users\4stro\Desktop\geode\the-coin-guide\build\_deps\bindings-src\bindings\2.2081\inline\GJListLayer.cpp, C:\Users\4stro\Desktop\geode\the-coin-guide\build\bindings\bindings\Geode\source\GJListLayer.cpp. [C:\Users\4stro\Desktop\geode\the-coin-guide\build\bindings\GeodeBindings.vcxproj]
E:\msvisual2026\MSBuild\Microsoft\VC\v180\Microsoft.CppBuild.targets(1139,5): warning MSB8027: Dos o m├ís archivos con el mismo nombre de GJLocalLevelScoreCell.cpp producir├ín salidas en la misma ubicaci├│n. Esto puede dar lugar a un resultado de compilaci├│n incorrecto. Los archivos implicados son C:\Users\4stro\Desktop\geode\the-coin-guide\build\_deps\bindings-src\bindings\2.2081\inline\GJLocalLevelScoreCell.cpp, C:\Users\4stro\Desktop\geode\the-coin-guide\build\bindings\bindings\Geode\source\GJLocalLevelScoreCell.cpp. [C:\Users\4stro\Desktop\geode\the-coin-guide\build\bindings\GeodeBindings.vcxproj]
E:\msvisual2026\MSBuild\Microsoft\VC\v180\Microsoft.CppBuild.targets(1139,5): warning MSB8027: Dos o m├ís archivos con el mismo nombre de GJLocalScore.cpp producir├ín salidas en la misma ubicaci├│n. Esto puede dar lugar a un resultado de compilaci├│n incorrecto. Los archivos implicados son C:\Users\4stro\Desktop\geode\the-coin-guide\build\_deps\bindings-src\bindings\2.2081\inline\GJLocalScore.cpp, C:\Users\4stro\Desktop\geode\the-coin-guide\build\bindings\bindings\Geode\source\GJLocalScore.cpp. [C:\Users\4stro\Desktop\geode\the-coin-guide\build\bindings\GeodeBindings.vcxproj]
E:\msvisual2026\MSBuild\Microsoft\VC\v180\Microsoft.CppBuild.targets(1139,5): warning MSB8027: Dos o m├ís archivos con el mismo nombre de GJMGLayer.cpp producir├ín salidas en la misma ubicaci├│n. Esto puede dar lugar a un resultado de compilaci├│n incorrecto. Los archivos implicados son C:\Users\4stro\Desktop\geode\the-coin-guide\build\_deps\bindings-src\bindings\2.2081\inline\GJMGLayer.cpp, C:\Users\4stro\Desktop\geode\the-coin-guide\build\bindings\bindings\Geode\source\GJMGLayer.cpp. [C:\Users\4stro\Desktop\geode\the-coin-guide\build\bindings\GeodeBindings.vcxproj]
E:\msvisual2026\MSBuild\Microsoft\VC\v180\Microsoft.CppBuild.targets(1139,5): warning MSB8027: Dos o m├ís archivos con el mismo nombre de GJMPDelegate.cpp producir├ín salidas en la misma ubicaci├│n. Esto puede dar lugar a un resultado de compilaci├│n incorrecto. Los archivos implicados son C:\Users\4stro\Desktop\geode\the-coin-guide\build\_deps\bindings-src\bindings\2.2081\inline\GJMPDelegate.cpp, C:\Users\4stro\Desktop\geode\the-coin-guide\build\bindings\bindings\Geode\source\GJMPDelegate.cpp. [C:\Users\4stro\Desktop\geode\the-coin-guide\build\bindings\GeodeBindings.vcxproj]
E:\msvisual2026\MSBuild\Microsoft\VC\v180\Microsoft.CppBuild.targets(1139,5): warning MSB8027: Dos o m├ís archivos con el mismo nombre de GJMapObject.cpp producir├ín salidas en la misma ubicaci├│n. Esto puede dar lugar a un resultado de compilaci├│n incorrecto. Los archivos implicados son C:\Users\4stro\Desktop\geode\the-coin-guide\build\_deps\bindings-src\bindings\2.2081\inline\GJMapObject.cpp, C:\Users\4stro\Desktop\geode\the-coin-guide\build\bindings\bindings\Geode\source\GJMapObject.cpp. [C:\Users\4stro\Desktop\geode\the-coin-guide\build\bindings\GeodeBindings.vcxproj]
E:\msvisual2026\MSBuild\Microsoft\VC\v180\Microsoft.CppBuild.targets(1139,5): warning MSB8027: Dos o m├ís archivos con el mismo nombre de GJMapPack.cpp producir├ín salidas en la misma ubicaci├│n. Esto puede dar lugar a un resultado de compilaci├│n incorrecto. Los archivos implicados son C:\Users\4stro\Desktop\geode\the-coin-guide\build\_deps\bindings-src\bindings\2.2081\inline\GJMapPack.cpp, C:\Users\4stro\Desktop\geode\the-coin-guide\build\bindings\bindings\Geode\source\GJMapPack.cpp. [C:\Users\4stro\Desktop\geode\the-coin-guide\build\bindings\GeodeBindings.vcxproj]
E:\msvisual2026\MSBuild\Microsoft\VC\v180\Microsoft.CppBuild.targets(1139,5): warning MSB8027: Dos o m├ís archivos con el mismo nombre de GJMessageCell.cpp producir├ín salidas en la misma ubicaci├│n. Esto puede dar lugar a un resultado de compilaci├│n incorrecto. Los archivos implicados son C:\Users\4stro\Desktop\geode\the-coin-guide\build\_deps\bindings-src\bindings\2.2081\inline\GJMessageCell.cpp, C:\Users\4stro\Desktop\geode\the-coin-guide\build\bindings\bindings\Geode\source\GJMessageCell.cpp. [C:\Users\4stro\Desktop\geode\the-coin-guide\build\bindings\GeodeBindings.vcxproj]
E:\msvisual2026\MSBuild\Microsoft\VC\v180\Microsoft.CppBuild.targets(1139,5): warning MSB8027: Dos o m├ís archivos con el mismo nombre de GJMessagePopup.cpp producir├ín salidas en la misma ubicaci├│n. Esto puede dar lugar a un resultado de compilaci├│n incorrecto. Los archivos implicados son C:\Users\4stro\Desktop\geode\the-coin-guide\build\_deps\bindings-src\bindings\2.2081\inline\GJMessagePopup.cpp, C:\Users\4stro\Desktop\geode\the-coin-guide\build\bindings\bindings\Geode\source\GJMessagePopup.cpp. [C:\Users\4stro\Desktop\geode\the-coin-guide\build\bindings\GeodeBindings.vcxproj]
E:\msvisual2026\MSBuild\Microsoft\VC\v180\Microsoft.CppBuild.targets(1139,5): warning MSB8027: Dos o m├ís archivos con el mismo nombre de GJMoreGamesLayer.cpp producir├ín salidas en la misma ubicaci├│n. Esto puede dar lugar a un resultado de compilaci├│n incorrecto. Los archivos implicados son C:\Users\4stro\Desktop\geode\the-coin-guide\build\_deps\bindings-src\bindings\2.2081\inline\GJMoreGamesLayer.cpp, C:\Users\4stro\Desktop\geode\the-coin-guide\build\bindings\bindings\Geode\source\GJMoreGamesLayer.cpp. [C:\Users\4stro\Desktop\geode\the-coin-guide\build\bindings\GeodeBindings.vcxproj]
E:\msvisual2026\MSBuild\Microsoft\VC\v180\Microsoft.CppBuild.targets(1139,5): warning MSB8027: Dos o m├ís archivos con el mismo nombre de GJMultiplayerManager.cpp producir├ín salidas en la misma ubicaci├│n. Esto puede dar lugar a un resultado de compilaci├│n incorrecto. Los archivos implicados son C:\Users\4stro\Desktop\geode\the-coin-guide\build\_deps\bindings-src\bindings\2.2081\inline\GJMultiplayerManager.cpp, C:\Users\4stro\Desktop\geode\the-coin-guide\build\bindings\bindings\Geode\source\GJMultiplayerManager.cpp. [C:\Users\4stro\Desktop\geode\the-coin-guide\build\bindings\GeodeBindings.vcxproj]
E:\msvisual2026\MSBuild\Microsoft\VC\v180\Microsoft.CppBuild.targets(1139,5): warning MSB8027: Dos o m├ís archivos con el mismo nombre de GJObjectDecoder.cpp producir├ín salidas en la misma ubicaci├│n. Esto puede dar lugar a un resultado de compilaci├│n incorrecto. Los archivos implicados son C:\Users\4stro\Desktop\geode\the-coin-guide\build\_deps\bindings-src\bindings\2.2081\inline\GJObjectDecoder.cpp, C:\Users\4stro\Desktop\geode\the-coin-guide\build\bindings\bindings\Geode\source\GJObjectDecoder.cpp. [C:\Users\4stro\Desktop\geode\the-coin-guide\build\bindings\GeodeBindings.vcxproj]
E:\msvisual2026\MSBuild\Microsoft\VC\v180\Microsoft.CppBuild.targets(1139,5): warning MSB8027: Dos o m├ís archivos con el mismo nombre de GJOnlineRewardDelegate.cpp producir├ín salidas en la misma ubicaci├│n. Esto puede dar lugar a un resultado de compilaci├│n incorrecto. Los archivos implicados son C:\Users\4stro\Desktop\geode\the-coin-guide\build\_deps\bindings-src\bindings\2.2081\inline\GJOnlineRewardDelegate.cpp, C:\Users\4stro\Desktop\geode\the-coin-guide\build\bindings\bindings\Geode\source\GJOnlineRewardDelegate.cpp. [C:\Users\4stro\Desktop\geode\the-coin-guide\build\bindings\GeodeBindings.vcxproj]
E:\msvisual2026\MSBuild\Microsoft\VC\v180\Microsoft.CppBuild.targets(1139,5): warning MSB8027: Dos o m├ís archivos con el mismo nombre de GJOptionsLayer.cpp producir├ín salidas en la misma ubicaci├│n. Esto puede dar lugar a un resultado de compilaci├│n incorrecto. Los archivos implicados son C:\Users\4stro\Desktop\geode\the-coin-guide\build\_deps\bindings-src\bindings\2.2081\inline\GJOptionsLayer.cpp, C:\Users\4stro\Desktop\geode\the-coin-guide\build\bindings\bindings\Geode\source\GJOptionsLayer.cpp. [C:\Users\4stro\Desktop\geode\the-coin-guide\build\bindings\GeodeBindings.vcxproj]
E:\msvisual2026\MSBuild\Microsoft\VC\v180\Microsoft.CppBuild.targets(1139,5): warning MSB8027: Dos o m├ís archivos con el mismo nombre de GJPFollowCommandLayer.cpp producir├ín salidas en la misma ubicaci├│n. Esto puede dar lugar a un resultado de compilaci├│n incorrecto. Los archivos implicados son C:\Users\4stro\Desktop\geode\the-coin-guide\build\_deps\bindings-src\bindings\2.2081\inline\GJPFollowCommandLayer.cpp, C:\Users\4stro\Desktop\geode\the-coin-guide\build\bindings\bindings\Geode\source\GJPFollowCommandLayer.cpp. [C:\Users\4stro\Desktop\geode\the-coin-guide\build\bindings\GeodeBindings.vcxproj]
E:\msvisual2026\MSBuild\Microsoft\VC\v180\Microsoft.CppBuild.targets(1139,5): warning MSB8027: Dos o m├ís archivos con el mismo nombre de GJPathPage.cpp producir├ín salidas en la misma ubicaci├│n. Esto puede dar lugar a un resultado de compilaci├│n incorrecto. Los archivos implicados son C:\Users\4stro\Desktop\geode\the-coin-guide\build\_deps\bindings-src\bindings\2.2081\inline\GJPathPage.cpp, C:\Users\4stro\Desktop\geode\the-coin-guide\build\bindings\bindings\Geode\source\GJPathPage.cpp. [C:\Users\4stro\Desktop\geode\the-coin-guide\build\bindings\GeodeBindings.vcxproj]
E:\msvisual2026\MSBuild\Microsoft\VC\v180\Microsoft.CppBuild.targets(1139,5): warning MSB8027: Dos o m├ís archivos con el mismo nombre de GJPathRewardPopup.cpp producir├ín salidas en la misma ubicaci├│n. Esto puede dar lugar a un resultado de compilaci├│n incorrecto. Los archivos implicados son C:\Users\4stro\Desktop\geode\the-coin-guide\build\_deps\bindings-src\bindings\2.2081\inline\GJPathRewardPopup.cpp, C:\Users\4stro\Desktop\geode\the-coin-guide\build\bindings\bindings\Geode\source\GJPathRewardPopup.cpp. [C:\Users\4stro\Desktop\geode\the-coin-guide\build\bindings\GeodeBindings.vcxproj]
E:\msvisual2026\MSBuild\Microsoft\VC\v180\Microsoft.CppBuild.targets(1139,5): warning MSB8027: Dos o m├ís archivos con el mismo nombre de GJPathSprite.cpp producir├ín salidas en la misma ubicaci├│n. Esto puede dar lugar a un resultado de compilaci├│n incorrecto. Los archivos implicados son C:\Users\4stro\Desktop\geode\the-coin-guide\build\_deps\bindings-src\bindings\2.2081\inline\GJPathSprite.cpp, C:\Users\4stro\Desktop\geode\the-coin-guide\build\bindings\bindings\Geode\source\GJPathSprite.cpp. [C:\Users\4stro\Desktop\geode\the-coin-guide\build\bindings\GeodeBindings.vcxproj]
E:\msvisual2026\MSBuild\Microsoft\VC\v180\Microsoft.CppBuild.targets(1139,5): warning MSB8027: Dos o m├ís archivos con el mismo nombre de GJPathsLayer.cpp producir├ín salidas en la misma ubicaci├│n. Esto puede dar lugar a un resultado de compilaci├│n incorrecto. Los archivos implicados son C:\Users\4stro\Desktop\geode\the-coin-guide\build\_deps\bindings-src\bindings\2.2081\inline\GJPathsLayer.cpp, C:\Users\4stro\Desktop\geode\the-coin-guide\build\bindings\bindings\Geode\source\GJPathsLayer.cpp. [C:\Users\4stro\Desktop\geode\the-coin-guide\build\bindings\GeodeBindings.vcxproj]
E:\msvisual2026\MSBuild\Microsoft\VC\v180\Microsoft.CppBuild.targets(1139,5): warning MSB8027: Dos o m├ís archivos con el mismo nombre de GJPointDouble.cpp producir├ín salidas en la misma ubicaci├│n. Esto puede dar lugar a un resultado de compilaci├│n incorrecto. Los archivos implicados son C:\Users\4stro\Desktop\geode\the-coin-guide\build\_deps\bindings-src\bindings\2.2081\inline\GJPointDouble.cpp, C:\Users\4stro\Desktop\geode\the-coin-guide\build\bindings\bindings\Geode\source\GJPointDouble.cpp. [C:\Users\4stro\Desktop\geode\the-coin-guide\build\bindings\GeodeBindings.vcxproj]
E:\msvisual2026\MSBuild\Microsoft\VC\v180\Microsoft.CppBuild.targets(1139,5): warning MSB8027: Dos o m├ís archivos con el mismo nombre de GJPromoPopup.cpp producir├ín salidas en la misma ubicaci├│n. Esto puede dar lugar a un resultado de compilaci├│n incorrecto. Los archivos implicados son C:\Users\4stro\Desktop\geode\the-coin-guide\build\_deps\bindings-src\bindings\2.2081\inline\GJPromoPopup.cpp, C:\Users\4stro\Desktop\geode\the-coin-guide\build\bindings\bindings\Geode\source\GJPromoPopup.cpp. [C:\Users\4stro\Desktop\geode\the-coin-guide\build\bindings\GeodeBindings.vcxproj]
E:\msvisual2026\MSBuild\Microsoft\VC\v180\Microsoft.CppBuild.targets(1139,5): warning MSB8027: Dos o m├ís archivos con el mismo nombre de GJPurchaseDelegate.cpp producir├ín salidas en la misma ubicaci├│n. Esto puede dar lugar a un resultado de compilaci├│n incorrecto. Los archivos implicados son C:\Users\4stro\Desktop\geode\the-coin-guide\build\_deps\bindings-src\bindings\2.2081\inline\GJPurchaseDelegate.cpp, C:\Users\4stro\Desktop\geode\the-coin-guide\build\bindings\bindings\Geode\source\GJPurchaseDelegate.cpp. [C:\Users\4stro\Desktop\geode\the-coin-guide\build\bindings\GeodeBindings.vcxproj]
E:\msvisual2026\MSBuild\Microsoft\VC\v180\Microsoft.CppBuild.targets(1139,5): warning MSB8027: Dos o m├ís archivos con el mismo nombre de GJRateLevelLayer.cpp producir├ín salidas en la misma ubicaci├│n. Esto puede dar lugar a un resultado de compilaci├│n incorrecto. Los archivos implicados son C:\Users\4stro\Desktop\geode\the-coin-guide\build\_deps\bindings-src\bindings\2.2081\inline\GJRateLevelLayer.cpp, C:\Users\4stro\Desktop\geode\the-coin-guide\build\bindings\bindings\Geode\source\GJRateLevelLayer.cpp. [C:\Users\4stro\Desktop\geode\the-coin-guide\build\bindings\GeodeBindings.vcxproj]
E:\msvisual2026\MSBuild\Microsoft\VC\v180\Microsoft.CppBuild.targets(1139,5): warning MSB8027: Dos o m├ís archivos con el mismo nombre de GJRequestCell.cpp producir├ín salidas en la misma ubicaci├│n. Esto puede dar lugar a un resultado de compilaci├│n incorrecto. Los archivos implicados son C:\Users\4stro\Desktop\geode\the-coin-guide\build\_deps\bindings-src\bindings\2.2081\inline\GJRequestCell.cpp, C:\Users\4stro\Desktop\geode\the-coin-guide\build\bindings\bindings\Geode\source\GJRequestCell.cpp. [C:\Users\4stro\Desktop\geode\the-coin-guide\build\bindings\GeodeBindings.vcxproj]
E:\msvisual2026\MSBuild\Microsoft\VC\v180\Microsoft.CppBuild.targets(1139,5): warning MSB8027: Dos o m├ís archivos con el mismo nombre de GJRewardDelegate.cpp producir├ín salidas en la misma ubicaci├│n. Esto puede dar lugar a un resultado de compilaci├│n incorrecto. Los archivos implicados son C:\Users\4stro\Desktop\geode\the-coin-guide\build\_deps\bindings-src\bindings\2.2081\inline\GJRewardDelegate.cpp, C:\Users\4stro\Desktop\geode\the-coin-guide\build\bindings\bindings\Geode\source\GJRewardDelegate.cpp. [C:\Users\4stro\Desktop\geode\the-coin-guide\build\bindings\GeodeBindings.vcxproj]
E:\msvisual2026\MSBuild\Microsoft\VC\v180\Microsoft.CppBuild.targets(1139,5): warning MSB8027: Dos o m├ís archivos con el mismo nombre de GJRewardItem.cpp producir├ín salidas en la misma ubicaci├│n. Esto puede dar lugar a un resultado de compilaci├│n incorrecto. Los archivos implicados son C:\Users\4stro\Desktop\geode\the-coin-guide\build\_deps\bindings-src\bindings\2.2081\inline\GJRewardItem.cpp, C:\Users\4stro\Desktop\geode\the-coin-guide\build\bindings\bindings\Geode\source\GJRewardItem.cpp. [C:\Users\4stro\Desktop\geode\the-coin-guide\build\bindings\GeodeBindings.vcxproj]
E:\msvisual2026\MSBuild\Microsoft\VC\v180\Microsoft.CppBuild.targets(1139,5): warning MSB8027: Dos o m├ís archivos con el mismo nombre de GJRewardObject.cpp producir├ín salidas en la misma ubicaci├│n. Esto puede dar lugar a un resultado de compilaci├│n incorrecto. Los archivos implicados son C:\Users\4stro\Desktop\geode\the-coin-guide\build\_deps\bindings-src\bindings\2.2081\inline\GJRewardObject.cpp, C:\Users\4stro\Desktop\geode\the-coin-guide\build\bindings\bindings\Geode\source\GJRewardObject.cpp. [C:\Users\4stro\Desktop\geode\the-coin-guide\build\bindings\GeodeBindings.vcxproj]
E:\msvisual2026\MSBuild\Microsoft\VC\v180\Microsoft.CppBuild.targets(1139,5): warning MSB8027: Dos o m├ís archivos con el mismo nombre de GJRobotSprite.cpp producir├ín salidas en la misma ubicaci├│n. Esto puede dar lugar a un resultado de compilaci├│n incorrecto. Los archivos implicados son C:\Users\4stro\Desktop\geode\the-coin-guide\build\_deps\bindings-src\bindings\2.2081\inline\GJRobotSprite.cpp, C:\Users\4stro\Desktop\geode\the-coin-guide\build\bindings\bindings\Geode\source\GJRobotSprite.cpp. [C:\Users\4stro\Desktop\geode\the-coin-guide\build\bindings\GeodeBindings.vcxproj]
E:\msvisual2026\MSBuild\Microsoft\VC\v180\Microsoft.CppBuild.targets(1139,5): warning MSB8027: Dos o m├ís archivos con el mismo nombre de GJRotateCommandLayer.cpp producir├ín salidas en la misma ubicaci├│n. Esto puede dar lugar a un resultado de compilaci├│n incorrecto. Los archivos implicados son C:\Users\4stro\Desktop\geode\the-coin-guide\build\_deps\bindings-src\bindings\2.2081\inline\GJRotateCommandLayer.cpp, C:\Users\4stro\Desktop\geode\the-coin-guide\build\bindings\bindings\Geode\source\GJRotateCommandLayer.cpp. [C:\Users\4stro\Desktop\geode\the-coin-guide\build\bindings\GeodeBindings.vcxproj]
E:\msvisual2026\MSBuild\Microsoft\VC\v180\Microsoft.CppBuild.targets(1139,5): warning MSB8027: Dos o m├ís archivos con el mismo nombre de GJRotationControl.cpp producir├ín salidas en la misma ubicaci├│n. Esto puede dar lugar a un resultado de compilaci├│n incorrecto. Los archivos implicados son C:\Users\4stro\Desktop\geode\the-coin-guide\build\_deps\bindings-src\bindings\2.2081\inline\GJRotationControl.cpp, C:\Users\4stro\Desktop\geode\the-coin-guide\build\bindings\bindings\Geode\source\GJRotationControl.cpp. [C:\Users\4stro\Desktop\geode\the-coin-guide\build\bindings\GeodeBindings.vcxproj]
E:\msvisual2026\MSBuild\Microsoft\VC\v180\Microsoft.CppBuild.targets(1139,5): warning MSB8027: Dos o m├ís archivos con el mismo nombre de GJRotationControlDelegate.cpp producir├ín salidas en la misma ubicaci├│n. Esto puede dar lugar a un resultado de compilaci├│n incorrecto. Los archivos implicados son C:\Users\4stro\Desktop\geode\the-coin-guide\build\_deps\bindings-src\bindings\2.2081\inline\GJRotationControlDelegate.cpp, C:\Users\4stro\Desktop\geode\the-coin-guide\build\bindings\bindings\Geode\source\GJRotationControlDelegate.cpp. [C:\Users\4stro\Desktop\geode\the-coin-guide\build\bindings\GeodeBindings.vcxproj]
E:\msvisual2026\MSBuild\Microsoft\VC\v180\Microsoft.CppBuild.targets(1139,5): warning MSB8027: Dos o m├ís archivos con el mismo nombre de GJScaleControl.cpp producir├ín salidas en la misma ubicaci├│n. Esto puede dar lugar a un resultado de compilaci├│n incorrecto. Los archivos implicados son C:\Users\4stro\Desktop\geode\the-coin-guide\build\_deps\bindings-src\bindings\2.2081\inline\GJScaleControl.cpp, C:\Users\4stro\Desktop\geode\the-coin-guide\build\bindings\bindings\Geode\source\GJScaleControl.cpp. [C:\Users\4stro\Desktop\geode\the-coin-guide\build\bindings\GeodeBindings.vcxproj]
E:\msvisual2026\MSBuild\Microsoft\VC\v180\Microsoft.CppBuild.targets(1139,5): warning MSB8027: Dos o m├ís archivos con el mismo nombre de GJScaleControlDelegate.cpp producir├ín salidas en la misma ubicaci├│n. Esto puede dar lugar a un resultado de compilaci├│n incorrecto. Los archivos implicados son C:\Users\4stro\Desktop\geode\the-coin-guide\build\_deps\bindings-src\bindings\2.2081\inline\GJScaleControlDelegate.cpp, C:\Users\4stro\Desktop\geode\the-coin-guide\build\bindings\bindings\Geode\source\GJScaleControlDelegate.cpp. [C:\Users\4stro\Desktop\geode\the-coin-guide\build\bindings\GeodeBindings.vcxproj]
E:\msvisual2026\MSBuild\Microsoft\VC\v180\Microsoft.CppBuild.targets(1139,5): warning MSB8027: Dos o m├ís archivos con el mismo nombre de GJScoreCell.cpp producir├ín salidas en la misma ubicaci├│n. Esto puede dar lugar a un resultado de compilaci├│n incorrecto. Los archivos implicados son C:\Users\4stro\Desktop\geode\the-coin-guide\build\_deps\bindings-src\bindings\2.2081\inline\GJScoreCell.cpp, C:\Users\4stro\Desktop\geode\the-coin-guide\build\bindings\bindings\Geode\source\GJScoreCell.cpp. [C:\Users\4stro\Desktop\geode\the-coin-guide\build\bindings\GeodeBindings.vcxproj]
E:\msvisual2026\MSBuild\Microsoft\VC\v180\Microsoft.CppBuild.targets(1139,5): warning MSB8027: Dos o m├ís archivos con el mismo nombre de GJSearchObject.cpp producir├ín salidas en la misma ubicaci├│n. Esto puede dar lugar a un resultado de compilaci├│n incorrecto. Los archivos implicados son C:\Users\4stro\Desktop\geode\the-coin-guide\build\_deps\bindings-src\bindings\2.2081\inline\GJSearchObject.cpp, C:\Users\4stro\Desktop\geode\the-coin-guide\build\bindings\bindings\Geode\source\GJSearchObject.cpp. [C:\Users\4stro\Desktop\geode\the-coin-guide\build\bindings\GeodeBindings.vcxproj]
E:\msvisual2026\MSBuild\Microsoft\VC\v180\Microsoft.CppBuild.targets(1139,5): warning MSB8027: Dos o m├ís archivos con el mismo nombre de GJShaderState.cpp producir├ín salidas en la misma ubicaci├│n. Esto puede dar lugar a un resultado de compilaci├│n incorrecto. Los archivos implicados son C:\Users\4stro\Desktop\geode\the-coin-guide\build\_deps\bindings-src\bindings\2.2081\inline\GJShaderState.cpp, C:\Users\4stro\Desktop\geode\the-coin-guide\build\bindings\bindings\Geode\source\GJShaderState.cpp. [C:\Users\4stro\Desktop\geode\the-coin-guide\build\bindings\GeodeBindings.vcxproj]
E:\msvisual2026\MSBuild\Microsoft\VC\v180\Microsoft.CppBuild.targets(1139,5): warning MSB8027: Dos o m├ís archivos con el mismo nombre de GJShopLayer.cpp producir├ín salidas en la misma ubicaci├│n. Esto puede dar lugar a un resultado de compilaci├│n incorrecto. Los archivos implicados son C:\Users\4stro\Desktop\geode\the-coin-guide\build\_deps\bindings-src\bindings\2.2081\inline\GJShopLayer.cpp, C:\Users\4stro\Desktop\geode\the-coin-guide\build\bindings\bindings\Geode\source\GJShopLayer.cpp. [C:\Users\4stro\Desktop\geode\the-coin-guide\build\bindings\GeodeBindings.vcxproj]
E:\msvisual2026\MSBuild\Microsoft\VC\v180\Microsoft.CppBuild.targets(1139,5): warning MSB8027: Dos o m├ís archivos con el mismo nombre de GJSmartBlockPreview.cpp producir├ín salidas en la misma ubicaci├│n. Esto puede dar lugar a un resultado de compilaci├│n incorrecto. Los archivos implicados son C:\Users\4stro\Desktop\geode\the-coin-guide\build\_deps\bindings-src\bindings\2.2081\inline\GJSmartBlockPreview.cpp, C:\Users\4stro\Desktop\geode\the-coin-guide\build\bindings\bindings\Geode\source\GJSmartBlockPreview.cpp. [C:\Users\4stro\Desktop\geode\the-coin-guide\build\bindings\GeodeBindings.vcxproj]
E:\msvisual2026\MSBuild\Microsoft\VC\v180\Microsoft.CppBuild.targets(1139,5): warning MSB8027: Dos o m├ís archivos con el mismo nombre de GJSmartBlockPreviewSprite.cpp producir├ín salidas en la misma ubicaci├│n. Esto puede dar lugar a un resultado de compilaci├│n incorrecto. Los archivos implicados son C:\Users\4stro\Desktop\geode\the-coin-guide\build\_deps\bindings-src\bindings\2.2081\inline\GJSmartBlockPreviewSprite.cpp, C:\Users\4stro\Desktop\geode\the-coin-guide\build\bindings\bindings\Geode\source\GJSmartBlockPreviewSprite.cpp. [C:\Users\4stro\Desktop\geode\the-coin-guide\build\bindings\GeodeBindings.vcxproj]
E:\msvisual2026\MSBuild\Microsoft\VC\v180\Microsoft.CppBuild.targets(1139,5): warning MSB8027: Dos o m├ís archivos con el mismo nombre de GJSmartPrefab.cpp producir├ín salidas en la misma ubicaci├│n. Esto puede dar lugar a un resultado de compilaci├│n incorrecto. Los archivos implicados son C:\Users\4stro\Desktop\geode\the-coin-guide\build\_deps\bindings-src\bindings\2.2081\inline\GJSmartPrefab.cpp, C:\Users\4stro\Desktop\geode\the-coin-guide\build\bindings\bindings\Geode\source\GJSmartPrefab.cpp. [C:\Users\4stro\Desktop\geode\the-coin-guide\build\bindings\GeodeBindings.vcxproj]
E:\msvisual2026\MSBuild\Microsoft\VC\v180\Microsoft.CppBuild.targets(1139,5): warning MSB8027: Dos o m├ís archivos con el mismo nombre de GJSmartTemplate.cpp producir├ín salidas en la misma ubicaci├│n. Esto puede dar lugar a un resultado de compilaci├│n incorrecto. Los archivos implicados son C:\Users\4stro\Desktop\geode\the-coin-guide\build\_deps\bindings-src\bindings\2.2081\inline\GJSmartTemplate.cpp, C:\Users\4stro\Desktop\geode\the-coin-guide\build\bindings\bindings\Geode\source\GJSmartTemplate.cpp. [C:\Users\4stro\Desktop\geode\the-coin-guide\build\bindings\GeodeBindings.vcxproj]
E:\msvisual2026\MSBuild\Microsoft\VC\v180\Microsoft.CppBuild.targets(1139,5): warning MSB8027: Dos o m├ís archivos con el mismo nombre de GJSongBrowser.cpp producir├ín salidas en la misma ubicaci├│n. Esto puede dar lugar a un resultado de compilaci├│n incorrecto. Los archivos implicados son C:\Users\4stro\Desktop\geode\the-coin-guide\build\_deps\bindings-src\bindings\2.2081\inline\GJSongBrowser.cpp, C:\Users\4stro\Desktop\geode\the-coin-guide\build\bindings\bindings\Geode\source\GJSongBrowser.cpp. [C:\Users\4stro\Desktop\geode\the-coin-guide\build\bindings\GeodeBindings.vcxproj]
E:\msvisual2026\MSBuild\Microsoft\VC\v180\Microsoft.CppBuild.targets(1139,5): warning MSB8027: Dos o m├ís archivos con el mismo nombre de GJSpecialColorSelect.cpp producir├ín salidas en la misma ubicaci├│n. Esto puede dar lugar a un resultado de compilaci├│n incorrecto. Los archivos implicados son C:\Users\4stro\Desktop\geode\the-coin-guide\build\_deps\bindings-src\bindings\2.2081\inline\GJSpecialColorSelect.cpp, C:\Users\4stro\Desktop\geode\the-coin-guide\build\bindings\bindings\Geode\source\GJSpecialColorSelect.cpp. [C:\Users\4stro\Desktop\geode\the-coin-guide\build\bindings\GeodeBindings.vcxproj]
E:\msvisual2026\MSBuild\Microsoft\VC\v180\Microsoft.CppBuild.targets(1139,5): warning MSB8027: Dos o m├ís archivos con el mismo nombre de GJSpecialColorSelectDelegate.cpp producir├ín salidas en la misma ubicaci├│n. Esto puede dar lugar a un resultado de compilaci├│n incorrecto. Los archivos implicados son C:\Users\4stro\Desktop\geode\the-coin-guide\build\_deps\bindings-src\bindings\2.2081\inline\GJSpecialColorSelectDelegate.cpp, C:\Users\4stro\Desktop\geode\the-coin-guide\build\bindings\bindings\Geode\source\GJSpecialColorSelectDelegate.cpp. [C:\Users\4stro\Desktop\geode\the-coin-guide\build\bindings\GeodeBindings.vcxproj]
E:\msvisual2026\MSBuild\Microsoft\VC\v180\Microsoft.CppBuild.targets(1139,5): warning MSB8027: Dos o m├ís archivos con el mismo nombre de GJSpiderSprite.cpp producir├ín salidas en la misma ubicaci├│n. Esto puede dar lugar a un resultado de compilaci├│n incorrecto. Los archivos implicados son C:\Users\4stro\Desktop\geode\the-coin-guide\build\_deps\bindings-src\bindings\2.2081\inline\GJSpiderSprite.cpp, C:\Users\4stro\Desktop\geode\the-coin-guide\build\bindings\bindings\Geode\source\GJSpiderSprite.cpp. [C:\Users\4stro\Desktop\geode\the-coin-guide\build\bindings\GeodeBindings.vcxproj]
E:\msvisual2026\MSBuild\Microsoft\VC\v180\Microsoft.CppBuild.targets(1139,5): warning MSB8027: Dos o m├ís archivos con el mismo nombre de GJSpriteColor.cpp producir├ín salidas en la misma ubicaci├│n. Esto puede dar lugar a un resultado de compilaci├│n incorrecto. Los archivos implicados son C:\Users\4stro\Desktop\geode\the-coin-guide\build\_deps\bindings-src\bindings\2.2081\inline\GJSpriteColor.cpp, C:\Users\4stro\Desktop\geode\the-coin-guide\build\bindings\bindings\Geode\source\GJSpriteColor.cpp. [C:\Users\4stro\Desktop\geode\the-coin-guide\build\bindings\GeodeBindings.vcxproj]
E:\msvisual2026\MSBuild\Microsoft\VC\v180\Microsoft.CppBuild.targets(1139,5): warning MSB8027: Dos o m├ís archivos con el mismo nombre de GJStoreItem.cpp producir├ín salidas en la misma ubicaci├│n. Esto puede dar lugar a un resultado de compilaci├│n incorrecto. Los archivos implicados son C:\Users\4stro\Desktop\geode\the-coin-guide\build\_deps\bindings-src\bindings\2.2081\inline\GJStoreItem.cpp, C:\Users\4stro\Desktop\geode\the-coin-guide\build\bindings\bindings\Geode\source\GJStoreItem.cpp. [C:\Users\4stro\Desktop\geode\the-coin-guide\build\bindings\GeodeBindings.vcxproj]
E:\msvisual2026\MSBuild\Microsoft\VC\v180\Microsoft.CppBuild.targets(1139,5): warning MSB8027: Dos o m├ís archivos con el mismo nombre de GJTransformControl.cpp producir├ín salidas en la misma ubicaci├│n. Esto puede dar lugar a un resultado de compilaci├│n incorrecto. Los archivos implicados son C:\Users\4stro\Desktop\geode\the-coin-guide\build\_deps\bindings-src\bindings\2.2081\inline\GJTransformControl.cpp, C:\Users\4stro\Desktop\geode\the-coin-guide\build\bindings\bindings\Geode\source\GJTransformControl.cpp. [C:\Users\4stro\Desktop\geode\the-coin-guide\build\bindings\GeodeBindings.vcxproj]
E:\msvisual2026\MSBuild\Microsoft\VC\v180\Microsoft.CppBuild.targets(1139,5): warning MSB8027: Dos o m├ís archivos con el mismo nombre de GJTransformControlDelegate.cpp producir├ín salidas en la misma ubicaci├│n. Esto puede dar lugar a un resultado de compilaci├│n incorrecto. Los archivos implicados son C:\Users\4stro\Desktop\geode\the-coin-guide\build\_deps\bindings-src\bindings\2.2081\inline\GJTransformControlDelegate.cpp, C:\Users\4stro\Desktop\geode\the-coin-guide\build\bindings\bindings\Geode\source\GJTransformControlDelegate.cpp. [C:\Users\4stro\Desktop\geode\the-coin-guide\build\bindings\GeodeBindings.vcxproj]
E:\msvisual2026\MSBuild\Microsoft\VC\v180\Microsoft.CppBuild.targets(1139,5): warning MSB8027: Dos o m├ís archivos con el mismo nombre de GJTransformState.cpp producir├ín salidas en la misma ubicaci├│n. Esto puede dar lugar a un resultado de compilaci├│n incorrecto. Los archivos implicados son C:\Users\4stro\Desktop\geode\the-coin-guide\build\_deps\bindings-src\bindings\2.2081\inline\GJTransformState.cpp, C:\Users\4stro\Desktop\geode\the-coin-guide\build\bindings\bindings\Geode\source\GJTransformState.cpp. [C:\Users\4stro\Desktop\geode\the-coin-guide\build\bindings\GeodeBindings.vcxproj]
E:\msvisual2026\MSBuild\Microsoft\VC\v180\Microsoft.CppBuild.targets(1139,5): warning MSB8027: Dos o m├ís archivos con el mismo nombre de GJUINode.cpp producir├ín salidas en la misma ubicaci├│n. Esto puede dar lugar a un resultado de compilaci├│n incorrecto. Los archivos implicados son C:\Users\4stro\Desktop\geode\the-coin-guide\build\_deps\bindings-src\bindings\2.2081\inline\GJUINode.cpp, C:\Users\4stro\Desktop\geode\the-coin-guide\build\bindings\bindings\Geode\source\GJUINode.cpp. [C:\Users\4stro\Desktop\geode\the-coin-guide\build\bindings\GeodeBindings.vcxproj]
E:\msvisual2026\MSBuild\Microsoft\VC\v180\Microsoft.CppBuild.targets(1139,5): warning MSB8027: Dos o m├ís archivos con el mismo nombre de GJUnlockableItem.cpp producir├ín salidas en la misma ubicaci├│n. Esto puede dar lugar a un resultado de compilaci├│n incorrecto. Los archivos implicados son C:\Users\4stro\Desktop\geode\the-coin-guide\build\_deps\bindings-src\bindings\2.2081\inline\GJUnlockableItem.cpp, C:\Users\4stro\Desktop\geode\the-coin-guide\build\bindings\bindings\Geode\source\GJUnlockableItem.cpp. [C:\Users\4stro\Desktop\geode\the-coin-guide\build\bindings\GeodeBindings.vcxproj]
E:\msvisual2026\MSBuild\Microsoft\VC\v180\Microsoft.CppBuild.targets(1139,5): warning MSB8027: Dos o m├ís archivos con el mismo nombre de GJUserCell.cpp producir├ín salidas en la misma ubicaci├│n. Esto puede dar lugar a un resultado de compilaci├│n incorrecto. Los archivos implicados son C:\Users\4stro\Desktop\geode\the-coin-guide\build\_deps\bindings-src\bindings\2.2081\inline\GJUserCell.cpp, C:\Users\4stro\Desktop\geode\the-coin-guide\build\bindings\bindings\Geode\source\GJUserCell.cpp. [C:\Users\4stro\Desktop\geode\the-coin-guide\build\bindings\GeodeBindings.vcxproj]
E:\msvisual2026\MSBuild\Microsoft\VC\v180\Microsoft.CppBuild.targets(1139,5): warning MSB8027: Dos o m├ís archivos con el mismo nombre de GJUserMessage.cpp producir├ín salidas en la misma ubicaci├│n. Esto puede dar lugar a un resultado de compilaci├│n incorrecto. Los archivos implicados son C:\Users\4stro\Desktop\geode\the-coin-guide\build\_deps\bindings-src\bindings\2.2081\inline\GJUserMessage.cpp, C:\Users\4stro\Desktop\geode\the-coin-guide\build\bindings\bindings\Geode\source\GJUserMessage.cpp. [C:\Users\4stro\Desktop\geode\the-coin-guide\build\bindings\GeodeBindings.vcxproj]
E:\msvisual2026\MSBuild\Microsoft\VC\v180\Microsoft.CppBuild.targets(1139,5): warning MSB8027: Dos o m├ís archivos con el mismo nombre de GJUserScore.cpp producir├ín salidas en la misma ubicaci├│n. Esto puede dar lugar a un resultado de compilaci├│n incorrecto. Los archivos implicados son C:\Users\4stro\Desktop\geode\the-coin-guide\build\_deps\bindings-src\bindings\2.2081\inline\GJUserScore.cpp, C:\Users\4stro\Desktop\geode\the-coin-guide\build\bindings\bindings\Geode\source\GJUserScore.cpp. [C:\Users\4stro\Desktop\geode\the-coin-guide\build\bindings\GeodeBindings.vcxproj]
E:\msvisual2026\MSBuild\Microsoft\VC\v180\Microsoft.CppBuild.targets(1139,5): warning MSB8027: Dos o m├ís archivos con el mismo nombre de GJValueTween.cpp producir├ín salidas en la misma ubicaci├│n. Esto puede dar lugar a un resultado de compilaci├│n incorrecto. Los archivos implicados son C:\Users\4stro\Desktop\geode\the-coin-guide\build\_deps\bindings-src\bindings\2.2081\inline\GJValueTween.cpp, C:\Users\4stro\Desktop\geode\the-coin-guide\build\bindings\bindings\Geode\source\GJValueTween.cpp. [C:\Users\4stro\Desktop\geode\the-coin-guide\build\bindings\GeodeBindings.vcxproj]
E:\msvisual2026\MSBuild\Microsoft\VC\v180\Microsoft.CppBuild.targets(1139,5): warning MSB8027: Dos o m├ís archivos con el mismo nombre de GJWorldNode.cpp producir├ín salidas en la misma ubicaci├│n. Esto puede dar lugar a un resultado de compilaci├│n incorrecto. Los archivos implicados son C:\Users\4stro\Desktop\geode\the-coin-guide\build\_deps\bindings-src\bindings\2.2081\inline\GJWorldNode.cpp, C:\Users\4stro\Desktop\geode\the-coin-guide\build\bindings\bindings\Geode\source\GJWorldNode.cpp. [C:\Users\4stro\Desktop\geode\the-coin-guide\build\bindings\GeodeBindings.vcxproj]
E:\msvisual2026\MSBuild\Microsoft\VC\v180\Microsoft.CppBuild.targets(1139,5): warning MSB8027: Dos o m├ís archivos con el mismo nombre de GJWriteMessagePopup.cpp producir├ín salidas en la misma ubicaci├│n. Esto puede dar lugar a un resultado de compilaci├│n incorrecto. Los archivos implicados son C:\Users\4stro\Desktop\geode\the-coin-guide\build\_deps\bindings-src\bindings\2.2081\inline\GJWriteMessagePopup.cpp, C:\Users\4stro\Desktop\geode\the-coin-guide\build\bindings\bindings\Geode\source\GJWriteMessagePopup.cpp. [C:\Users\4stro\Desktop\geode\the-coin-guide\build\bindings\GeodeBindings.vcxproj]
E:\msvisual2026\MSBuild\Microsoft\VC\v180\Microsoft.CppBuild.targets(1139,5): warning MSB8027: Dos o m├ís archivos con el mismo nombre de GManager.cpp producir├ín salidas en la misma ubicaci├│n. Esto puede dar lugar a un resultado de compilaci├│n incorrecto. Los archivos implicados son C:\Users\4stro\Desktop\geode\the-coin-guide\build\_deps\bindings-src\bindings\2.2081\inline\GManager.cpp, C:\Users\4stro\Desktop\geode\the-coin-guide\build\bindings\bindings\Geode\source\GManager.cpp. [C:\Users\4stro\Desktop\geode\the-coin-guide\build\bindings\GeodeBindings.vcxproj]
E:\msvisual2026\MSBuild\Microsoft\VC\v180\Microsoft.CppBuild.targets(1139,5): warning MSB8027: Dos o m├ís archivos con el mismo nombre de GameCell.cpp producir├ín salidas en la misma ubicaci├│n. Esto puede dar lugar a un resultado de compilaci├│n incorrecto. Los archivos implicados son C:\Users\4stro\Desktop\geode\the-coin-guide\build\_deps\bindings-src\bindings\2.2081\inline\GameCell.cpp, C:\Users\4stro\Desktop\geode\the-coin-guide\build\bindings\bindings\Geode\source\GameCell.cpp. [C:\Users\4stro\Desktop\geode\the-coin-guide\build\bindings\GeodeBindings.vcxproj]
E:\msvisual2026\MSBuild\Microsoft\VC\v180\Microsoft.CppBuild.targets(1139,5): warning MSB8027: Dos o m├ís archivos con el mismo nombre de GameEffectsManager.cpp producir├ín salidas en la misma ubicaci├│n. Esto puede dar lugar a un resultado de compilaci├│n incorrecto. Los archivos implicados son C:\Users\4stro\Desktop\geode\the-coin-guide\build\_deps\bindings-src\bindings\2.2081\inline\GameEffectsManager.cpp, C:\Users\4stro\Desktop\geode\the-coin-guide\build\bindings\bindings\Geode\source\GameEffectsManager.cpp. [C:\Users\4stro\Desktop\geode\the-coin-guide\build\bindings\GeodeBindings.vcxproj]
E:\msvisual2026\MSBuild\Microsoft\VC\v180\Microsoft.CppBuild.targets(1139,5): warning MSB8027: Dos o m├ís archivos con el mismo nombre de GameLevelManager.cpp producir├ín salidas en la misma ubicaci├│n. Esto puede dar lugar a un resultado de compilaci├│n incorrecto. Los archivos implicados son C:\Users\4stro\Desktop\geode\the-coin-guide\build\_deps\bindings-src\bindings\2.2081\inline\GameLevelManager.cpp, C:\Users\4stro\Desktop\geode\the-coin-guide\build\bindings\bindings\Geode\source\GameLevelManager.cpp. [C:\Users\4stro\Desktop\geode\the-coin-guide\build\bindings\GeodeBindings.vcxproj]
E:\msvisual2026\MSBuild\Microsoft\VC\v180\Microsoft.CppBuild.targets(1139,5): warning MSB8027: Dos o m├ís archivos con el mismo nombre de GameLevelOptionsLayer.cpp producir├ín salidas en la misma ubicaci├│n. Esto puede dar lugar a un resultado de compilaci├│n incorrecto. Los archivos implicados son C:\Users\4stro\Desktop\geode\the-coin-guide\build\_deps\bindings-src\bindings\2.2081\inline\GameLevelOptionsLayer.cpp, C:\Users\4stro\Desktop\geode\the-coin-guide\build\bindings\bindings\Geode\source\GameLevelOptionsLayer.cpp. [C:\Users\4stro\Desktop\geode\the-coin-guide\build\bindings\GeodeBindings.vcxproj]
E:\msvisual2026\MSBuild\Microsoft\VC\v180\Microsoft.CppBuild.targets(1139,5): warning MSB8027: Dos o m├ís archivos con el mismo nombre de GameManager.cpp producir├ín salidas en la misma ubicaci├│n. Esto puede dar lugar a un resultado de compilaci├│n incorrecto. Los archivos implicados son C:\Users\4stro\Desktop\geode\the-coin-guide\build\_deps\bindings-src\bindings\2.2081\inline\GameManager.cpp, C:\Users\4stro\Desktop\geode\the-coin-guide\build\bindings\bindings\Geode\source\GameManager.cpp. [C:\Users\4stro\Desktop\geode\the-coin-guide\build\bindings\GeodeBindings.vcxproj]
E:\msvisual2026\MSBuild\Microsoft\VC\v180\Microsoft.CppBuild.targets(1139,5): warning MSB8027: Dos o m├ís archivos con el mismo nombre de GameObject.cpp producir├ín salidas en la misma ubicaci├│n. Esto puede dar lugar a un resultado de compilaci├│n incorrecto. Los archivos implicados son C:\Users\4stro\Desktop\geode\the-coin-guide\build\_deps\bindings-src\bindings\2.2081\inline\GameObject.cpp, C:\Users\4stro\Desktop\geode\the-coin-guide\build\bindings\bindings\Geode\source\GameObject.cpp. [C:\Users\4stro\Desktop\geode\the-coin-guide\build\bindings\GeodeBindings.vcxproj]
E:\msvisual2026\MSBuild\Microsoft\VC\v180\Microsoft.CppBuild.targets(1139,5): warning MSB8027: Dos o m├ís archivos con el mismo nombre de GameObjectCopy.cpp producir├ín salidas en la misma ubicaci├│n. Esto puede dar lugar a un resultado de compilaci├│n incorrecto. Los archivos implicados son C:\Users\4stro\Desktop\geode\the-coin-guide\build\_deps\bindings-src\bindings\2.2081\inline\GameObjectCopy.cpp, C:\Users\4stro\Desktop\geode\the-coin-guide\build\bindings\bindings\Geode\source\GameObjectCopy.cpp. [C:\Users\4stro\Desktop\geode\the-coin-guide\build\bindings\GeodeBindings.vcxproj]
E:\msvisual2026\MSBuild\Microsoft\VC\v180\Microsoft.CppBuild.targets(1139,5): warning MSB8027: Dos o m├ís archivos con el mismo nombre de GameObjectEditorState.cpp producir├ín salidas en la misma ubicaci├│n. Esto puede dar lugar a un resultado de compilaci├│n incorrecto. Los archivos implicados son C:\Users\4stro\Desktop\geode\the-coin-guide\build\_deps\bindings-src\bindings\2.2081\inline\GameObjectEditorState.cpp, C:\Users\4stro\Desktop\geode\the-coin-guide\build\bindings\bindings\Geode\source\GameObjectEditorState.cpp. [C:\Users\4stro\Desktop\geode\the-coin-guide\build\bindings\GeodeBindings.vcxproj]
E:\msvisual2026\MSBuild\Microsoft\VC\v180\Microsoft.CppBuild.targets(1139,5): warning MSB8027: Dos o m├ís archivos con el mismo nombre de GameObjectPhysics.cpp producir├ín salidas en la misma ubicaci├│n. Esto puede dar lugar a un resultado de compilaci├│n incorrecto. Los archivos implicados son C:\Users\4stro\Desktop\geode\the-coin-guide\build\_deps\bindings-src\bindings\2.2081\inline\GameObjectPhysics.cpp, C:\Users\4stro\Desktop\geode\the-coin-guide\build\bindings\bindings\Geode\source\GameObjectPhysics.cpp. [C:\Users\4stro\Desktop\geode\the-coin-guide\build\bindings\GeodeBindings.vcxproj]
E:\msvisual2026\MSBuild\Microsoft\VC\v180\Microsoft.CppBuild.targets(1139,5): warning MSB8027: Dos o m├ís archivos con el mismo nombre de GameOptionsLayer.cpp producir├ín salidas en la misma ubicaci├│n. Esto puede dar lugar a un resultado de compilaci├│n incorrecto. Los archivos implicados son C:\Users\4stro\Desktop\geode\the-coin-guide\build\_deps\bindings-src\bindings\2.2081\inline\GameOptionsLayer.cpp, C:\Users\4stro\Desktop\geode\the-coin-guide\build\bindings\bindings\Geode\source\GameOptionsLayer.cpp. [C:\Users\4stro\Desktop\geode\the-coin-guide\build\bindings\GeodeBindings.vcxproj]
E:\msvisual2026\MSBuild\Microsoft\VC\v180\Microsoft.CppBuild.targets(1139,5): warning MSB8027: Dos o m├ís archivos con el mismo nombre de GameOptionsTrigger.cpp producir├ín salidas en la misma ubicaci├│n. Esto puede dar lugar a un resultado de compilaci├│n incorrecto. Los archivos implicados son C:\Users\4stro\Desktop\geode\the-coin-guide\build\_deps\bindings-src\bindings\2.2081\inline\GameOptionsTrigger.cpp, C:\Users\4stro\Desktop\geode\the-coin-guide\build\bindings\bindings\Geode\source\GameOptionsTrigger.cpp. [C:\Users\4stro\Desktop\geode\the-coin-guide\build\bindings\GeodeBindings.vcxproj]
E:\msvisual2026\MSBuild\Microsoft\VC\v180\Microsoft.CppBuild.targets(1139,5): warning MSB8027: Dos o m├ís archivos con el mismo nombre de GameRateDelegate.cpp producir├ín salidas en la misma ubicaci├│n. Esto puede dar lugar a un resultado de compilaci├│n incorrecto. Los archivos implicados son C:\Users\4stro\Desktop\geode\the-coin-guide\build\_deps\bindings-src\bindings\2.2081\inline\GameRateDelegate.cpp, C:\Users\4stro\Desktop\geode\the-coin-guide\build\bindings\bindings\Geode\source\GameRateDelegate.cpp. [C:\Users\4stro\Desktop\geode\the-coin-guide\build\bindings\GeodeBindings.vcxproj]
E:\msvisual2026\MSBuild\Microsoft\VC\v180\Microsoft.CppBuild.targets(1139,5): warning MSB8027: Dos o m├ís archivos con el mismo nombre de GameStatsManager.cpp producir├ín salidas en la misma ubicaci├│n. Esto puede dar lugar a un resultado de compilaci├│n incorrecto. Los archivos implicados son C:\Users\4stro\Desktop\geode\the-coin-guide\build\_deps\bindings-src\bindings\2.2081\inline\GameStatsManager.cpp, C:\Users\4stro\Desktop\geode\the-coin-guide\build\bindings\bindings\Geode\source\GameStatsManager.cpp. [C:\Users\4stro\Desktop\geode\the-coin-guide\build\bindings\GeodeBindings.vcxproj]
E:\msvisual2026\MSBuild\Microsoft\VC\v180\Microsoft.CppBuild.targets(1139,5): warning MSB8027: Dos o m├ís archivos con el mismo nombre de GameToolbox.cpp producir├ín salidas en la misma ubicaci├│n. Esto puede dar lugar a un resultado de compilaci├│n incorrecto. Los archivos implicados son C:\Users\4stro\Desktop\geode\the-coin-guide\build\_deps\bindings-src\bindings\2.2081\inline\GameToolbox.cpp, C:\Users\4stro\Desktop\geode\the-coin-guide\build\bindings\bindings\Geode\source\GameToolbox.cpp. [C:\Users\4stro\Desktop\geode\the-coin-guide\build\bindings\GeodeBindings.vcxproj]
E:\msvisual2026\MSBuild\Microsoft\VC\v180\Microsoft.CppBuild.targets(1139,5): warning MSB8027: Dos o m├ís archivos con el mismo nombre de GauntletLayer.cpp producir├ín salidas en la misma ubicaci├│n. Esto puede dar lugar a un resultado de compilaci├│n incorrecto. Los archivos implicados son C:\Users\4stro\Desktop\geode\the-coin-guide\build\_deps\bindings-src\bindings\2.2081\inline\GauntletLayer.cpp, C:\Users\4stro\Desktop\geode\the-coin-guide\build\bindings\bindings\Geode\source\GauntletLayer.cpp. [C:\Users\4stro\Desktop\geode\the-coin-guide\build\bindings\GeodeBindings.vcxproj]
E:\msvisual2026\MSBuild\Microsoft\VC\v180\Microsoft.CppBuild.targets(1139,5): warning MSB8027: Dos o m├ís archivos con el mismo nombre de GauntletNode.cpp producir├ín salidas en la misma ubicaci├│n. Esto puede dar lugar a un resultado de compilaci├│n incorrecto. Los archivos implicados son C:\Users\4stro\Desktop\geode\the-coin-guide\build\_deps\bindings-src\bindings\2.2081\inline\GauntletNode.cpp, C:\Users\4stro\Desktop\geode\the-coin-guide\build\bindings\bindings\Geode\source\GauntletNode.cpp. [C:\Users\4stro\Desktop\geode\the-coin-guide\build\bindings\GeodeBindings.vcxproj]
E:\msvisual2026\MSBuild\Microsoft\VC\v180\Microsoft.CppBuild.targets(1139,5): warning MSB8027: Dos o m├ís archivos con el mismo nombre de GauntletSelectLayer.cpp producir├ín salidas en la misma ubicaci├│n. Esto puede dar lugar a un resultado de compilaci├│n incorrecto. Los archivos implicados son C:\Users\4stro\Desktop\geode\the-coin-guide\build\_deps\bindings-src\bindings\2.2081\inline\GauntletSelectLayer.cpp, C:\Users\4stro\Desktop\geode\the-coin-guide\build\bindings\bindings\Geode\source\GauntletSelectLayer.cpp. [C:\Users\4stro\Desktop\geode\the-coin-guide\build\bindings\GeodeBindings.vcxproj]
E:\msvisual2026\MSBuild\Microsoft\VC\v180\Microsoft.CppBuild.targets(1139,5): warning MSB8027: Dos o m├ís archivos con el mismo nombre de GauntletSprite.cpp producir├ín salidas en la misma ubicaci├│n. Esto puede dar lugar a un resultado de compilaci├│n incorrecto. Los archivos implicados son C:\Users\4stro\Desktop\geode\the-coin-guide\build\_deps\bindings-src\bindings\2.2081\inline\GauntletSprite.cpp, C:\Users\4stro\Desktop\geode\the-coin-guide\build\bindings\bindings\Geode\source\GauntletSprite.cpp. [C:\Users\4stro\Desktop\geode\the-coin-guide\build\bindings\GeodeBindings.vcxproj]
E:\msvisual2026\MSBuild\Microsoft\VC\v180\Microsoft.CppBuild.targets(1139,5): warning MSB8027: Dos o m├ís archivos con el mismo nombre de Geometry.cpp producir├ín salidas en la misma ubicaci├│n. Esto puede dar lugar a un resultado de compilaci├│n incorrecto. Los archivos implicados son C:\Users\4stro\Desktop\geode\the-coin-guide\build\_deps\bindings-src\bindings\2.2081\inline\Geometry.cpp, C:\Users\4stro\Desktop\geode\the-coin-guide\build\bindings\bindings\Geode\source\Geometry.cpp. [C:\Users\4stro\Desktop\geode\the-coin-guide\build\bindings\GeodeBindings.vcxproj]
E:\msvisual2026\MSBuild\Microsoft\VC\v180\Microsoft.CppBuild.targets(1139,5): warning MSB8027: Dos o m├ís archivos con el mismo nombre de GhostTrailEffect.cpp producir├ín salidas en la misma ubicaci├│n. Esto puede dar lugar a un resultado de compilaci├│n incorrecto. Los archivos implicados son C:\Users\4stro\Desktop\geode\the-coin-guide\build\_deps\bindings-src\bindings\2.2081\inline\GhostTrailEffect.cpp, C:\Users\4stro\Desktop\geode\the-coin-guide\build\bindings\bindings\Geode\source\GhostTrailEffect.cpp. [C:\Users\4stro\Desktop\geode\the-coin-guide\build\bindings\GeodeBindings.vcxproj]
E:\msvisual2026\MSBuild\Microsoft\VC\v180\Microsoft.CppBuild.targets(1139,5): warning MSB8027: Dos o m├ís archivos con el mismo nombre de GooglePlayDelegate.cpp producir├ín salidas en la misma ubicaci├│n. Esto puede dar lugar a un resultado de compilaci├│n incorrecto. Los archivos implicados son C:\Users\4stro\Desktop\geode\the-coin-guide\build\_deps\bindings-src\bindings\2.2081\inline\GooglePlayDelegate.cpp, C:\Users\4stro\Desktop\geode\the-coin-guide\build\bindings\bindings\Geode\source\GooglePlayDelegate.cpp. [C:\Users\4stro\Desktop\geode\the-coin-guide\build\bindings\GeodeBindings.vcxproj]
E:\msvisual2026\MSBuild\Microsoft\VC\v180\Microsoft.CppBuild.targets(1139,5): warning MSB8027: Dos o m├ís archivos con el mismo nombre de GooglePlayManager.cpp producir├ín salidas en la misma ubicaci├│n. Esto puede dar lugar a un resultado de compilaci├│n incorrecto. Los archivos implicados son C:\Users\4stro\Desktop\geode\the-coin-guide\build\_deps\bindings-src\bindings\2.2081\inline\GooglePlayManager.cpp, C:\Users\4stro\Desktop\geode\the-coin-guide\build\bindings\bindings\Geode\source\GooglePlayManager.cpp. [C:\Users\4stro\Desktop\geode\the-coin-guide\build\bindings\GeodeBindings.vcxproj]
E:\msvisual2026\MSBuild\Microsoft\VC\v180\Microsoft.CppBuild.targets(1139,5): warning MSB8027: Dos o m├ís archivos con el mismo nombre de GradientTriggerObject.cpp producir├ín salidas en la misma ubicaci├│n. Esto puede dar lugar a un resultado de compilaci├│n incorrecto. Los archivos implicados son C:\Users\4stro\Desktop\geode\the-coin-guide\build\_deps\bindings-src\bindings\2.2081\inline\GradientTriggerObject.cpp, C:\Users\4stro\Desktop\geode\the-coin-guide\build\bindings\bindings\Geode\source\GradientTriggerObject.cpp. [C:\Users\4stro\Desktop\geode\the-coin-guide\build\bindings\GeodeBindings.vcxproj]
E:\msvisual2026\MSBuild\Microsoft\VC\v180\Microsoft.CppBuild.targets(1139,5): warning MSB8027: Dos o m├ís archivos con el mismo nombre de GraphicsReloadLayer.cpp producir├ín salidas en la misma ubicaci├│n. Esto puede dar lugar a un resultado de compilaci├│n incorrecto. Los archivos implicados son C:\Users\4stro\Desktop\geode\the-coin-guide\build\_deps\bindings-src\bindings\2.2081\inline\GraphicsReloadLayer.cpp, C:\Users\4stro\Desktop\geode\the-coin-guide\build\bindings\bindings\Geode\source\GraphicsReloadLayer.cpp. [C:\Users\4stro\Desktop\geode\the-coin-guide\build\bindings\GeodeBindings.vcxproj]
E:\msvisual2026\MSBuild\Microsoft\VC\v180\Microsoft.CppBuild.targets(1139,5): warning MSB8027: Dos o m├ís archivos con el mismo nombre de GravityEffectSprite.cpp producir├ín salidas en la misma ubicaci├│n. Esto puede dar lugar a un resultado de compilaci├│n incorrecto. Los archivos implicados son C:\Users\4stro\Desktop\geode\the-coin-guide\build\_deps\bindings-src\bindings\2.2081\inline\GravityEffectSprite.cpp, C:\Users\4stro\Desktop\geode\the-coin-guide\build\bindings\bindings\Geode\source\GravityEffectSprite.cpp. [C:\Users\4stro\Desktop\geode\the-coin-guide\build\bindings\GeodeBindings.vcxproj]
E:\msvisual2026\MSBuild\Microsoft\VC\v180\Microsoft.CppBuild.targets(1139,5): warning MSB8027: Dos o m├ís archivos con el mismo nombre de GroupCommandObject2.cpp producir├ín salidas en la misma ubicaci├│n. Esto puede dar lugar a un resultado de compilaci├│n incorrecto. Los archivos implicados son C:\Users\4stro\Desktop\geode\the-coin-guide\build\_deps\bindings-src\bindings\2.2081\inline\GroupCommandObject2.cpp, C:\Users\4stro\Desktop\geode\the-coin-guide\build\bindings\bindings\Geode\source\GroupCommandObject2.cpp. [C:\Users\4stro\Desktop\geode\the-coin-guide\build\bindings\GeodeBindings.vcxproj]
E:\msvisual2026\MSBuild\Microsoft\VC\v180\Microsoft.CppBuild.targets(1139,5): warning MSB8027: Dos o m├ís archivos con el mismo nombre de HSVLiveOverlay.cpp producir├ín salidas en la misma ubicaci├│n. Esto puede dar lugar a un resultado de compilaci├│n incorrecto. Los archivos implicados son C:\Users\4stro\Desktop\geode\the-coin-guide\build\_deps\bindings-src\bindings\2.2081\inline\HSVLiveOverlay.cpp, C:\Users\4stro\Desktop\geode\the-coin-guide\build\bindings\bindings\Geode\source\HSVLiveOverlay.cpp. [C:\Users\4stro\Desktop\geode\the-coin-guide\build\bindings\GeodeBindings.vcxproj]
E:\msvisual2026\MSBuild\Microsoft\VC\v180\Microsoft.CppBuild.targets(1139,5): warning MSB8027: Dos o m├ís archivos con el mismo nombre de HSVWidgetDelegate.cpp producir├ín salidas en la misma ubicaci├│n. Esto puede dar lugar a un resultado de compilaci├│n incorrecto. Los archivos implicados son C:\Users\4stro\Desktop\geode\the-coin-guide\build\_deps\bindings-src\bindings\2.2081\inline\HSVWidgetDelegate.cpp, C:\Users\4stro\Desktop\geode\the-coin-guide\build\bindings\bindings\Geode\source\HSVWidgetDelegate.cpp. [C:\Users\4stro\Desktop\geode\the-coin-guide\build\bindings\GeodeBindings.vcxproj]
E:\msvisual2026\MSBuild\Microsoft\VC\v180\Microsoft.CppBuild.targets(1139,5): warning MSB8027: Dos o m├ís archivos con el mismo nombre de HSVWidgetPopup.cpp producir├ín salidas en la misma ubicaci├│n. Esto puede dar lugar a un resultado de compilaci├│n incorrecto. Los archivos implicados son C:\Users\4stro\Desktop\geode\the-coin-guide\build\_deps\bindings-src\bindings\2.2081\inline\HSVWidgetPopup.cpp, C:\Users\4stro\Desktop\geode\the-coin-guide\build\bindings\bindings\Geode\source\HSVWidgetPopup.cpp. [C:\Users\4stro\Desktop\geode\the-coin-guide\build\bindings\GeodeBindings.vcxproj]
E:\msvisual2026\MSBuild\Microsoft\VC\v180\Microsoft.CppBuild.targets(1139,5): warning MSB8027: Dos o m├ís archivos con el mismo nombre de HardStreak.cpp producir├ín salidas en la misma ubicaci├│n. Esto puede dar lugar a un resultado de compilaci├│n incorrecto. Los archivos implicados son C:\Users\4stro\Desktop\geode\the-coin-guide\build\_deps\bindings-src\bindings\2.2081\inline\HardStreak.cpp, C:\Users\4stro\Desktop\geode\the-coin-guide\build\bindings\bindings\Geode\source\HardStreak.cpp. [C:\Users\4stro\Desktop\geode\the-coin-guide\build\bindings\GeodeBindings.vcxproj]
E:\msvisual2026\MSBuild\Microsoft\VC\v180\Microsoft.CppBuild.targets(1139,5): warning MSB8027: Dos o m├ís archivos con el mismo nombre de InfoAlertButton.cpp producir├ín salidas en la misma ubicaci├│n. Esto puede dar lugar a un resultado de compilaci├│n incorrecto. Los archivos implicados son C:\Users\4stro\Desktop\geode\the-coin-guide\build\_deps\bindings-src\bindings\2.2081\inline\InfoAlertButton.cpp, C:\Users\4stro\Desktop\geode\the-coin-guide\build\bindings\bindings\Geode\source\InfoAlertButton.cpp. [C:\Users\4stro\Desktop\geode\the-coin-guide\build\bindings\GeodeBindings.vcxproj]
E:\msvisual2026\MSBuild\Microsoft\VC\v180\Microsoft.CppBuild.targets(1139,5): warning MSB8027: Dos o m├ís archivos con el mismo nombre de InfoLayer.cpp producir├ín salidas en la misma ubicaci├│n. Esto puede dar lugar a un resultado de compilaci├│n incorrecto. Los archivos implicados son C:\Users\4stro\Desktop\geode\the-coin-guide\build\_deps\bindings-src\bindings\2.2081\inline\InfoLayer.cpp, C:\Users\4stro\Desktop\geode\the-coin-guide\build\bindings\bindings\Geode\source\InfoLayer.cpp. [C:\Users\4stro\Desktop\geode\the-coin-guide\build\bindings\GeodeBindings.vcxproj]
E:\msvisual2026\MSBuild\Microsoft\VC\v180\Microsoft.CppBuild.targets(1139,5): warning MSB8027: Dos o m├ís archivos con el mismo nombre de InheritanceNode.cpp producir├ín salidas en la misma ubicaci├│n. Esto puede dar lugar a un resultado de compilaci├│n incorrecto. Los archivos implicados son C:\Users\4stro\Desktop\geode\the-coin-guide\build\_deps\bindings-src\bindings\2.2081\inline\InheritanceNode.cpp, C:\Users\4stro\Desktop\geode\the-coin-guide\build\bindings\bindings\Geode\source\InheritanceNode.cpp. [C:\Users\4stro\Desktop\geode\the-coin-guide\build\bindings\GeodeBindings.vcxproj]
E:\msvisual2026\MSBuild\Microsoft\VC\v180\Microsoft.CppBuild.targets(1139,5): warning MSB8027: Dos o m├ís archivos con el mismo nombre de ItemInfoPopup.cpp producir├ín salidas en la misma ubicaci├│n. Esto puede dar lugar a un resultado de compilaci├│n incorrecto. Los archivos implicados son C:\Users\4stro\Desktop\geode\the-coin-guide\build\_deps\bindings-src\bindings\2.2081\inline\ItemInfoPopup.cpp, C:\Users\4stro\Desktop\geode\the-coin-guide\build\bindings\bindings\Geode\source\ItemInfoPopup.cpp. [C:\Users\4stro\Desktop\geode\the-coin-guide\build\bindings\GeodeBindings.vcxproj]
E:\msvisual2026\MSBuild\Microsoft\VC\v180\Microsoft.CppBuild.targets(1139,5): warning MSB8027: Dos o m├ís archivos con el mismo nombre de ItemTriggerGameObject.cpp producir├ín salidas en la misma ubicaci├│n. Esto puede dar lugar a un resultado de compilaci├│n incorrecto. Los archivos implicados son C:\Users\4stro\Desktop\geode\the-coin-guide\build\_deps\bindings-src\bindings\2.2081\inline\ItemTriggerGameObject.cpp, C:\Users\4stro\Desktop\geode\the-coin-guide\build\bindings\bindings\Geode\source\ItemTriggerGameObject.cpp. [C:\Users\4stro\Desktop\geode\the-coin-guide\build\bindings\GeodeBindings.vcxproj]
E:\msvisual2026\MSBuild\Microsoft\VC\v180\Microsoft.CppBuild.targets(1139,5): warning MSB8027: Dos o m├ís archivos con el mismo nombre de KeybindingsLayer.cpp producir├ín salidas en la misma ubicaci├│n. Esto puede dar lugar a un resultado de compilaci├│n incorrecto. Los archivos implicados son C:\Users\4stro\Desktop\geode\the-coin-guide\build\_deps\bindings-src\bindings\2.2081\inline\KeybindingsLayer.cpp, C:\Users\4stro\Desktop\geode\the-coin-guide\build\bindings\bindings\Geode\source\KeybindingsLayer.cpp. [C:\Users\4stro\Desktop\geode\the-coin-guide\build\bindings\GeodeBindings.vcxproj]
E:\msvisual2026\MSBuild\Microsoft\VC\v180\Microsoft.CppBuild.targets(1139,5): warning MSB8027: Dos o m├ís archivos con el mismo nombre de KeybindingsManager.cpp producir├ín salidas en la misma ubicaci├│n. Esto puede dar lugar a un resultado de compilaci├│n incorrecto. Los archivos implicados son C:\Users\4stro\Desktop\geode\the-coin-guide\build\_deps\bindings-src\bindings\2.2081\inline\KeybindingsManager.cpp, C:\Users\4stro\Desktop\geode\the-coin-guide\build\bindings\bindings\Geode\source\KeybindingsManager.cpp. [C:\Users\4stro\Desktop\geode\the-coin-guide\build\bindings\GeodeBindings.vcxproj]
E:\msvisual2026\MSBuild\Microsoft\VC\v180\Microsoft.CppBuild.targets(1139,5): warning MSB8027: Dos o m├ís archivos con el mismo nombre de KeyframeAnimTriggerObject.cpp producir├ín salidas en la misma ubicaci├│n. Esto puede dar lugar a un resultado de compilaci├│n incorrecto. Los archivos implicados son C:\Users\4stro\Desktop\geode\the-coin-guide\build\_deps\bindings-src\bindings\2.2081\inline\KeyframeAnimTriggerObject.cpp, C:\Users\4stro\Desktop\geode\the-coin-guide\build\bindings\bindings\Geode\source\KeyframeAnimTriggerObject.cpp. [C:\Users\4stro\Desktop\geode\the-coin-guide\build\bindings\GeodeBindings.vcxproj]
E:\msvisual2026\MSBuild\Microsoft\VC\v180\Microsoft.CppBuild.targets(1139,5): warning MSB8027: Dos o m├ís archivos con el mismo nombre de KeyframeGameObject.cpp producir├ín salidas en la misma ubicaci├│n. Esto puede dar lugar a un resultado de compilaci├│n incorrecto. Los archivos implicados son C:\Users\4stro\Desktop\geode\the-coin-guide\build\_deps\bindings-src\bindings\2.2081\inline\KeyframeGameObject.cpp, C:\Users\4stro\Desktop\geode\the-coin-guide\build\bindings\bindings\Geode\source\KeyframeGameObject.cpp. [C:\Users\4stro\Desktop\geode\the-coin-guide\build\bindings\GeodeBindings.vcxproj]
E:\msvisual2026\MSBuild\Microsoft\VC\v180\Microsoft.CppBuild.targets(1139,5): warning MSB8027: Dos o m├ís archivos con el mismo nombre de KeyframeObject.cpp producir├ín salidas en la misma ubicaci├│n. Esto puede dar lugar a un resultado de compilaci├│n incorrecto. Los archivos implicados son C:\Users\4stro\Desktop\geode\the-coin-guide\build\_deps\bindings-src\bindings\2.2081\inline\KeyframeObject.cpp, C:\Users\4stro\Desktop\geode\the-coin-guide\build\bindings\bindings\Geode\source\KeyframeObject.cpp. [C:\Users\4stro\Desktop\geode\the-coin-guide\build\bindings\GeodeBindings.vcxproj]
E:\msvisual2026\MSBuild\Microsoft\VC\v180\Microsoft.CppBuild.targets(1139,5): warning MSB8027: Dos o m├ís archivos con el mismo nombre de LabelGameObject.cpp producir├ín salidas en la misma ubicaci├│n. Esto puede dar lugar a un resultado de compilaci├│n incorrecto. Los archivos implicados son C:\Users\4stro\Desktop\geode\the-coin-guide\build\_deps\bindings-src\bindings\2.2081\inline\LabelGameObject.cpp, C:\Users\4stro\Desktop\geode\the-coin-guide\build\bindings\bindings\Geode\source\LabelGameObject.cpp. [C:\Users\4stro\Desktop\geode\the-coin-guide\build\bindings\GeodeBindings.vcxproj]
E:\msvisual2026\MSBuild\Microsoft\VC\v180\Microsoft.CppBuild.targets(1139,5): warning MSB8027: Dos o m├ís archivos con el mismo nombre de LeaderboardManagerDelegate.cpp producir├ín salidas en la misma ubicaci├│n. Esto puede dar lugar a un resultado de compilaci├│n incorrecto. Los archivos implicados son C:\Users\4stro\Desktop\geode\the-coin-guide\build\_deps\bindings-src\bindings\2.2081\inline\LeaderboardManagerDelegate.cpp, C:\Users\4stro\Desktop\geode\the-coin-guide\build\bindings\bindings\Geode\source\LeaderboardManagerDelegate.cpp. [C:\Users\4stro\Desktop\geode\the-coin-guide\build\bindings\GeodeBindings.vcxproj]
E:\msvisual2026\MSBuild\Microsoft\VC\v180\Microsoft.CppBuild.targets(1139,5): warning MSB8027: Dos o m├ís archivos con el mismo nombre de LeaderboardsLayer.cpp producir├ín salidas en la misma ubicaci├│n. Esto puede dar lugar a un resultado de compilaci├│n incorrecto. Los archivos implicados son C:\Users\4stro\Desktop\geode\the-coin-guide\build\_deps\bindings-src\bindings\2.2081\inline\LeaderboardsLayer.cpp, C:\Users\4stro\Desktop\geode\the-coin-guide\build\bindings\bindings\Geode\source\LeaderboardsLayer.cpp. [C:\Users\4stro\Desktop\geode\the-coin-guide\build\bindings\GeodeBindings.vcxproj]
E:\msvisual2026\MSBuild\Microsoft\VC\v180\Microsoft.CppBuild.targets(1139,5): warning MSB8027: Dos o m├ís archivos con el mismo nombre de LevelAreaInnerLayer.cpp producir├ín salidas en la misma ubicaci├│n. Esto puede dar lugar a un resultado de compilaci├│n incorrecto. Los archivos implicados son C:\Users\4stro\Desktop\geode\the-coin-guide\build\_deps\bindings-src\bindings\2.2081\inline\LevelAreaInnerLayer.cpp, C:\Users\4stro\Desktop\geode\the-coin-guide\build\bindings\bindings\Geode\source\LevelAreaInnerLayer.cpp. [C:\Users\4stro\Desktop\geode\the-coin-guide\build\bindings\GeodeBindings.vcxproj]
E:\msvisual2026\MSBuild\Microsoft\VC\v180\Microsoft.CppBuild.targets(1139,5): warning MSB8027: Dos o m├ís archivos con el mismo nombre de LevelAreaLayer.cpp producir├ín salidas en la misma ubicaci├│n. Esto puede dar lugar a un resultado de compilaci├│n incorrecto. Los archivos implicados son C:\Users\4stro\Desktop\geode\the-coin-guide\build\_deps\bindings-src\bindings\2.2081\inline\LevelAreaLayer.cpp, C:\Users\4stro\Desktop\geode\the-coin-guide\build\bindings\bindings\Geode\source\LevelAreaLayer.cpp. [C:\Users\4stro\Desktop\geode\the-coin-guide\build\bindings\GeodeBindings.vcxproj]
E:\msvisual2026\MSBuild\Microsoft\VC\v180\Microsoft.CppBuild.targets(1139,5): warning MSB8027: Dos o m├ís archivos con el mismo nombre de LevelBrowserLayer.cpp producir├ín salidas en la misma ubicaci├│n. Esto puede dar lugar a un resultado de compilaci├│n incorrecto. Los archivos implicados son C:\Users\4stro\Desktop\geode\the-coin-guide\build\_deps\bindings-src\bindings\2.2081\inline\LevelBrowserLayer.cpp, C:\Users\4stro\Desktop\geode\the-coin-guide\build\bindings\bindings\Geode\source\LevelBrowserLayer.cpp. [C:\Users\4stro\Desktop\geode\the-coin-guide\build\bindings\GeodeBindings.vcxproj]
E:\msvisual2026\MSBuild\Microsoft\VC\v180\Microsoft.CppBuild.targets(1139,5): warning MSB8027: Dos o m├ís archivos con el mismo nombre de LevelCell.cpp producir├ín salidas en la misma ubicaci├│n. Esto puede dar lugar a un resultado de compilaci├│n incorrecto. Los archivos implicados son C:\Users\4stro\Desktop\geode\the-coin-guide\build\_deps\bindings-src\bindings\2.2081\inline\LevelCell.cpp, C:\Users\4stro\Desktop\geode\the-coin-guide\build\bindings\bindings\Geode\source\LevelCell.cpp. [C:\Users\4stro\Desktop\geode\the-coin-guide\build\bindings\GeodeBindings.vcxproj]
E:\msvisual2026\MSBuild\Microsoft\VC\v180\Microsoft.CppBuild.targets(1139,5): warning MSB8027: Dos o m├ís archivos con el mismo nombre de LevelCommentDelegate.cpp producir├ín salidas en la misma ubicaci├│n. Esto puede dar lugar a un resultado de compilaci├│n incorrecto. Los archivos implicados son C:\Users\4stro\Desktop\geode\the-coin-guide\build\_deps\bindings-src\bindings\2.2081\inline\LevelCommentDelegate.cpp, C:\Users\4stro\Desktop\geode\the-coin-guide\build\bindings\bindings\Geode\source\LevelCommentDelegate.cpp. [C:\Users\4stro\Desktop\geode\the-coin-guide\build\bindings\GeodeBindings.vcxproj]
E:\msvisual2026\MSBuild\Microsoft\VC\v180\Microsoft.CppBuild.targets(1139,5): warning MSB8027: Dos o m├ís archivos con el mismo nombre de LevelDeleteDelegate.cpp producir├ín salidas en la misma ubicaci├│n. Esto puede dar lugar a un resultado de compilaci├│n incorrecto. Los archivos implicados son C:\Users\4stro\Desktop\geode\the-coin-guide\build\_deps\bindings-src\bindings\2.2081\inline\LevelDeleteDelegate.cpp, C:\Users\4stro\Desktop\geode\the-coin-guide\build\bindings\bindings\Geode\source\LevelDeleteDelegate.cpp. [C:\Users\4stro\Desktop\geode\the-coin-guide\build\bindings\GeodeBindings.vcxproj]
E:\msvisual2026\MSBuild\Microsoft\VC\v180\Microsoft.CppBuild.targets(1139,5): warning MSB8027: Dos o m├ís archivos con el mismo nombre de LevelDownloadDelegate.cpp producir├ín salidas en la misma ubicaci├│n. Esto puede dar lugar a un resultado de compilaci├│n incorrecto. Los archivos implicados son C:\Users\4stro\Desktop\geode\the-coin-guide\build\_deps\bindings-src\bindings\2.2081\inline\LevelDownloadDelegate.cpp, C:\Users\4stro\Desktop\geode\the-coin-guide\build\bindings\bindings\Geode\source\LevelDownloadDelegate.cpp. [C:\Users\4stro\Desktop\geode\the-coin-guide\build\bindings\GeodeBindings.vcxproj]
E:\msvisual2026\MSBuild\Microsoft\VC\v180\Microsoft.CppBuild.targets(1139,5): warning MSB8027: Dos o m├ís archivos con el mismo nombre de LevelEditorLayer.cpp producir├ín salidas en la misma ubicaci├│n. Esto puede dar lugar a un resultado de compilaci├│n incorrecto. Los archivos implicados son C:\Users\4stro\Desktop\geode\the-coin-guide\build\_deps\bindings-src\bindings\2.2081\inline\LevelEditorLayer.cpp, C:\Users\4stro\Desktop\geode\the-coin-guide\build\bindings\bindings\Geode\source\LevelEditorLayer.cpp. [C:\Users\4stro\Desktop\geode\the-coin-guide\build\bindings\GeodeBindings.vcxproj]
E:\msvisual2026\MSBuild\Microsoft\VC\v180\Microsoft.CppBuild.targets(1139,5): warning MSB8027: Dos o m├ís archivos con el mismo nombre de LevelFeatureLayer.cpp producir├ín salidas en la misma ubicaci├│n. Esto puede dar lugar a un resultado de compilaci├│n incorrecto. Los archivos implicados son C:\Users\4stro\Desktop\geode\the-coin-guide\build\_deps\bindings-src\bindings\2.2081\inline\LevelFeatureLayer.cpp, C:\Users\4stro\Desktop\geode\the-coin-guide\build\bindings\bindings\Geode\source\LevelFeatureLayer.cpp. [C:\Users\4stro\Desktop\geode\the-coin-guide\build\bindings\GeodeBindings.vcxproj]
E:\msvisual2026\MSBuild\Microsoft\VC\v180\Microsoft.CppBuild.targets(1139,5): warning MSB8027: Dos o m├ís archivos con el mismo nombre de LevelInfoLayer.cpp producir├ín salidas en la misma ubicaci├│n. Esto puede dar lugar a un resultado de compilaci├│n incorrecto. Los archivos implicados son C:\Users\4stro\Desktop\geode\the-coin-guide\build\_deps\bindings-src\bindings\2.2081\inline\LevelInfoLayer.cpp, C:\Users\4stro\Desktop\geode\the-coin-guide\build\bindings\bindings\Geode\source\LevelInfoLayer.cpp. [C:\Users\4stro\Desktop\geode\the-coin-guide\build\bindings\GeodeBindings.vcxproj]
E:\msvisual2026\MSBuild\Microsoft\VC\v180\Microsoft.CppBuild.targets(1139,5): warning MSB8027: Dos o m├ís archivos con el mismo nombre de LevelLeaderboard.cpp producir├ín salidas en la misma ubicaci├│n. Esto puede dar lugar a un resultado de compilaci├│n incorrecto. Los archivos implicados son C:\Users\4stro\Desktop\geode\the-coin-guide\build\_deps\bindings-src\bindings\2.2081\inline\LevelLeaderboard.cpp, C:\Users\4stro\Desktop\geode\the-coin-guide\build\bindings\bindings\Geode\source\LevelLeaderboard.cpp. [C:\Users\4stro\Desktop\geode\the-coin-guide\build\bindings\GeodeBindings.vcxproj]
E:\msvisual2026\MSBuild\Microsoft\VC\v180\Microsoft.CppBuild.targets(1139,5): warning MSB8027: Dos o m├ís archivos con el mismo nombre de LevelListCell.cpp producir├ín salidas en la misma ubicaci├│n. Esto puede dar lugar a un resultado de compilaci├│n incorrecto. Los archivos implicados son C:\Users\4stro\Desktop\geode\the-coin-guide\build\_deps\bindings-src\bindings\2.2081\inline\LevelListCell.cpp, C:\Users\4stro\Desktop\geode\the-coin-guide\build\bindings\bindings\Geode\source\LevelListCell.cpp. [C:\Users\4stro\Desktop\geode\the-coin-guide\build\bindings\GeodeBindings.vcxproj]
E:\msvisual2026\MSBuild\Microsoft\VC\v180\Microsoft.CppBuild.targets(1139,5): warning MSB8027: Dos o m├ís archivos con el mismo nombre de LevelListDeleteDelegate.cpp producir├ín salidas en la misma ubicaci├│n. Esto puede dar lugar a un resultado de compilaci├│n incorrecto. Los archivos implicados son C:\Users\4stro\Desktop\geode\the-coin-guide\build\_deps\bindings-src\bindings\2.2081\inline\LevelListDeleteDelegate.cpp, C:\Users\4stro\Desktop\geode\the-coin-guide\build\bindings\bindings\Geode\source\LevelListDeleteDelegate.cpp. [C:\Users\4stro\Desktop\geode\the-coin-guide\build\bindings\GeodeBindings.vcxproj]
E:\msvisual2026\MSBuild\Microsoft\VC\v180\Microsoft.CppBuild.targets(1139,5): warning MSB8027: Dos o m├ís archivos con el mismo nombre de LevelListLayer.cpp producir├ín salidas en la misma ubicaci├│n. Esto puede dar lugar a un resultado de compilaci├│n incorrecto. Los archivos implicados son C:\Users\4stro\Desktop\geode\the-coin-guide\build\_deps\bindings-src\bindings\2.2081\inline\LevelListLayer.cpp, C:\Users\4stro\Desktop\geode\the-coin-guide\build\bindings\bindings\Geode\source\LevelListLayer.cpp. [C:\Users\4stro\Desktop\geode\the-coin-guide\build\bindings\GeodeBindings.vcxproj]
E:\msvisual2026\MSBuild\Microsoft\VC\v180\Microsoft.CppBuild.targets(1139,5): warning MSB8027: Dos o m├ís archivos con el mismo nombre de LevelManagerDelegate.cpp producir├ín salidas en la misma ubicaci├│n. Esto puede dar lugar a un resultado de compilaci├│n incorrecto. Los archivos implicados son C:\Users\4stro\Desktop\geode\the-coin-guide\build\_deps\bindings-src\bindings\2.2081\inline\LevelManagerDelegate.cpp, C:\Users\4stro\Desktop\geode\the-coin-guide\build\bindings\bindings\Geode\source\LevelManagerDelegate.cpp. [C:\Users\4stro\Desktop\geode\the-coin-guide\build\bindings\GeodeBindings.vcxproj]
E:\msvisual2026\MSBuild\Microsoft\VC\v180\Microsoft.CppBuild.targets(1139,5): warning MSB8027: Dos o m├ís archivos con el mismo nombre de LevelOptionsLayer.cpp producir├ín salidas en la misma ubicaci├│n. Esto puede dar lugar a un resultado de compilaci├│n incorrecto. Los archivos implicados son C:\Users\4stro\Desktop\geode\the-coin-guide\build\_deps\bindings-src\bindings\2.2081\inline\LevelOptionsLayer.cpp, C:\Users\4stro\Desktop\geode\the-coin-guide\build\bindings\bindings\Geode\source\LevelOptionsLayer.cpp. [C:\Users\4stro\Desktop\geode\the-coin-guide\build\bindings\GeodeBindings.vcxproj]
E:\msvisual2026\MSBuild\Microsoft\VC\v180\Microsoft.CppBuild.targets(1139,5): warning MSB8027: Dos o m├ís archivos con el mismo nombre de LevelOptionsLayer2.cpp producir├ín salidas en la misma ubicaci├│n. Esto puede dar lugar a un resultado de compilaci├│n incorrecto. Los archivos implicados son C:\Users\4stro\Desktop\geode\the-coin-guide\build\_deps\bindings-src\bindings\2.2081\inline\LevelOptionsLayer2.cpp, C:\Users\4stro\Desktop\geode\the-coin-guide\build\bindings\bindings\Geode\source\LevelOptionsLayer2.cpp. [C:\Users\4stro\Desktop\geode\the-coin-guide\build\bindings\GeodeBindings.vcxproj]
E:\msvisual2026\MSBuild\Microsoft\VC\v180\Microsoft.CppBuild.targets(1139,5): warning MSB8027: Dos o m├ís archivos con el mismo nombre de LevelPage.cpp producir├ín salidas en la misma ubicaci├│n. Esto puede dar lugar a un resultado de compilaci├│n incorrecto. Los archivos implicados son C:\Users\4stro\Desktop\geode\the-coin-guide\build\_deps\bindings-src\bindings\2.2081\inline\LevelPage.cpp, C:\Users\4stro\Desktop\geode\the-coin-guide\build\bindings\bindings\Geode\source\LevelPage.cpp. [C:\Users\4stro\Desktop\geode\the-coin-guide\build\bindings\GeodeBindings.vcxproj]
E:\msvisual2026\MSBuild\Microsoft\VC\v180\Microsoft.CppBuild.targets(1139,5): warning MSB8027: Dos o m├ís archivos con el mismo nombre de LevelRateInfoDelegate.cpp producir├ín salidas en la misma ubicaci├│n. Esto puede dar lugar a un resultado de compilaci├│n incorrecto. Los archivos implicados son C:\Users\4stro\Desktop\geode\the-coin-guide\build\_deps\bindings-src\bindings\2.2081\inline\LevelRateInfoDelegate.cpp, C:\Users\4stro\Desktop\geode\the-coin-guide\build\bindings\bindings\Geode\source\LevelRateInfoDelegate.cpp. [C:\Users\4stro\Desktop\geode\the-coin-guide\build\bindings\GeodeBindings.vcxproj]
E:\msvisual2026\MSBuild\Microsoft\VC\v180\Microsoft.CppBuild.targets(1139,5): warning MSB8027: Dos o m├ís archivos con el mismo nombre de LevelSearchLayer.cpp producir├ín salidas en la misma ubicaci├│n. Esto puede dar lugar a un resultado de compilaci├│n incorrecto. Los archivos implicados son C:\Users\4stro\Desktop\geode\the-coin-guide\build\_deps\bindings-src\bindings\2.2081\inline\LevelSearchLayer.cpp, C:\Users\4stro\Desktop\geode\the-coin-guide\build\bindings\bindings\Geode\source\LevelSearchLayer.cpp. [C:\Users\4stro\Desktop\geode\the-coin-guide\build\bindings\GeodeBindings.vcxproj]
E:\msvisual2026\MSBuild\Microsoft\VC\v180\Microsoft.CppBuild.targets(1139,5): warning MSB8027: Dos o m├ís archivos con el mismo nombre de LevelSelectLayer.cpp producir├ín salidas en la misma ubicaci├│n. Esto puede dar lugar a un resultado de compilaci├│n incorrecto. Los archivos implicados son C:\Users\4stro\Desktop\geode\the-coin-guide\build\_deps\bindings-src\bindings\2.2081\inline\LevelSelectLayer.cpp, C:\Users\4stro\Desktop\geode\the-coin-guide\build\bindings\bindings\Geode\source\LevelSelectLayer.cpp. [C:\Users\4stro\Desktop\geode\the-coin-guide\build\bindings\GeodeBindings.vcxproj]
E:\msvisual2026\MSBuild\Microsoft\VC\v180\Microsoft.CppBuild.targets(1139,5): warning MSB8027: Dos o m├ís archivos con el mismo nombre de LevelSettingsDelegate.cpp producir├ín salidas en la misma ubicaci├│n. Esto puede dar lugar a un resultado de compilaci├│n incorrecto. Los archivos implicados son C:\Users\4stro\Desktop\geode\the-coin-guide\build\_deps\bindings-src\bindings\2.2081\inline\LevelSettingsDelegate.cpp, C:\Users\4stro\Desktop\geode\the-coin-guide\build\bindings\bindings\Geode\source\LevelSettingsDelegate.cpp. [C:\Users\4stro\Desktop\geode\the-coin-guide\build\bindings\GeodeBindings.vcxproj]
E:\msvisual2026\MSBuild\Microsoft\VC\v180\Microsoft.CppBuild.targets(1139,5): warning MSB8027: Dos o m├ís archivos con el mismo nombre de LevelSettingsLayer.cpp producir├ín salidas en la misma ubicaci├│n. Esto puede dar lugar a un resultado de compilaci├│n incorrecto. Los archivos implicados son C:\Users\4stro\Desktop\geode\the-coin-guide\build\_deps\bindings-src\bindings\2.2081\inline\LevelSettingsLayer.cpp, C:\Users\4stro\Desktop\geode\the-coin-guide\build\bindings\bindings\Geode\source\LevelSettingsLayer.cpp. [C:\Users\4stro\Desktop\geode\the-coin-guide\build\bindings\GeodeBindings.vcxproj]
E:\msvisual2026\MSBuild\Microsoft\VC\v180\Microsoft.CppBuild.targets(1139,5): warning MSB8027: Dos o m├ís archivos con el mismo nombre de LevelSettingsObject.cpp producir├ín salidas en la misma ubicaci├│n. Esto puede dar lugar a un resultado de compilaci├│n incorrecto. Los archivos implicados son C:\Users\4stro\Desktop\geode\the-coin-guide\build\_deps\bindings-src\bindings\2.2081\inline\LevelSettingsObject.cpp, C:\Users\4stro\Desktop\geode\the-coin-guide\build\bindings\bindings\Geode\source\LevelSettingsObject.cpp. [C:\Users\4stro\Desktop\geode\the-coin-guide\build\bindings\GeodeBindings.vcxproj]
E:\msvisual2026\MSBuild\Microsoft\VC\v180\Microsoft.CppBuild.targets(1139,5): warning MSB8027: Dos o m├ís archivos con el mismo nombre de LevelTools.cpp producir├ín salidas en la misma ubicaci├│n. Esto puede dar lugar a un resultado de compilaci├│n incorrecto. Los archivos implicados son C:\Users\4stro\Desktop\geode\the-coin-guide\build\_deps\bindings-src\bindings\2.2081\inline\LevelTools.cpp, C:\Users\4stro\Desktop\geode\the-coin-guide\build\bindings\bindings\Geode\source\LevelTools.cpp. [C:\Users\4stro\Desktop\geode\the-coin-guide\build\bindings\GeodeBindings.vcxproj]
E:\msvisual2026\MSBuild\Microsoft\VC\v180\Microsoft.CppBuild.targets(1139,5): warning MSB8027: Dos o m├ís archivos con el mismo nombre de LevelUpdateDelegate.cpp producir├ín salidas en la misma ubicaci├│n. Esto puede dar lugar a un resultado de compilaci├│n incorrecto. Los archivos implicados son C:\Users\4stro\Desktop\geode\the-coin-guide\build\_deps\bindings-src\bindings\2.2081\inline\LevelUpdateDelegate.cpp, C:\Users\4stro\Desktop\geode\the-coin-guide\build\bindings\bindings\Geode\source\LevelUpdateDelegate.cpp. [C:\Users\4stro\Desktop\geode\the-coin-guide\build\bindings\GeodeBindings.vcxproj]
E:\msvisual2026\MSBuild\Microsoft\VC\v180\Microsoft.CppBuild.targets(1139,5): warning MSB8027: Dos o m├ís archivos con el mismo nombre de LevelUploadDelegate.cpp producir├ín salidas en la misma ubicaci├│n. Esto puede dar lugar a un resultado de compilaci├│n incorrecto. Los archivos implicados son C:\Users\4stro\Desktop\geode\the-coin-guide\build\_deps\bindings-src\bindings\2.2081\inline\LevelUploadDelegate.cpp, C:\Users\4stro\Desktop\geode\the-coin-guide\build\bindings\bindings\Geode\source\LevelUploadDelegate.cpp. [C:\Users\4stro\Desktop\geode\the-coin-guide\build\bindings\GeodeBindings.vcxproj]
E:\msvisual2026\MSBuild\Microsoft\VC\v180\Microsoft.CppBuild.targets(1139,5): warning MSB8027: Dos o m├ís archivos con el mismo nombre de LikeItemDelegate.cpp producir├ín salidas en la misma ubicaci├│n. Esto puede dar lugar a un resultado de compilaci├│n incorrecto. Los archivos implicados son C:\Users\4stro\Desktop\geode\the-coin-guide\build\_deps\bindings-src\bindings\2.2081\inline\LikeItemDelegate.cpp, C:\Users\4stro\Desktop\geode\the-coin-guide\build\bindings\bindings\Geode\source\LikeItemDelegate.cpp. [C:\Users\4stro\Desktop\geode\the-coin-guide\build\bindings\GeodeBindings.vcxproj]
E:\msvisual2026\MSBuild\Microsoft\VC\v180\Microsoft.CppBuild.targets(1139,5): warning MSB8027: Dos o m├ís archivos con el mismo nombre de LikeItemLayer.cpp producir├ín salidas en la misma ubicaci├│n. Esto puede dar lugar a un resultado de compilaci├│n incorrecto. Los archivos implicados son C:\Users\4stro\Desktop\geode\the-coin-guide\build\_deps\bindings-src\bindings\2.2081\inline\LikeItemLayer.cpp, C:\Users\4stro\Desktop\geode\the-coin-guide\build\bindings\bindings\Geode\source\LikeItemLayer.cpp. [C:\Users\4stro\Desktop\geode\the-coin-guide\build\bindings\GeodeBindings.vcxproj]
E:\msvisual2026\MSBuild\Microsoft\VC\v180\Microsoft.CppBuild.targets(1139,5): warning MSB8027: Dos o m├ís archivos con el mismo nombre de ListButtonBar.cpp producir├ín salidas en la misma ubicaci├│n. Esto puede dar lugar a un resultado de compilaci├│n incorrecto. Los archivos implicados son C:\Users\4stro\Desktop\geode\the-coin-guide\build\_deps\bindings-src\bindings\2.2081\inline\ListButtonBar.cpp, C:\Users\4stro\Desktop\geode\the-coin-guide\build\bindings\bindings\Geode\source\ListButtonBar.cpp. [C:\Users\4stro\Desktop\geode\the-coin-guide\build\bindings\GeodeBindings.vcxproj]
E:\msvisual2026\MSBuild\Microsoft\VC\v180\Microsoft.CppBuild.targets(1139,5): warning MSB8027: Dos o m├ís archivos con el mismo nombre de ListButtonBarDelegate.cpp producir├ín salidas en la misma ubicaci├│n. Esto puede dar lugar a un resultado de compilaci├│n incorrecto. Los archivos implicados son C:\Users\4stro\Desktop\geode\the-coin-guide\build\_deps\bindings-src\bindings\2.2081\inline\ListButtonBarDelegate.cpp, C:\Users\4stro\Desktop\geode\the-coin-guide\build\bindings\bindings\Geode\source\ListButtonBarDelegate.cpp. [C:\Users\4stro\Desktop\geode\the-coin-guide\build\bindings\GeodeBindings.vcxproj]
E:\msvisual2026\MSBuild\Microsoft\VC\v180\Microsoft.CppBuild.targets(1139,5): warning MSB8027: Dos o m├ís archivos con el mismo nombre de ListButtonPage.cpp producir├ín salidas en la misma ubicaci├│n. Esto puede dar lugar a un resultado de compilaci├│n incorrecto. Los archivos implicados son C:\Users\4stro\Desktop\geode\the-coin-guide\build\_deps\bindings-src\bindings\2.2081\inline\ListButtonPage.cpp, C:\Users\4stro\Desktop\geode\the-coin-guide\build\bindings\bindings\Geode\source\ListButtonPage.cpp. [C:\Users\4stro\Desktop\geode\the-coin-guide\build\bindings\GeodeBindings.vcxproj]
E:\msvisual2026\MSBuild\Microsoft\VC\v180\Microsoft.CppBuild.targets(1139,5): warning MSB8027: Dos o m├ís archivos con el mismo nombre de ListCell.cpp producir├ín salidas en la misma ubicaci├│n. Esto puede dar lugar a un resultado de compilaci├│n incorrecto. Los archivos implicados son C:\Users\4stro\Desktop\geode\the-coin-guide\build\_deps\bindings-src\bindings\2.2081\inline\ListCell.cpp, C:\Users\4stro\Desktop\geode\the-coin-guide\build\bindings\bindings\Geode\source\ListCell.cpp. [C:\Users\4stro\Desktop\geode\the-coin-guide\build\bindings\GeodeBindings.vcxproj]
E:\msvisual2026\MSBuild\Microsoft\VC\v180\Microsoft.CppBuild.targets(1139,5): warning MSB8027: Dos o m├ís archivos con el mismo nombre de ListUploadDelegate.cpp producir├ín salidas en la misma ubicaci├│n. Esto puede dar lugar a un resultado de compilaci├│n incorrecto. Los archivos implicados son C:\Users\4stro\Desktop\geode\the-coin-guide\build\_deps\bindings-src\bindings\2.2081\inline\ListUploadDelegate.cpp, C:\Users\4stro\Desktop\geode\the-coin-guide\build\bindings\bindings\Geode\source\ListUploadDelegate.cpp. [C:\Users\4stro\Desktop\geode\the-coin-guide\build\bindings\GeodeBindings.vcxproj]
E:\msvisual2026\MSBuild\Microsoft\VC\v180\Microsoft.CppBuild.targets(1139,5): warning MSB8027: Dos o m├ís archivos con el mismo nombre de LoadingCircle.cpp producir├ín salidas en la misma ubicaci├│n. Esto puede dar lugar a un resultado de compilaci├│n incorrecto. Los archivos implicados son C:\Users\4stro\Desktop\geode\the-coin-guide\build\_deps\bindings-src\bindings\2.2081\inline\LoadingCircle.cpp, C:\Users\4stro\Desktop\geode\the-coin-guide\build\bindings\bindings\Geode\source\LoadingCircle.cpp. [C:\Users\4stro\Desktop\geode\the-coin-guide\build\bindings\GeodeBindings.vcxproj]
E:\msvisual2026\MSBuild\Microsoft\VC\v180\Microsoft.CppBuild.targets(1139,5): warning MSB8027: Dos o m├ís archivos con el mismo nombre de LoadingCircleSprite.cpp producir├ín salidas en la misma ubicaci├│n. Esto puede dar lugar a un resultado de compilaci├│n incorrecto. Los archivos implicados son C:\Users\4stro\Desktop\geode\the-coin-guide\build\_deps\bindings-src\bindings\2.2081\inline\LoadingCircleSprite.cpp, C:\Users\4stro\Desktop\geode\the-coin-guide\build\bindings\bindings\Geode\source\LoadingCircleSprite.cpp. [C:\Users\4stro\Desktop\geode\the-coin-guide\build\bindings\GeodeBindings.vcxproj]
E:\msvisual2026\MSBuild\Microsoft\VC\v180\Microsoft.CppBuild.targets(1139,5): warning MSB8027: Dos o m├ís archivos con el mismo nombre de LoadingLayer.cpp producir├ín salidas en la misma ubicaci├│n. Esto puede dar lugar a un resultado de compilaci├│n incorrecto. Los archivos implicados son C:\Users\4stro\Desktop\geode\the-coin-guide\build\_deps\bindings-src\bindings\2.2081\inline\LoadingLayer.cpp, C:\Users\4stro\Desktop\geode\the-coin-guide\build\bindings\bindings\Geode\source\LoadingLayer.cpp. [C:\Users\4stro\Desktop\geode\the-coin-guide\build\bindings\GeodeBindings.vcxproj]
E:\msvisual2026\MSBuild\Microsoft\VC\v180\Microsoft.CppBuild.targets(1139,5): warning MSB8027: Dos o m├ís archivos con el mismo nombre de LocalLevelManager.cpp producir├ín salidas en la misma ubicaci├│n. Esto puede dar lugar a un resultado de compilaci├│n incorrecto. Los archivos implicados son C:\Users\4stro\Desktop\geode\the-coin-guide\build\_deps\bindings-src\bindings\2.2081\inline\LocalLevelManager.cpp, C:\Users\4stro\Desktop\geode\the-coin-guide\build\bindings\bindings\Geode\source\LocalLevelManager.cpp. [C:\Users\4stro\Desktop\geode\the-coin-guide\build\bindings\GeodeBindings.vcxproj]
E:\msvisual2026\MSBuild\Microsoft\VC\v180\Microsoft.CppBuild.targets(1139,5): warning MSB8027: Dos o m├ís archivos con el mismo nombre de MPLobbyLayer.cpp producir├ín salidas en la misma ubicaci├│n. Esto puede dar lugar a un resultado de compilaci├│n incorrecto. Los archivos implicados son C:\Users\4stro\Desktop\geode\the-coin-guide\build\_deps\bindings-src\bindings\2.2081\inline\MPLobbyLayer.cpp, C:\Users\4stro\Desktop\geode\the-coin-guide\build\bindings\bindings\Geode\source\MPLobbyLayer.cpp. [C:\Users\4stro\Desktop\geode\the-coin-guide\build\bindings\GeodeBindings.vcxproj]
E:\msvisual2026\MSBuild\Microsoft\VC\v180\Microsoft.CppBuild.targets(1139,5): warning MSB8027: Dos o m├ís archivos con el mismo nombre de MapPackCell.cpp producir├ín salidas en la misma ubicaci├│n. Esto puede dar lugar a un resultado de compilaci├│n incorrecto. Los archivos implicados son C:\Users\4stro\Desktop\geode\the-coin-guide\build\_deps\bindings-src\bindings\2.2081\inline\MapPackCell.cpp, C:\Users\4stro\Desktop\geode\the-coin-guide\build\bindings\bindings\Geode\source\MapPackCell.cpp. [C:\Users\4stro\Desktop\geode\the-coin-guide\build\bindings\GeodeBindings.vcxproj]
E:\msvisual2026\MSBuild\Microsoft\VC\v180\Microsoft.CppBuild.targets(1139,5): warning MSB8027: Dos o m├ís archivos con el mismo nombre de MapSelectLayer.cpp producir├ín salidas en la misma ubicaci├│n. Esto puede dar lugar a un resultado de compilaci├│n incorrecto. Los archivos implicados son C:\Users\4stro\Desktop\geode\the-coin-guide\build\_deps\bindings-src\bindings\2.2081\inline\MapSelectLayer.cpp, C:\Users\4stro\Desktop\geode\the-coin-guide\build\bindings\bindings\Geode\source\MapSelectLayer.cpp. [C:\Users\4stro\Desktop\geode\the-coin-guide\build\bindings\GeodeBindings.vcxproj]
E:\msvisual2026\MSBuild\Microsoft\VC\v180\Microsoft.CppBuild.targets(1139,5): warning MSB8027: Dos o m├ís archivos con el mismo nombre de MenuGameLayer.cpp producir├ín salidas en la misma ubicaci├│n. Esto puede dar lugar a un resultado de compilaci├│n incorrecto. Los archivos implicados son C:\Users\4stro\Desktop\geode\the-coin-guide\build\_deps\bindings-src\bindings\2.2081\inline\MenuGameLayer.cpp, C:\Users\4stro\Desktop\geode\the-coin-guide\build\bindings\bindings\Geode\source\MenuGameLayer.cpp. [C:\Users\4stro\Desktop\geode\the-coin-guide\build\bindings\GeodeBindings.vcxproj]
E:\msvisual2026\MSBuild\Microsoft\VC\v180\Microsoft.CppBuild.targets(1139,5): warning MSB8027: Dos o m├ís archivos con el mismo nombre de MenuLayer.cpp producir├ín salidas en la misma ubicaci├│n. Esto puede dar lugar a un resultado de compilaci├│n incorrecto. Los archivos implicados son C:\Users\4stro\Desktop\geode\the-coin-guide\build\_deps\bindings-src\bindings\2.2081\inline\MenuLayer.cpp, C:\Users\4stro\Desktop\geode\the-coin-guide\build\bindings\bindings\Geode\source\MenuLayer.cpp. [C:\Users\4stro\Desktop\geode\the-coin-guide\build\bindings\GeodeBindings.vcxproj]
E:\msvisual2026\MSBuild\Microsoft\VC\v180\Microsoft.CppBuild.targets(1139,5): warning MSB8027: Dos o m├ís archivos con el mismo nombre de MessageListDelegate.cpp producir├ín salidas en la misma ubicaci├│n. Esto puede dar lugar a un resultado de compilaci├│n incorrecto. Los archivos implicados son C:\Users\4stro\Desktop\geode\the-coin-guide\build\_deps\bindings-src\bindings\2.2081\inline\MessageListDelegate.cpp, C:\Users\4stro\Desktop\geode\the-coin-guide\build\bindings\bindings\Geode\source\MessageListDelegate.cpp. [C:\Users\4stro\Desktop\geode\the-coin-guide\build\bindings\GeodeBindings.vcxproj]
E:\msvisual2026\MSBuild\Microsoft\VC\v180\Microsoft.CppBuild.targets(1139,5): warning MSB8027: Dos o m├ís archivos con el mismo nombre de MessagesProfilePage.cpp producir├ín salidas en la misma ubicaci├│n. Esto puede dar lugar a un resultado de compilaci├│n incorrecto. Los archivos implicados son C:\Users\4stro\Desktop\geode\the-coin-guide\build\_deps\bindings-src\bindings\2.2081\inline\MessagesProfilePage.cpp, C:\Users\4stro\Desktop\geode\the-coin-guide\build\bindings\bindings\Geode\source\MessagesProfilePage.cpp. [C:\Users\4stro\Desktop\geode\the-coin-guide\build\bindings\GeodeBindings.vcxproj]
E:\msvisual2026\MSBuild\Microsoft\VC\v180\Microsoft.CppBuild.targets(1139,5): warning MSB8027: Dos o m├ís archivos con el mismo nombre de MoreOptionsLayer.cpp producir├ín salidas en la misma ubicaci├│n. Esto puede dar lugar a un resultado de compilaci├│n incorrecto. Los archivos implicados son C:\Users\4stro\Desktop\geode\the-coin-guide\build\_deps\bindings-src\bindings\2.2081\inline\MoreOptionsLayer.cpp, C:\Users\4stro\Desktop\geode\the-coin-guide\build\bindings\bindings\Geode\source\MoreOptionsLayer.cpp. [C:\Users\4stro\Desktop\geode\the-coin-guide\build\bindings\GeodeBindings.vcxproj]
E:\msvisual2026\MSBuild\Microsoft\VC\v180\Microsoft.CppBuild.targets(1139,5): warning MSB8027: Dos o m├ís archivos con el mismo nombre de MoreSearchLayer.cpp producir├ín salidas en la misma ubicaci├│n. Esto puede dar lugar a un resultado de compilaci├│n incorrecto. Los archivos implicados son C:\Users\4stro\Desktop\geode\the-coin-guide\build\_deps\bindings-src\bindings\2.2081\inline\MoreSearchLayer.cpp, C:\Users\4stro\Desktop\geode\the-coin-guide\build\bindings\bindings\Geode\source\MoreSearchLayer.cpp. [C:\Users\4stro\Desktop\geode\the-coin-guide\build\bindings\GeodeBindings.vcxproj]
E:\msvisual2026\MSBuild\Microsoft\VC\v180\Microsoft.CppBuild.targets(1139,5): warning MSB8027: Dos o m├ís archivos con el mismo nombre de MoreVideoOptionsLayer.cpp producir├ín salidas en la misma ubicaci├│n. Esto puede dar lugar a un resultado de compilaci├│n incorrecto. Los archivos implicados son C:\Users\4stro\Desktop\geode\the-coin-guide\build\_deps\bindings-src\bindings\2.2081\inline\MoreVideoOptionsLayer.cpp, C:\Users\4stro\Desktop\geode\the-coin-guide\build\bindings\bindings\Geode\source\MoreVideoOptionsLayer.cpp. [C:\Users\4stro\Desktop\geode\the-coin-guide\build\bindings\GeodeBindings.vcxproj]
E:\msvisual2026\MSBuild\Microsoft\VC\v180\Microsoft.CppBuild.targets(1139,5): warning MSB8027: Dos o m├ís archivos con el mismo nombre de MultiTriggerPopup.cpp producir├ín salidas en la misma ubicaci├│n. Esto puede dar lugar a un resultado de compilaci├│n incorrecto. Los archivos implicados son C:\Users\4stro\Desktop\geode\the-coin-guide\build\_deps\bindings-src\bindings\2.2081\inline\MultiTriggerPopup.cpp, C:\Users\4stro\Desktop\geode\the-coin-guide\build\bindings\bindings\Geode\source\MultiTriggerPopup.cpp. [C:\Users\4stro\Desktop\geode\the-coin-guide\build\bindings\GeodeBindings.vcxproj]
E:\msvisual2026\MSBuild\Microsoft\VC\v180\Microsoft.CppBuild.targets(1139,5): warning MSB8027: Dos o m├ís archivos con el mismo nombre de MultilineBitmapFont.cpp producir├ín salidas en la misma ubicaci├│n. Esto puede dar lugar a un resultado de compilaci├│n incorrecto. Los archivos implicados son C:\Users\4stro\Desktop\geode\the-coin-guide\build\_deps\bindings-src\bindings\2.2081\inline\MultilineBitmapFont.cpp, C:\Users\4stro\Desktop\geode\the-coin-guide\build\bindings\bindings\Geode\source\MultilineBitmapFont.cpp. [C:\Users\4stro\Desktop\geode\the-coin-guide\build\bindings\GeodeBindings.vcxproj]
E:\msvisual2026\MSBuild\Microsoft\VC\v180\Microsoft.CppBuild.targets(1139,5): warning MSB8027: Dos o m├ís archivos con el mismo nombre de MultiplayerLayer.cpp producir├ín salidas en la misma ubicaci├│n. Esto puede dar lugar a un resultado de compilaci├│n incorrecto. Los archivos implicados son C:\Users\4stro\Desktop\geode\the-coin-guide\build\_deps\bindings-src\bindings\2.2081\inline\MultiplayerLayer.cpp, C:\Users\4stro\Desktop\geode\the-coin-guide\build\bindings\bindings\Geode\source\MultiplayerLayer.cpp. [C:\Users\4stro\Desktop\geode\the-coin-guide\build\bindings\GeodeBindings.vcxproj]
E:\msvisual2026\MSBuild\Microsoft\VC\v180\Microsoft.CppBuild.targets(1139,5): warning MSB8027: Dos o m├ís archivos con el mismo nombre de MusicArtistObject.cpp producir├ín salidas en la misma ubicaci├│n. Esto puede dar lugar a un resultado de compilaci├│n incorrecto. Los archivos implicados son C:\Users\4stro\Desktop\geode\the-coin-guide\build\_deps\bindings-src\bindings\2.2081\inline\MusicArtistObject.cpp, C:\Users\4stro\Desktop\geode\the-coin-guide\build\bindings\bindings\Geode\source\MusicArtistObject.cpp. [C:\Users\4stro\Desktop\geode\the-coin-guide\build\bindings\GeodeBindings.vcxproj]
E:\msvisual2026\MSBuild\Microsoft\VC\v180\Microsoft.CppBuild.targets(1139,5): warning MSB8027: Dos o m├ís archivos con el mismo nombre de MusicBrowser.cpp producir├ín salidas en la misma ubicaci├│n. Esto puede dar lugar a un resultado de compilaci├│n incorrecto. Los archivos implicados son C:\Users\4stro\Desktop\geode\the-coin-guide\build\_deps\bindings-src\bindings\2.2081\inline\MusicBrowser.cpp, C:\Users\4stro\Desktop\geode\the-coin-guide\build\bindings\bindings\Geode\source\MusicBrowser.cpp. [C:\Users\4stro\Desktop\geode\the-coin-guide\build\bindings\GeodeBindings.vcxproj]
E:\msvisual2026\MSBuild\Microsoft\VC\v180\Microsoft.CppBuild.targets(1139,5): warning MSB8027: Dos o m├ís archivos con el mismo nombre de MusicBrowserDelegate.cpp producir├ín salidas en la misma ubicaci├│n. Esto puede dar lugar a un resultado de compilaci├│n incorrecto. Los archivos implicados son C:\Users\4stro\Desktop\geode\the-coin-guide\build\_deps\bindings-src\bindings\2.2081\inline\MusicBrowserDelegate.cpp, C:\Users\4stro\Desktop\geode\the-coin-guide\build\bindings\bindings\Geode\source\MusicBrowserDelegate.cpp. [C:\Users\4stro\Desktop\geode\the-coin-guide\build\bindings\GeodeBindings.vcxproj]
E:\msvisual2026\MSBuild\Microsoft\VC\v180\Microsoft.CppBuild.targets(1139,5): warning MSB8027: Dos o m├ís archivos con el mismo nombre de MusicDelegateHandler.cpp producir├ín salidas en la misma ubicaci├│n. Esto puede dar lugar a un resultado de compilaci├│n incorrecto. Los archivos implicados son C:\Users\4stro\Desktop\geode\the-coin-guide\build\_deps\bindings-src\bindings\2.2081\inline\MusicDelegateHandler.cpp, C:\Users\4stro\Desktop\geode\the-coin-guide\build\bindings\bindings\Geode\source\MusicDelegateHandler.cpp. [C:\Users\4stro\Desktop\geode\the-coin-guide\build\bindings\GeodeBindings.vcxproj]
E:\msvisual2026\MSBuild\Microsoft\VC\v180\Microsoft.CppBuild.targets(1139,5): warning MSB8027: Dos o m├ís archivos con el mismo nombre de MusicDownloadDelegate.cpp producir├ín salidas en la misma ubicaci├│n. Esto puede dar lugar a un resultado de compilaci├│n incorrecto. Los archivos implicados son C:\Users\4stro\Desktop\geode\the-coin-guide\build\_deps\bindings-src\bindings\2.2081\inline\MusicDownloadDelegate.cpp, C:\Users\4stro\Desktop\geode\the-coin-guide\build\bindings\bindings\Geode\source\MusicDownloadDelegate.cpp. [C:\Users\4stro\Desktop\geode\the-coin-guide\build\bindings\GeodeBindings.vcxproj]
E:\msvisual2026\MSBuild\Microsoft\VC\v180\Microsoft.CppBuild.targets(1139,5): warning MSB8027: Dos o m├ís archivos con el mismo nombre de MusicDownloadManager.cpp producir├ín salidas en la misma ubicaci├│n. Esto puede dar lugar a un resultado de compilaci├│n incorrecto. Los archivos implicados son C:\Users\4stro\Desktop\geode\the-coin-guide\build\_deps\bindings-src\bindings\2.2081\inline\MusicDownloadManager.cpp, C:\Users\4stro\Desktop\geode\the-coin-guide\build\bindings\bindings\Geode\source\MusicDownloadManager.cpp. [C:\Users\4stro\Desktop\geode\the-coin-guide\build\bindings\GeodeBindings.vcxproj]
E:\msvisual2026\MSBuild\Microsoft\VC\v180\Microsoft.CppBuild.targets(1139,5): warning MSB8027: Dos o m├ís archivos con el mismo nombre de MusicSearchResult.cpp producir├ín salidas en la misma ubicaci├│n. Esto puede dar lugar a un resultado de compilaci├│n incorrecto. Los archivos implicados son C:\Users\4stro\Desktop\geode\the-coin-guide\build\_deps\bindings-src\bindings\2.2081\inline\MusicSearchResult.cpp, C:\Users\4stro\Desktop\geode\the-coin-guide\build\bindings\bindings\Geode\source\MusicSearchResult.cpp. [C:\Users\4stro\Desktop\geode\the-coin-guide\build\bindings\GeodeBindings.vcxproj]
E:\msvisual2026\MSBuild\Microsoft\VC\v180\Microsoft.CppBuild.targets(1139,5): warning MSB8027: Dos o m├ís archivos con el mismo nombre de NCSInfoLayer.cpp producir├ín salidas en la misma ubicaci├│n. Esto puede dar lugar a un resultado de compilaci├│n incorrecto. Los archivos implicados son C:\Users\4stro\Desktop\geode\the-coin-guide\build\_deps\bindings-src\bindings\2.2081\inline\NCSInfoLayer.cpp, C:\Users\4stro\Desktop\geode\the-coin-guide\build\bindings\bindings\Geode\source\NCSInfoLayer.cpp. [C:\Users\4stro\Desktop\geode\the-coin-guide\build\bindings\GeodeBindings.vcxproj]
E:\msvisual2026\MSBuild\Microsoft\VC\v180\Microsoft.CppBuild.targets(1139,5): warning MSB8027: Dos o m├ís archivos con el mismo nombre de NewgroundsInfoLayer.cpp producir├ín salidas en la misma ubicaci├│n. Esto puede dar lugar a un resultado de compilaci├│n incorrecto. Los archivos implicados son C:\Users\4stro\Desktop\geode\the-coin-guide\build\_deps\bindings-src\bindings\2.2081\inline\NewgroundsInfoLayer.cpp, C:\Users\4stro\Desktop\geode\the-coin-guide\build\bindings\bindings\Geode\source\NewgroundsInfoLayer.cpp. [C:\Users\4stro\Desktop\geode\the-coin-guide\build\bindings\GeodeBindings.vcxproj]
E:\msvisual2026\MSBuild\Microsoft\VC\v180\Microsoft.CppBuild.targets(1139,5): warning MSB8027: Dos o m├ís archivos con el mismo nombre de NodePoint.cpp producir├ín salidas en la misma ubicaci├│n. Esto puede dar lugar a un resultado de compilaci├│n incorrecto. Los archivos implicados son C:\Users\4stro\Desktop\geode\the-coin-guide\build\_deps\bindings-src\bindings\2.2081\inline\NodePoint.cpp, C:\Users\4stro\Desktop\geode\the-coin-guide\build\bindings\bindings\Geode\source\NodePoint.cpp. [C:\Users\4stro\Desktop\geode\the-coin-guide\build\bindings\GeodeBindings.vcxproj]
E:\msvisual2026\MSBuild\Microsoft\VC\v180\Microsoft.CppBuild.targets(1139,5): warning MSB8027: Dos o m├ís archivos con el mismo nombre de NumberInputDelegate.cpp producir├ín salidas en la misma ubicaci├│n. Esto puede dar lugar a un resultado de compilaci├│n incorrecto. Los archivos implicados son C:\Users\4stro\Desktop\geode\the-coin-guide\build\_deps\bindings-src\bindings\2.2081\inline\NumberInputDelegate.cpp, C:\Users\4stro\Desktop\geode\the-coin-guide\build\bindings\bindings\Geode\source\NumberInputDelegate.cpp. [C:\Users\4stro\Desktop\geode\the-coin-guide\build\bindings\GeodeBindings.vcxproj]
E:\msvisual2026\MSBuild\Microsoft\VC\v180\Microsoft.CppBuild.targets(1139,5): warning MSB8027: Dos o m├ís archivos con el mismo nombre de NumberInputLayer.cpp producir├ín salidas en la misma ubicaci├│n. Esto puede dar lugar a un resultado de compilaci├│n incorrecto. Los archivos implicados son C:\Users\4stro\Desktop\geode\the-coin-guide\build\_deps\bindings-src\bindings\2.2081\inline\NumberInputLayer.cpp, C:\Users\4stro\Desktop\geode\the-coin-guide\build\bindings\bindings\Geode\source\NumberInputLayer.cpp. [C:\Users\4stro\Desktop\geode\the-coin-guide\build\bindings\GeodeBindings.vcxproj]
E:\msvisual2026\MSBuild\Microsoft\VC\v180\Microsoft.CppBuild.targets(1139,5): warning MSB8027: Dos o m├ís archivos con el mismo nombre de OBB2D.cpp producir├ín salidas en la misma ubicaci├│n. Esto puede dar lugar a un resultado de compilaci├│n incorrecto. Los archivos implicados son C:\Users\4stro\Desktop\geode\the-coin-guide\build\_deps\bindings-src\bindings\2.2081\inline\OBB2D.cpp, C:\Users\4stro\Desktop\geode\the-coin-guide\build\bindings\bindings\Geode\source\OBB2D.cpp. [C:\Users\4stro\Desktop\geode\the-coin-guide\build\bindings\GeodeBindings.vcxproj]
E:\msvisual2026\MSBuild\Microsoft\VC\v180\Microsoft.CppBuild.targets(1139,5): warning MSB8027: Dos o m├ís archivos con el mismo nombre de ObjectControlGameObject.cpp producir├ín salidas en la misma ubicaci├│n. Esto puede dar lugar a un resultado de compilaci├│n incorrecto. Los archivos implicados son C:\Users\4stro\Desktop\geode\the-coin-guide\build\_deps\bindings-src\bindings\2.2081\inline\ObjectControlGameObject.cpp, C:\Users\4stro\Desktop\geode\the-coin-guide\build\bindings\bindings\Geode\source\ObjectControlGameObject.cpp. [C:\Users\4stro\Desktop\geode\the-coin-guide\build\bindings\GeodeBindings.vcxproj]
E:\msvisual2026\MSBuild\Microsoft\VC\v180\Microsoft.CppBuild.targets(1139,5): warning MSB8027: Dos o m├ís archivos con el mismo nombre de ObjectDecoder.cpp producir├ín salidas en la misma ubicaci├│n. Esto puede dar lugar a un resultado de compilaci├│n incorrecto. Los archivos implicados son C:\Users\4stro\Desktop\geode\the-coin-guide\build\_deps\bindings-src\bindings\2.2081\inline\ObjectDecoder.cpp, C:\Users\4stro\Desktop\geode\the-coin-guide\build\bindings\bindings\Geode\source\ObjectDecoder.cpp. [C:\Users\4stro\Desktop\geode\the-coin-guide\build\bindings\GeodeBindings.vcxproj]
E:\msvisual2026\MSBuild\Microsoft\VC\v180\Microsoft.CppBuild.targets(1139,5): warning MSB8027: Dos o m├ís archivos con el mismo nombre de ObjectManager.cpp producir├ín salidas en la misma ubicaci├│n. Esto puede dar lugar a un resultado de compilaci├│n incorrecto. Los archivos implicados son C:\Users\4stro\Desktop\geode\the-coin-guide\build\_deps\bindings-src\bindings\2.2081\inline\ObjectManager.cpp, C:\Users\4stro\Desktop\geode\the-coin-guide\build\bindings\bindings\Geode\source\ObjectManager.cpp. [C:\Users\4stro\Desktop\geode\the-coin-guide\build\bindings\GeodeBindings.vcxproj]
E:\msvisual2026\MSBuild\Microsoft\VC\v180\Microsoft.CppBuild.targets(1139,5): warning MSB8027: Dos o m├ís archivos con el mismo nombre de ObjectToolbox.cpp producir├ín salidas en la misma ubicaci├│n. Esto puede dar lugar a un resultado de compilaci├│n incorrecto. Los archivos implicados son C:\Users\4stro\Desktop\geode\the-coin-guide\build\_deps\bindings-src\bindings\2.2081\inline\ObjectToolbox.cpp, C:\Users\4stro\Desktop\geode\the-coin-guide\build\bindings\bindings\Geode\source\ObjectToolbox.cpp. [C:\Users\4stro\Desktop\geode\the-coin-guide\build\bindings\GeodeBindings.vcxproj]
E:\msvisual2026\MSBuild\Microsoft\VC\v180\Microsoft.CppBuild.targets(1139,5): warning MSB8027: Dos o m├ís archivos con el mismo nombre de OnlineListDelegate.cpp producir├ín salidas en la misma ubicaci├│n. Esto puede dar lugar a un resultado de compilaci├│n incorrecto. Los archivos implicados son C:\Users\4stro\Desktop\geode\the-coin-guide\build\_deps\bindings-src\bindings\2.2081\inline\OnlineListDelegate.cpp, C:\Users\4stro\Desktop\geode\the-coin-guide\build\bindings\bindings\Geode\source\OnlineListDelegate.cpp. [C:\Users\4stro\Desktop\geode\the-coin-guide\build\bindings\GeodeBindings.vcxproj]
E:\msvisual2026\MSBuild\Microsoft\VC\v180\Microsoft.CppBuild.targets(1139,5): warning MSB8027: Dos o m├ís archivos con el mismo nombre de OpacityEffectAction.cpp producir├ín salidas en la misma ubicaci├│n. Esto puede dar lugar a un resultado de compilaci├│n incorrecto. Los archivos implicados son C:\Users\4stro\Desktop\geode\the-coin-guide\build\_deps\bindings-src\bindings\2.2081\inline\OpacityEffectAction.cpp, C:\Users\4stro\Desktop\geode\the-coin-guide\build\bindings\bindings\Geode\source\OpacityEffectAction.cpp. [C:\Users\4stro\Desktop\geode\the-coin-guide\build\bindings\GeodeBindings.vcxproj]
E:\msvisual2026\MSBuild\Microsoft\VC\v180\Microsoft.CppBuild.targets(1139,5): warning MSB8027: Dos o m├ís archivos con el mismo nombre de OptionsCell.cpp producir├ín salidas en la misma ubicaci├│n. Esto puede dar lugar a un resultado de compilaci├│n incorrecto. Los archivos implicados son C:\Users\4stro\Desktop\geode\the-coin-guide\build\_deps\bindings-src\bindings\2.2081\inline\OptionsCell.cpp, C:\Users\4stro\Desktop\geode\the-coin-guide\build\bindings\bindings\Geode\source\OptionsCell.cpp. [C:\Users\4stro\Desktop\geode\the-coin-guide\build\bindings\GeodeBindings.vcxproj]
E:\msvisual2026\MSBuild\Microsoft\VC\v180\Microsoft.CppBuild.targets(1139,5): warning MSB8027: Dos o m├ís archivos con el mismo nombre de OptionsLayer.cpp producir├ín salidas en la misma ubicaci├│n. Esto puede dar lugar a un resultado de compilaci├│n incorrecto. Los archivos implicados son C:\Users\4stro\Desktop\geode\the-coin-guide\build\_deps\bindings-src\bindings\2.2081\inline\OptionsLayer.cpp, C:\Users\4stro\Desktop\geode\the-coin-guide\build\bindings\bindings\Geode\source\OptionsLayer.cpp. [C:\Users\4stro\Desktop\geode\the-coin-guide\build\bindings\GeodeBindings.vcxproj]
E:\msvisual2026\MSBuild\Microsoft\VC\v180\Microsoft.CppBuild.targets(1139,5): warning MSB8027: Dos o m├ís archivos con el mismo nombre de OptionsObject.cpp producir├ín salidas en la misma ubicaci├│n. Esto puede dar lugar a un resultado de compilaci├│n incorrecto. Los archivos implicados son C:\Users\4stro\Desktop\geode\the-coin-guide\build\_deps\bindings-src\bindings\2.2081\inline\OptionsObject.cpp, C:\Users\4stro\Desktop\geode\the-coin-guide\build\bindings\bindings\Geode\source\OptionsObject.cpp. [C:\Users\4stro\Desktop\geode\the-coin-guide\build\bindings\GeodeBindings.vcxproj]
E:\msvisual2026\MSBuild\Microsoft\VC\v180\Microsoft.CppBuild.targets(1139,5): warning MSB8027: Dos o m├ís archivos con el mismo nombre de OptionsObjectDelegate.cpp producir├ín salidas en la misma ubicaci├│n. Esto puede dar lugar a un resultado de compilaci├│n incorrecto. Los archivos implicados son C:\Users\4stro\Desktop\geode\the-coin-guide\build\_deps\bindings-src\bindings\2.2081\inline\OptionsObjectDelegate.cpp, C:\Users\4stro\Desktop\geode\the-coin-guide\build\bindings\bindings\Geode\source\OptionsObjectDelegate.cpp. [C:\Users\4stro\Desktop\geode\the-coin-guide\build\bindings\GeodeBindings.vcxproj]
E:\msvisual2026\MSBuild\Microsoft\VC\v180\Microsoft.CppBuild.targets(1139,5): warning MSB8027: Dos o m├ís archivos con el mismo nombre de OptionsScrollLayer.cpp producir├ín salidas en la misma ubicaci├│n. Esto puede dar lugar a un resultado de compilaci├│n incorrecto. Los archivos implicados son C:\Users\4stro\Desktop\geode\the-coin-guide\build\_deps\bindings-src\bindings\2.2081\inline\OptionsScrollLayer.cpp, C:\Users\4stro\Desktop\geode\the-coin-guide\build\bindings\bindings\Geode\source\OptionsScrollLayer.cpp. [C:\Users\4stro\Desktop\geode\the-coin-guide\build\bindings\GeodeBindings.vcxproj]
E:\msvisual2026\MSBuild\Microsoft\VC\v180\Microsoft.CppBuild.targets(1139,5): warning MSB8027: Dos o m├ís archivos con el mismo nombre de ParentalOptionsLayer.cpp producir├ín salidas en la misma ubicaci├│n. Esto puede dar lugar a un resultado de compilaci├│n incorrecto. Los archivos implicados son C:\Users\4stro\Desktop\geode\the-coin-guide\build\_deps\bindings-src\bindings\2.2081\inline\ParentalOptionsLayer.cpp, C:\Users\4stro\Desktop\geode\the-coin-guide\build\bindings\bindings\Geode\source\ParentalOptionsLayer.cpp. [C:\Users\4stro\Desktop\geode\the-coin-guide\build\bindings\GeodeBindings.vcxproj]
E:\msvisual2026\MSBuild\Microsoft\VC\v180\Microsoft.CppBuild.targets(1139,5): warning MSB8027: Dos o m├ís archivos con el mismo nombre de ParticleGameObject.cpp producir├ín salidas en la misma ubicaci├│n. Esto puede dar lugar a un resultado de compilaci├│n incorrecto. Los archivos implicados son C:\Users\4stro\Desktop\geode\the-coin-guide\build\_deps\bindings-src\bindings\2.2081\inline\ParticleGameObject.cpp, C:\Users\4stro\Desktop\geode\the-coin-guide\build\bindings\bindings\Geode\source\ParticleGameObject.cpp. [C:\Users\4stro\Desktop\geode\the-coin-guide\build\bindings\GeodeBindings.vcxproj]
E:\msvisual2026\MSBuild\Microsoft\VC\v180\Microsoft.CppBuild.targets(1139,5): warning MSB8027: Dos o m├ís archivos con el mismo nombre de ParticlePreviewLayer.cpp producir├ín salidas en la misma ubicaci├│n. Esto puede dar lugar a un resultado de compilaci├│n incorrecto. Los archivos implicados son C:\Users\4stro\Desktop\geode\the-coin-guide\build\_deps\bindings-src\bindings\2.2081\inline\ParticlePreviewLayer.cpp, C:\Users\4stro\Desktop\geode\the-coin-guide\build\bindings\bindings\Geode\source\ParticlePreviewLayer.cpp. [C:\Users\4stro\Desktop\geode\the-coin-guide\build\bindings\GeodeBindings.vcxproj]
E:\msvisual2026\MSBuild\Microsoft\VC\v180\Microsoft.CppBuild.targets(1139,5): warning MSB8027: Dos o m├ís archivos con el mismo nombre de PauseLayer.cpp producir├ín salidas en la misma ubicaci├│n. Esto puede dar lugar a un resultado de compilaci├│n incorrecto. Los archivos implicados son C:\Users\4stro\Desktop\geode\the-coin-guide\build\_deps\bindings-src\bindings\2.2081\inline\PauseLayer.cpp, C:\Users\4stro\Desktop\geode\the-coin-guide\build\bindings\bindings\Geode\source\PauseLayer.cpp. [C:\Users\4stro\Desktop\geode\the-coin-guide\build\bindings\GeodeBindings.vcxproj]
E:\msvisual2026\MSBuild\Microsoft\VC\v180\Microsoft.CppBuild.targets(1139,5): warning MSB8027: Dos o m├ís archivos con el mismo nombre de PlatformDownloadDelegate.cpp producir├ín salidas en la misma ubicaci├│n. Esto puede dar lugar a un resultado de compilaci├│n incorrecto. Los archivos implicados son C:\Users\4stro\Desktop\geode\the-coin-guide\build\_deps\bindings-src\bindings\2.2081\inline\PlatformDownloadDelegate.cpp, C:\Users\4stro\Desktop\geode\the-coin-guide\build\bindings\bindings\Geode\source\PlatformDownloadDelegate.cpp. [C:\Users\4stro\Desktop\geode\the-coin-guide\build\bindings\GeodeBindings.vcxproj]
E:\msvisual2026\MSBuild\Microsoft\VC\v180\Microsoft.CppBuild.targets(1139,5): warning MSB8027: Dos o m├ís archivos con el mismo nombre de PlatformToolbox.cpp producir├ín salidas en la misma ubicaci├│n. Esto puede dar lugar a un resultado de compilaci├│n incorrecto. Los archivos implicados son C:\Users\4stro\Desktop\geode\the-coin-guide\build\_deps\bindings-src\bindings\2.2081\inline\PlatformToolbox.cpp, C:\Users\4stro\Desktop\geode\the-coin-guide\build\bindings\bindings\Geode\source\PlatformToolbox.cpp. [C:\Users\4stro\Desktop\geode\the-coin-guide\build\bindings\GeodeBindings.vcxproj]
E:\msvisual2026\MSBuild\Microsoft\VC\v180\Microsoft.CppBuild.targets(1139,5): warning MSB8027: Dos o m├ís archivos con el mismo nombre de PlayLayer.cpp producir├ín salidas en la misma ubicaci├│n. Esto puede dar lugar a un resultado de compilaci├│n incorrecto. Los archivos implicados son C:\Users\4stro\Desktop\geode\the-coin-guide\build\_deps\bindings-src\bindings\2.2081\inline\PlayLayer.cpp, C:\Users\4stro\Desktop\geode\the-coin-guide\build\bindings\bindings\Geode\source\PlayLayer.cpp. [C:\Users\4stro\Desktop\geode\the-coin-guide\build\bindings\GeodeBindings.vcxproj]
E:\msvisual2026\MSBuild\Microsoft\VC\v180\Microsoft.CppBuild.targets(1139,5): warning MSB8027: Dos o m├ís archivos con el mismo nombre de PlayerButtonCommand.cpp producir├ín salidas en la misma ubicaci├│n. Esto puede dar lugar a un resultado de compilaci├│n incorrecto. Los archivos implicados son C:\Users\4stro\Desktop\geode\the-coin-guide\build\_deps\bindings-src\bindings\2.2081\inline\PlayerButtonCommand.cpp, C:\Users\4stro\Desktop\geode\the-coin-guide\build\bindings\bindings\Geode\source\PlayerButtonCommand.cpp. [C:\Users\4stro\Desktop\geode\the-coin-guide\build\bindings\GeodeBindings.vcxproj]
E:\msvisual2026\MSBuild\Microsoft\VC\v180\Microsoft.CppBuild.targets(1139,5): warning MSB8027: Dos o m├ís archivos con el mismo nombre de PlayerCheckpoint.cpp producir├ín salidas en la misma ubicaci├│n. Esto puede dar lugar a un resultado de compilaci├│n incorrecto. Los archivos implicados son C:\Users\4stro\Desktop\geode\the-coin-guide\build\_deps\bindings-src\bindings\2.2081\inline\PlayerCheckpoint.cpp, C:\Users\4stro\Desktop\geode\the-coin-guide\build\bindings\bindings\Geode\source\PlayerCheckpoint.cpp. [C:\Users\4stro\Desktop\geode\the-coin-guide\build\bindings\GeodeBindings.vcxproj]
E:\msvisual2026\MSBuild\Microsoft\VC\v180\Microsoft.CppBuild.targets(1139,5): warning MSB8027: Dos o m├ís archivos con el mismo nombre de PlayerControlGameObject.cpp producir├ín salidas en la misma ubicaci├│n. Esto puede dar lugar a un resultado de compilaci├│n incorrecto. Los archivos implicados son C:\Users\4stro\Desktop\geode\the-coin-guide\build\_deps\bindings-src\bindings\2.2081\inline\PlayerControlGameObject.cpp, C:\Users\4stro\Desktop\geode\the-coin-guide\build\bindings\bindings\Geode\source\PlayerControlGameObject.cpp. [C:\Users\4stro\Desktop\geode\the-coin-guide\build\bindings\GeodeBindings.vcxproj]
E:\msvisual2026\MSBuild\Microsoft\VC\v180\Microsoft.CppBuild.targets(1139,5): warning MSB8027: Dos o m├ís archivos con el mismo nombre de PlayerFireBoostSprite.cpp producir├ín salidas en la misma ubicaci├│n. Esto puede dar lugar a un resultado de compilaci├│n incorrecto. Los archivos implicados son C:\Users\4stro\Desktop\geode\the-coin-guide\build\_deps\bindings-src\bindings\2.2081\inline\PlayerFireBoostSprite.cpp, C:\Users\4stro\Desktop\geode\the-coin-guide\build\bindings\bindings\Geode\source\PlayerFireBoostSprite.cpp. [C:\Users\4stro\Desktop\geode\the-coin-guide\build\bindings\GeodeBindings.vcxproj]
E:\msvisual2026\MSBuild\Microsoft\VC\v180\Microsoft.CppBuild.targets(1139,5): warning MSB8027: Dos o m├ís archivos con el mismo nombre de PlayerObject.cpp producir├ín salidas en la misma ubicaci├│n. Esto puede dar lugar a un resultado de compilaci├│n incorrecto. Los archivos implicados son C:\Users\4stro\Desktop\geode\the-coin-guide\build\_deps\bindings-src\bindings\2.2081\inline\PlayerObject.cpp, C:\Users\4stro\Desktop\geode\the-coin-guide\build\bindings\bindings\Geode\source\PlayerObject.cpp. [C:\Users\4stro\Desktop\geode\the-coin-guide\build\bindings\GeodeBindings.vcxproj]
E:\msvisual2026\MSBuild\Microsoft\VC\v180\Microsoft.CppBuild.targets(1139,5): warning MSB8027: Dos o m├ís archivos con el mismo nombre de PointNode.cpp producir├ín salidas en la misma ubicaci├│n. Esto puede dar lugar a un resultado de compilaci├│n incorrecto. Los archivos implicados son C:\Users\4stro\Desktop\geode\the-coin-guide\build\_deps\bindings-src\bindings\2.2081\inline\PointNode.cpp, C:\Users\4stro\Desktop\geode\the-coin-guide\build\bindings\bindings\Geode\source\PointNode.cpp. [C:\Users\4stro\Desktop\geode\the-coin-guide\build\bindings\GeodeBindings.vcxproj]
E:\msvisual2026\MSBuild\Microsoft\VC\v180\Microsoft.CppBuild.targets(1139,5): warning MSB8027: Dos o m├ís archivos con el mismo nombre de PriceLabel.cpp producir├ín salidas en la misma ubicaci├│n. Esto puede dar lugar a un resultado de compilaci├│n incorrecto. Los archivos implicados son C:\Users\4stro\Desktop\geode\the-coin-guide\build\_deps\bindings-src\bindings\2.2081\inline\PriceLabel.cpp, C:\Users\4stro\Desktop\geode\the-coin-guide\build\bindings\bindings\Geode\source\PriceLabel.cpp. [C:\Users\4stro\Desktop\geode\the-coin-guide\build\bindings\GeodeBindings.vcxproj]
E:\msvisual2026\MSBuild\Microsoft\VC\v180\Microsoft.CppBuild.targets(1139,5): warning MSB8027: Dos o m├ís archivos con el mismo nombre de ProfilePage.cpp producir├ín salidas en la misma ubicaci├│n. Esto puede dar lugar a un resultado de compilaci├│n incorrecto. Los archivos implicados son C:\Users\4stro\Desktop\geode\the-coin-guide\build\_deps\bindings-src\bindings\2.2081\inline\ProfilePage.cpp, C:\Users\4stro\Desktop\geode\the-coin-guide\build\bindings\bindings\Geode\source\ProfilePage.cpp. [C:\Users\4stro\Desktop\geode\the-coin-guide\build\bindings\GeodeBindings.vcxproj]
E:\msvisual2026\MSBuild\Microsoft\VC\v180\Microsoft.CppBuild.targets(1139,5): warning MSB8027: Dos o m├ís archivos con el mismo nombre de PromoInterstitial.cpp producir├ín salidas en la misma ubicaci├│n. Esto puede dar lugar a un resultado de compilaci├│n incorrecto. Los archivos implicados son C:\Users\4stro\Desktop\geode\the-coin-guide\build\_deps\bindings-src\bindings\2.2081\inline\PromoInterstitial.cpp, C:\Users\4stro\Desktop\geode\the-coin-guide\build\bindings\bindings\Geode\source\PromoInterstitial.cpp. [C:\Users\4stro\Desktop\geode\the-coin-guide\build\bindings\GeodeBindings.vcxproj]
E:\msvisual2026\MSBuild\Microsoft\VC\v180\Microsoft.CppBuild.targets(1139,5): warning MSB8027: Dos o m├ís archivos con el mismo nombre de PulseEffectAction.cpp producir├ín salidas en la misma ubicaci├│n. Esto puede dar lugar a un resultado de compilaci├│n incorrecto. Los archivos implicados son C:\Users\4stro\Desktop\geode\the-coin-guide\build\_deps\bindings-src\bindings\2.2081\inline\PulseEffectAction.cpp, C:\Users\4stro\Desktop\geode\the-coin-guide\build\bindings\bindings\Geode\source\PulseEffectAction.cpp. [C:\Users\4stro\Desktop\geode\the-coin-guide\build\bindings\GeodeBindings.vcxproj]
E:\msvisual2026\MSBuild\Microsoft\VC\v180\Microsoft.CppBuild.targets(1139,5): warning MSB8027: Dos o m├ís archivos con el mismo nombre de PurchaseItemPopup.cpp producir├ín salidas en la misma ubicaci├│n. Esto puede dar lugar a un resultado de compilaci├│n incorrecto. Los archivos implicados son C:\Users\4stro\Desktop\geode\the-coin-guide\build\_deps\bindings-src\bindings\2.2081\inline\PurchaseItemPopup.cpp, C:\Users\4stro\Desktop\geode\the-coin-guide\build\bindings\bindings\Geode\source\PurchaseItemPopup.cpp. [C:\Users\4stro\Desktop\geode\the-coin-guide\build\bindings\GeodeBindings.vcxproj]
E:\msvisual2026\MSBuild\Microsoft\VC\v180\Microsoft.CppBuild.targets(1139,5): warning MSB8027: Dos o m├ís archivos con el mismo nombre de RandTriggerGameObject.cpp producir├ín salidas en la misma ubicaci├│n. Esto puede dar lugar a un resultado de compilaci├│n incorrecto. Los archivos implicados son C:\Users\4stro\Desktop\geode\the-coin-guide\build\_deps\bindings-src\bindings\2.2081\inline\RandTriggerGameObject.cpp, C:\Users\4stro\Desktop\geode\the-coin-guide\build\bindings\bindings\Geode\source\RandTriggerGameObject.cpp. [C:\Users\4stro\Desktop\geode\the-coin-guide\build\bindings\GeodeBindings.vcxproj]
E:\msvisual2026\MSBuild\Microsoft\VC\v180\Microsoft.CppBuild.targets(1139,5): warning MSB8027: Dos o m├ís archivos con el mismo nombre de RateDemonLayer.cpp producir├ín salidas en la misma ubicaci├│n. Esto puede dar lugar a un resultado de compilaci├│n incorrecto. Los archivos implicados son C:\Users\4stro\Desktop\geode\the-coin-guide\build\_deps\bindings-src\bindings\2.2081\inline\RateDemonLayer.cpp, C:\Users\4stro\Desktop\geode\the-coin-guide\build\bindings\bindings\Geode\source\RateDemonLayer.cpp. [C:\Users\4stro\Desktop\geode\the-coin-guide\build\bindings\GeodeBindings.vcxproj]
E:\msvisual2026\MSBuild\Microsoft\VC\v180\Microsoft.CppBuild.targets(1139,5): warning MSB8027: Dos o m├ís archivos con el mismo nombre de RateLevelDelegate.cpp producir├ín salidas en la misma ubicaci├│n. Esto puede dar lugar a un resultado de compilaci├│n incorrecto. Los archivos implicados son C:\Users\4stro\Desktop\geode\the-coin-guide\build\_deps\bindings-src\bindings\2.2081\inline\RateLevelDelegate.cpp, C:\Users\4stro\Desktop\geode\the-coin-guide\build\bindings\bindings\Geode\source\RateLevelDelegate.cpp. [C:\Users\4stro\Desktop\geode\the-coin-guide\build\bindings\GeodeBindings.vcxproj]
E:\msvisual2026\MSBuild\Microsoft\VC\v180\Microsoft.CppBuild.targets(1139,5): warning MSB8027: Dos o m├ís archivos con el mismo nombre de RateLevelLayer.cpp producir├ín salidas en la misma ubicaci├│n. Esto puede dar lugar a un resultado de compilaci├│n incorrecto. Los archivos implicados son C:\Users\4stro\Desktop\geode\the-coin-guide\build\_deps\bindings-src\bindings\2.2081\inline\RateLevelLayer.cpp, C:\Users\4stro\Desktop\geode\the-coin-guide\build\bindings\bindings\Geode\source\RateLevelLayer.cpp. [C:\Users\4stro\Desktop\geode\the-coin-guide\build\bindings\GeodeBindings.vcxproj]
E:\msvisual2026\MSBuild\Microsoft\VC\v180\Microsoft.CppBuild.targets(1139,5): warning MSB8027: Dos o m├ís archivos con el mismo nombre de RateStarsLayer.cpp producir├ín salidas en la misma ubicaci├│n. Esto puede dar lugar a un resultado de compilaci├│n incorrecto. Los archivos implicados son C:\Users\4stro\Desktop\geode\the-coin-guide\build\_deps\bindings-src\bindings\2.2081\inline\RateStarsLayer.cpp, C:\Users\4stro\Desktop\geode\the-coin-guide\build\bindings\bindings\Geode\source\RateStarsLayer.cpp. [C:\Users\4stro\Desktop\geode\the-coin-guide\build\bindings\GeodeBindings.vcxproj]
E:\msvisual2026\MSBuild\Microsoft\VC\v180\Microsoft.CppBuild.targets(1139,5): warning MSB8027: Dos o m├ís archivos con el mismo nombre de RetryLevelLayer.cpp producir├ín salidas en la misma ubicaci├│n. Esto puede dar lugar a un resultado de compilaci├│n incorrecto. Los archivos implicados son C:\Users\4stro\Desktop\geode\the-coin-guide\build\_deps\bindings-src\bindings\2.2081\inline\RetryLevelLayer.cpp, C:\Users\4stro\Desktop\geode\the-coin-guide\build\bindings\bindings\Geode\source\RetryLevelLayer.cpp. [C:\Users\4stro\Desktop\geode\the-coin-guide\build\bindings\GeodeBindings.vcxproj]
E:\msvisual2026\MSBuild\Microsoft\VC\v180\Microsoft.CppBuild.targets(1139,5): warning MSB8027: Dos o m├ís archivos con el mismo nombre de Reverb3D.cpp producir├ín salidas en la misma ubicaci├│n. Esto puede dar lugar a un resultado de compilaci├│n incorrecto. Los archivos implicados son C:\Users\4stro\Desktop\geode\the-coin-guide\build\_deps\bindings-src\bindings\2.2081\inline\Reverb3D.cpp, C:\Users\4stro\Desktop\geode\the-coin-guide\build\bindings\bindings\Geode\source\Reverb3D.cpp. [C:\Users\4stro\Desktop\geode\the-coin-guide\build\bindings\GeodeBindings.vcxproj]
E:\msvisual2026\MSBuild\Microsoft\VC\v180\Microsoft.CppBuild.targets(1139,5): warning MSB8027: Dos o m├ís archivos con el mismo nombre de RewardUnlockLayer.cpp producir├ín salidas en la misma ubicaci├│n. Esto puede dar lugar a un resultado de compilaci├│n incorrecto. Los archivos implicados son C:\Users\4stro\Desktop\geode\the-coin-guide\build\_deps\bindings-src\bindings\2.2081\inline\RewardUnlockLayer.cpp, C:\Users\4stro\Desktop\geode\the-coin-guide\build\bindings\bindings\Geode\source\RewardUnlockLayer.cpp. [C:\Users\4stro\Desktop\geode\the-coin-guide\build\bindings\GeodeBindings.vcxproj]
E:\msvisual2026\MSBuild\Microsoft\VC\v180\Microsoft.CppBuild.targets(1139,5): warning MSB8027: Dos o m├ís archivos con el mismo nombre de RewardedVideoDelegate.cpp producir├ín salidas en la misma ubicaci├│n. Esto puede dar lugar a un resultado de compilaci├│n incorrecto. Los archivos implicados son C:\Users\4stro\Desktop\geode\the-coin-guide\build\_deps\bindings-src\bindings\2.2081\inline\RewardedVideoDelegate.cpp, C:\Users\4stro\Desktop\geode\the-coin-guide\build\bindings\bindings\Geode\source\RewardedVideoDelegate.cpp. [C:\Users\4stro\Desktop\geode\the-coin-guide\build\bindings\GeodeBindings.vcxproj]
E:\msvisual2026\MSBuild\Microsoft\VC\v180\Microsoft.CppBuild.targets(1139,5): warning MSB8027: Dos o m├ís archivos con el mismo nombre de RewardsPage.cpp producir├ín salidas en la misma ubicaci├│n. Esto puede dar lugar a un resultado de compilaci├│n incorrecto. Los archivos implicados son C:\Users\4stro\Desktop\geode\the-coin-guide\build\_deps\bindings-src\bindings\2.2081\inline\RewardsPage.cpp, C:\Users\4stro\Desktop\geode\the-coin-guide\build\bindings\bindings\Geode\source\RewardsPage.cpp. [C:\Users\4stro\Desktop\geode\the-coin-guide\build\bindings\GeodeBindings.vcxproj]
E:\msvisual2026\MSBuild\Microsoft\VC\v180\Microsoft.CppBuild.targets(1139,5): warning MSB8027: Dos o m├ís archivos con el mismo nombre de RingObject.cpp producir├ín salidas en la misma ubicaci├│n. Esto puede dar lugar a un resultado de compilaci├│n incorrecto. Los archivos implicados son C:\Users\4stro\Desktop\geode\the-coin-guide\build\_deps\bindings-src\bindings\2.2081\inline\RingObject.cpp, C:\Users\4stro\Desktop\geode\the-coin-guide\build\bindings\bindings\Geode\source\RingObject.cpp. [C:\Users\4stro\Desktop\geode\the-coin-guide\build\bindings\GeodeBindings.vcxproj]
E:\msvisual2026\MSBuild\Microsoft\VC\v180\Microsoft.CppBuild.targets(1139,5): warning MSB8027: Dos o m├ís archivos con el mismo nombre de RotateGameplayGameObject.cpp producir├ín salidas en la misma ubicaci├│n. Esto puede dar lugar a un resultado de compilaci├│n incorrecto. Los archivos implicados son C:\Users\4stro\Desktop\geode\the-coin-guide\build\_deps\bindings-src\bindings\2.2081\inline\RotateGameplayGameObject.cpp, C:\Users\4stro\Desktop\geode\the-coin-guide\build\bindings\bindings\Geode\source\RotateGameplayGameObject.cpp. [C:\Users\4stro\Desktop\geode\the-coin-guide\build\bindings\GeodeBindings.vcxproj]
E:\msvisual2026\MSBuild\Microsoft\VC\v180\Microsoft.CppBuild.targets(1139,5): warning MSB8027: Dos o m├ís archivos con el mismo nombre de SFXBrowser.cpp producir├ín salidas en la misma ubicaci├│n. Esto puede dar lugar a un resultado de compilaci├│n incorrecto. Los archivos implicados son C:\Users\4stro\Desktop\geode\the-coin-guide\build\_deps\bindings-src\bindings\2.2081\inline\SFXBrowser.cpp, C:\Users\4stro\Desktop\geode\the-coin-guide\build\bindings\bindings\Geode\source\SFXBrowser.cpp. [C:\Users\4stro\Desktop\geode\the-coin-guide\build\bindings\GeodeBindings.vcxproj]
E:\msvisual2026\MSBuild\Microsoft\VC\v180\Microsoft.CppBuild.targets(1139,5): warning MSB8027: Dos o m├ís archivos con el mismo nombre de SFXBrowserDelegate.cpp producir├ín salidas en la misma ubicaci├│n. Esto puede dar lugar a un resultado de compilaci├│n incorrecto. Los archivos implicados son C:\Users\4stro\Desktop\geode\the-coin-guide\build\_deps\bindings-src\bindings\2.2081\inline\SFXBrowserDelegate.cpp, C:\Users\4stro\Desktop\geode\the-coin-guide\build\bindings\bindings\Geode\source\SFXBrowserDelegate.cpp. [C:\Users\4stro\Desktop\geode\the-coin-guide\build\bindings\GeodeBindings.vcxproj]
E:\msvisual2026\MSBuild\Microsoft\VC\v180\Microsoft.CppBuild.targets(1139,5): warning MSB8027: Dos o m├ís archivos con el mismo nombre de SFXFolderObject.cpp producir├ín salidas en la misma ubicaci├│n. Esto puede dar lugar a un resultado de compilaci├│n incorrecto. Los archivos implicados son C:\Users\4stro\Desktop\geode\the-coin-guide\build\_deps\bindings-src\bindings\2.2081\inline\SFXFolderObject.cpp, C:\Users\4stro\Desktop\geode\the-coin-guide\build\bindings\bindings\Geode\source\SFXFolderObject.cpp. [C:\Users\4stro\Desktop\geode\the-coin-guide\build\bindings\GeodeBindings.vcxproj]
E:\msvisual2026\MSBuild\Microsoft\VC\v180\Microsoft.CppBuild.targets(1139,5): warning MSB8027: Dos o m├ís archivos con el mismo nombre de SFXInfoObject.cpp producir├ín salidas en la misma ubicaci├│n. Esto puede dar lugar a un resultado de compilaci├│n incorrecto. Los archivos implicados son C:\Users\4stro\Desktop\geode\the-coin-guide\build\_deps\bindings-src\bindings\2.2081\inline\SFXInfoObject.cpp, C:\Users\4stro\Desktop\geode\the-coin-guide\build\bindings\bindings\Geode\source\SFXInfoObject.cpp. [C:\Users\4stro\Desktop\geode\the-coin-guide\build\bindings\GeodeBindings.vcxproj]
E:\msvisual2026\MSBuild\Microsoft\VC\v180\Microsoft.CppBuild.targets(1139,5): warning MSB8027: Dos o m├ís archivos con el mismo nombre de SFXSearchResult.cpp producir├ín salidas en la misma ubicaci├│n. Esto puede dar lugar a un resultado de compilaci├│n incorrecto. Los archivos implicados son C:\Users\4stro\Desktop\geode\the-coin-guide\build\_deps\bindings-src\bindings\2.2081\inline\SFXSearchResult.cpp, C:\Users\4stro\Desktop\geode\the-coin-guide\build\bindings\bindings\Geode\source\SFXSearchResult.cpp. [C:\Users\4stro\Desktop\geode\the-coin-guide\build\bindings\GeodeBindings.vcxproj]
E:\msvisual2026\MSBuild\Microsoft\VC\v180\Microsoft.CppBuild.targets(1139,5): warning MSB8027: Dos o m├ís archivos con el mismo nombre de SFXStateContainer.cpp producir├ín salidas en la misma ubicaci├│n. Esto puede dar lugar a un resultado de compilaci├│n incorrecto. Los archivos implicados son C:\Users\4stro\Desktop\geode\the-coin-guide\build\_deps\bindings-src\bindings\2.2081\inline\SFXStateContainer.cpp, C:\Users\4stro\Desktop\geode\the-coin-guide\build\bindings\bindings\Geode\source\SFXStateContainer.cpp. [C:\Users\4stro\Desktop\geode\the-coin-guide\build\bindings\GeodeBindings.vcxproj]
E:\msvisual2026\MSBuild\Microsoft\VC\v180\Microsoft.CppBuild.targets(1139,5): warning MSB8027: Dos o m├ís archivos con el mismo nombre de SFXTriggerGameObject.cpp producir├ín salidas en la misma ubicaci├│n. Esto puede dar lugar a un resultado de compilaci├│n incorrecto. Los archivos implicados son C:\Users\4stro\Desktop\geode\the-coin-guide\build\_deps\bindings-src\bindings\2.2081\inline\SFXTriggerGameObject.cpp, C:\Users\4stro\Desktop\geode\the-coin-guide\build\bindings\bindings\Geode\source\SFXTriggerGameObject.cpp. [C:\Users\4stro\Desktop\geode\the-coin-guide\build\bindings\GeodeBindings.vcxproj]
E:\msvisual2026\MSBuild\Microsoft\VC\v180\Microsoft.CppBuild.targets(1139,5): warning MSB8027: Dos o m├ís archivos con el mismo nombre de SFXTriggerInstance.cpp producir├ín salidas en la misma ubicaci├│n. Esto puede dar lugar a un resultado de compilaci├│n incorrecto. Los archivos implicados son C:\Users\4stro\Desktop\geode\the-coin-guide\build\_deps\bindings-src\bindings\2.2081\inline\SFXTriggerInstance.cpp, C:\Users\4stro\Desktop\geode\the-coin-guide\build\bindings\bindings\Geode\source\SFXTriggerInstance.cpp. [C:\Users\4stro\Desktop\geode\the-coin-guide\build\bindings\GeodeBindings.vcxproj]
E:\msvisual2026\MSBuild\Microsoft\VC\v180\Microsoft.CppBuild.targets(1139,5): warning MSB8027: Dos o m├ís archivos con el mismo nombre de SFXTriggerState.cpp producir├ín salidas en la misma ubicaci├│n. Esto puede dar lugar a un resultado de compilaci├│n incorrecto. Los archivos implicados son C:\Users\4stro\Desktop\geode\the-coin-guide\build\_deps\bindings-src\bindings\2.2081\inline\SFXTriggerState.cpp, C:\Users\4stro\Desktop\geode\the-coin-guide\build\bindings\bindings\Geode\source\SFXTriggerState.cpp. [C:\Users\4stro\Desktop\geode\the-coin-guide\build\bindings\GeodeBindings.vcxproj]
E:\msvisual2026\MSBuild\Microsoft\VC\v180\Microsoft.CppBuild.targets(1139,5): warning MSB8027: Dos o m├ís archivos con el mismo nombre de SavedActiveObjectState.cpp producir├ín salidas en la misma ubicaci├│n. Esto puede dar lugar a un resultado de compilaci├│n incorrecto. Los archivos implicados son C:\Users\4stro\Desktop\geode\the-coin-guide\build\_deps\bindings-src\bindings\2.2081\inline\SavedActiveObjectState.cpp, C:\Users\4stro\Desktop\geode\the-coin-guide\build\bindings\bindings\Geode\source\SavedActiveObjectState.cpp. [C:\Users\4stro\Desktop\geode\the-coin-guide\build\bindings\GeodeBindings.vcxproj]
E:\msvisual2026\MSBuild\Microsoft\VC\v180\Microsoft.CppBuild.targets(1139,5): warning MSB8027: Dos o m├ís archivos con el mismo nombre de SavedObjectStateRef.cpp producir├ín salidas en la misma ubicaci├│n. Esto puede dar lugar a un resultado de compilaci├│n incorrecto. Los archivos implicados son C:\Users\4stro\Desktop\geode\the-coin-guide\build\_deps\bindings-src\bindings\2.2081\inline\SavedObjectStateRef.cpp, C:\Users\4stro\Desktop\geode\the-coin-guide\build\bindings\bindings\Geode\source\SavedObjectStateRef.cpp. [C:\Users\4stro\Desktop\geode\the-coin-guide\build\bindings\GeodeBindings.vcxproj]
E:\msvisual2026\MSBuild\Microsoft\VC\v180\Microsoft.CppBuild.targets(1139,5): warning MSB8027: Dos o m├ís archivos con el mismo nombre de SavedSpecialObjectState.cpp producir├ín salidas en la misma ubicaci├│n. Esto puede dar lugar a un resultado de compilaci├│n incorrecto. Los archivos implicados son C:\Users\4stro\Desktop\geode\the-coin-guide\build\_deps\bindings-src\bindings\2.2081\inline\SavedSpecialObjectState.cpp, C:\Users\4stro\Desktop\geode\the-coin-guide\build\bindings\bindings\Geode\source\SavedSpecialObjectState.cpp. [C:\Users\4stro\Desktop\geode\the-coin-guide\build\bindings\GeodeBindings.vcxproj]
E:\msvisual2026\MSBuild\Microsoft\VC\v180\Microsoft.CppBuild.targets(1139,5): warning MSB8027: Dos o m├ís archivos con el mismo nombre de ScrollingLayer.cpp producir├ín salidas en la misma ubicaci├│n. Esto puede dar lugar a un resultado de compilaci├│n incorrecto. Los archivos implicados son C:\Users\4stro\Desktop\geode\the-coin-guide\build\_deps\bindings-src\bindings\2.2081\inline\ScrollingLayer.cpp, C:\Users\4stro\Desktop\geode\the-coin-guide\build\bindings\bindings\Geode\source\ScrollingLayer.cpp. [C:\Users\4stro\Desktop\geode\the-coin-guide\build\bindings\GeodeBindings.vcxproj]
E:\msvisual2026\MSBuild\Microsoft\VC\v180\Microsoft.CppBuild.targets(1139,5): warning MSB8027: Dos o m├ís archivos con el mismo nombre de SearchButton.cpp producir├ín salidas en la misma ubicaci├│n. Esto puede dar lugar a un resultado de compilaci├│n incorrecto. Los archivos implicados son C:\Users\4stro\Desktop\geode\the-coin-guide\build\_deps\bindings-src\bindings\2.2081\inline\SearchButton.cpp, C:\Users\4stro\Desktop\geode\the-coin-guide\build\bindings\bindings\Geode\source\SearchButton.cpp. [C:\Users\4stro\Desktop\geode\the-coin-guide\build\bindings\GeodeBindings.vcxproj]
E:\msvisual2026\MSBuild\Microsoft\VC\v180\Microsoft.CppBuild.targets(1139,5): warning MSB8027: Dos o m├ís archivos con el mismo nombre de SearchSFXPopup.cpp producir├ín salidas en la misma ubicaci├│n. Esto puede dar lugar a un resultado de compilaci├│n incorrecto. Los archivos implicados son C:\Users\4stro\Desktop\geode\the-coin-guide\build\_deps\bindings-src\bindings\2.2081\inline\SearchSFXPopup.cpp, C:\Users\4stro\Desktop\geode\the-coin-guide\build\bindings\bindings\Geode\source\SearchSFXPopup.cpp. [C:\Users\4stro\Desktop\geode\the-coin-guide\build\bindings\GeodeBindings.vcxproj]
E:\msvisual2026\MSBuild\Microsoft\VC\v180\Microsoft.CppBuild.targets(1139,5): warning MSB8027: Dos o m├ís archivos con el mismo nombre de SecretGame01Layer.cpp producir├ín salidas en la misma ubicaci├│n. Esto puede dar lugar a un resultado de compilaci├│n incorrecto. Los archivos implicados son C:\Users\4stro\Desktop\geode\the-coin-guide\build\_deps\bindings-src\bindings\2.2081\inline\SecretGame01Layer.cpp, C:\Users\4stro\Desktop\geode\the-coin-guide\build\bindings\bindings\Geode\source\SecretGame01Layer.cpp. [C:\Users\4stro\Desktop\geode\the-coin-guide\build\bindings\GeodeBindings.vcxproj]
E:\msvisual2026\MSBuild\Microsoft\VC\v180\Microsoft.CppBuild.targets(1139,5): warning MSB8027: Dos o m├ís archivos con el mismo nombre de SecretLayer.cpp producir├ín salidas en la misma ubicaci├│n. Esto puede dar lugar a un resultado de compilaci├│n incorrecto. Los archivos implicados son C:\Users\4stro\Desktop\geode\the-coin-guide\build\_deps\bindings-src\bindings\2.2081\inline\SecretLayer.cpp, C:\Users\4stro\Desktop\geode\the-coin-guide\build\bindings\bindings\Geode\source\SecretLayer.cpp. [C:\Users\4stro\Desktop\geode\the-coin-guide\build\bindings\GeodeBindings.vcxproj]
E:\msvisual2026\MSBuild\Microsoft\VC\v180\Microsoft.CppBuild.targets(1139,5): warning MSB8027: Dos o m├ís archivos con el mismo nombre de SecretLayer2.cpp producir├ín salidas en la misma ubicaci├│n. Esto puede dar lugar a un resultado de compilaci├│n incorrecto. Los archivos implicados son C:\Users\4stro\Desktop\geode\the-coin-guide\build\_deps\bindings-src\bindings\2.2081\inline\SecretLayer2.cpp, C:\Users\4stro\Desktop\geode\the-coin-guide\build\bindings\bindings\Geode\source\SecretLayer2.cpp. [C:\Users\4stro\Desktop\geode\the-coin-guide\build\bindings\GeodeBindings.vcxproj]
E:\msvisual2026\MSBuild\Microsoft\VC\v180\Microsoft.CppBuild.targets(1139,5): warning MSB8027: Dos o m├ís archivos con el mismo nombre de SecretLayer3.cpp producir├ín salidas en la misma ubicaci├│n. Esto puede dar lugar a un resultado de compilaci├│n incorrecto. Los archivos implicados son C:\Users\4stro\Desktop\geode\the-coin-guide\build\_deps\bindings-src\bindings\2.2081\inline\SecretLayer3.cpp, C:\Users\4stro\Desktop\geode\the-coin-guide\build\bindings\bindings\Geode\source\SecretLayer3.cpp. [C:\Users\4stro\Desktop\geode\the-coin-guide\build\bindings\GeodeBindings.vcxproj]
E:\msvisual2026\MSBuild\Microsoft\VC\v180\Microsoft.CppBuild.targets(1139,5): warning MSB8027: Dos o m├ís archivos con el mismo nombre de SecretLayer4.cpp producir├ín salidas en la misma ubicaci├│n. Esto puede dar lugar a un resultado de compilaci├│n incorrecto. Los archivos implicados son C:\Users\4stro\Desktop\geode\the-coin-guide\build\_deps\bindings-src\bindings\2.2081\inline\SecretLayer4.cpp, C:\Users\4stro\Desktop\geode\the-coin-guide\build\bindings\bindings\Geode\source\SecretLayer4.cpp. [C:\Users\4stro\Desktop\geode\the-coin-guide\build\bindings\GeodeBindings.vcxproj]
E:\msvisual2026\MSBuild\Microsoft\VC\v180\Microsoft.CppBuild.targets(1139,5): warning MSB8027: Dos o m├ís archivos con el mismo nombre de SecretLayer5.cpp producir├ín salidas en la misma ubicaci├│n. Esto puede dar lugar a un resultado de compilaci├│n incorrecto. Los archivos implicados son C:\Users\4stro\Desktop\geode\the-coin-guide\build\_deps\bindings-src\bindings\2.2081\inline\SecretLayer5.cpp, C:\Users\4stro\Desktop\geode\the-coin-guide\build\bindings\bindings\Geode\source\SecretLayer5.cpp. [C:\Users\4stro\Desktop\geode\the-coin-guide\build\bindings\GeodeBindings.vcxproj]
E:\msvisual2026\MSBuild\Microsoft\VC\v180\Microsoft.CppBuild.targets(1139,5): warning MSB8027: Dos o m├ís archivos con el mismo nombre de SecretLayer6.cpp producir├ín salidas en la misma ubicaci├│n. Esto puede dar lugar a un resultado de compilaci├│n incorrecto. Los archivos implicados son C:\Users\4stro\Desktop\geode\the-coin-guide\build\_deps\bindings-src\bindings\2.2081\inline\SecretLayer6.cpp, C:\Users\4stro\Desktop\geode\the-coin-guide\build\bindings\bindings\Geode\source\SecretLayer6.cpp. [C:\Users\4stro\Desktop\geode\the-coin-guide\build\bindings\GeodeBindings.vcxproj]
E:\msvisual2026\MSBuild\Microsoft\VC\v180\Microsoft.CppBuild.targets(1139,5): warning MSB8027: Dos o m├ís archivos con el mismo nombre de SecretNumberLayer.cpp producir├ín salidas en la misma ubicaci├│n. Esto puede dar lugar a un resultado de compilaci├│n incorrecto. Los archivos implicados son C:\Users\4stro\Desktop\geode\the-coin-guide\build\_deps\bindings-src\bindings\2.2081\inline\SecretNumberLayer.cpp, C:\Users\4stro\Desktop\geode\the-coin-guide\build\bindings\bindings\Geode\source\SecretNumberLayer.cpp. [C:\Users\4stro\Desktop\geode\the-coin-guide\build\bindings\GeodeBindings.vcxproj]
E:\msvisual2026\MSBuild\Microsoft\VC\v180\Microsoft.CppBuild.targets(1139,5): warning MSB8027: Dos o m├ís archivos con el mismo nombre de SecretRewardsLayer.cpp producir├ín salidas en la misma ubicaci├│n. Esto puede dar lugar a un resultado de compilaci├│n incorrecto. Los archivos implicados son C:\Users\4stro\Desktop\geode\the-coin-guide\build\_deps\bindings-src\bindings\2.2081\inline\SecretRewardsLayer.cpp, C:\Users\4stro\Desktop\geode\the-coin-guide\build\bindings\bindings\Geode\source\SecretRewardsLayer.cpp. [C:\Users\4stro\Desktop\geode\the-coin-guide\build\bindings\GeodeBindings.vcxproj]
E:\msvisual2026\MSBuild\Microsoft\VC\v180\Microsoft.CppBuild.targets(1139,5): warning MSB8027: Dos o m├ís archivos con el mismo nombre de SelectArtDelegate.cpp producir├ín salidas en la misma ubicaci├│n. Esto puede dar lugar a un resultado de compilaci├│n incorrecto. Los archivos implicados son C:\Users\4stro\Desktop\geode\the-coin-guide\build\_deps\bindings-src\bindings\2.2081\inline\SelectArtDelegate.cpp, C:\Users\4stro\Desktop\geode\the-coin-guide\build\bindings\bindings\Geode\source\SelectArtDelegate.cpp. [C:\Users\4stro\Desktop\geode\the-coin-guide\build\bindings\GeodeBindings.vcxproj]
E:\msvisual2026\MSBuild\Microsoft\VC\v180\Microsoft.CppBuild.targets(1139,5): warning MSB8027: Dos o m├ís archivos con el mismo nombre de SelectArtLayer.cpp producir├ín salidas en la misma ubicaci├│n. Esto puede dar lugar a un resultado de compilaci├│n incorrecto. Los archivos implicados son C:\Users\4stro\Desktop\geode\the-coin-guide\build\_deps\bindings-src\bindings\2.2081\inline\SelectArtLayer.cpp, C:\Users\4stro\Desktop\geode\the-coin-guide\build\bindings\bindings\Geode\source\SelectArtLayer.cpp. [C:\Users\4stro\Desktop\geode\the-coin-guide\build\bindings\GeodeBindings.vcxproj]
E:\msvisual2026\MSBuild\Microsoft\VC\v180\Microsoft.CppBuild.targets(1139,5): warning MSB8027: Dos o m├ís archivos con el mismo nombre de SelectEventLayer.cpp producir├ín salidas en la misma ubicaci├│n. Esto puede dar lugar a un resultado de compilaci├│n incorrecto. Los archivos implicados son C:\Users\4stro\Desktop\geode\the-coin-guide\build\_deps\bindings-src\bindings\2.2081\inline\SelectEventLayer.cpp, C:\Users\4stro\Desktop\geode\the-coin-guide\build\bindings\bindings\Geode\source\SelectEventLayer.cpp. [C:\Users\4stro\Desktop\geode\the-coin-guide\build\bindings\GeodeBindings.vcxproj]
E:\msvisual2026\MSBuild\Microsoft\VC\v180\Microsoft.CppBuild.targets(1139,5): warning MSB8027: Dos o m├ís archivos con el mismo nombre de SelectFontLayer.cpp producir├ín salidas en la misma ubicaci├│n. Esto puede dar lugar a un resultado de compilaci├│n incorrecto. Los archivos implicados son C:\Users\4stro\Desktop\geode\the-coin-guide\build\_deps\bindings-src\bindings\2.2081\inline\SelectFontLayer.cpp, C:\Users\4stro\Desktop\geode\the-coin-guide\build\bindings\bindings\Geode\source\SelectFontLayer.cpp. [C:\Users\4stro\Desktop\geode\the-coin-guide\build\bindings\GeodeBindings.vcxproj]
E:\msvisual2026\MSBuild\Microsoft\VC\v180\Microsoft.CppBuild.targets(1139,5): warning MSB8027: Dos o m├ís archivos con el mismo nombre de SelectListIconDelegate.cpp producir├ín salidas en la misma ubicaci├│n. Esto puede dar lugar a un resultado de compilaci├│n incorrecto. Los archivos implicados son C:\Users\4stro\Desktop\geode\the-coin-guide\build\_deps\bindings-src\bindings\2.2081\inline\SelectListIconDelegate.cpp, C:\Users\4stro\Desktop\geode\the-coin-guide\build\bindings\bindings\Geode\source\SelectListIconDelegate.cpp. [C:\Users\4stro\Desktop\geode\the-coin-guide\build\bindings\GeodeBindings.vcxproj]
E:\msvisual2026\MSBuild\Microsoft\VC\v180\Microsoft.CppBuild.targets(1139,5): warning MSB8027: Dos o m├ís archivos con el mismo nombre de SelectListIconLayer.cpp producir├ín salidas en la misma ubicaci├│n. Esto puede dar lugar a un resultado de compilaci├│n incorrecto. Los archivos implicados son C:\Users\4stro\Desktop\geode\the-coin-guide\build\_deps\bindings-src\bindings\2.2081\inline\SelectListIconLayer.cpp, C:\Users\4stro\Desktop\geode\the-coin-guide\build\bindings\bindings\Geode\source\SelectListIconLayer.cpp. [C:\Users\4stro\Desktop\geode\the-coin-guide\build\bindings\GeodeBindings.vcxproj]
E:\msvisual2026\MSBuild\Microsoft\VC\v180\Microsoft.CppBuild.targets(1139,5): warning MSB8027: Dos o m├ís archivos con el mismo nombre de SelectPremadeDelegate.cpp producir├ín salidas en la misma ubicaci├│n. Esto puede dar lugar a un resultado de compilaci├│n incorrecto. Los archivos implicados son C:\Users\4stro\Desktop\geode\the-coin-guide\build\_deps\bindings-src\bindings\2.2081\inline\SelectPremadeDelegate.cpp, C:\Users\4stro\Desktop\geode\the-coin-guide\build\bindings\bindings\Geode\source\SelectPremadeDelegate.cpp. [C:\Users\4stro\Desktop\geode\the-coin-guide\build\bindings\GeodeBindings.vcxproj]
E:\msvisual2026\MSBuild\Microsoft\VC\v180\Microsoft.CppBuild.targets(1139,5): warning MSB8027: Dos o m├ís archivos con el mismo nombre de SelectPremadeLayer.cpp producir├ín salidas en la misma ubicaci├│n. Esto puede dar lugar a un resultado de compilaci├│n incorrecto. Los archivos implicados son C:\Users\4stro\Desktop\geode\the-coin-guide\build\_deps\bindings-src\bindings\2.2081\inline\SelectPremadeLayer.cpp, C:\Users\4stro\Desktop\geode\the-coin-guide\build\bindings\bindings\Geode\source\SelectPremadeLayer.cpp. [C:\Users\4stro\Desktop\geode\the-coin-guide\build\bindings\GeodeBindings.vcxproj]
E:\msvisual2026\MSBuild\Microsoft\VC\v180\Microsoft.CppBuild.targets(1139,5): warning MSB8027: Dos o m├ís archivos con el mismo nombre de SelectSFXSortDelegate.cpp producir├ín salidas en la misma ubicaci├│n. Esto puede dar lugar a un resultado de compilaci├│n incorrecto. Los archivos implicados son C:\Users\4stro\Desktop\geode\the-coin-guide\build\_deps\bindings-src\bindings\2.2081\inline\SelectSFXSortDelegate.cpp, C:\Users\4stro\Desktop\geode\the-coin-guide\build\bindings\bindings\Geode\source\SelectSFXSortDelegate.cpp. [C:\Users\4stro\Desktop\geode\the-coin-guide\build\bindings\GeodeBindings.vcxproj]
E:\msvisual2026\MSBuild\Microsoft\VC\v180\Microsoft.CppBuild.targets(1139,5): warning MSB8027: Dos o m├ís archivos con el mismo nombre de SelectSFXSortLayer.cpp producir├ín salidas en la misma ubicaci├│n. Esto puede dar lugar a un resultado de compilaci├│n incorrecto. Los archivos implicados son C:\Users\4stro\Desktop\geode\the-coin-guide\build\_deps\bindings-src\bindings\2.2081\inline\SelectSFXSortLayer.cpp, C:\Users\4stro\Desktop\geode\the-coin-guide\build\bindings\bindings\Geode\source\SelectSFXSortLayer.cpp. [C:\Users\4stro\Desktop\geode\the-coin-guide\build\bindings\GeodeBindings.vcxproj]
E:\msvisual2026\MSBuild\Microsoft\VC\v180\Microsoft.CppBuild.targets(1139,5): warning MSB8027: Dos o m├ís archivos con el mismo nombre de SelectSettingDelegate.cpp producir├ín salidas en la misma ubicaci├│n. Esto puede dar lugar a un resultado de compilaci├│n incorrecto. Los archivos implicados son C:\Users\4stro\Desktop\geode\the-coin-guide\build\_deps\bindings-src\bindings\2.2081\inline\SelectSettingDelegate.cpp, C:\Users\4stro\Desktop\geode\the-coin-guide\build\bindings\bindings\Geode\source\SelectSettingDelegate.cpp. [C:\Users\4stro\Desktop\geode\the-coin-guide\build\bindings\GeodeBindings.vcxproj]
E:\msvisual2026\MSBuild\Microsoft\VC\v180\Microsoft.CppBuild.targets(1139,5): warning MSB8027: Dos o m├ís archivos con el mismo nombre de SelectSettingLayer.cpp producir├ín salidas en la misma ubicaci├│n. Esto puede dar lugar a un resultado de compilaci├│n incorrecto. Los archivos implicados son C:\Users\4stro\Desktop\geode\the-coin-guide\build\_deps\bindings-src\bindings\2.2081\inline\SelectSettingLayer.cpp, C:\Users\4stro\Desktop\geode\the-coin-guide\build\bindings\bindings\Geode\source\SelectSettingLayer.cpp. [C:\Users\4stro\Desktop\geode\the-coin-guide\build\bindings\GeodeBindings.vcxproj]
E:\msvisual2026\MSBuild\Microsoft\VC\v180\Microsoft.CppBuild.targets(1139,5): warning MSB8027: Dos o m├ís archivos con el mismo nombre de SequenceTriggerGameObject.cpp producir├ín salidas en la misma ubicaci├│n. Esto puede dar lugar a un resultado de compilaci├│n incorrecto. Los archivos implicados son C:\Users\4stro\Desktop\geode\the-coin-guide\build\_deps\bindings-src\bindings\2.2081\inline\SequenceTriggerGameObject.cpp, C:\Users\4stro\Desktop\geode\the-coin-guide\build\bindings\bindings\Geode\source\SequenceTriggerGameObject.cpp. [C:\Users\4stro\Desktop\geode\the-coin-guide\build\bindings\GeodeBindings.vcxproj]
E:\msvisual2026\MSBuild\Microsoft\VC\v180\Microsoft.CppBuild.targets(1139,5): warning MSB8027: Dos o m├ís archivos con el mismo nombre de SequenceTriggerState.cpp producir├ín salidas en la misma ubicaci├│n. Esto puede dar lugar a un resultado de compilaci├│n incorrecto. Los archivos implicados son C:\Users\4stro\Desktop\geode\the-coin-guide\build\_deps\bindings-src\bindings\2.2081\inline\SequenceTriggerState.cpp, C:\Users\4stro\Desktop\geode\the-coin-guide\build\bindings\bindings\Geode\source\SequenceTriggerState.cpp. [C:\Users\4stro\Desktop\geode\the-coin-guide\build\bindings\GeodeBindings.vcxproj]
E:\msvisual2026\MSBuild\Microsoft\VC\v180\Microsoft.CppBuild.targets(1139,5): warning MSB8027: Dos o m├ís archivos con el mismo nombre de SetColorIDPopup.cpp producir├ín salidas en la misma ubicaci├│n. Esto puede dar lugar a un resultado de compilaci├│n incorrecto. Los archivos implicados son C:\Users\4stro\Desktop\geode\the-coin-guide\build\_deps\bindings-src\bindings\2.2081\inline\SetColorIDPopup.cpp, C:\Users\4stro\Desktop\geode\the-coin-guide\build\bindings\bindings\Geode\source\SetColorIDPopup.cpp. [C:\Users\4stro\Desktop\geode\the-coin-guide\build\bindings\GeodeBindings.vcxproj]
E:\msvisual2026\MSBuild\Microsoft\VC\v180\Microsoft.CppBuild.targets(1139,5): warning MSB8027: Dos o m├ís archivos con el mismo nombre de SetFolderPopup.cpp producir├ín salidas en la misma ubicaci├│n. Esto puede dar lugar a un resultado de compilaci├│n incorrecto. Los archivos implicados son C:\Users\4stro\Desktop\geode\the-coin-guide\build\_deps\bindings-src\bindings\2.2081\inline\SetFolderPopup.cpp, C:\Users\4stro\Desktop\geode\the-coin-guide\build\bindings\bindings\Geode\source\SetFolderPopup.cpp. [C:\Users\4stro\Desktop\geode\the-coin-guide\build\bindings\GeodeBindings.vcxproj]
E:\msvisual2026\MSBuild\Microsoft\VC\v180\Microsoft.CppBuild.targets(1139,5): warning MSB8027: Dos o m├ís archivos con el mismo nombre de SetGroupIDLayer.cpp producir├ín salidas en la misma ubicaci├│n. Esto puede dar lugar a un resultado de compilaci├│n incorrecto. Los archivos implicados son C:\Users\4stro\Desktop\geode\the-coin-guide\build\_deps\bindings-src\bindings\2.2081\inline\SetGroupIDLayer.cpp, C:\Users\4stro\Desktop\geode\the-coin-guide\build\bindings\bindings\Geode\source\SetGroupIDLayer.cpp. [C:\Users\4stro\Desktop\geode\the-coin-guide\build\bindings\GeodeBindings.vcxproj]
E:\msvisual2026\MSBuild\Microsoft\VC\v180\Microsoft.CppBuild.targets(1139,5): warning MSB8027: Dos o m├ís archivos con el mismo nombre de SetIDPopup.cpp producir├ín salidas en la misma ubicaci├│n. Esto puede dar lugar a un resultado de compilaci├│n incorrecto. Los archivos implicados son C:\Users\4stro\Desktop\geode\the-coin-guide\build\_deps\bindings-src\bindings\2.2081\inline\SetIDPopup.cpp, C:\Users\4stro\Desktop\geode\the-coin-guide\build\bindings\bindings\Geode\source\SetIDPopup.cpp. [C:\Users\4stro\Desktop\geode\the-coin-guide\build\bindings\GeodeBindings.vcxproj]
E:\msvisual2026\MSBuild\Microsoft\VC\v180\Microsoft.CppBuild.targets(1139,5): warning MSB8027: Dos o m├ís archivos con el mismo nombre de SetIDPopupDelegate.cpp producir├ín salidas en la misma ubicaci├│n. Esto puede dar lugar a un resultado de compilaci├│n incorrecto. Los archivos implicados son C:\Users\4stro\Desktop\geode\the-coin-guide\build\_deps\bindings-src\bindings\2.2081\inline\SetIDPopupDelegate.cpp, C:\Users\4stro\Desktop\geode\the-coin-guide\build\bindings\bindings\Geode\source\SetIDPopupDelegate.cpp. [C:\Users\4stro\Desktop\geode\the-coin-guide\build\bindings\GeodeBindings.vcxproj]
E:\msvisual2026\MSBuild\Microsoft\VC\v180\Microsoft.CppBuild.targets(1139,5): warning MSB8027: Dos o m├ís archivos con el mismo nombre de SetItemIDLayer.cpp producir├ín salidas en la misma ubicaci├│n. Esto puede dar lugar a un resultado de compilaci├│n incorrecto. Los archivos implicados son C:\Users\4stro\Desktop\geode\the-coin-guide\build\_deps\bindings-src\bindings\2.2081\inline\SetItemIDLayer.cpp, C:\Users\4stro\Desktop\geode\the-coin-guide\build\bindings\bindings\Geode\source\SetItemIDLayer.cpp. [C:\Users\4stro\Desktop\geode\the-coin-guide\build\bindings\GeodeBindings.vcxproj]
E:\msvisual2026\MSBuild\Microsoft\VC\v180\Microsoft.CppBuild.targets(1139,5): warning MSB8027: Dos o m├ís archivos con el mismo nombre de SetLevelOrderPopup.cpp producir├ín salidas en la misma ubicaci├│n. Esto puede dar lugar a un resultado de compilaci├│n incorrecto. Los archivos implicados son C:\Users\4stro\Desktop\geode\the-coin-guide\build\_deps\bindings-src\bindings\2.2081\inline\SetLevelOrderPopup.cpp, C:\Users\4stro\Desktop\geode\the-coin-guide\build\bindings\bindings\Geode\source\SetLevelOrderPopup.cpp. [C:\Users\4stro\Desktop\geode\the-coin-guide\build\bindings\GeodeBindings.vcxproj]
E:\msvisual2026\MSBuild\Microsoft\VC\v180\Microsoft.CppBuild.targets(1139,5): warning MSB8027: Dos o m├ís archivos con el mismo nombre de SetTargetIDLayer.cpp producir├ín salidas en la misma ubicaci├│n. Esto puede dar lugar a un resultado de compilaci├│n incorrecto. Los archivos implicados son C:\Users\4stro\Desktop\geode\the-coin-guide\build\_deps\bindings-src\bindings\2.2081\inline\SetTargetIDLayer.cpp, C:\Users\4stro\Desktop\geode\the-coin-guide\build\bindings\bindings\Geode\source\SetTargetIDLayer.cpp. [C:\Users\4stro\Desktop\geode\the-coin-guide\build\bindings\GeodeBindings.vcxproj]
E:\msvisual2026\MSBuild\Microsoft\VC\v180\Microsoft.CppBuild.targets(1139,5): warning MSB8027: Dos o m├ís archivos con el mismo nombre de SetTextPopup.cpp producir├ín salidas en la misma ubicaci├│n. Esto puede dar lugar a un resultado de compilaci├│n incorrecto. Los archivos implicados son C:\Users\4stro\Desktop\geode\the-coin-guide\build\_deps\bindings-src\bindings\2.2081\inline\SetTextPopup.cpp, C:\Users\4stro\Desktop\geode\the-coin-guide\build\bindings\bindings\Geode\source\SetTextPopup.cpp. [C:\Users\4stro\Desktop\geode\the-coin-guide\build\bindings\GeodeBindings.vcxproj]
E:\msvisual2026\MSBuild\Microsoft\VC\v180\Microsoft.CppBuild.targets(1139,5): warning MSB8027: Dos o m├ís archivos con el mismo nombre de SetTextPopupDelegate.cpp producir├ín salidas en la misma ubicaci├│n. Esto puede dar lugar a un resultado de compilaci├│n incorrecto. Los archivos implicados son C:\Users\4stro\Desktop\geode\the-coin-guide\build\_deps\bindings-src\bindings\2.2081\inline\SetTextPopupDelegate.cpp, C:\Users\4stro\Desktop\geode\the-coin-guide\build\bindings\bindings\Geode\source\SetTextPopupDelegate.cpp. [C:\Users\4stro\Desktop\geode\the-coin-guide\build\bindings\GeodeBindings.vcxproj]
E:\msvisual2026\MSBuild\Microsoft\VC\v180\Microsoft.CppBuild.targets(1139,5): warning MSB8027: Dos o m├ís archivos con el mismo nombre de SetupAdvFollowEditPhysicsPopup.cpp producir├ín salidas en la misma ubicaci├│n. Esto puede dar lugar a un resultado de compilaci├│n incorrecto. Los archivos implicados son C:\Users\4stro\Desktop\geode\the-coin-guide\build\_deps\bindings-src\bindings\2.2081\inline\SetupAdvFollowEditPhysicsPopup.cpp, C:\Users\4stro\Desktop\geode\the-coin-guide\build\bindings\bindings\Geode\source\SetupAdvFollowEditPhysicsPopup.cpp. [C:\Users\4stro\Desktop\geode\the-coin-guide\build\bindings\GeodeBindings.vcxproj]
E:\msvisual2026\MSBuild\Microsoft\VC\v180\Microsoft.CppBuild.targets(1139,5): warning MSB8027: Dos o m├ís archivos con el mismo nombre de SetupAdvFollowPopup.cpp producir├ín salidas en la misma ubicaci├│n. Esto puede dar lugar a un resultado de compilaci├│n incorrecto. Los archivos implicados son C:\Users\4stro\Desktop\geode\the-coin-guide\build\_deps\bindings-src\bindings\2.2081\inline\SetupAdvFollowPopup.cpp, C:\Users\4stro\Desktop\geode\the-coin-guide\build\bindings\bindings\Geode\source\SetupAdvFollowPopup.cpp. [C:\Users\4stro\Desktop\geode\the-coin-guide\build\bindings\GeodeBindings.vcxproj]
E:\msvisual2026\MSBuild\Microsoft\VC\v180\Microsoft.CppBuild.targets(1139,5): warning MSB8027: Dos o m├ís archivos con el mismo nombre de SetupAdvFollowRetargetPopup.cpp producir├ín salidas en la misma ubicaci├│n. Esto puede dar lugar a un resultado de compilaci├│n incorrecto. Los archivos implicados son C:\Users\4stro\Desktop\geode\the-coin-guide\build\_deps\bindings-src\bindings\2.2081\inline\SetupAdvFollowRetargetPopup.cpp, C:\Users\4stro\Desktop\geode\the-coin-guide\build\bindings\bindings\Geode\source\SetupAdvFollowRetargetPopup.cpp. [C:\Users\4stro\Desktop\geode\the-coin-guide\build\bindings\GeodeBindings.vcxproj]
E:\msvisual2026\MSBuild\Microsoft\VC\v180\Microsoft.CppBuild.targets(1139,5): warning MSB8027: Dos o m├ís archivos con el mismo nombre de SetupAnimSettingsPopup.cpp producir├ín salidas en la misma ubicaci├│n. Esto puede dar lugar a un resultado de compilaci├│n incorrecto. Los archivos implicados son C:\Users\4stro\Desktop\geode\the-coin-guide\build\_deps\bindings-src\bindings\2.2081\inline\SetupAnimSettingsPopup.cpp, C:\Users\4stro\Desktop\geode\the-coin-guide\build\bindings\bindings\Geode\source\SetupAnimSettingsPopup.cpp. [C:\Users\4stro\Desktop\geode\the-coin-guide\build\bindings\GeodeBindings.vcxproj]
E:\msvisual2026\MSBuild\Microsoft\VC\v180\Microsoft.CppBuild.targets(1139,5): warning MSB8027: Dos o m├ís archivos con el mismo nombre de SetupAnimationPopup.cpp producir├ín salidas en la misma ubicaci├│n. Esto puede dar lugar a un resultado de compilaci├│n incorrecto. Los archivos implicados son C:\Users\4stro\Desktop\geode\the-coin-guide\build\_deps\bindings-src\bindings\2.2081\inline\SetupAnimationPopup.cpp, C:\Users\4stro\Desktop\geode\the-coin-guide\build\bindings\bindings\Geode\source\SetupAnimationPopup.cpp. [C:\Users\4stro\Desktop\geode\the-coin-guide\build\bindings\GeodeBindings.vcxproj]
E:\msvisual2026\MSBuild\Microsoft\VC\v180\Microsoft.CppBuild.targets(1139,5): warning MSB8027: Dos o m├ís archivos con el mismo nombre de SetupAreaAnimTriggerPopup.cpp producir├ín salidas en la misma ubicaci├│n. Esto puede dar lugar a un resultado de compilaci├│n incorrecto. Los archivos implicados son C:\Users\4stro\Desktop\geode\the-coin-guide\build\_deps\bindings-src\bindings\2.2081\inline\SetupAreaAnimTriggerPopup.cpp, C:\Users\4stro\Desktop\geode\the-coin-guide\build\bindings\bindings\Geode\source\SetupAreaAnimTriggerPopup.cpp. [C:\Users\4stro\Desktop\geode\the-coin-guide\build\bindings\GeodeBindings.vcxproj]
E:\msvisual2026\MSBuild\Microsoft\VC\v180\Microsoft.CppBuild.targets(1139,5): warning MSB8027: Dos o m├ís archivos con el mismo nombre de SetupAreaFadeTriggerPopup.cpp producir├ín salidas en la misma ubicaci├│n. Esto puede dar lugar a un resultado de compilaci├│n incorrecto. Los archivos implicados son C:\Users\4stro\Desktop\geode\the-coin-guide\build\_deps\bindings-src\bindings\2.2081\inline\SetupAreaFadeTriggerPopup.cpp, C:\Users\4stro\Desktop\geode\the-coin-guide\build\bindings\bindings\Geode\source\SetupAreaFadeTriggerPopup.cpp. [C:\Users\4stro\Desktop\geode\the-coin-guide\build\bindings\GeodeBindings.vcxproj]
E:\msvisual2026\MSBuild\Microsoft\VC\v180\Microsoft.CppBuild.targets(1139,5): warning MSB8027: Dos o m├ís archivos con el mismo nombre de SetupAreaMoveTriggerPopup.cpp producir├ín salidas en la misma ubicaci├│n. Esto puede dar lugar a un resultado de compilaci├│n incorrecto. Los archivos implicados son C:\Users\4stro\Desktop\geode\the-coin-guide\build\_deps\bindings-src\bindings\2.2081\inline\SetupAreaMoveTriggerPopup.cpp, C:\Users\4stro\Desktop\geode\the-coin-guide\build\bindings\bindings\Geode\source\SetupAreaMoveTriggerPopup.cpp. [C:\Users\4stro\Desktop\geode\the-coin-guide\build\bindings\GeodeBindings.vcxproj]
E:\msvisual2026\MSBuild\Microsoft\VC\v180\Microsoft.CppBuild.targets(1139,5): warning MSB8027: Dos o m├ís archivos con el mismo nombre de SetupAreaRotateTriggerPopup.cpp producir├ín salidas en la misma ubicaci├│n. Esto puede dar lugar a un resultado de compilaci├│n incorrecto. Los archivos implicados son C:\Users\4stro\Desktop\geode\the-coin-guide\build\_deps\bindings-src\bindings\2.2081\inline\SetupAreaRotateTriggerPopup.cpp, C:\Users\4stro\Desktop\geode\the-coin-guide\build\bindings\bindings\Geode\source\SetupAreaRotateTriggerPopup.cpp. [C:\Users\4stro\Desktop\geode\the-coin-guide\build\bindings\GeodeBindings.vcxproj]
E:\msvisual2026\MSBuild\Microsoft\VC\v180\Microsoft.CppBuild.targets(1139,5): warning MSB8027: Dos o m├ís archivos con el mismo nombre de SetupAreaTintTriggerPopup.cpp producir├ín salidas en la misma ubicaci├│n. Esto puede dar lugar a un resultado de compilaci├│n incorrecto. Los archivos implicados son C:\Users\4stro\Desktop\geode\the-coin-guide\build\_deps\bindings-src\bindings\2.2081\inline\SetupAreaTintTriggerPopup.cpp, C:\Users\4stro\Desktop\geode\the-coin-guide\build\bindings\bindings\Geode\source\SetupAreaTintTriggerPopup.cpp. [C:\Users\4stro\Desktop\geode\the-coin-guide\build\bindings\GeodeBindings.vcxproj]
E:\msvisual2026\MSBuild\Microsoft\VC\v180\Microsoft.CppBuild.targets(1139,5): warning MSB8027: Dos o m├ís archivos con el mismo nombre de SetupAreaTransformTriggerPopup.cpp producir├ín salidas en la misma ubicaci├│n. Esto puede dar lugar a un resultado de compilaci├│n incorrecto. Los archivos implicados son C:\Users\4stro\Desktop\geode\the-coin-guide\build\_deps\bindings-src\bindings\2.2081\inline\SetupAreaTransformTriggerPopup.cpp, C:\Users\4stro\Desktop\geode\the-coin-guide\build\bindings\bindings\Geode\source\SetupAreaTransformTriggerPopup.cpp. [C:\Users\4stro\Desktop\geode\the-coin-guide\build\bindings\GeodeBindings.vcxproj]
E:\msvisual2026\MSBuild\Microsoft\VC\v180\Microsoft.CppBuild.targets(1139,5): warning MSB8027: Dos o m├ís archivos con el mismo nombre de SetupAreaTriggerPopup.cpp producir├ín salidas en la misma ubicaci├│n. Esto puede dar lugar a un resultado de compilaci├│n incorrecto. Los archivos implicados son C:\Users\4stro\Desktop\geode\the-coin-guide\build\_deps\bindings-src\bindings\2.2081\inline\SetupAreaTriggerPopup.cpp, C:\Users\4stro\Desktop\geode\the-coin-guide\build\bindings\bindings\Geode\source\SetupAreaTriggerPopup.cpp. [C:\Users\4stro\Desktop\geode\the-coin-guide\build\bindings\GeodeBindings.vcxproj]
E:\msvisual2026\MSBuild\Microsoft\VC\v180\Microsoft.CppBuild.targets(1139,5): warning MSB8027: Dos o m├ís archivos con el mismo nombre de SetupArtSwitchPopup.cpp producir├ín salidas en la misma ubicaci├│n. Esto puede dar lugar a un resultado de compilaci├│n incorrecto. Los archivos implicados son C:\Users\4stro\Desktop\geode\the-coin-guide\build\_deps\bindings-src\bindings\2.2081\inline\SetupArtSwitchPopup.cpp, C:\Users\4stro\Desktop\geode\the-coin-guide\build\bindings\bindings\Geode\source\SetupArtSwitchPopup.cpp. [C:\Users\4stro\Desktop\geode\the-coin-guide\build\bindings\GeodeBindings.vcxproj]
E:\msvisual2026\MSBuild\Microsoft\VC\v180\Microsoft.CppBuild.targets(1139,5): warning MSB8027: Dos o m├ís archivos con el mismo nombre de SetupAudioLineGuidePopup.cpp producir├ín salidas en la misma ubicaci├│n. Esto puede dar lugar a un resultado de compilaci├│n incorrecto. Los archivos implicados son C:\Users\4stro\Desktop\geode\the-coin-guide\build\_deps\bindings-src\bindings\2.2081\inline\SetupAudioLineGuidePopup.cpp, C:\Users\4stro\Desktop\geode\the-coin-guide\build\bindings\bindings\Geode\source\SetupAudioLineGuidePopup.cpp. [C:\Users\4stro\Desktop\geode\the-coin-guide\build\bindings\GeodeBindings.vcxproj]
E:\msvisual2026\MSBuild\Microsoft\VC\v180\Microsoft.CppBuild.targets(1139,5): warning MSB8027: Dos o m├ís archivos con el mismo nombre de SetupAudioTriggerPopup.cpp producir├ín salidas en la misma ubicaci├│n. Esto puede dar lugar a un resultado de compilaci├│n incorrecto. Los archivos implicados son C:\Users\4stro\Desktop\geode\the-coin-guide\build\_deps\bindings-src\bindings\2.2081\inline\SetupAudioTriggerPopup.cpp, C:\Users\4stro\Desktop\geode\the-coin-guide\build\bindings\bindings\Geode\source\SetupAudioTriggerPopup.cpp. [C:\Users\4stro\Desktop\geode\the-coin-guide\build\bindings\GeodeBindings.vcxproj]
E:\msvisual2026\MSBuild\Microsoft\VC\v180\Microsoft.CppBuild.targets(1139,5): warning MSB8027: Dos o m├ís archivos con el mismo nombre de SetupBGSpeedTrigger.cpp producir├ín salidas en la misma ubicaci├│n. Esto puede dar lugar a un resultado de compilaci├│n incorrecto. Los archivos implicados son C:\Users\4stro\Desktop\geode\the-coin-guide\build\_deps\bindings-src\bindings\2.2081\inline\SetupBGSpeedTrigger.cpp, C:\Users\4stro\Desktop\geode\the-coin-guide\build\bindings\bindings\Geode\source\SetupBGSpeedTrigger.cpp. [C:\Users\4stro\Desktop\geode\the-coin-guide\build\bindings\GeodeBindings.vcxproj]
E:\msvisual2026\MSBuild\Microsoft\VC\v180\Microsoft.CppBuild.targets(1139,5): warning MSB8027: Dos o m├ís archivos con el mismo nombre de SetupCameraEdgePopup.cpp producir├ín salidas en la misma ubicaci├│n. Esto puede dar lugar a un resultado de compilaci├│n incorrecto. Los archivos implicados son C:\Users\4stro\Desktop\geode\the-coin-guide\build\_deps\bindings-src\bindings\2.2081\inline\SetupCameraEdgePopup.cpp, C:\Users\4stro\Desktop\geode\the-coin-guide\build\bindings\bindings\Geode\source\SetupCameraEdgePopup.cpp. [C:\Users\4stro\Desktop\geode\the-coin-guide\build\bindings\GeodeBindings.vcxproj]
E:\msvisual2026\MSBuild\Microsoft\VC\v180\Microsoft.CppBuild.targets(1139,5): warning MSB8027: Dos o m├ís archivos con el mismo nombre de SetupCameraGuidePopup.cpp producir├ín salidas en la misma ubicaci├│n. Esto puede dar lugar a un resultado de compilaci├│n incorrecto. Los archivos implicados son C:\Users\4stro\Desktop\geode\the-coin-guide\build\_deps\bindings-src\bindings\2.2081\inline\SetupCameraGuidePopup.cpp, C:\Users\4stro\Desktop\geode\the-coin-guide\build\bindings\bindings\Geode\source\SetupCameraGuidePopup.cpp. [C:\Users\4stro\Desktop\geode\the-coin-guide\build\bindings\GeodeBindings.vcxproj]
E:\msvisual2026\MSBuild\Microsoft\VC\v180\Microsoft.CppBuild.targets(1139,5): warning MSB8027: Dos o m├ís archivos con el mismo nombre de SetupCameraModePopup.cpp producir├ín salidas en la misma ubicaci├│n. Esto puede dar lugar a un resultado de compilaci├│n incorrecto. Los archivos implicados son C:\Users\4stro\Desktop\geode\the-coin-guide\build\_deps\bindings-src\bindings\2.2081\inline\SetupCameraModePopup.cpp, C:\Users\4stro\Desktop\geode\the-coin-guide\build\bindings\bindings\Geode\source\SetupCameraModePopup.cpp. [C:\Users\4stro\Desktop\geode\the-coin-guide\build\bindings\GeodeBindings.vcxproj]
E:\msvisual2026\MSBuild\Microsoft\VC\v180\Microsoft.CppBuild.targets(1139,5): warning MSB8027: Dos o m├ís archivos con el mismo nombre de SetupCameraOffsetTrigger.cpp producir├ín salidas en la misma ubicaci├│n. Esto puede dar lugar a un resultado de compilaci├│n incorrecto. Los archivos implicados son C:\Users\4stro\Desktop\geode\the-coin-guide\build\_deps\bindings-src\bindings\2.2081\inline\SetupCameraOffsetTrigger.cpp, C:\Users\4stro\Desktop\geode\the-coin-guide\build\bindings\bindings\Geode\source\SetupCameraOffsetTrigger.cpp. [C:\Users\4stro\Desktop\geode\the-coin-guide\build\bindings\GeodeBindings.vcxproj]
E:\msvisual2026\MSBuild\Microsoft\VC\v180\Microsoft.CppBuild.targets(1139,5): warning MSB8027: Dos o m├ís archivos con el mismo nombre de SetupCameraRotatePopup.cpp producir├ín salidas en la misma ubicaci├│n. Esto puede dar lugar a un resultado de compilaci├│n incorrecto. Los archivos implicados son C:\Users\4stro\Desktop\geode\the-coin-guide\build\_deps\bindings-src\bindings\2.2081\inline\SetupCameraRotatePopup.cpp, C:\Users\4stro\Desktop\geode\the-coin-guide\build\bindings\bindings\Geode\source\SetupCameraRotatePopup.cpp. [C:\Users\4stro\Desktop\geode\the-coin-guide\build\bindings\GeodeBindings.vcxproj]
E:\msvisual2026\MSBuild\Microsoft\VC\v180\Microsoft.CppBuild.targets(1139,5): warning MSB8027: Dos o m├ís archivos con el mismo nombre de SetupCameraRotatePopup2.cpp producir├ín salidas en la misma ubicaci├│n. Esto puede dar lugar a un resultado de compilaci├│n incorrecto. Los archivos implicados son C:\Users\4stro\Desktop\geode\the-coin-guide\build\_deps\bindings-src\bindings\2.2081\inline\SetupCameraRotatePopup2.cpp, C:\Users\4stro\Desktop\geode\the-coin-guide\build\bindings\bindings\Geode\source\SetupCameraRotatePopup2.cpp. [C:\Users\4stro\Desktop\geode\the-coin-guide\build\bindings\GeodeBindings.vcxproj]
E:\msvisual2026\MSBuild\Microsoft\VC\v180\Microsoft.CppBuild.targets(1139,5): warning MSB8027: Dos o m├ís archivos con el mismo nombre de SetupCheckpointPopup.cpp producir├ín salidas en la misma ubicaci├│n. Esto puede dar lugar a un resultado de compilaci├│n incorrecto. Los archivos implicados son C:\Users\4stro\Desktop\geode\the-coin-guide\build\_deps\bindings-src\bindings\2.2081\inline\SetupCheckpointPopup.cpp, C:\Users\4stro\Desktop\geode\the-coin-guide\build\bindings\bindings\Geode\source\SetupCheckpointPopup.cpp. [C:\Users\4stro\Desktop\geode\the-coin-guide\build\bindings\GeodeBindings.vcxproj]
E:\msvisual2026\MSBuild\Microsoft\VC\v180\Microsoft.CppBuild.targets(1139,5): warning MSB8027: Dos o m├ís archivos con el mismo nombre de SetupCoinLayer.cpp producir├ín salidas en la misma ubicaci├│n. Esto puede dar lugar a un resultado de compilaci├│n incorrecto. Los archivos implicados son C:\Users\4stro\Desktop\geode\the-coin-guide\build\_deps\bindings-src\bindings\2.2081\inline\SetupCoinLayer.cpp, C:\Users\4stro\Desktop\geode\the-coin-guide\build\bindings\bindings\Geode\source\SetupCoinLayer.cpp. [C:\Users\4stro\Desktop\geode\the-coin-guide\build\bindings\GeodeBindings.vcxproj]
E:\msvisual2026\MSBuild\Microsoft\VC\v180\Microsoft.CppBuild.targets(1139,5): warning MSB8027: Dos o m├ís archivos con el mismo nombre de SetupCollisionStateTriggerPopup.cpp producir├ín salidas en la misma ubicaci├│n. Esto puede dar lugar a un resultado de compilaci├│n incorrecto. Los archivos implicados son C:\Users\4stro\Desktop\geode\the-coin-guide\build\_deps\bindings-src\bindings\2.2081\inline\SetupCollisionStateTriggerPopup.cpp, C:\Users\4stro\Desktop\geode\the-coin-guide\build\bindings\bindings\Geode\source\SetupCollisionStateTriggerPopup.cpp. [C:\Users\4stro\Desktop\geode\the-coin-guide\build\bindings\GeodeBindings.vcxproj]
E:\msvisual2026\MSBuild\Microsoft\VC\v180\Microsoft.CppBuild.targets(1139,5): warning MSB8027: Dos o m├ís archivos con el mismo nombre de SetupCollisionTriggerPopup.cpp producir├ín salidas en la misma ubicaci├│n. Esto puede dar lugar a un resultado de compilaci├│n incorrecto. Los archivos implicados son C:\Users\4stro\Desktop\geode\the-coin-guide\build\_deps\bindings-src\bindings\2.2081\inline\SetupCollisionTriggerPopup.cpp, C:\Users\4stro\Desktop\geode\the-coin-guide\build\bindings\bindings\Geode\source\SetupCollisionTriggerPopup.cpp. [C:\Users\4stro\Desktop\geode\the-coin-guide\build\bindings\GeodeBindings.vcxproj]
E:\msvisual2026\MSBuild\Microsoft\VC\v180\Microsoft.CppBuild.targets(1139,5): warning MSB8027: Dos o m├ís archivos con el mismo nombre de SetupCountTriggerPopup.cpp producir├ín salidas en la misma ubicaci├│n. Esto puede dar lugar a un resultado de compilaci├│n incorrecto. Los archivos implicados son C:\Users\4stro\Desktop\geode\the-coin-guide\build\_deps\bindings-src\bindings\2.2081\inline\SetupCountTriggerPopup.cpp, C:\Users\4stro\Desktop\geode\the-coin-guide\build\bindings\bindings\Geode\source\SetupCountTriggerPopup.cpp. [C:\Users\4stro\Desktop\geode\the-coin-guide\build\bindings\GeodeBindings.vcxproj]
E:\msvisual2026\MSBuild\Microsoft\VC\v180\Microsoft.CppBuild.targets(1139,5): warning MSB8027: Dos o m├ís archivos con el mismo nombre de SetupDashRingPopup.cpp producir├ín salidas en la misma ubicaci├│n. Esto puede dar lugar a un resultado de compilaci├│n incorrecto. Los archivos implicados son C:\Users\4stro\Desktop\geode\the-coin-guide\build\_deps\bindings-src\bindings\2.2081\inline\SetupDashRingPopup.cpp, C:\Users\4stro\Desktop\geode\the-coin-guide\build\bindings\bindings\Geode\source\SetupDashRingPopup.cpp. [C:\Users\4stro\Desktop\geode\the-coin-guide\build\bindings\GeodeBindings.vcxproj]
E:\msvisual2026\MSBuild\Microsoft\VC\v180\Microsoft.CppBuild.targets(1139,5): warning MSB8027: Dos o m├ís archivos con el mismo nombre de SetupEndPopup.cpp producir├ín salidas en la misma ubicaci├│n. Esto puede dar lugar a un resultado de compilaci├│n incorrecto. Los archivos implicados son C:\Users\4stro\Desktop\geode\the-coin-guide\build\_deps\bindings-src\bindings\2.2081\inline\SetupEndPopup.cpp, C:\Users\4stro\Desktop\geode\the-coin-guide\build\bindings\bindings\Geode\source\SetupEndPopup.cpp. [C:\Users\4stro\Desktop\geode\the-coin-guide\build\bindings\GeodeBindings.vcxproj]
E:\msvisual2026\MSBuild\Microsoft\VC\v180\Microsoft.CppBuild.targets(1139,5): warning MSB8027: Dos o m├ís archivos con el mismo nombre de SetupEnterEffectPopup.cpp producir├ín salidas en la misma ubicaci├│n. Esto puede dar lugar a un resultado de compilaci├│n incorrecto. Los archivos implicados son C:\Users\4stro\Desktop\geode\the-coin-guide\build\_deps\bindings-src\bindings\2.2081\inline\SetupEnterEffectPopup.cpp, C:\Users\4stro\Desktop\geode\the-coin-guide\build\bindings\bindings\Geode\source\SetupEnterEffectPopup.cpp. [C:\Users\4stro\Desktop\geode\the-coin-guide\build\bindings\GeodeBindings.vcxproj]
E:\msvisual2026\MSBuild\Microsoft\VC\v180\Microsoft.CppBuild.targets(1139,5): warning MSB8027: Dos o m├ís archivos con el mismo nombre de SetupEnterTriggerPopup.cpp producir├ín salidas en la misma ubicaci├│n. Esto puede dar lugar a un resultado de compilaci├│n incorrecto. Los archivos implicados son C:\Users\4stro\Desktop\geode\the-coin-guide\build\_deps\bindings-src\bindings\2.2081\inline\SetupEnterTriggerPopup.cpp, C:\Users\4stro\Desktop\geode\the-coin-guide\build\bindings\bindings\Geode\source\SetupEnterTriggerPopup.cpp. [C:\Users\4stro\Desktop\geode\the-coin-guide\build\bindings\GeodeBindings.vcxproj]
E:\msvisual2026\MSBuild\Microsoft\VC\v180\Microsoft.CppBuild.targets(1139,5): warning MSB8027: Dos o m├ís archivos con el mismo nombre de SetupEventLinkPopup.cpp producir├ín salidas en la misma ubicaci├│n. Esto puede dar lugar a un resultado de compilaci├│n incorrecto. Los archivos implicados son C:\Users\4stro\Desktop\geode\the-coin-guide\build\_deps\bindings-src\bindings\2.2081\inline\SetupEventLinkPopup.cpp, C:\Users\4stro\Desktop\geode\the-coin-guide\build\bindings\bindings\Geode\source\SetupEventLinkPopup.cpp. [C:\Users\4stro\Desktop\geode\the-coin-guide\build\bindings\GeodeBindings.vcxproj]
E:\msvisual2026\MSBuild\Microsoft\VC\v180\Microsoft.CppBuild.targets(1139,5): warning MSB8027: Dos o m├ís archivos con el mismo nombre de SetupForceBlockPopup.cpp producir├ín salidas en la misma ubicaci├│n. Esto puede dar lugar a un resultado de compilaci├│n incorrecto. Los archivos implicados son C:\Users\4stro\Desktop\geode\the-coin-guide\build\_deps\bindings-src\bindings\2.2081\inline\SetupForceBlockPopup.cpp, C:\Users\4stro\Desktop\geode\the-coin-guide\build\bindings\bindings\Geode\source\SetupForceBlockPopup.cpp. [C:\Users\4stro\Desktop\geode\the-coin-guide\build\bindings\GeodeBindings.vcxproj]
E:\msvisual2026\MSBuild\Microsoft\VC\v180\Microsoft.CppBuild.targets(1139,5): warning MSB8027: Dos o m├ís archivos con el mismo nombre de SetupGameplayOffsetPopup.cpp producir├ín salidas en la misma ubicaci├│n. Esto puede dar lugar a un resultado de compilaci├│n incorrecto. Los archivos implicados son C:\Users\4stro\Desktop\geode\the-coin-guide\build\_deps\bindings-src\bindings\2.2081\inline\SetupGameplayOffsetPopup.cpp, C:\Users\4stro\Desktop\geode\the-coin-guide\build\bindings\bindings\Geode\source\SetupGameplayOffsetPopup.cpp. [C:\Users\4stro\Desktop\geode\the-coin-guide\build\bindings\GeodeBindings.vcxproj]
E:\msvisual2026\MSBuild\Microsoft\VC\v180\Microsoft.CppBuild.targets(1139,5): warning MSB8027: Dos o m├ís archivos con el mismo nombre de SetupGradientPopup.cpp producir├ín salidas en la misma ubicaci├│n. Esto puede dar lugar a un resultado de compilaci├│n incorrecto. Los archivos implicados son C:\Users\4stro\Desktop\geode\the-coin-guide\build\_deps\bindings-src\bindings\2.2081\inline\SetupGradientPopup.cpp, C:\Users\4stro\Desktop\geode\the-coin-guide\build\bindings\bindings\Geode\source\SetupGradientPopup.cpp. [C:\Users\4stro\Desktop\geode\the-coin-guide\build\bindings\GeodeBindings.vcxproj]
E:\msvisual2026\MSBuild\Microsoft\VC\v180\Microsoft.CppBuild.targets(1139,5): warning MSB8027: Dos o m├ís archivos con el mismo nombre de SetupGravityModPopup.cpp producir├ín salidas en la misma ubicaci├│n. Esto puede dar lugar a un resultado de compilaci├│n incorrecto. Los archivos implicados son C:\Users\4stro\Desktop\geode\the-coin-guide\build\_deps\bindings-src\bindings\2.2081\inline\SetupGravityModPopup.cpp, C:\Users\4stro\Desktop\geode\the-coin-guide\build\bindings\bindings\Geode\source\SetupGravityModPopup.cpp. [C:\Users\4stro\Desktop\geode\the-coin-guide\build\bindings\GeodeBindings.vcxproj]
E:\msvisual2026\MSBuild\Microsoft\VC\v180\Microsoft.CppBuild.targets(1139,5): warning MSB8027: Dos o m├ís archivos con el mismo nombre de SetupGravityTriggerPopup.cpp producir├ín salidas en la misma ubicaci├│n. Esto puede dar lugar a un resultado de compilaci├│n incorrecto. Los archivos implicados son C:\Users\4stro\Desktop\geode\the-coin-guide\build\_deps\bindings-src\bindings\2.2081\inline\SetupGravityTriggerPopup.cpp, C:\Users\4stro\Desktop\geode\the-coin-guide\build\bindings\bindings\Geode\source\SetupGravityTriggerPopup.cpp. [C:\Users\4stro\Desktop\geode\the-coin-guide\build\bindings\GeodeBindings.vcxproj]
E:\msvisual2026\MSBuild\Microsoft\VC\v180\Microsoft.CppBuild.targets(1139,5): warning MSB8027: Dos o m├ís archivos con el mismo nombre de SetupInstantCollisionTriggerPopup.cpp producir├ín salidas en la misma ubicaci├│n. Esto puede dar lugar a un resultado de compilaci├│n incorrecto. Los archivos implicados son C:\Users\4stro\Desktop\geode\the-coin-guide\build\_deps\bindings-src\bindings\2.2081\inline\SetupInstantCollisionTriggerPopup.cpp, C:\Users\4stro\Desktop\geode\the-coin-guide\build\bindings\bindings\Geode\source\SetupInstantCollisionTriggerPopup.cpp. [C:\Users\4stro\Desktop\geode\the-coin-guide\build\bindings\GeodeBindings.vcxproj]
E:\msvisual2026\MSBuild\Microsoft\VC\v180\Microsoft.CppBuild.targets(1139,5): warning MSB8027: Dos o m├ís archivos con el mismo nombre de SetupInstantCountPopup.cpp producir├ín salidas en la misma ubicaci├│n. Esto puede dar lugar a un resultado de compilaci├│n incorrecto. Los archivos implicados son C:\Users\4stro\Desktop\geode\the-coin-guide\build\_deps\bindings-src\bindings\2.2081\inline\SetupInstantCountPopup.cpp, C:\Users\4stro\Desktop\geode\the-coin-guide\build\bindings\bindings\Geode\source\SetupInstantCountPopup.cpp. [C:\Users\4stro\Desktop\geode\the-coin-guide\build\bindings\GeodeBindings.vcxproj]
E:\msvisual2026\MSBuild\Microsoft\VC\v180\Microsoft.CppBuild.targets(1139,5): warning MSB8027: Dos o m├ís archivos con el mismo nombre de SetupInteractObjectPopup.cpp producir├ín salidas en la misma ubicaci├│n. Esto puede dar lugar a un resultado de compilaci├│n incorrecto. Los archivos implicados son C:\Users\4stro\Desktop\geode\the-coin-guide\build\_deps\bindings-src\bindings\2.2081\inline\SetupInteractObjectPopup.cpp, C:\Users\4stro\Desktop\geode\the-coin-guide\build\bindings\bindings\Geode\source\SetupInteractObjectPopup.cpp. [C:\Users\4stro\Desktop\geode\the-coin-guide\build\bindings\GeodeBindings.vcxproj]
E:\msvisual2026\MSBuild\Microsoft\VC\v180\Microsoft.CppBuild.targets(1139,5): warning MSB8027: Dos o m├ís archivos con el mismo nombre de SetupItemCompareTriggerPopup.cpp producir├ín salidas en la misma ubicaci├│n. Esto puede dar lugar a un resultado de compilaci├│n incorrecto. Los archivos implicados son C:\Users\4stro\Desktop\geode\the-coin-guide\build\_deps\bindings-src\bindings\2.2081\inline\SetupItemCompareTriggerPopup.cpp, C:\Users\4stro\Desktop\geode\the-coin-guide\build\bindings\bindings\Geode\source\SetupItemCompareTriggerPopup.cpp. [C:\Users\4stro\Desktop\geode\the-coin-guide\build\bindings\GeodeBindings.vcxproj]
E:\msvisual2026\MSBuild\Microsoft\VC\v180\Microsoft.CppBuild.targets(1139,5): warning MSB8027: Dos o m├ís archivos con el mismo nombre de SetupItemEditTriggerPopup.cpp producir├ín salidas en la misma ubicaci├│n. Esto puede dar lugar a un resultado de compilaci├│n incorrecto. Los archivos implicados son C:\Users\4stro\Desktop\geode\the-coin-guide\build\_deps\bindings-src\bindings\2.2081\inline\SetupItemEditTriggerPopup.cpp, C:\Users\4stro\Desktop\geode\the-coin-guide\build\bindings\bindings\Geode\source\SetupItemEditTriggerPopup.cpp. [C:\Users\4stro\Desktop\geode\the-coin-guide\build\bindings\GeodeBindings.vcxproj]
E:\msvisual2026\MSBuild\Microsoft\VC\v180\Microsoft.CppBuild.targets(1139,5): warning MSB8027: Dos o m├ís archivos con el mismo nombre de SetupKeyframeAnimPopup.cpp producir├ín salidas en la misma ubicaci├│n. Esto puede dar lugar a un resultado de compilaci├│n incorrecto. Los archivos implicados son C:\Users\4stro\Desktop\geode\the-coin-guide\build\_deps\bindings-src\bindings\2.2081\inline\SetupKeyframeAnimPopup.cpp, C:\Users\4stro\Desktop\geode\the-coin-guide\build\bindings\bindings\Geode\source\SetupKeyframeAnimPopup.cpp. [C:\Users\4stro\Desktop\geode\the-coin-guide\build\bindings\GeodeBindings.vcxproj]
E:\msvisual2026\MSBuild\Microsoft\VC\v180\Microsoft.CppBuild.targets(1139,5): warning MSB8027: Dos o m├ís archivos con el mismo nombre de SetupKeyframePopup.cpp producir├ín salidas en la misma ubicaci├│n. Esto puede dar lugar a un resultado de compilaci├│n incorrecto. Los archivos implicados son C:\Users\4stro\Desktop\geode\the-coin-guide\build\_deps\bindings-src\bindings\2.2081\inline\SetupKeyframePopup.cpp, C:\Users\4stro\Desktop\geode\the-coin-guide\build\bindings\bindings\Geode\source\SetupKeyframePopup.cpp. [C:\Users\4stro\Desktop\geode\the-coin-guide\build\bindings\GeodeBindings.vcxproj]
E:\msvisual2026\MSBuild\Microsoft\VC\v180\Microsoft.CppBuild.targets(1139,5): warning MSB8027: Dos o m├ís archivos con el mismo nombre de SetupMGTrigger.cpp producir├ín salidas en la misma ubicaci├│n. Esto puede dar lugar a un resultado de compilaci├│n incorrecto. Los archivos implicados son C:\Users\4stro\Desktop\geode\the-coin-guide\build\_deps\bindings-src\bindings\2.2081\inline\SetupMGTrigger.cpp, C:\Users\4stro\Desktop\geode\the-coin-guide\build\bindings\bindings\Geode\source\SetupMGTrigger.cpp. [C:\Users\4stro\Desktop\geode\the-coin-guide\build\bindings\GeodeBindings.vcxproj]
E:\msvisual2026\MSBuild\Microsoft\VC\v180\Microsoft.CppBuild.targets(1139,5): warning MSB8027: Dos o m├ís archivos con el mismo nombre de SetupMoveCommandPopup.cpp producir├ín salidas en la misma ubicaci├│n. Esto puede dar lugar a un resultado de compilaci├│n incorrecto. Los archivos implicados son C:\Users\4stro\Desktop\geode\the-coin-guide\build\_deps\bindings-src\bindings\2.2081\inline\SetupMoveCommandPopup.cpp, C:\Users\4stro\Desktop\geode\the-coin-guide\build\bindings\bindings\Geode\source\SetupMoveCommandPopup.cpp. [C:\Users\4stro\Desktop\geode\the-coin-guide\build\bindings\GeodeBindings.vcxproj]
E:\msvisual2026\MSBuild\Microsoft\VC\v180\Microsoft.CppBuild.targets(1139,5): warning MSB8027: Dos o m├ís archivos con el mismo nombre de SetupObjectControlPopup.cpp producir├ín salidas en la misma ubicaci├│n. Esto puede dar lugar a un resultado de compilaci├│n incorrecto. Los archivos implicados son C:\Users\4stro\Desktop\geode\the-coin-guide\build\_deps\bindings-src\bindings\2.2081\inline\SetupObjectControlPopup.cpp, C:\Users\4stro\Desktop\geode\the-coin-guide\build\bindings\bindings\Geode\source\SetupObjectControlPopup.cpp. [C:\Users\4stro\Desktop\geode\the-coin-guide\build\bindings\GeodeBindings.vcxproj]
E:\msvisual2026\MSBuild\Microsoft\VC\v180\Microsoft.CppBuild.targets(1139,5): warning MSB8027: Dos o m├ís archivos con el mismo nombre de SetupObjectOptions2Popup.cpp producir├ín salidas en la misma ubicaci├│n. Esto puede dar lugar a un resultado de compilaci├│n incorrecto. Los archivos implicados son C:\Users\4stro\Desktop\geode\the-coin-guide\build\_deps\bindings-src\bindings\2.2081\inline\SetupObjectOptions2Popup.cpp, C:\Users\4stro\Desktop\geode\the-coin-guide\build\bindings\bindings\Geode\source\SetupObjectOptions2Popup.cpp. [C:\Users\4stro\Desktop\geode\the-coin-guide\build\bindings\GeodeBindings.vcxproj]
E:\msvisual2026\MSBuild\Microsoft\VC\v180\Microsoft.CppBuild.targets(1139,5): warning MSB8027: Dos o m├ís archivos con el mismo nombre de SetupObjectOptionsPopup.cpp producir├ín salidas en la misma ubicaci├│n. Esto puede dar lugar a un resultado de compilaci├│n incorrecto. Los archivos implicados son C:\Users\4stro\Desktop\geode\the-coin-guide\build\_deps\bindings-src\bindings\2.2081\inline\SetupObjectOptionsPopup.cpp, C:\Users\4stro\Desktop\geode\the-coin-guide\build\bindings\bindings\Geode\source\SetupObjectOptionsPopup.cpp. [C:\Users\4stro\Desktop\geode\the-coin-guide\build\bindings\GeodeBindings.vcxproj]
E:\msvisual2026\MSBuild\Microsoft\VC\v180\Microsoft.CppBuild.targets(1139,5): warning MSB8027: Dos o m├ís archivos con el mismo nombre de SetupObjectTogglePopup.cpp producir├ín salidas en la misma ubicaci├│n. Esto puede dar lugar a un resultado de compilaci├│n incorrecto. Los archivos implicados son C:\Users\4stro\Desktop\geode\the-coin-guide\build\_deps\bindings-src\bindings\2.2081\inline\SetupObjectTogglePopup.cpp, C:\Users\4stro\Desktop\geode\the-coin-guide\build\bindings\bindings\Geode\source\SetupObjectTogglePopup.cpp. [C:\Users\4stro\Desktop\geode\the-coin-guide\build\bindings\GeodeBindings.vcxproj]
E:\msvisual2026\MSBuild\Microsoft\VC\v180\Microsoft.CppBuild.targets(1139,5): warning MSB8027: Dos o m├ís archivos con el mismo nombre de SetupOpacityPopup.cpp producir├ín salidas en la misma ubicaci├│n. Esto puede dar lugar a un resultado de compilaci├│n incorrecto. Los archivos implicados son C:\Users\4stro\Desktop\geode\the-coin-guide\build\_deps\bindings-src\bindings\2.2081\inline\SetupOpacityPopup.cpp, C:\Users\4stro\Desktop\geode\the-coin-guide\build\bindings\bindings\Geode\source\SetupOpacityPopup.cpp. [C:\Users\4stro\Desktop\geode\the-coin-guide\build\bindings\GeodeBindings.vcxproj]
E:\msvisual2026\MSBuild\Microsoft\VC\v180\Microsoft.CppBuild.targets(1139,5): warning MSB8027: Dos o m├ís archivos con el mismo nombre de SetupOptionsTriggerPopup.cpp producir├ín salidas en la misma ubicaci├│n. Esto puede dar lugar a un resultado de compilaci├│n incorrecto. Los archivos implicados son C:\Users\4stro\Desktop\geode\the-coin-guide\build\_deps\bindings-src\bindings\2.2081\inline\SetupOptionsTriggerPopup.cpp, C:\Users\4stro\Desktop\geode\the-coin-guide\build\bindings\bindings\Geode\source\SetupOptionsTriggerPopup.cpp. [C:\Users\4stro\Desktop\geode\the-coin-guide\build\bindings\GeodeBindings.vcxproj]
E:\msvisual2026\MSBuild\Microsoft\VC\v180\Microsoft.CppBuild.targets(1139,5): warning MSB8027: Dos o m├ís archivos con el mismo nombre de SetupPersistentItemTriggerPopup.cpp producir├ín salidas en la misma ubicaci├│n. Esto puede dar lugar a un resultado de compilaci├│n incorrecto. Los archivos implicados son C:\Users\4stro\Desktop\geode\the-coin-guide\build\_deps\bindings-src\bindings\2.2081\inline\SetupPersistentItemTriggerPopup.cpp, C:\Users\4stro\Desktop\geode\the-coin-guide\build\bindings\bindings\Geode\source\SetupPersistentItemTriggerPopup.cpp. [C:\Users\4stro\Desktop\geode\the-coin-guide\build\bindings\GeodeBindings.vcxproj]
E:\msvisual2026\MSBuild\Microsoft\VC\v180\Microsoft.CppBuild.targets(1139,5): warning MSB8027: Dos o m├ís archivos con el mismo nombre de SetupPickupTriggerPopup.cpp producir├ín salidas en la misma ubicaci├│n. Esto puede dar lugar a un resultado de compilaci├│n incorrecto. Los archivos implicados son C:\Users\4stro\Desktop\geode\the-coin-guide\build\_deps\bindings-src\bindings\2.2081\inline\SetupPickupTriggerPopup.cpp, C:\Users\4stro\Desktop\geode\the-coin-guide\build\bindings\bindings\Geode\source\SetupPickupTriggerPopup.cpp. [C:\Users\4stro\Desktop\geode\the-coin-guide\build\bindings\GeodeBindings.vcxproj]
E:\msvisual2026\MSBuild\Microsoft\VC\v180\Microsoft.CppBuild.targets(1139,5): warning MSB8027: Dos o m├ís archivos con el mismo nombre de SetupPlatformerEndPopup.cpp producir├ín salidas en la misma ubicaci├│n. Esto puede dar lugar a un resultado de compilaci├│n incorrecto. Los archivos implicados son C:\Users\4stro\Desktop\geode\the-coin-guide\build\_deps\bindings-src\bindings\2.2081\inline\SetupPlatformerEndPopup.cpp, C:\Users\4stro\Desktop\geode\the-coin-guide\build\bindings\bindings\Geode\source\SetupPlatformerEndPopup.cpp. [C:\Users\4stro\Desktop\geode\the-coin-guide\build\bindings\GeodeBindings.vcxproj]
E:\msvisual2026\MSBuild\Microsoft\VC\v180\Microsoft.CppBuild.targets(1139,5): warning MSB8027: Dos o m├ís archivos con el mismo nombre de SetupPlayerControlPopup.cpp producir├ín salidas en la misma ubicaci├│n. Esto puede dar lugar a un resultado de compilaci├│n incorrecto. Los archivos implicados son C:\Users\4stro\Desktop\geode\the-coin-guide\build\_deps\bindings-src\bindings\2.2081\inline\SetupPlayerControlPopup.cpp, C:\Users\4stro\Desktop\geode\the-coin-guide\build\bindings\bindings\Geode\source\SetupPlayerControlPopup.cpp. [C:\Users\4stro\Desktop\geode\the-coin-guide\build\bindings\GeodeBindings.vcxproj]
E:\msvisual2026\MSBuild\Microsoft\VC\v180\Microsoft.CppBuild.targets(1139,5): warning MSB8027: Dos o m├ís archivos con el mismo nombre de SetupPortalPopup.cpp producir├ín salidas en la misma ubicaci├│n. Esto puede dar lugar a un resultado de compilaci├│n incorrecto. Los archivos implicados son C:\Users\4stro\Desktop\geode\the-coin-guide\build\_deps\bindings-src\bindings\2.2081\inline\SetupPortalPopup.cpp, C:\Users\4stro\Desktop\geode\the-coin-guide\build\bindings\bindings\Geode\source\SetupPortalPopup.cpp. [C:\Users\4stro\Desktop\geode\the-coin-guide\build\bindings\GeodeBindings.vcxproj]
E:\msvisual2026\MSBuild\Microsoft\VC\v180\Microsoft.CppBuild.targets(1139,5): warning MSB8027: Dos o m├ís archivos con el mismo nombre de SetupPulsePopup.cpp producir├ín salidas en la misma ubicaci├│n. Esto puede dar lugar a un resultado de compilaci├│n incorrecto. Los archivos implicados son C:\Users\4stro\Desktop\geode\the-coin-guide\build\_deps\bindings-src\bindings\2.2081\inline\SetupPulsePopup.cpp, C:\Users\4stro\Desktop\geode\the-coin-guide\build\bindings\bindings\Geode\source\SetupPulsePopup.cpp. [C:\Users\4stro\Desktop\geode\the-coin-guide\build\bindings\GeodeBindings.vcxproj]
E:\msvisual2026\MSBuild\Microsoft\VC\v180\Microsoft.CppBuild.targets(1139,5): warning MSB8027: Dos o m├ís archivos con el mismo nombre de SetupRandAdvTriggerPopup.cpp producir├ín salidas en la misma ubicaci├│n. Esto puede dar lugar a un resultado de compilaci├│n incorrecto. Los archivos implicados son C:\Users\4stro\Desktop\geode\the-coin-guide\build\_deps\bindings-src\bindings\2.2081\inline\SetupRandAdvTriggerPopup.cpp, C:\Users\4stro\Desktop\geode\the-coin-guide\build\bindings\bindings\Geode\source\SetupRandAdvTriggerPopup.cpp. [C:\Users\4stro\Desktop\geode\the-coin-guide\build\bindings\GeodeBindings.vcxproj]
E:\msvisual2026\MSBuild\Microsoft\VC\v180\Microsoft.CppBuild.targets(1139,5): warning MSB8027: Dos o m├ís archivos con el mismo nombre de SetupRandTriggerPopup.cpp producir├ín salidas en la misma ubicaci├│n. Esto puede dar lugar a un resultado de compilaci├│n incorrecto. Los archivos implicados son C:\Users\4stro\Desktop\geode\the-coin-guide\build\_deps\bindings-src\bindings\2.2081\inline\SetupRandTriggerPopup.cpp, C:\Users\4stro\Desktop\geode\the-coin-guide\build\bindings\bindings\Geode\source\SetupRandTriggerPopup.cpp. [C:\Users\4stro\Desktop\geode\the-coin-guide\build\bindings\GeodeBindings.vcxproj]
E:\msvisual2026\MSBuild\Microsoft\VC\v180\Microsoft.CppBuild.targets(1139,5): warning MSB8027: Dos o m├ís archivos con el mismo nombre de SetupResetTriggerPopup.cpp producir├ín salidas en la misma ubicaci├│n. Esto puede dar lugar a un resultado de compilaci├│n incorrecto. Los archivos implicados son C:\Users\4stro\Desktop\geode\the-coin-guide\build\_deps\bindings-src\bindings\2.2081\inline\SetupResetTriggerPopup.cpp, C:\Users\4stro\Desktop\geode\the-coin-guide\build\bindings\bindings\Geode\source\SetupResetTriggerPopup.cpp. [C:\Users\4stro\Desktop\geode\the-coin-guide\build\bindings\GeodeBindings.vcxproj]
E:\msvisual2026\MSBuild\Microsoft\VC\v180\Microsoft.CppBuild.targets(1139,5): warning MSB8027: Dos o m├ís archivos con el mismo nombre de SetupReverbPopup.cpp producir├ín salidas en la misma ubicaci├│n. Esto puede dar lugar a un resultado de compilaci├│n incorrecto. Los archivos implicados son C:\Users\4stro\Desktop\geode\the-coin-guide\build\_deps\bindings-src\bindings\2.2081\inline\SetupReverbPopup.cpp, C:\Users\4stro\Desktop\geode\the-coin-guide\build\bindings\bindings\Geode\source\SetupReverbPopup.cpp. [C:\Users\4stro\Desktop\geode\the-coin-guide\build\bindings\GeodeBindings.vcxproj]
E:\msvisual2026\MSBuild\Microsoft\VC\v180\Microsoft.CppBuild.targets(1139,5): warning MSB8027: Dos o m├ís archivos con el mismo nombre de SetupRotateCommandPopup.cpp producir├ín salidas en la misma ubicaci├│n. Esto puede dar lugar a un resultado de compilaci├│n incorrecto. Los archivos implicados son C:\Users\4stro\Desktop\geode\the-coin-guide\build\_deps\bindings-src\bindings\2.2081\inline\SetupRotateCommandPopup.cpp, C:\Users\4stro\Desktop\geode\the-coin-guide\build\bindings\bindings\Geode\source\SetupRotateCommandPopup.cpp. [C:\Users\4stro\Desktop\geode\the-coin-guide\build\bindings\GeodeBindings.vcxproj]
E:\msvisual2026\MSBuild\Microsoft\VC\v180\Microsoft.CppBuild.targets(1139,5): warning MSB8027: Dos o m├ís archivos con el mismo nombre de SetupRotateGameplayPopup.cpp producir├ín salidas en la misma ubicaci├│n. Esto puede dar lugar a un resultado de compilaci├│n incorrecto. Los archivos implicados son C:\Users\4stro\Desktop\geode\the-coin-guide\build\_deps\bindings-src\bindings\2.2081\inline\SetupRotateGameplayPopup.cpp, C:\Users\4stro\Desktop\geode\the-coin-guide\build\bindings\bindings\Geode\source\SetupRotateGameplayPopup.cpp. [C:\Users\4stro\Desktop\geode\the-coin-guide\build\bindings\GeodeBindings.vcxproj]
E:\msvisual2026\MSBuild\Microsoft\VC\v180\Microsoft.CppBuild.targets(1139,5): warning MSB8027: Dos o m├ís archivos con el mismo nombre de SetupRotatePopup.cpp producir├ín salidas en la misma ubicaci├│n. Esto puede dar lugar a un resultado de compilaci├│n incorrecto. Los archivos implicados son C:\Users\4stro\Desktop\geode\the-coin-guide\build\_deps\bindings-src\bindings\2.2081\inline\SetupRotatePopup.cpp, C:\Users\4stro\Desktop\geode\the-coin-guide\build\bindings\bindings\Geode\source\SetupRotatePopup.cpp. [C:\Users\4stro\Desktop\geode\the-coin-guide\build\bindings\GeodeBindings.vcxproj]
E:\msvisual2026\MSBuild\Microsoft\VC\v180\Microsoft.CppBuild.targets(1139,5): warning MSB8027: Dos o m├ís archivos con el mismo nombre de SetupSFXEditPopup.cpp producir├ín salidas en la misma ubicaci├│n. Esto puede dar lugar a un resultado de compilaci├│n incorrecto. Los archivos implicados son C:\Users\4stro\Desktop\geode\the-coin-guide\build\_deps\bindings-src\bindings\2.2081\inline\SetupSFXEditPopup.cpp, C:\Users\4stro\Desktop\geode\the-coin-guide\build\bindings\bindings\Geode\source\SetupSFXEditPopup.cpp. [C:\Users\4stro\Desktop\geode\the-coin-guide\build\bindings\GeodeBindings.vcxproj]
E:\msvisual2026\MSBuild\Microsoft\VC\v180\Microsoft.CppBuild.targets(1139,5): warning MSB8027: Dos o m├ís archivos con el mismo nombre de SetupSFXPopup.cpp producir├ín salidas en la misma ubicaci├│n. Esto puede dar lugar a un resultado de compilaci├│n incorrecto. Los archivos implicados son C:\Users\4stro\Desktop\geode\the-coin-guide\build\_deps\bindings-src\bindings\2.2081\inline\SetupSFXPopup.cpp, C:\Users\4stro\Desktop\geode\the-coin-guide\build\bindings\bindings\Geode\source\SetupSFXPopup.cpp. [C:\Users\4stro\Desktop\geode\the-coin-guide\build\bindings\GeodeBindings.vcxproj]
E:\msvisual2026\MSBuild\Microsoft\VC\v180\Microsoft.CppBuild.targets(1139,5): warning MSB8027: Dos o m├ís archivos con el mismo nombre de SetupSequenceTriggerPopup.cpp producir├ín salidas en la misma ubicaci├│n. Esto puede dar lugar a un resultado de compilaci├│n incorrecto. Los archivos implicados son C:\Users\4stro\Desktop\geode\the-coin-guide\build\_deps\bindings-src\bindings\2.2081\inline\SetupSequenceTriggerPopup.cpp, C:\Users\4stro\Desktop\geode\the-coin-guide\build\bindings\bindings\Geode\source\SetupSequenceTriggerPopup.cpp. [C:\Users\4stro\Desktop\geode\the-coin-guide\build\bindings\GeodeBindings.vcxproj]
E:\msvisual2026\MSBuild\Microsoft\VC\v180\Microsoft.CppBuild.targets(1139,5): warning MSB8027: Dos o m├ís archivos con el mismo nombre de SetupShaderEffectPopup.cpp producir├ín salidas en la misma ubicaci├│n. Esto puede dar lugar a un resultado de compilaci├│n incorrecto. Los archivos implicados son C:\Users\4stro\Desktop\geode\the-coin-guide\build\_deps\bindings-src\bindings\2.2081\inline\SetupShaderEffectPopup.cpp, C:\Users\4stro\Desktop\geode\the-coin-guide\build\bindings\bindings\Geode\source\SetupShaderEffectPopup.cpp. [C:\Users\4stro\Desktop\geode\the-coin-guide\build\bindings\GeodeBindings.vcxproj]
E:\msvisual2026\MSBuild\Microsoft\VC\v180\Microsoft.CppBuild.targets(1139,5): warning MSB8027: Dos o m├ís archivos con el mismo nombre de SetupShakePopup.cpp producir├ín salidas en la misma ubicaci├│n. Esto puede dar lugar a un resultado de compilaci├│n incorrecto. Los archivos implicados son C:\Users\4stro\Desktop\geode\the-coin-guide\build\_deps\bindings-src\bindings\2.2081\inline\SetupShakePopup.cpp, C:\Users\4stro\Desktop\geode\the-coin-guide\build\bindings\bindings\Geode\source\SetupShakePopup.cpp. [C:\Users\4stro\Desktop\geode\the-coin-guide\build\bindings\GeodeBindings.vcxproj]
E:\msvisual2026\MSBuild\Microsoft\VC\v180\Microsoft.CppBuild.targets(1139,5): warning MSB8027: Dos o m├ís archivos con el mismo nombre de SetupSmartBlockLayer.cpp producir├ín salidas en la misma ubicaci├│n. Esto puede dar lugar a un resultado de compilaci├│n incorrecto. Los archivos implicados son C:\Users\4stro\Desktop\geode\the-coin-guide\build\_deps\bindings-src\bindings\2.2081\inline\SetupSmartBlockLayer.cpp, C:\Users\4stro\Desktop\geode\the-coin-guide\build\bindings\bindings\Geode\source\SetupSmartBlockLayer.cpp. [C:\Users\4stro\Desktop\geode\the-coin-guide\build\bindings\GeodeBindings.vcxproj]
E:\msvisual2026\MSBuild\Microsoft\VC\v180\Microsoft.CppBuild.targets(1139,5): warning MSB8027: Dos o m├ís archivos con el mismo nombre de SetupSmartTemplateLayer.cpp producir├ín salidas en la misma ubicaci├│n. Esto puede dar lugar a un resultado de compilaci├│n incorrecto. Los archivos implicados son C:\Users\4stro\Desktop\geode\the-coin-guide\build\_deps\bindings-src\bindings\2.2081\inline\SetupSmartTemplateLayer.cpp, C:\Users\4stro\Desktop\geode\the-coin-guide\build\bindings\bindings\Geode\source\SetupSmartTemplateLayer.cpp. [C:\Users\4stro\Desktop\geode\the-coin-guide\build\bindings\GeodeBindings.vcxproj]
E:\msvisual2026\MSBuild\Microsoft\VC\v180\Microsoft.CppBuild.targets(1139,5): warning MSB8027: Dos o m├ís archivos con el mismo nombre de SetupSongTriggerPopup.cpp producir├ín salidas en la misma ubicaci├│n. Esto puede dar lugar a un resultado de compilaci├│n incorrecto. Los archivos implicados son C:\Users\4stro\Desktop\geode\the-coin-guide\build\_deps\bindings-src\bindings\2.2081\inline\SetupSongTriggerPopup.cpp, C:\Users\4stro\Desktop\geode\the-coin-guide\build\bindings\bindings\Geode\source\SetupSongTriggerPopup.cpp. [C:\Users\4stro\Desktop\geode\the-coin-guide\build\bindings\GeodeBindings.vcxproj]
E:\msvisual2026\MSBuild\Microsoft\VC\v180\Microsoft.CppBuild.targets(1139,5): warning MSB8027: Dos o m├ís archivos con el mismo nombre de SetupSpawnParticlePopup.cpp producir├ín salidas en la misma ubicaci├│n. Esto puede dar lugar a un resultado de compilaci├│n incorrecto. Los archivos implicados son C:\Users\4stro\Desktop\geode\the-coin-guide\build\_deps\bindings-src\bindings\2.2081\inline\SetupSpawnParticlePopup.cpp, C:\Users\4stro\Desktop\geode\the-coin-guide\build\bindings\bindings\Geode\source\SetupSpawnParticlePopup.cpp. [C:\Users\4stro\Desktop\geode\the-coin-guide\build\bindings\GeodeBindings.vcxproj]
E:\msvisual2026\MSBuild\Microsoft\VC\v180\Microsoft.CppBuild.targets(1139,5): warning MSB8027: Dos o m├ís archivos con el mismo nombre de SetupSpawnPopup.cpp producir├ín salidas en la misma ubicaci├│n. Esto puede dar lugar a un resultado de compilaci├│n incorrecto. Los archivos implicados son C:\Users\4stro\Desktop\geode\the-coin-guide\build\_deps\bindings-src\bindings\2.2081\inline\SetupSpawnPopup.cpp, C:\Users\4stro\Desktop\geode\the-coin-guide\build\bindings\bindings\Geode\source\SetupSpawnPopup.cpp. [C:\Users\4stro\Desktop\geode\the-coin-guide\build\bindings\GeodeBindings.vcxproj]
E:\msvisual2026\MSBuild\Microsoft\VC\v180\Microsoft.CppBuild.targets(1139,5): warning MSB8027: Dos o m├ís archivos con el mismo nombre de SetupStaticCameraPopup.cpp producir├ín salidas en la misma ubicaci├│n. Esto puede dar lugar a un resultado de compilaci├│n incorrecto. Los archivos implicados son C:\Users\4stro\Desktop\geode\the-coin-guide\build\_deps\bindings-src\bindings\2.2081\inline\SetupStaticCameraPopup.cpp, C:\Users\4stro\Desktop\geode\the-coin-guide\build\bindings\bindings\Geode\source\SetupStaticCameraPopup.cpp. [C:\Users\4stro\Desktop\geode\the-coin-guide\build\bindings\GeodeBindings.vcxproj]
E:\msvisual2026\MSBuild\Microsoft\VC\v180\Microsoft.CppBuild.targets(1139,5): warning MSB8027: Dos o m├ís archivos con el mismo nombre de SetupStopTriggerPopup.cpp producir├ín salidas en la misma ubicaci├│n. Esto puede dar lugar a un resultado de compilaci├│n incorrecto. Los archivos implicados son C:\Users\4stro\Desktop\geode\the-coin-guide\build\_deps\bindings-src\bindings\2.2081\inline\SetupStopTriggerPopup.cpp, C:\Users\4stro\Desktop\geode\the-coin-guide\build\bindings\bindings\Geode\source\SetupStopTriggerPopup.cpp. [C:\Users\4stro\Desktop\geode\the-coin-guide\build\bindings\GeodeBindings.vcxproj]
E:\msvisual2026\MSBuild\Microsoft\VC\v180\Microsoft.CppBuild.targets(1139,5): warning MSB8027: Dos o m├ís archivos con el mismo nombre de SetupTeleportPopup.cpp producir├ín salidas en la misma ubicaci├│n. Esto puede dar lugar a un resultado de compilaci├│n incorrecto. Los archivos implicados son C:\Users\4stro\Desktop\geode\the-coin-guide\build\_deps\bindings-src\bindings\2.2081\inline\SetupTeleportPopup.cpp, C:\Users\4stro\Desktop\geode\the-coin-guide\build\bindings\bindings\Geode\source\SetupTeleportPopup.cpp. [C:\Users\4stro\Desktop\geode\the-coin-guide\build\bindings\GeodeBindings.vcxproj]
E:\msvisual2026\MSBuild\Microsoft\VC\v180\Microsoft.CppBuild.targets(1139,5): warning MSB8027: Dos o m├ís archivos con el mismo nombre de SetupTimeWarpPopup.cpp producir├ín salidas en la misma ubicaci├│n. Esto puede dar lugar a un resultado de compilaci├│n incorrecto. Los archivos implicados son C:\Users\4stro\Desktop\geode\the-coin-guide\build\_deps\bindings-src\bindings\2.2081\inline\SetupTimeWarpPopup.cpp, C:\Users\4stro\Desktop\geode\the-coin-guide\build\bindings\bindings\Geode\source\SetupTimeWarpPopup.cpp. [C:\Users\4stro\Desktop\geode\the-coin-guide\build\bindings\GeodeBindings.vcxproj]
E:\msvisual2026\MSBuild\Microsoft\VC\v180\Microsoft.CppBuild.targets(1139,5): warning MSB8027: Dos o m├ís archivos con el mismo nombre de SetupTimerControlTriggerPopup.cpp producir├ín salidas en la misma ubicaci├│n. Esto puede dar lugar a un resultado de compilaci├│n incorrecto. Los archivos implicados son C:\Users\4stro\Desktop\geode\the-coin-guide\build\_deps\bindings-src\bindings\2.2081\inline\SetupTimerControlTriggerPopup.cpp, C:\Users\4stro\Desktop\geode\the-coin-guide\build\bindings\bindings\Geode\source\SetupTimerControlTriggerPopup.cpp. [C:\Users\4stro\Desktop\geode\the-coin-guide\build\bindings\GeodeBindings.vcxproj]
E:\msvisual2026\MSBuild\Microsoft\VC\v180\Microsoft.CppBuild.targets(1139,5): warning MSB8027: Dos o m├ís archivos con el mismo nombre de SetupTimerEventTriggerPopup.cpp producir├ín salidas en la misma ubicaci├│n. Esto puede dar lugar a un resultado de compilaci├│n incorrecto. Los archivos implicados son C:\Users\4stro\Desktop\geode\the-coin-guide\build\_deps\bindings-src\bindings\2.2081\inline\SetupTimerEventTriggerPopup.cpp, C:\Users\4stro\Desktop\geode\the-coin-guide\build\bindings\bindings\Geode\source\SetupTimerEventTriggerPopup.cpp. [C:\Users\4stro\Desktop\geode\the-coin-guide\build\bindings\GeodeBindings.vcxproj]
E:\msvisual2026\MSBuild\Microsoft\VC\v180\Microsoft.CppBuild.targets(1139,5): warning MSB8027: Dos o m├ís archivos con el mismo nombre de SetupTimerTriggerPopup.cpp producir├ín salidas en la misma ubicaci├│n. Esto puede dar lugar a un resultado de compilaci├│n incorrecto. Los archivos implicados son C:\Users\4stro\Desktop\geode\the-coin-guide\build\_deps\bindings-src\bindings\2.2081\inline\SetupTimerTriggerPopup.cpp, C:\Users\4stro\Desktop\geode\the-coin-guide\build\bindings\bindings\Geode\source\SetupTimerTriggerPopup.cpp. [C:\Users\4stro\Desktop\geode\the-coin-guide\build\bindings\GeodeBindings.vcxproj]
E:\msvisual2026\MSBuild\Microsoft\VC\v180\Microsoft.CppBuild.targets(1139,5): warning MSB8027: Dos o m├ís archivos con el mismo nombre de SetupTouchTogglePopup.cpp producir├ín salidas en la misma ubicaci├│n. Esto puede dar lugar a un resultado de compilaci├│n incorrecto. Los archivos implicados son C:\Users\4stro\Desktop\geode\the-coin-guide\build\_deps\bindings-src\bindings\2.2081\inline\SetupTouchTogglePopup.cpp, C:\Users\4stro\Desktop\geode\the-coin-guide\build\bindings\bindings\Geode\source\SetupTouchTogglePopup.cpp. [C:\Users\4stro\Desktop\geode\the-coin-guide\build\bindings\GeodeBindings.vcxproj]
E:\msvisual2026\MSBuild\Microsoft\VC\v180\Microsoft.CppBuild.targets(1139,5): warning MSB8027: Dos o m├ís archivos con el mismo nombre de SetupTransformPopup.cpp producir├ín salidas en la misma ubicaci├│n. Esto puede dar lugar a un resultado de compilaci├│n incorrecto. Los archivos implicados son C:\Users\4stro\Desktop\geode\the-coin-guide\build\_deps\bindings-src\bindings\2.2081\inline\SetupTransformPopup.cpp, C:\Users\4stro\Desktop\geode\the-coin-guide\build\bindings\bindings\Geode\source\SetupTransformPopup.cpp. [C:\Users\4stro\Desktop\geode\the-coin-guide\build\bindings\GeodeBindings.vcxproj]
E:\msvisual2026\MSBuild\Microsoft\VC\v180\Microsoft.CppBuild.targets(1139,5): warning MSB8027: Dos o m├ís archivos con el mismo nombre de SetupTriggerPopup.cpp producir├ín salidas en la misma ubicaci├│n. Esto puede dar lugar a un resultado de compilaci├│n incorrecto. Los archivos implicados son C:\Users\4stro\Desktop\geode\the-coin-guide\build\_deps\bindings-src\bindings\2.2081\inline\SetupTriggerPopup.cpp, C:\Users\4stro\Desktop\geode\the-coin-guide\build\bindings\bindings\Geode\source\SetupTriggerPopup.cpp. [C:\Users\4stro\Desktop\geode\the-coin-guide\build\bindings\GeodeBindings.vcxproj]
E:\msvisual2026\MSBuild\Microsoft\VC\v180\Microsoft.CppBuild.targets(1139,5): warning MSB8027: Dos o m├ís archivos con el mismo nombre de SetupZoomTriggerPopup.cpp producir├ín salidas en la misma ubicaci├│n. Esto puede dar lugar a un resultado de compilaci├│n incorrecto. Los archivos implicados son C:\Users\4stro\Desktop\geode\the-coin-guide\build\_deps\bindings-src\bindings\2.2081\inline\SetupZoomTriggerPopup.cpp, C:\Users\4stro\Desktop\geode\the-coin-guide\build\bindings\bindings\Geode\source\SetupZoomTriggerPopup.cpp. [C:\Users\4stro\Desktop\geode\the-coin-guide\build\bindings\GeodeBindings.vcxproj]
E:\msvisual2026\MSBuild\Microsoft\VC\v180\Microsoft.CppBuild.targets(1139,5): warning MSB8027: Dos o m├ís archivos con el mismo nombre de ShaderGameObject.cpp producir├ín salidas en la misma ubicaci├│n. Esto puede dar lugar a un resultado de compilaci├│n incorrecto. Los archivos implicados son C:\Users\4stro\Desktop\geode\the-coin-guide\build\_deps\bindings-src\bindings\2.2081\inline\ShaderGameObject.cpp, C:\Users\4stro\Desktop\geode\the-coin-guide\build\bindings\bindings\Geode\source\ShaderGameObject.cpp. [C:\Users\4stro\Desktop\geode\the-coin-guide\build\bindings\GeodeBindings.vcxproj]
E:\msvisual2026\MSBuild\Microsoft\VC\v180\Microsoft.CppBuild.targets(1139,5): warning MSB8027: Dos o m├ís archivos con el mismo nombre de ShaderLayer.cpp producir├ín salidas en la misma ubicaci├│n. Esto puede dar lugar a un resultado de compilaci├│n incorrecto. Los archivos implicados son C:\Users\4stro\Desktop\geode\the-coin-guide\build\_deps\bindings-src\bindings\2.2081\inline\ShaderLayer.cpp, C:\Users\4stro\Desktop\geode\the-coin-guide\build\bindings\bindings\Geode\source\ShaderLayer.cpp. [C:\Users\4stro\Desktop\geode\the-coin-guide\build\bindings\GeodeBindings.vcxproj]
E:\msvisual2026\MSBuild\Microsoft\VC\v180\Microsoft.CppBuild.targets(1139,5): warning MSB8027: Dos o m├ís archivos con el mismo nombre de ShardsPage.cpp producir├ín salidas en la misma ubicaci├│n. Esto puede dar lugar a un resultado de compilaci├│n incorrecto. Los archivos implicados son C:\Users\4stro\Desktop\geode\the-coin-guide\build\_deps\bindings-src\bindings\2.2081\inline\ShardsPage.cpp, C:\Users\4stro\Desktop\geode\the-coin-guide\build\bindings\bindings\Geode\source\ShardsPage.cpp. [C:\Users\4stro\Desktop\geode\the-coin-guide\build\bindings\GeodeBindings.vcxproj]
E:\msvisual2026\MSBuild\Microsoft\VC\v180\Microsoft.CppBuild.targets(1139,5): warning MSB8027: Dos o m├ís archivos con el mismo nombre de ShareCommentDelegate.cpp producir├ín salidas en la misma ubicaci├│n. Esto puede dar lugar a un resultado de compilaci├│n incorrecto. Los archivos implicados son C:\Users\4stro\Desktop\geode\the-coin-guide\build\_deps\bindings-src\bindings\2.2081\inline\ShareCommentDelegate.cpp, C:\Users\4stro\Desktop\geode\the-coin-guide\build\bindings\bindings\Geode\source\ShareCommentDelegate.cpp. [C:\Users\4stro\Desktop\geode\the-coin-guide\build\bindings\GeodeBindings.vcxproj]
E:\msvisual2026\MSBuild\Microsoft\VC\v180\Microsoft.CppBuild.targets(1139,5): warning MSB8027: Dos o m├ís archivos con el mismo nombre de ShareCommentLayer.cpp producir├ín salidas en la misma ubicaci├│n. Esto puede dar lugar a un resultado de compilaci├│n incorrecto. Los archivos implicados son C:\Users\4stro\Desktop\geode\the-coin-guide\build\_deps\bindings-src\bindings\2.2081\inline\ShareCommentLayer.cpp, C:\Users\4stro\Desktop\geode\the-coin-guide\build\bindings\bindings\Geode\source\ShareCommentLayer.cpp. [C:\Users\4stro\Desktop\geode\the-coin-guide\build\bindings\GeodeBindings.vcxproj]
E:\msvisual2026\MSBuild\Microsoft\VC\v180\Microsoft.CppBuild.targets(1139,5): warning MSB8027: Dos o m├ís archivos con el mismo nombre de ShareLevelLayer.cpp producir├ín salidas en la misma ubicaci├│n. Esto puede dar lugar a un resultado de compilaci├│n incorrecto. Los archivos implicados son C:\Users\4stro\Desktop\geode\the-coin-guide\build\_deps\bindings-src\bindings\2.2081\inline\ShareLevelLayer.cpp, C:\Users\4stro\Desktop\geode\the-coin-guide\build\bindings\bindings\Geode\source\ShareLevelLayer.cpp. [C:\Users\4stro\Desktop\geode\the-coin-guide\build\bindings\GeodeBindings.vcxproj]
E:\msvisual2026\MSBuild\Microsoft\VC\v180\Microsoft.CppBuild.targets(1139,5): warning MSB8027: Dos o m├ís archivos con el mismo nombre de ShareLevelSettingsLayer.cpp producir├ín salidas en la misma ubicaci├│n. Esto puede dar lugar a un resultado de compilaci├│n incorrecto. Los archivos implicados son C:\Users\4stro\Desktop\geode\the-coin-guide\build\_deps\bindings-src\bindings\2.2081\inline\ShareLevelSettingsLayer.cpp, C:\Users\4stro\Desktop\geode\the-coin-guide\build\bindings\bindings\Geode\source\ShareLevelSettingsLayer.cpp. [C:\Users\4stro\Desktop\geode\the-coin-guide\build\bindings\GeodeBindings.vcxproj]
E:\msvisual2026\MSBuild\Microsoft\VC\v180\Microsoft.CppBuild.targets(1139,5): warning MSB8027: Dos o m├ís archivos con el mismo nombre de ShareListLayer.cpp producir├ín salidas en la misma ubicaci├│n. Esto puede dar lugar a un resultado de compilaci├│n incorrecto. Los archivos implicados son C:\Users\4stro\Desktop\geode\the-coin-guide\build\_deps\bindings-src\bindings\2.2081\inline\ShareListLayer.cpp, C:\Users\4stro\Desktop\geode\the-coin-guide\build\bindings\bindings\Geode\source\ShareListLayer.cpp. [C:\Users\4stro\Desktop\geode\the-coin-guide\build\bindings\GeodeBindings.vcxproj]
E:\msvisual2026\MSBuild\Microsoft\VC\v180\Microsoft.CppBuild.targets(1139,5): warning MSB8027: Dos o m├ís archivos con el mismo nombre de SimpleObject.cpp producir├ín salidas en la misma ubicaci├│n. Esto puede dar lugar a un resultado de compilaci├│n incorrecto. Los archivos implicados son C:\Users\4stro\Desktop\geode\the-coin-guide\build\_deps\bindings-src\bindings\2.2081\inline\SimpleObject.cpp, C:\Users\4stro\Desktop\geode\the-coin-guide\build\bindings\bindings\Geode\source\SimpleObject.cpp. [C:\Users\4stro\Desktop\geode\the-coin-guide\build\bindings\GeodeBindings.vcxproj]
E:\msvisual2026\MSBuild\Microsoft\VC\v180\Microsoft.CppBuild.targets(1139,5): warning MSB8027: Dos o m├ís archivos con el mismo nombre de SimplePlayer.cpp producir├ín salidas en la misma ubicaci├│n. Esto puede dar lugar a un resultado de compilaci├│n incorrecto. Los archivos implicados son C:\Users\4stro\Desktop\geode\the-coin-guide\build\_deps\bindings-src\bindings\2.2081\inline\SimplePlayer.cpp, C:\Users\4stro\Desktop\geode\the-coin-guide\build\bindings\bindings\Geode\source\SimplePlayer.cpp. [C:\Users\4stro\Desktop\geode\the-coin-guide\build\bindings\GeodeBindings.vcxproj]
E:\msvisual2026\MSBuild\Microsoft\VC\v180\Microsoft.CppBuild.targets(1139,5): warning MSB8027: Dos o m├ís archivos con el mismo nombre de SlideInLayer.cpp producir├ín salidas en la misma ubicaci├│n. Esto puede dar lugar a un resultado de compilaci├│n incorrecto. Los archivos implicados son C:\Users\4stro\Desktop\geode\the-coin-guide\build\_deps\bindings-src\bindings\2.2081\inline\SlideInLayer.cpp, C:\Users\4stro\Desktop\geode\the-coin-guide\build\bindings\bindings\Geode\source\SlideInLayer.cpp. [C:\Users\4stro\Desktop\geode\the-coin-guide\build\bindings\GeodeBindings.vcxproj]
E:\msvisual2026\MSBuild\Microsoft\VC\v180\Microsoft.CppBuild.targets(1139,5): warning MSB8027: Dos o m├ís archivos con el mismo nombre de Slider.cpp producir├ín salidas en la misma ubicaci├│n. Esto puede dar lugar a un resultado de compilaci├│n incorrecto. Los archivos implicados son C:\Users\4stro\Desktop\geode\the-coin-guide\build\_deps\bindings-src\bindings\2.2081\inline\Slider.cpp, C:\Users\4stro\Desktop\geode\the-coin-guide\build\bindings\bindings\Geode\source\Slider.cpp. [C:\Users\4stro\Desktop\geode\the-coin-guide\build\bindings\GeodeBindings.vcxproj]
E:\msvisual2026\MSBuild\Microsoft\VC\v180\Microsoft.CppBuild.targets(1139,5): warning MSB8027: Dos o m├ís archivos con el mismo nombre de SliderDelegate.cpp producir├ín salidas en la misma ubicaci├│n. Esto puede dar lugar a un resultado de compilaci├│n incorrecto. Los archivos implicados son C:\Users\4stro\Desktop\geode\the-coin-guide\build\_deps\bindings-src\bindings\2.2081\inline\SliderDelegate.cpp, C:\Users\4stro\Desktop\geode\the-coin-guide\build\bindings\bindings\Geode\source\SliderDelegate.cpp. [C:\Users\4stro\Desktop\geode\the-coin-guide\build\bindings\GeodeBindings.vcxproj]
E:\msvisual2026\MSBuild\Microsoft\VC\v180\Microsoft.CppBuild.targets(1139,5): warning MSB8027: Dos o m├ís archivos con el mismo nombre de SliderThumb.cpp producir├ín salidas en la misma ubicaci├│n. Esto puede dar lugar a un resultado de compilaci├│n incorrecto. Los archivos implicados son C:\Users\4stro\Desktop\geode\the-coin-guide\build\_deps\bindings-src\bindings\2.2081\inline\SliderThumb.cpp, C:\Users\4stro\Desktop\geode\the-coin-guide\build\bindings\bindings\Geode\source\SliderThumb.cpp. [C:\Users\4stro\Desktop\geode\the-coin-guide\build\bindings\GeodeBindings.vcxproj]
E:\msvisual2026\MSBuild\Microsoft\VC\v180\Microsoft.CppBuild.targets(1139,5): warning MSB8027: Dos o m├ís archivos con el mismo nombre de SliderTouchLogic.cpp producir├ín salidas en la misma ubicaci├│n. Esto puede dar lugar a un resultado de compilaci├│n incorrecto. Los archivos implicados son C:\Users\4stro\Desktop\geode\the-coin-guide\build\_deps\bindings-src\bindings\2.2081\inline\SliderTouchLogic.cpp, C:\Users\4stro\Desktop\geode\the-coin-guide\build\bindings\bindings\Geode\source\SliderTouchLogic.cpp. [C:\Users\4stro\Desktop\geode\the-coin-guide\build\bindings\GeodeBindings.vcxproj]
E:\msvisual2026\MSBuild\Microsoft\VC\v180\Microsoft.CppBuild.targets(1139,5): warning MSB8027: Dos o m├ís archivos con el mismo nombre de SmartGameObject.cpp producir├ín salidas en la misma ubicaci├│n. Esto puede dar lugar a un resultado de compilaci├│n incorrecto. Los archivos implicados son C:\Users\4stro\Desktop\geode\the-coin-guide\build\_deps\bindings-src\bindings\2.2081\inline\SmartGameObject.cpp, C:\Users\4stro\Desktop\geode\the-coin-guide\build\bindings\bindings\Geode\source\SmartGameObject.cpp. [C:\Users\4stro\Desktop\geode\the-coin-guide\build\bindings\GeodeBindings.vcxproj]
E:\msvisual2026\MSBuild\Microsoft\VC\v180\Microsoft.CppBuild.targets(1139,5): warning MSB8027: Dos o m├ís archivos con el mismo nombre de SmartPrefabResult.cpp producir├ín salidas en la misma ubicaci├│n. Esto puede dar lugar a un resultado de compilaci├│n incorrecto. Los archivos implicados son C:\Users\4stro\Desktop\geode\the-coin-guide\build\_deps\bindings-src\bindings\2.2081\inline\SmartPrefabResult.cpp, C:\Users\4stro\Desktop\geode\the-coin-guide\build\bindings\bindings\Geode\source\SmartPrefabResult.cpp. [C:\Users\4stro\Desktop\geode\the-coin-guide\build\bindings\GeodeBindings.vcxproj]
E:\msvisual2026\MSBuild\Microsoft\VC\v180\Microsoft.CppBuild.targets(1139,5): warning MSB8027: Dos o m├ís archivos con el mismo nombre de SmartTemplateCell.cpp producir├ín salidas en la misma ubicaci├│n. Esto puede dar lugar a un resultado de compilaci├│n incorrecto. Los archivos implicados son C:\Users\4stro\Desktop\geode\the-coin-guide\build\_deps\bindings-src\bindings\2.2081\inline\SmartTemplateCell.cpp, C:\Users\4stro\Desktop\geode\the-coin-guide\build\bindings\bindings\Geode\source\SmartTemplateCell.cpp. [C:\Users\4stro\Desktop\geode\the-coin-guide\build\bindings\GeodeBindings.vcxproj]
E:\msvisual2026\MSBuild\Microsoft\VC\v180\Microsoft.CppBuild.targets(1139,5): warning MSB8027: Dos o m├ís archivos con el mismo nombre de SongCell.cpp producir├ín salidas en la misma ubicaci├│n. Esto puede dar lugar a un resultado de compilaci├│n incorrecto. Los archivos implicados son C:\Users\4stro\Desktop\geode\the-coin-guide\build\_deps\bindings-src\bindings\2.2081\inline\SongCell.cpp, C:\Users\4stro\Desktop\geode\the-coin-guide\build\bindings\bindings\Geode\source\SongCell.cpp. [C:\Users\4stro\Desktop\geode\the-coin-guide\build\bindings\GeodeBindings.vcxproj]
E:\msvisual2026\MSBuild\Microsoft\VC\v180\Microsoft.CppBuild.targets(1139,5): warning MSB8027: Dos o m├ís archivos con el mismo nombre de SongChannelState.cpp producir├ín salidas en la misma ubicaci├│n. Esto puede dar lugar a un resultado de compilaci├│n incorrecto. Los archivos implicados son C:\Users\4stro\Desktop\geode\the-coin-guide\build\_deps\bindings-src\bindings\2.2081\inline\SongChannelState.cpp, C:\Users\4stro\Desktop\geode\the-coin-guide\build\bindings\bindings\Geode\source\SongChannelState.cpp. [C:\Users\4stro\Desktop\geode\the-coin-guide\build\bindings\GeodeBindings.vcxproj]
E:\msvisual2026\MSBuild\Microsoft\VC\v180\Microsoft.CppBuild.targets(1139,5): warning MSB8027: Dos o m├ís archivos con el mismo nombre de SongInfoLayer.cpp producir├ín salidas en la misma ubicaci├│n. Esto puede dar lugar a un resultado de compilaci├│n incorrecto. Los archivos implicados son C:\Users\4stro\Desktop\geode\the-coin-guide\build\_deps\bindings-src\bindings\2.2081\inline\SongInfoLayer.cpp, C:\Users\4stro\Desktop\geode\the-coin-guide\build\bindings\bindings\Geode\source\SongInfoLayer.cpp. [C:\Users\4stro\Desktop\geode\the-coin-guide\build\bindings\GeodeBindings.vcxproj]
E:\msvisual2026\MSBuild\Microsoft\VC\v180\Microsoft.CppBuild.targets(1139,5): warning MSB8027: Dos o m├ís archivos con el mismo nombre de SongInfoObject.cpp producir├ín salidas en la misma ubicaci├│n. Esto puede dar lugar a un resultado de compilaci├│n incorrecto. Los archivos implicados son C:\Users\4stro\Desktop\geode\the-coin-guide\build\_deps\bindings-src\bindings\2.2081\inline\SongInfoObject.cpp, C:\Users\4stro\Desktop\geode\the-coin-guide\build\bindings\bindings\Geode\source\SongInfoObject.cpp. [C:\Users\4stro\Desktop\geode\the-coin-guide\build\bindings\GeodeBindings.vcxproj]
E:\msvisual2026\MSBuild\Microsoft\VC\v180\Microsoft.CppBuild.targets(1139,5): warning MSB8027: Dos o m├ís archivos con el mismo nombre de SongObject.cpp producir├ín salidas en la misma ubicaci├│n. Esto puede dar lugar a un resultado de compilaci├│n incorrecto. Los archivos implicados son C:\Users\4stro\Desktop\geode\the-coin-guide\build\_deps\bindings-src\bindings\2.2081\inline\SongObject.cpp, C:\Users\4stro\Desktop\geode\the-coin-guide\build\bindings\bindings\Geode\source\SongObject.cpp. [C:\Users\4stro\Desktop\geode\the-coin-guide\build\bindings\GeodeBindings.vcxproj]
E:\msvisual2026\MSBuild\Microsoft\VC\v180\Microsoft.CppBuild.targets(1139,5): warning MSB8027: Dos o m├ís archivos con el mismo nombre de SongOptionsLayer.cpp producir├ín salidas en la misma ubicaci├│n. Esto puede dar lugar a un resultado de compilaci├│n incorrecto. Los archivos implicados son C:\Users\4stro\Desktop\geode\the-coin-guide\build\_deps\bindings-src\bindings\2.2081\inline\SongOptionsLayer.cpp, C:\Users\4stro\Desktop\geode\the-coin-guide\build\bindings\bindings\Geode\source\SongOptionsLayer.cpp. [C:\Users\4stro\Desktop\geode\the-coin-guide\build\bindings\GeodeBindings.vcxproj]
E:\msvisual2026\MSBuild\Microsoft\VC\v180\Microsoft.CppBuild.targets(1139,5): warning MSB8027: Dos o m├ís archivos con el mismo nombre de SongPlaybackDelegate.cpp producir├ín salidas en la misma ubicaci├│n. Esto puede dar lugar a un resultado de compilaci├│n incorrecto. Los archivos implicados son C:\Users\4stro\Desktop\geode\the-coin-guide\build\_deps\bindings-src\bindings\2.2081\inline\SongPlaybackDelegate.cpp, C:\Users\4stro\Desktop\geode\the-coin-guide\build\bindings\bindings\Geode\source\SongPlaybackDelegate.cpp. [C:\Users\4stro\Desktop\geode\the-coin-guide\build\bindings\GeodeBindings.vcxproj]
E:\msvisual2026\MSBuild\Microsoft\VC\v180\Microsoft.CppBuild.targets(1139,5): warning MSB8027: Dos o m├ís archivos con el mismo nombre de SongSelectNode.cpp producir├ín salidas en la misma ubicaci├│n. Esto puede dar lugar a un resultado de compilaci├│n incorrecto. Los archivos implicados son C:\Users\4stro\Desktop\geode\the-coin-guide\build\_deps\bindings-src\bindings\2.2081\inline\SongSelectNode.cpp, C:\Users\4stro\Desktop\geode\the-coin-guide\build\bindings\bindings\Geode\source\SongSelectNode.cpp. [C:\Users\4stro\Desktop\geode\the-coin-guide\build\bindings\GeodeBindings.vcxproj]
E:\msvisual2026\MSBuild\Microsoft\VC\v180\Microsoft.CppBuild.targets(1139,5): warning MSB8027: Dos o m├ís archivos con el mismo nombre de SongTriggerGameObject.cpp producir├ín salidas en la misma ubicaci├│n. Esto puede dar lugar a un resultado de compilaci├│n incorrecto. Los archivos implicados son C:\Users\4stro\Desktop\geode\the-coin-guide\build\_deps\bindings-src\bindings\2.2081\inline\SongTriggerGameObject.cpp, C:\Users\4stro\Desktop\geode\the-coin-guide\build\bindings\bindings\Geode\source\SongTriggerGameObject.cpp. [C:\Users\4stro\Desktop\geode\the-coin-guide\build\bindings\GeodeBindings.vcxproj]
E:\msvisual2026\MSBuild\Microsoft\VC\v180\Microsoft.CppBuild.targets(1139,5): warning MSB8027: Dos o m├ís archivos con el mismo nombre de SongTriggerState.cpp producir├ín salidas en la misma ubicaci├│n. Esto puede dar lugar a un resultado de compilaci├│n incorrecto. Los archivos implicados son C:\Users\4stro\Desktop\geode\the-coin-guide\build\_deps\bindings-src\bindings\2.2081\inline\SongTriggerState.cpp, C:\Users\4stro\Desktop\geode\the-coin-guide\build\bindings\bindings\Geode\source\SongTriggerState.cpp. [C:\Users\4stro\Desktop\geode\the-coin-guide\build\bindings\GeodeBindings.vcxproj]
E:\msvisual2026\MSBuild\Microsoft\VC\v180\Microsoft.CppBuild.targets(1139,5): warning MSB8027: Dos o m├ís archivos con el mismo nombre de SongsLayer.cpp producir├ín salidas en la misma ubicaci├│n. Esto puede dar lugar a un resultado de compilaci├│n incorrecto. Los archivos implicados son C:\Users\4stro\Desktop\geode\the-coin-guide\build\_deps\bindings-src\bindings\2.2081\inline\SongsLayer.cpp, C:\Users\4stro\Desktop\geode\the-coin-guide\build\bindings\bindings\Geode\source\SongsLayer.cpp. [C:\Users\4stro\Desktop\geode\the-coin-guide\build\bindings\GeodeBindings.vcxproj]
E:\msvisual2026\MSBuild\Microsoft\VC\v180\Microsoft.CppBuild.targets(1139,5): warning MSB8027: Dos o m├ís archivos con el mismo nombre de Sound.cpp producir├ín salidas en la misma ubicaci├│n. Esto puede dar lugar a un resultado de compilaci├│n incorrecto. Los archivos implicados son C:\Users\4stro\Desktop\geode\the-coin-guide\build\_deps\bindings-src\bindings\2.2081\inline\Sound.cpp, C:\Users\4stro\Desktop\geode\the-coin-guide\build\bindings\bindings\Geode\source\Sound.cpp. [C:\Users\4stro\Desktop\geode\the-coin-guide\build\bindings\GeodeBindings.vcxproj]
E:\msvisual2026\MSBuild\Microsoft\VC\v180\Microsoft.CppBuild.targets(1139,5): warning MSB8027: Dos o m├ís archivos con el mismo nombre de SoundGroup.cpp producir├ín salidas en la misma ubicaci├│n. Esto puede dar lugar a un resultado de compilaci├│n incorrecto. Los archivos implicados son C:\Users\4stro\Desktop\geode\the-coin-guide\build\_deps\bindings-src\bindings\2.2081\inline\SoundGroup.cpp, C:\Users\4stro\Desktop\geode\the-coin-guide\build\bindings\bindings\Geode\source\SoundGroup.cpp. [C:\Users\4stro\Desktop\geode\the-coin-guide\build\bindings\GeodeBindings.vcxproj]
E:\msvisual2026\MSBuild\Microsoft\VC\v180\Microsoft.CppBuild.targets(1139,5): warning MSB8027: Dos o m├ís archivos con el mismo nombre de SoundStateContainer.cpp producir├ín salidas en la misma ubicaci├│n. Esto puede dar lugar a un resultado de compilaci├│n incorrecto. Los archivos implicados son C:\Users\4stro\Desktop\geode\the-coin-guide\build\_deps\bindings-src\bindings\2.2081\inline\SoundStateContainer.cpp, C:\Users\4stro\Desktop\geode\the-coin-guide\build\bindings\bindings\Geode\source\SoundStateContainer.cpp. [C:\Users\4stro\Desktop\geode\the-coin-guide\build\bindings\GeodeBindings.vcxproj]
E:\msvisual2026\MSBuild\Microsoft\VC\v180\Microsoft.CppBuild.targets(1139,5): warning MSB8027: Dos o m├ís archivos con el mismo nombre de SpawnParticleGameObject.cpp producir├ín salidas en la misma ubicaci├│n. Esto puede dar lugar a un resultado de compilaci├│n incorrecto. Los archivos implicados son C:\Users\4stro\Desktop\geode\the-coin-guide\build\_deps\bindings-src\bindings\2.2081\inline\SpawnParticleGameObject.cpp, C:\Users\4stro\Desktop\geode\the-coin-guide\build\bindings\bindings\Geode\source\SpawnParticleGameObject.cpp. [C:\Users\4stro\Desktop\geode\the-coin-guide\build\bindings\GeodeBindings.vcxproj]
E:\msvisual2026\MSBuild\Microsoft\VC\v180\Microsoft.CppBuild.targets(1139,5): warning MSB8027: Dos o m├ís archivos con el mismo nombre de SpawnTriggerAction.cpp producir├ín salidas en la misma ubicaci├│n. Esto puede dar lugar a un resultado de compilaci├│n incorrecto. Los archivos implicados son C:\Users\4stro\Desktop\geode\the-coin-guide\build\_deps\bindings-src\bindings\2.2081\inline\SpawnTriggerAction.cpp, C:\Users\4stro\Desktop\geode\the-coin-guide\build\bindings\bindings\Geode\source\SpawnTriggerAction.cpp. [C:\Users\4stro\Desktop\geode\the-coin-guide\build\bindings\GeodeBindings.vcxproj]
E:\msvisual2026\MSBuild\Microsoft\VC\v180\Microsoft.CppBuild.targets(1139,5): warning MSB8027: Dos o m├ís archivos con el mismo nombre de SpawnTriggerGameObject.cpp producir├ín salidas en la misma ubicaci├│n. Esto puede dar lugar a un resultado de compilaci├│n incorrecto. Los archivos implicados son C:\Users\4stro\Desktop\geode\the-coin-guide\build\_deps\bindings-src\bindings\2.2081\inline\SpawnTriggerGameObject.cpp, C:\Users\4stro\Desktop\geode\the-coin-guide\build\bindings\bindings\Geode\source\SpawnTriggerGameObject.cpp. [C:\Users\4stro\Desktop\geode\the-coin-guide\build\bindings\GeodeBindings.vcxproj]
E:\msvisual2026\MSBuild\Microsoft\VC\v180\Microsoft.CppBuild.targets(1139,5): warning MSB8027: Dos o m├ís archivos con el mismo nombre de SpecialAnimGameObject.cpp producir├ín salidas en la misma ubicaci├│n. Esto puede dar lugar a un resultado de compilaci├│n incorrecto. Los archivos implicados son C:\Users\4stro\Desktop\geode\the-coin-guide\build\_deps\bindings-src\bindings\2.2081\inline\SpecialAnimGameObject.cpp, C:\Users\4stro\Desktop\geode\the-coin-guide\build\bindings\bindings\Geode\source\SpecialAnimGameObject.cpp. [C:\Users\4stro\Desktop\geode\the-coin-guide\build\bindings\GeodeBindings.vcxproj]
E:\msvisual2026\MSBuild\Microsoft\VC\v180\Microsoft.CppBuild.targets(1139,5): warning MSB8027: Dos o m├ís archivos con el mismo nombre de SpriteAnimationManager.cpp producir├ín salidas en la misma ubicaci├│n. Esto puede dar lugar a un resultado de compilaci├│n incorrecto. Los archivos implicados son C:\Users\4stro\Desktop\geode\the-coin-guide\build\_deps\bindings-src\bindings\2.2081\inline\SpriteAnimationManager.cpp, C:\Users\4stro\Desktop\geode\the-coin-guide\build\bindings\bindings\Geode\source\SpriteAnimationManager.cpp. [C:\Users\4stro\Desktop\geode\the-coin-guide\build\bindings\GeodeBindings.vcxproj]
E:\msvisual2026\MSBuild\Microsoft\VC\v180\Microsoft.CppBuild.targets(1139,5): warning MSB8027: Dos o m├ís archivos con el mismo nombre de SpriteDescription.cpp producir├ín salidas en la misma ubicaci├│n. Esto puede dar lugar a un resultado de compilaci├│n incorrecto. Los archivos implicados son C:\Users\4stro\Desktop\geode\the-coin-guide\build\_deps\bindings-src\bindings\2.2081\inline\SpriteDescription.cpp, C:\Users\4stro\Desktop\geode\the-coin-guide\build\bindings\bindings\Geode\source\SpriteDescription.cpp. [C:\Users\4stro\Desktop\geode\the-coin-guide\build\bindings\GeodeBindings.vcxproj]
E:\msvisual2026\MSBuild\Microsoft\VC\v180\Microsoft.CppBuild.targets(1139,5): warning MSB8027: Dos o m├ís archivos con el mismo nombre de SpritePartDelegate.cpp producir├ín salidas en la misma ubicaci├│n. Esto puede dar lugar a un resultado de compilaci├│n incorrecto. Los archivos implicados son C:\Users\4stro\Desktop\geode\the-coin-guide\build\_deps\bindings-src\bindings\2.2081\inline\SpritePartDelegate.cpp, C:\Users\4stro\Desktop\geode\the-coin-guide\build\bindings\bindings\Geode\source\SpritePartDelegate.cpp. [C:\Users\4stro\Desktop\geode\the-coin-guide\build\bindings\GeodeBindings.vcxproj]
E:\msvisual2026\MSBuild\Microsoft\VC\v180\Microsoft.CppBuild.targets(1139,5): warning MSB8027: Dos o m├ís archivos con el mismo nombre de StarInfoPopup.cpp producir├ín salidas en la misma ubicaci├│n. Esto puede dar lugar a un resultado de compilaci├│n incorrecto. Los archivos implicados son C:\Users\4stro\Desktop\geode\the-coin-guide\build\_deps\bindings-src\bindings\2.2081\inline\StarInfoPopup.cpp, C:\Users\4stro\Desktop\geode\the-coin-guide\build\bindings\bindings\Geode\source\StarInfoPopup.cpp. [C:\Users\4stro\Desktop\geode\the-coin-guide\build\bindings\GeodeBindings.vcxproj]
E:\msvisual2026\MSBuild\Microsoft\VC\v180\Microsoft.CppBuild.targets(1139,5): warning MSB8027: Dos o m├ís archivos con el mismo nombre de StartPosObject.cpp producir├ín salidas en la misma ubicaci├│n. Esto puede dar lugar a un resultado de compilaci├│n incorrecto. Los archivos implicados son C:\Users\4stro\Desktop\geode\the-coin-guide\build\_deps\bindings-src\bindings\2.2081\inline\StartPosObject.cpp, C:\Users\4stro\Desktop\geode\the-coin-guide\build\bindings\bindings\Geode\source\StartPosObject.cpp. [C:\Users\4stro\Desktop\geode\the-coin-guide\build\bindings\GeodeBindings.vcxproj]
E:\msvisual2026\MSBuild\Microsoft\VC\v180\Microsoft.CppBuild.targets(1139,5): warning MSB8027: Dos o m├ís archivos con el mismo nombre de StatsCell.cpp producir├ín salidas en la misma ubicaci├│n. Esto puede dar lugar a un resultado de compilaci├│n incorrecto. Los archivos implicados son C:\Users\4stro\Desktop\geode\the-coin-guide\build\_deps\bindings-src\bindings\2.2081\inline\StatsCell.cpp, C:\Users\4stro\Desktop\geode\the-coin-guide\build\bindings\bindings\Geode\source\StatsCell.cpp. [C:\Users\4stro\Desktop\geode\the-coin-guide\build\bindings\GeodeBindings.vcxproj]
E:\msvisual2026\MSBuild\Microsoft\VC\v180\Microsoft.CppBuild.targets(1139,5): warning MSB8027: Dos o m├ís archivos con el mismo nombre de StatsLayer.cpp producir├ín salidas en la misma ubicaci├│n. Esto puede dar lugar a un resultado de compilaci├│n incorrecto. Los archivos implicados son C:\Users\4stro\Desktop\geode\the-coin-guide\build\_deps\bindings-src\bindings\2.2081\inline\StatsLayer.cpp, C:\Users\4stro\Desktop\geode\the-coin-guide\build\bindings\bindings\Geode\source\StatsLayer.cpp. [C:\Users\4stro\Desktop\geode\the-coin-guide\build\bindings\GeodeBindings.vcxproj]
E:\msvisual2026\MSBuild\Microsoft\VC\v180\Microsoft.CppBuild.targets(1139,5): warning MSB8027: Dos o m├ís archivos con el mismo nombre de StatsObject.cpp producir├ín salidas en la misma ubicaci├│n. Esto puede dar lugar a un resultado de compilaci├│n incorrecto. Los archivos implicados son C:\Users\4stro\Desktop\geode\the-coin-guide\build\_deps\bindings-src\bindings\2.2081\inline\StatsObject.cpp, C:\Users\4stro\Desktop\geode\the-coin-guide\build\bindings\bindings\Geode\source\StatsObject.cpp. [C:\Users\4stro\Desktop\geode\the-coin-guide\build\bindings\GeodeBindings.vcxproj]
E:\msvisual2026\MSBuild\Microsoft\VC\v180\Microsoft.CppBuild.targets(1139,5): warning MSB8027: Dos o m├ís archivos con el mismo nombre de SupportLayer.cpp producir├ín salidas en la misma ubicaci├│n. Esto puede dar lugar a un resultado de compilaci├│n incorrecto. Los archivos implicados son C:\Users\4stro\Desktop\geode\the-coin-guide\build\_deps\bindings-src\bindings\2.2081\inline\SupportLayer.cpp, C:\Users\4stro\Desktop\geode\the-coin-guide\build\bindings\bindings\Geode\source\SupportLayer.cpp. [C:\Users\4stro\Desktop\geode\the-coin-guide\build\bindings\GeodeBindings.vcxproj]
E:\msvisual2026\MSBuild\Microsoft\VC\v180\Microsoft.CppBuild.targets(1139,5): warning MSB8027: Dos o m├ís archivos con el mismo nombre de System.cpp producir├ín salidas en la misma ubicaci├│n. Esto puede dar lugar a un resultado de compilaci├│n incorrecto. Los archivos implicados son C:\Users\4stro\Desktop\geode\the-coin-guide\build\_deps\bindings-src\bindings\2.2081\inline\System.cpp, C:\Users\4stro\Desktop\geode\the-coin-guide\build\bindings\bindings\Geode\source\System.cpp. [C:\Users\4stro\Desktop\geode\the-coin-guide\build\bindings\GeodeBindings.vcxproj]
E:\msvisual2026\MSBuild\Microsoft\VC\v180\Microsoft.CppBuild.targets(1139,5): warning MSB8027: Dos o m├ís archivos con el mismo nombre de TOSPopup.cpp producir├ín salidas en la misma ubicaci├│n. Esto puede dar lugar a un resultado de compilaci├│n incorrecto. Los archivos implicados son C:\Users\4stro\Desktop\geode\the-coin-guide\build\_deps\bindings-src\bindings\2.2081\inline\TOSPopup.cpp, C:\Users\4stro\Desktop\geode\the-coin-guide\build\bindings\bindings\Geode\source\TOSPopup.cpp. [C:\Users\4stro\Desktop\geode\the-coin-guide\build\bindings\GeodeBindings.vcxproj]
E:\msvisual2026\MSBuild\Microsoft\VC\v180\Microsoft.CppBuild.targets(1139,5): warning MSB8027: Dos o m├ís archivos con el mismo nombre de TableView.cpp producir├ín salidas en la misma ubicaci├│n. Esto puede dar lugar a un resultado de compilaci├│n incorrecto. Los archivos implicados son C:\Users\4stro\Desktop\geode\the-coin-guide\build\_deps\bindings-src\bindings\2.2081\inline\TableView.cpp, C:\Users\4stro\Desktop\geode\the-coin-guide\build\bindings\bindings\Geode\source\TableView.cpp. [C:\Users\4stro\Desktop\geode\the-coin-guide\build\bindings\GeodeBindings.vcxproj]
E:\msvisual2026\MSBuild\Microsoft\VC\v180\Microsoft.CppBuild.targets(1139,5): warning MSB8027: Dos o m├ís archivos con el mismo nombre de TableViewCell.cpp producir├ín salidas en la misma ubicaci├│n. Esto puede dar lugar a un resultado de compilaci├│n incorrecto. Los archivos implicados son C:\Users\4stro\Desktop\geode\the-coin-guide\build\_deps\bindings-src\bindings\2.2081\inline\TableViewCell.cpp, C:\Users\4stro\Desktop\geode\the-coin-guide\build\bindings\bindings\Geode\source\TableViewCell.cpp. [C:\Users\4stro\Desktop\geode\the-coin-guide\build\bindings\GeodeBindings.vcxproj]
E:\msvisual2026\MSBuild\Microsoft\VC\v180\Microsoft.CppBuild.targets(1139,5): warning MSB8027: Dos o m├ís archivos con el mismo nombre de TableViewCellDelegate.cpp producir├ín salidas en la misma ubicaci├│n. Esto puede dar lugar a un resultado de compilaci├│n incorrecto. Los archivos implicados son C:\Users\4stro\Desktop\geode\the-coin-guide\build\_deps\bindings-src\bindings\2.2081\inline\TableViewCellDelegate.cpp, C:\Users\4stro\Desktop\geode\the-coin-guide\build\bindings\bindings\Geode\source\TableViewCellDelegate.cpp. [C:\Users\4stro\Desktop\geode\the-coin-guide\build\bindings\GeodeBindings.vcxproj]
E:\msvisual2026\MSBuild\Microsoft\VC\v180\Microsoft.CppBuild.targets(1139,5): warning MSB8027: Dos o m├ís archivos con el mismo nombre de TableViewDataSource.cpp producir├ín salidas en la misma ubicaci├│n. Esto puede dar lugar a un resultado de compilaci├│n incorrecto. Los archivos implicados son C:\Users\4stro\Desktop\geode\the-coin-guide\build\_deps\bindings-src\bindings\2.2081\inline\TableViewDataSource.cpp, C:\Users\4stro\Desktop\geode\the-coin-guide\build\bindings\bindings\Geode\source\TableViewDataSource.cpp. [C:\Users\4stro\Desktop\geode\the-coin-guide\build\bindings\GeodeBindings.vcxproj]
E:\msvisual2026\MSBuild\Microsoft\VC\v180\Microsoft.CppBuild.targets(1139,5): warning MSB8027: Dos o m├ís archivos con el mismo nombre de TableViewDelegate.cpp producir├ín salidas en la misma ubicaci├│n. Esto puede dar lugar a un resultado de compilaci├│n incorrecto. Los archivos implicados son C:\Users\4stro\Desktop\geode\the-coin-guide\build\_deps\bindings-src\bindings\2.2081\inline\TableViewDelegate.cpp, C:\Users\4stro\Desktop\geode\the-coin-guide\build\bindings\bindings\Geode\source\TableViewDelegate.cpp. [C:\Users\4stro\Desktop\geode\the-coin-guide\build\bindings\GeodeBindings.vcxproj]
E:\msvisual2026\MSBuild\Microsoft\VC\v180\Microsoft.CppBuild.targets(1139,5): warning MSB8027: Dos o m├ís archivos con el mismo nombre de TeleportPortalObject.cpp producir├ín salidas en la misma ubicaci├│n. Esto puede dar lugar a un resultado de compilaci├│n incorrecto. Los archivos implicados son C:\Users\4stro\Desktop\geode\the-coin-guide\build\_deps\bindings-src\bindings\2.2081\inline\TeleportPortalObject.cpp, C:\Users\4stro\Desktop\geode\the-coin-guide\build\bindings\bindings\Geode\source\TeleportPortalObject.cpp. [C:\Users\4stro\Desktop\geode\the-coin-guide\build\bindings\GeodeBindings.vcxproj]
E:\msvisual2026\MSBuild\Microsoft\VC\v180\Microsoft.CppBuild.targets(1139,5): warning MSB8027: Dos o m├ís archivos con el mismo nombre de TextAlertPopup.cpp producir├ín salidas en la misma ubicaci├│n. Esto puede dar lugar a un resultado de compilaci├│n incorrecto. Los archivos implicados son C:\Users\4stro\Desktop\geode\the-coin-guide\build\_deps\bindings-src\bindings\2.2081\inline\TextAlertPopup.cpp, C:\Users\4stro\Desktop\geode\the-coin-guide\build\bindings\bindings\Geode\source\TextAlertPopup.cpp. [C:\Users\4stro\Desktop\geode\the-coin-guide\build\bindings\GeodeBindings.vcxproj]
E:\msvisual2026\MSBuild\Microsoft\VC\v180\Microsoft.CppBuild.targets(1139,5): warning MSB8027: Dos o m├ís archivos con el mismo nombre de TextArea.cpp producir├ín salidas en la misma ubicaci├│n. Esto puede dar lugar a un resultado de compilaci├│n incorrecto. Los archivos implicados son C:\Users\4stro\Desktop\geode\the-coin-guide\build\_deps\bindings-src\bindings\2.2081\inline\TextArea.cpp, C:\Users\4stro\Desktop\geode\the-coin-guide\build\bindings\bindings\Geode\source\TextArea.cpp. [C:\Users\4stro\Desktop\geode\the-coin-guide\build\bindings\GeodeBindings.vcxproj]
E:\msvisual2026\MSBuild\Microsoft\VC\v180\Microsoft.CppBuild.targets(1139,5): warning MSB8027: Dos o m├ís archivos con el mismo nombre de TextAreaDelegate.cpp producir├ín salidas en la misma ubicaci├│n. Esto puede dar lugar a un resultado de compilaci├│n incorrecto. Los archivos implicados son C:\Users\4stro\Desktop\geode\the-coin-guide\build\_deps\bindings-src\bindings\2.2081\inline\TextAreaDelegate.cpp, C:\Users\4stro\Desktop\geode\the-coin-guide\build\bindings\bindings\Geode\source\TextAreaDelegate.cpp. [C:\Users\4stro\Desktop\geode\the-coin-guide\build\bindings\GeodeBindings.vcxproj]
E:\msvisual2026\MSBuild\Microsoft\VC\v180\Microsoft.CppBuild.targets(1139,5): warning MSB8027: Dos o m├ís archivos con el mismo nombre de TextGameObject.cpp producir├ín salidas en la misma ubicaci├│n. Esto puede dar lugar a un resultado de compilaci├│n incorrecto. Los archivos implicados son C:\Users\4stro\Desktop\geode\the-coin-guide\build\_deps\bindings-src\bindings\2.2081\inline\TextGameObject.cpp, C:\Users\4stro\Desktop\geode\the-coin-guide\build\bindings\bindings\Geode\source\TextGameObject.cpp. [C:\Users\4stro\Desktop\geode\the-coin-guide\build\bindings\GeodeBindings.vcxproj]
E:\msvisual2026\MSBuild\Microsoft\VC\v180\Microsoft.CppBuild.targets(1139,5): warning MSB8027: Dos o m├ís archivos con el mismo nombre de TextInputDelegate.cpp producir├ín salidas en la misma ubicaci├│n. Esto puede dar lugar a un resultado de compilaci├│n incorrecto. Los archivos implicados son C:\Users\4stro\Desktop\geode\the-coin-guide\build\_deps\bindings-src\bindings\2.2081\inline\TextInputDelegate.cpp, C:\Users\4stro\Desktop\geode\the-coin-guide\build\bindings\bindings\Geode\source\TextInputDelegate.cpp. [C:\Users\4stro\Desktop\geode\the-coin-guide\build\bindings\GeodeBindings.vcxproj]
E:\msvisual2026\MSBuild\Microsoft\VC\v180\Microsoft.CppBuild.targets(1139,5): warning MSB8027: Dos o m├ís archivos con el mismo nombre de TextStyleSection.cpp producir├ín salidas en la misma ubicaci├│n. Esto puede dar lugar a un resultado de compilaci├│n incorrecto. Los archivos implicados son C:\Users\4stro\Desktop\geode\the-coin-guide\build\_deps\bindings-src\bindings\2.2081\inline\TextStyleSection.cpp, C:\Users\4stro\Desktop\geode\the-coin-guide\build\bindings\bindings\Geode\source\TextStyleSection.cpp. [C:\Users\4stro\Desktop\geode\the-coin-guide\build\bindings\GeodeBindings.vcxproj]
E:\msvisual2026\MSBuild\Microsoft\VC\v180\Microsoft.CppBuild.targets(1139,5): warning MSB8027: Dos o m├ís archivos con el mismo nombre de TimerItem.cpp producir├ín salidas en la misma ubicaci├│n. Esto puede dar lugar a un resultado de compilaci├│n incorrecto. Los archivos implicados son C:\Users\4stro\Desktop\geode\the-coin-guide\build\_deps\bindings-src\bindings\2.2081\inline\TimerItem.cpp, C:\Users\4stro\Desktop\geode\the-coin-guide\build\bindings\bindings\Geode\source\TimerItem.cpp. [C:\Users\4stro\Desktop\geode\the-coin-guide\build\bindings\GeodeBindings.vcxproj]
E:\msvisual2026\MSBuild\Microsoft\VC\v180\Microsoft.CppBuild.targets(1139,5): warning MSB8027: Dos o m├ís archivos con el mismo nombre de TimerTriggerAction.cpp producir├ín salidas en la misma ubicaci├│n. Esto puede dar lugar a un resultado de compilaci├│n incorrecto. Los archivos implicados son C:\Users\4stro\Desktop\geode\the-coin-guide\build\_deps\bindings-src\bindings\2.2081\inline\TimerTriggerAction.cpp, C:\Users\4stro\Desktop\geode\the-coin-guide\build\bindings\bindings\Geode\source\TimerTriggerAction.cpp. [C:\Users\4stro\Desktop\geode\the-coin-guide\build\bindings\GeodeBindings.vcxproj]
E:\msvisual2026\MSBuild\Microsoft\VC\v180\Microsoft.CppBuild.targets(1139,5): warning MSB8027: Dos o m├ís archivos con el mismo nombre de TimerTriggerGameObject.cpp producir├ín salidas en la misma ubicaci├│n. Esto puede dar lugar a un resultado de compilaci├│n incorrecto. Los archivos implicados son C:\Users\4stro\Desktop\geode\the-coin-guide\build\_deps\bindings-src\bindings\2.2081\inline\TimerTriggerGameObject.cpp, C:\Users\4stro\Desktop\geode\the-coin-guide\build\bindings\bindings\Geode\source\TimerTriggerGameObject.cpp. [C:\Users\4stro\Desktop\geode\the-coin-guide\build\bindings\GeodeBindings.vcxproj]
E:\msvisual2026\MSBuild\Microsoft\VC\v180\Microsoft.CppBuild.targets(1139,5): warning MSB8027: Dos o m├ís archivos con el mismo nombre de ToggleTriggerAction.cpp producir├ín salidas en la misma ubicaci├│n. Esto puede dar lugar a un resultado de compilaci├│n incorrecto. Los archivos implicados son C:\Users\4stro\Desktop\geode\the-coin-guide\build\_deps\bindings-src\bindings\2.2081\inline\ToggleTriggerAction.cpp, C:\Users\4stro\Desktop\geode\the-coin-guide\build\bindings\bindings\Geode\source\ToggleTriggerAction.cpp. [C:\Users\4stro\Desktop\geode\the-coin-guide\build\bindings\GeodeBindings.vcxproj]
E:\msvisual2026\MSBuild\Microsoft\VC\v180\Microsoft.CppBuild.targets(1139,5): warning MSB8027: Dos o m├ís archivos con el mismo nombre de TopArtistsLayer.cpp producir├ín salidas en la misma ubicaci├│n. Esto puede dar lugar a un resultado de compilaci├│n incorrecto. Los archivos implicados son C:\Users\4stro\Desktop\geode\the-coin-guide\build\_deps\bindings-src\bindings\2.2081\inline\TopArtistsLayer.cpp, C:\Users\4stro\Desktop\geode\the-coin-guide\build\bindings\bindings\Geode\source\TopArtistsLayer.cpp. [C:\Users\4stro\Desktop\geode\the-coin-guide\build\bindings\GeodeBindings.vcxproj]
E:\msvisual2026\MSBuild\Microsoft\VC\v180\Microsoft.CppBuild.targets(1139,5): warning MSB8027: Dos o m├ís archivos con el mismo nombre de TouchToggleAction.cpp producir├ín salidas en la misma ubicaci├│n. Esto puede dar lugar a un resultado de compilaci├│n incorrecto. Los archivos implicados son C:\Users\4stro\Desktop\geode\the-coin-guide\build\_deps\bindings-src\bindings\2.2081\inline\TouchToggleAction.cpp, C:\Users\4stro\Desktop\geode\the-coin-guide\build\bindings\bindings\Geode\source\TouchToggleAction.cpp. [C:\Users\4stro\Desktop\geode\the-coin-guide\build\bindings\GeodeBindings.vcxproj]
E:\msvisual2026\MSBuild\Microsoft\VC\v180\Microsoft.CppBuild.targets(1139,5): warning MSB8027: Dos o m├ís archivos con el mismo nombre de TransformTriggerGameObject.cpp producir├ín salidas en la misma ubicaci├│n. Esto puede dar lugar a un resultado de compilaci├│n incorrecto. Los archivos implicados son C:\Users\4stro\Desktop\geode\the-coin-guide\build\_deps\bindings-src\bindings\2.2081\inline\TransformTriggerGameObject.cpp, C:\Users\4stro\Desktop\geode\the-coin-guide\build\bindings\bindings\Geode\source\TransformTriggerGameObject.cpp. [C:\Users\4stro\Desktop\geode\the-coin-guide\build\bindings\GeodeBindings.vcxproj]
E:\msvisual2026\MSBuild\Microsoft\VC\v180\Microsoft.CppBuild.targets(1139,5): warning MSB8027: Dos o m├ís archivos con el mismo nombre de TriggerControlGameObject.cpp producir├ín salidas en la misma ubicaci├│n. Esto puede dar lugar a un resultado de compilaci├│n incorrecto. Los archivos implicados son C:\Users\4stro\Desktop\geode\the-coin-guide\build\_deps\bindings-src\bindings\2.2081\inline\TriggerControlGameObject.cpp, C:\Users\4stro\Desktop\geode\the-coin-guide\build\bindings\bindings\Geode\source\TriggerControlGameObject.cpp. [C:\Users\4stro\Desktop\geode\the-coin-guide\build\bindings\GeodeBindings.vcxproj]
E:\msvisual2026\MSBuild\Microsoft\VC\v180\Microsoft.CppBuild.targets(1139,5): warning MSB8027: Dos o m├ís archivos con el mismo nombre de TriggerEffectDelegate.cpp producir├ín salidas en la misma ubicaci├│n. Esto puede dar lugar a un resultado de compilaci├│n incorrecto. Los archivos implicados son C:\Users\4stro\Desktop\geode\the-coin-guide\build\_deps\bindings-src\bindings\2.2081\inline\TriggerEffectDelegate.cpp, C:\Users\4stro\Desktop\geode\the-coin-guide\build\bindings\bindings\Geode\source\TriggerEffectDelegate.cpp. [C:\Users\4stro\Desktop\geode\the-coin-guide\build\bindings\GeodeBindings.vcxproj]
E:\msvisual2026\MSBuild\Microsoft\VC\v180\Microsoft.CppBuild.targets(1139,5): warning MSB8027: Dos o m├ís archivos con el mismo nombre de TutorialLayer.cpp producir├ín salidas en la misma ubicaci├│n. Esto puede dar lugar a un resultado de compilaci├│n incorrecto. Los archivos implicados son C:\Users\4stro\Desktop\geode\the-coin-guide\build\_deps\bindings-src\bindings\2.2081\inline\TutorialLayer.cpp, C:\Users\4stro\Desktop\geode\the-coin-guide\build\bindings\bindings\Geode\source\TutorialLayer.cpp. [C:\Users\4stro\Desktop\geode\the-coin-guide\build\bindings\GeodeBindings.vcxproj]
E:\msvisual2026\MSBuild\Microsoft\VC\v180\Microsoft.CppBuild.targets(1139,5): warning MSB8027: Dos o m├ís archivos con el mismo nombre de TutorialPopup.cpp producir├ín salidas en la misma ubicaci├│n. Esto puede dar lugar a un resultado de compilaci├│n incorrecto. Los archivos implicados son C:\Users\4stro\Desktop\geode\the-coin-guide\build\_deps\bindings-src\bindings\2.2081\inline\TutorialPopup.cpp, C:\Users\4stro\Desktop\geode\the-coin-guide\build\bindings\bindings\Geode\source\TutorialPopup.cpp. [C:\Users\4stro\Desktop\geode\the-coin-guide\build\bindings\GeodeBindings.vcxproj]
E:\msvisual2026\MSBuild\Microsoft\VC\v180\Microsoft.CppBuild.targets(1139,5): warning MSB8027: Dos o m├ís archivos con el mismo nombre de UIButtonConfig.cpp producir├ín salidas en la misma ubicaci├│n. Esto puede dar lugar a un resultado de compilaci├│n incorrecto. Los archivos implicados son C:\Users\4stro\Desktop\geode\the-coin-guide\build\_deps\bindings-src\bindings\2.2081\inline\UIButtonConfig.cpp, C:\Users\4stro\Desktop\geode\the-coin-guide\build\bindings\bindings\Geode\source\UIButtonConfig.cpp. [C:\Users\4stro\Desktop\geode\the-coin-guide\build\bindings\GeodeBindings.vcxproj]
E:\msvisual2026\MSBuild\Microsoft\VC\v180\Microsoft.CppBuild.targets(1139,5): warning MSB8027: Dos o m├ís archivos con el mismo nombre de UILayer.cpp producir├ín salidas en la misma ubicaci├│n. Esto puede dar lugar a un resultado de compilaci├│n incorrecto. Los archivos implicados son C:\Users\4stro\Desktop\geode\the-coin-guide\build\_deps\bindings-src\bindings\2.2081\inline\UILayer.cpp, C:\Users\4stro\Desktop\geode\the-coin-guide\build\bindings\bindings\Geode\source\UILayer.cpp. [C:\Users\4stro\Desktop\geode\the-coin-guide\build\bindings\GeodeBindings.vcxproj]
E:\msvisual2026\MSBuild\Microsoft\VC\v180\Microsoft.CppBuild.targets(1139,5): warning MSB8027: Dos o m├ís archivos con el mismo nombre de UIObjectSettingsPopup.cpp producir├ín salidas en la misma ubicaci├│n. Esto puede dar lugar a un resultado de compilaci├│n incorrecto. Los archivos implicados son C:\Users\4stro\Desktop\geode\the-coin-guide\build\_deps\bindings-src\bindings\2.2081\inline\UIObjectSettingsPopup.cpp, C:\Users\4stro\Desktop\geode\the-coin-guide\build\bindings\bindings\Geode\source\UIObjectSettingsPopup.cpp. [C:\Users\4stro\Desktop\geode\the-coin-guide\build\bindings\GeodeBindings.vcxproj]
E:\msvisual2026\MSBuild\Microsoft\VC\v180\Microsoft.CppBuild.targets(1139,5): warning MSB8027: Dos o m├ís archivos con el mismo nombre de UIOptionsLayer.cpp producir├ín salidas en la misma ubicaci├│n. Esto puede dar lugar a un resultado de compilaci├│n incorrecto. Los archivos implicados son C:\Users\4stro\Desktop\geode\the-coin-guide\build\_deps\bindings-src\bindings\2.2081\inline\UIOptionsLayer.cpp, C:\Users\4stro\Desktop\geode\the-coin-guide\build\bindings\bindings\Geode\source\UIOptionsLayer.cpp. [C:\Users\4stro\Desktop\geode\the-coin-guide\build\bindings\GeodeBindings.vcxproj]
E:\msvisual2026\MSBuild\Microsoft\VC\v180\Microsoft.CppBuild.targets(1139,5): warning MSB8027: Dos o m├ís archivos con el mismo nombre de UIPOptionsLayer.cpp producir├ín salidas en la misma ubicaci├│n. Esto puede dar lugar a un resultado de compilaci├│n incorrecto. Los archivos implicados son C:\Users\4stro\Desktop\geode\the-coin-guide\build\_deps\bindings-src\bindings\2.2081\inline\UIPOptionsLayer.cpp, C:\Users\4stro\Desktop\geode\the-coin-guide\build\bindings\bindings\Geode\source\UIPOptionsLayer.cpp. [C:\Users\4stro\Desktop\geode\the-coin-guide\build\bindings\GeodeBindings.vcxproj]
E:\msvisual2026\MSBuild\Microsoft\VC\v180\Microsoft.CppBuild.targets(1139,5): warning MSB8027: Dos o m├ís archivos con el mismo nombre de UISaveLoadLayer.cpp producir├ín salidas en la misma ubicaci├│n. Esto puede dar lugar a un resultado de compilaci├│n incorrecto. Los archivos implicados son C:\Users\4stro\Desktop\geode\the-coin-guide\build\_deps\bindings-src\bindings\2.2081\inline\UISaveLoadLayer.cpp, C:\Users\4stro\Desktop\geode\the-coin-guide\build\bindings\bindings\Geode\source\UISaveLoadLayer.cpp. [C:\Users\4stro\Desktop\geode\the-coin-guide\build\bindings\GeodeBindings.vcxproj]
E:\msvisual2026\MSBuild\Microsoft\VC\v180\Microsoft.CppBuild.targets(1139,5): warning MSB8027: Dos o m├ís archivos con el mismo nombre de UISettingsGameObject.cpp producir├ín salidas en la misma ubicaci├│n. Esto puede dar lugar a un resultado de compilaci├│n incorrecto. Los archivos implicados son C:\Users\4stro\Desktop\geode\the-coin-guide\build\_deps\bindings-src\bindings\2.2081\inline\UISettingsGameObject.cpp, C:\Users\4stro\Desktop\geode\the-coin-guide\build\bindings\bindings\Geode\source\UISettingsGameObject.cpp. [C:\Users\4stro\Desktop\geode\the-coin-guide\build\bindings\GeodeBindings.vcxproj]
E:\msvisual2026\MSBuild\Microsoft\VC\v180\Microsoft.CppBuild.targets(1139,5): warning MSB8027: Dos o m├ís archivos con el mismo nombre de URLCell.cpp producir├ín salidas en la misma ubicaci├│n. Esto puede dar lugar a un resultado de compilaci├│n incorrecto. Los archivos implicados son C:\Users\4stro\Desktop\geode\the-coin-guide\build\_deps\bindings-src\bindings\2.2081\inline\URLCell.cpp, C:\Users\4stro\Desktop\geode\the-coin-guide\build\bindings\bindings\Geode\source\URLCell.cpp. [C:\Users\4stro\Desktop\geode\the-coin-guide\build\bindings\GeodeBindings.vcxproj]
E:\msvisual2026\MSBuild\Microsoft\VC\v180\Microsoft.CppBuild.targets(1139,5): warning MSB8027: Dos o m├ís archivos con el mismo nombre de URLViewLayer.cpp producir├ín salidas en la misma ubicaci├│n. Esto puede dar lugar a un resultado de compilaci├│n incorrecto. Los archivos implicados son C:\Users\4stro\Desktop\geode\the-coin-guide\build\_deps\bindings-src\bindings\2.2081\inline\URLViewLayer.cpp, C:\Users\4stro\Desktop\geode\the-coin-guide\build\bindings\bindings\Geode\source\URLViewLayer.cpp. [C:\Users\4stro\Desktop\geode\the-coin-guide\build\bindings\GeodeBindings.vcxproj]
E:\msvisual2026\MSBuild\Microsoft\VC\v180\Microsoft.CppBuild.targets(1139,5): warning MSB8027: Dos o m├ís archivos con el mismo nombre de UndoObject.cpp producir├ín salidas en la misma ubicaci├│n. Esto puede dar lugar a un resultado de compilaci├│n incorrecto. Los archivos implicados son C:\Users\4stro\Desktop\geode\the-coin-guide\build\_deps\bindings-src\bindings\2.2081\inline\UndoObject.cpp, C:\Users\4stro\Desktop\geode\the-coin-guide\build\bindings\bindings\Geode\source\UndoObject.cpp. [C:\Users\4stro\Desktop\geode\the-coin-guide\build\bindings\GeodeBindings.vcxproj]
E:\msvisual2026\MSBuild\Microsoft\VC\v180\Microsoft.CppBuild.targets(1139,5): warning MSB8027: Dos o m├ís archivos con el mismo nombre de UpdateAccountSettingsPopup.cpp producir├ín salidas en la misma ubicaci├│n. Esto puede dar lugar a un resultado de compilaci├│n incorrecto. Los archivos implicados son C:\Users\4stro\Desktop\geode\the-coin-guide\build\_deps\bindings-src\bindings\2.2081\inline\UpdateAccountSettingsPopup.cpp, C:\Users\4stro\Desktop\geode\the-coin-guide\build\bindings\bindings\Geode\source\UpdateAccountSettingsPopup.cpp. [C:\Users\4stro\Desktop\geode\the-coin-guide\build\bindings\GeodeBindings.vcxproj]
E:\msvisual2026\MSBuild\Microsoft\VC\v180\Microsoft.CppBuild.targets(1139,5): warning MSB8027: Dos o m├ís archivos con el mismo nombre de UploadActionDelegate.cpp producir├ín salidas en la misma ubicaci├│n. Esto puede dar lugar a un resultado de compilaci├│n incorrecto. Los archivos implicados son C:\Users\4stro\Desktop\geode\the-coin-guide\build\_deps\bindings-src\bindings\2.2081\inline\UploadActionDelegate.cpp, C:\Users\4stro\Desktop\geode\the-coin-guide\build\bindings\bindings\Geode\source\UploadActionDelegate.cpp. [C:\Users\4stro\Desktop\geode\the-coin-guide\build\bindings\GeodeBindings.vcxproj]
E:\msvisual2026\MSBuild\Microsoft\VC\v180\Microsoft.CppBuild.targets(1139,5): warning MSB8027: Dos o m├ís archivos con el mismo nombre de UploadActionPopup.cpp producir├ín salidas en la misma ubicaci├│n. Esto puede dar lugar a un resultado de compilaci├│n incorrecto. Los archivos implicados son C:\Users\4stro\Desktop\geode\the-coin-guide\build\_deps\bindings-src\bindings\2.2081\inline\UploadActionPopup.cpp, C:\Users\4stro\Desktop\geode\the-coin-guide\build\bindings\bindings\Geode\source\UploadActionPopup.cpp. [C:\Users\4stro\Desktop\geode\the-coin-guide\build\bindings\GeodeBindings.vcxproj]
E:\msvisual2026\MSBuild\Microsoft\VC\v180\Microsoft.CppBuild.targets(1139,5): warning MSB8027: Dos o m├ís archivos con el mismo nombre de UploadListPopup.cpp producir├ín salidas en la misma ubicaci├│n. Esto puede dar lugar a un resultado de compilaci├│n incorrecto. Los archivos implicados son C:\Users\4stro\Desktop\geode\the-coin-guide\build\_deps\bindings-src\bindings\2.2081\inline\UploadListPopup.cpp, C:\Users\4stro\Desktop\geode\the-coin-guide\build\bindings\bindings\Geode\source\UploadListPopup.cpp. [C:\Users\4stro\Desktop\geode\the-coin-guide\build\bindings\GeodeBindings.vcxproj]
E:\msvisual2026\MSBuild\Microsoft\VC\v180\Microsoft.CppBuild.targets(1139,5): warning MSB8027: Dos o m├ís archivos con el mismo nombre de UploadMessageDelegate.cpp producir├ín salidas en la misma ubicaci├│n. Esto puede dar lugar a un resultado de compilaci├│n incorrecto. Los archivos implicados son C:\Users\4stro\Desktop\geode\the-coin-guide\build\_deps\bindings-src\bindings\2.2081\inline\UploadMessageDelegate.cpp, C:\Users\4stro\Desktop\geode\the-coin-guide\build\bindings\bindings\Geode\source\UploadMessageDelegate.cpp. [C:\Users\4stro\Desktop\geode\the-coin-guide\build\bindings\GeodeBindings.vcxproj]
E:\msvisual2026\MSBuild\Microsoft\VC\v180\Microsoft.CppBuild.targets(1139,5): warning MSB8027: Dos o m├ís archivos con el mismo nombre de UploadPopup.cpp producir├ín salidas en la misma ubicaci├│n. Esto puede dar lugar a un resultado de compilaci├│n incorrecto. Los archivos implicados son C:\Users\4stro\Desktop\geode\the-coin-guide\build\_deps\bindings-src\bindings\2.2081\inline\UploadPopup.cpp, C:\Users\4stro\Desktop\geode\the-coin-guide\build\bindings\bindings\Geode\source\UploadPopup.cpp. [C:\Users\4stro\Desktop\geode\the-coin-guide\build\bindings\GeodeBindings.vcxproj]
E:\msvisual2026\MSBuild\Microsoft\VC\v180\Microsoft.CppBuild.targets(1139,5): warning MSB8027: Dos o m├ís archivos con el mismo nombre de UploadPopupDelegate.cpp producir├ín salidas en la misma ubicaci├│n. Esto puede dar lugar a un resultado de compilaci├│n incorrecto. Los archivos implicados son C:\Users\4stro\Desktop\geode\the-coin-guide\build\_deps\bindings-src\bindings\2.2081\inline\UploadPopupDelegate.cpp, C:\Users\4stro\Desktop\geode\the-coin-guide\build\bindings\bindings\Geode\source\UploadPopupDelegate.cpp. [C:\Users\4stro\Desktop\geode\the-coin-guide\build\bindings\GeodeBindings.vcxproj]
E:\msvisual2026\MSBuild\Microsoft\VC\v180\Microsoft.CppBuild.targets(1139,5): warning MSB8027: Dos o m├ís archivos con el mismo nombre de UserInfoDelegate.cpp producir├ín salidas en la misma ubicaci├│n. Esto puede dar lugar a un resultado de compilaci├│n incorrecto. Los archivos implicados son C:\Users\4stro\Desktop\geode\the-coin-guide\build\_deps\bindings-src\bindings\2.2081\inline\UserInfoDelegate.cpp, C:\Users\4stro\Desktop\geode\the-coin-guide\build\bindings\bindings\Geode\source\UserInfoDelegate.cpp. [C:\Users\4stro\Desktop\geode\the-coin-guide\build\bindings\GeodeBindings.vcxproj]
E:\msvisual2026\MSBuild\Microsoft\VC\v180\Microsoft.CppBuild.targets(1139,5): warning MSB8027: Dos o m├ís archivos con el mismo nombre de UserListDelegate.cpp producir├ín salidas en la misma ubicaci├│n. Esto puede dar lugar a un resultado de compilaci├│n incorrecto. Los archivos implicados son C:\Users\4stro\Desktop\geode\the-coin-guide\build\_deps\bindings-src\bindings\2.2081\inline\UserListDelegate.cpp, C:\Users\4stro\Desktop\geode\the-coin-guide\build\bindings\bindings\Geode\source\UserListDelegate.cpp. [C:\Users\4stro\Desktop\geode\the-coin-guide\build\bindings\GeodeBindings.vcxproj]
E:\msvisual2026\MSBuild\Microsoft\VC\v180\Microsoft.CppBuild.targets(1139,5): warning MSB8027: Dos o m├ís archivos con el mismo nombre de VideoOptionsLayer.cpp producir├ín salidas en la misma ubicaci├│n. Esto puede dar lugar a un resultado de compilaci├│n incorrecto. Los archivos implicados son C:\Users\4stro\Desktop\geode\the-coin-guide\build\_deps\bindings-src\bindings\2.2081\inline\VideoOptionsLayer.cpp, C:\Users\4stro\Desktop\geode\the-coin-guide\build\bindings\bindings\Geode\source\VideoOptionsLayer.cpp. [C:\Users\4stro\Desktop\geode\the-coin-guide\build\bindings\GeodeBindings.vcxproj]
E:\msvisual2026\MSBuild\Microsoft\VC\v180\Microsoft.CppBuild.targets(1139,5): warning MSB8027: Dos o m├ís archivos con el mismo nombre de WorldLevelPage.cpp producir├ín salidas en la misma ubicaci├│n. Esto puede dar lugar a un resultado de compilaci├│n incorrecto. Los archivos implicados son C:\Users\4stro\Desktop\geode\the-coin-guide\build\_deps\bindings-src\bindings\2.2081\inline\WorldLevelPage.cpp, C:\Users\4stro\Desktop\geode\the-coin-guide\build\bindings\bindings\Geode\source\WorldLevelPage.cpp. [C:\Users\4stro\Desktop\geode\the-coin-guide\build\bindings\GeodeBindings.vcxproj]
E:\msvisual2026\MSBuild\Microsoft\VC\v180\Microsoft.CppBuild.targets(1139,5): warning MSB8027: Dos o m├ís archivos con el mismo nombre de WorldSelectLayer.cpp producir├ín salidas en la misma ubicaci├│n. Esto puede dar lugar a un resultado de compilaci├│n incorrecto. Los archivos implicados son C:\Users\4stro\Desktop\geode\the-coin-guide\build\_deps\bindings-src\bindings\2.2081\inline\WorldSelectLayer.cpp, C:\Users\4stro\Desktop\geode\the-coin-guide\build\bindings\bindings\Geode\source\WorldSelectLayer.cpp. [C:\Users\4stro\Desktop\geode\the-coin-guide\build\bindings\GeodeBindings.vcxproj]
E:\msvisual2026\MSBuild\Microsoft\VC\v180\Microsoft.CppBuild.targets(1139,5): warning MSB8027: Dos o m├ís archivos con el mismo nombre de ZipUtils.cpp producir├ín salidas en la misma ubicaci├│n. Esto puede dar lugar a un resultado de compilaci├│n incorrecto. Los archivos implicados son C:\Users\4stro\Desktop\geode\the-coin-guide\build\_deps\bindings-src\bindings\2.2081\inline\ZipUtils.cpp, C:\Users\4stro\Desktop\geode\the-coin-guide\build\bindings\bindings\Geode\source\ZipUtils.cpp. [C:\Users\4stro\Desktop\geode\the-coin-guide\build\bindings\GeodeBindings.vcxproj]
E:\msvisual2026\MSBuild\Microsoft\VC\v180\Microsoft.CppBuild.targets(1139,5): warning MSB8027: Dos o m├ís archivos con el mismo nombre de cocos2d.cpp producir├ín salidas en la misma ubicaci├│n. Esto puede dar lugar a un resultado de compilaci├│n incorrecto. Los archivos implicados son C:\Users\4stro\Desktop\geode\the-coin-guide\build\_deps\bindings-src\bindings\2.2081\inline\cocos2d.cpp, C:\Users\4stro\Desktop\geode\the-coin-guide\build\bindings\bindings\Geode\source\cocos2d.cpp. [C:\Users\4stro\Desktop\geode\the-coin-guide\build\bindings\GeodeBindings.vcxproj]
E:\msvisual2026\MSBuild\Microsoft\VC\v180\Microsoft.CppBuild.targets(1139,5): warning MSB8027: Dos o m├ís archivos con el mismo nombre de tk_spline.cpp producir├ín salidas en la misma ubicaci├│n. Esto puede dar lugar a un resultado de compilaci├│n incorrecto. Los archivos implicados son C:\Users\4stro\Desktop\geode\the-coin-guide\build\_deps\bindings-src\bindings\2.2081\inline\tk_spline.cpp, C:\Users\4stro\Desktop\geode\the-coin-guide\build\bindings\bindings\Geode\source\tk_spline.cpp. [C:\Users\4stro\Desktop\geode\the-coin-guide\build\bindings\GeodeBindings.vcxproj]
E:\msvisual2026\MSBuild\Microsoft\VC\v180\Microsoft.CppBuild.targets(1139,5): warning MSB8027: Dos o m├ís archivos con el mismo nombre de xml_node.cpp producir├ín salidas en la misma ubicaci├│n. Esto puede dar lugar a un resultado de compilaci├│n incorrecto. Los archivos implicados son C:\Users\4stro\Desktop\geode\the-coin-guide\build\_deps\bindings-src\bindings\2.2081\inline\xml_node.cpp, C:\Users\4stro\Desktop\geode\the-coin-guide\build\bindings\bindings\Geode\source\xml_node.cpp. [C:\Users\4stro\Desktop\geode\the-coin-guide\build\bindings\GeodeBindings.vcxproj]
  GeodeBindings.vcxproj -> C:\Users\4stro\Desktop\geode\the-coin-guide\build\bindings\RelWithDebInfo\GeodeBindings.lib
  main.cpp
C:\Users\4stro\Desktop\geode\the-coin-guide\src\main.cpp(86,17): warning C4834: Descartar el valor de retorno de la funci├│n con el atributo [[nodiscard]] [C:\Users\4stro\Desktop\geode\the-coin-guide\build\the_coin_guide.vcxproj]
  (compilando archivo de origen "../src/main.cpp")
  
C:\Users\4stro\Desktop\geode\the-coin-guide\build\_deps\result-src\include\Geode\Result.hpp(1159,44): error C2661: 'geode::impl::ResultData<OkType,ErrType>::ResultData': ninguna funci├│n sobrecargada acepta 2 argumentos [C:\Users\4stro\Desktop\geode\the-coin-guide\build\the_coin_guide.vcxproj]
C:\Users\4stro\Desktop\geode\the-coin-guide\build\_deps\result-src\include\Geode\Result.hpp(1159,44): error C2661:         with [C:\Users\4stro\Desktop\geode\the-coin-guide\build\the_coin_guide.vcxproj]
C:\Users\4stro\Desktop\geode\the-coin-guide\build\_deps\result-src\include\Geode\Result.hpp(1159,44): error C2661:         [ [C:\Users\4stro\Desktop\geode\the-coin-guide\build\the_coin_guide.vcxproj]
C:\Users\4stro\Desktop\geode\the-coin-guide\build\_deps\result-src\include\Geode\Result.hpp(1159,44): error C2661:             OkType=std::shared_ptr<geode::SettingV3>, [C:\Users\4stro\Desktop\geode\the-coin-guide\build\the_coin_guide.vcxproj]
C:\Users\4stro\Desktop\geode\the-coin-guide\build\_deps\result-src\include\Geode\Result.hpp(1159,44): error C2661:             ErrType=std::string [C:\Users\4stro\Desktop\geode\the-coin-guide\build\the_coin_guide.vcxproj]
C:\Users\4stro\Desktop\geode\the-coin-guide\build\_deps\result-src\include\Geode\Result.hpp(1159,44): error C2661:         ] [C:\Users\4stro\Desktop\geode\the-coin-guide\build\the_coin_guide.vcxproj]
  (compilando archivo de origen "../src/main.cpp")
      C:\Users\4stro\Desktop\geode\the-coin-guide\build\_deps\result-src\include\Geode\Result.hpp(464,13):
      puede ser 'geode::impl::ResultData<OkType,ErrType>::ResultData(std::in_place_index_t<_Idx>,ClassType &&) noexcept(<expr>)'
          with
          [
              OkType=std::shared_ptr<geode::SettingV3>,
              ErrType=std::string
          ]
          C:\Users\4stro\Desktop\geode\the-coin-guide\build\_deps\result-src\include\Geode\Result.hpp(1159,44):
          no se cumplen las restricciones asociadas
              C:\Users\4stro\Desktop\geode\the-coin-guide\build\_deps\result-src\include\Geode\Result.hpp(463,37):
              la restricci├│n no se cumpli├│
      C:\Users\4stro\Desktop\geode\the-coin-guide\build\_deps\result-src\include\Geode\Result.hpp(1159,44):
      al hacer coincidir la lista de argumentos '(const std::in_place_index_t<0>, std::reference_wrapper<OkType>)'
          with
          [
              OkType=std::shared_ptr<SyncRoleSettingValue>
          ]
      C:\Users\4stro\Desktop\geode\the-coin-guide\build\_deps\result-src\include\Geode\Result.hpp(1159,44):
      el contexto de creaci├│n de instancias de la plantilla (el m├ís antiguo primero) es
          C:\Users\4stro\Desktop\geode\the-coin-guide\src\main.cpp(73,9):
          Vea la referencia a la creaci├│n de una instancia de la funci├│n plantilla "geode::Result<std::shared_ptr<_Ty>,std::string>::Result<std::shared_ptr<SyncRoleSettingValue>&>(geode::impl::OkContainer<std::shared_ptr<SyncRoleSettingValue> &> &&) noexcept(false)" que se est├í compilando
          with
          [
              _Ty=geode::SettingV3
          ]
              C:\Users\4stro\Desktop\geode\the-coin-guide\src\main.cpp(73,9):
              vea la primera referencia a ÔÇ£geode::Result<std::shared_ptr<_Ty>,std::string>::ResultÔÇØ en ÔÇ£SyncRoleSettingValue::parseÔÇØ
          with
          [
              _Ty=geode::SettingV3
          ]
          C:\Users\4stro\Desktop\geode\the-coin-guide\build\_deps\result-src\include\Geode\Result.hpp(1248,9):
          Vea la referencia a la creaci├│n de una instancia de la funci├│n plantilla "geode::impl::ResultDataWrapper<OkType,ErrType>::ResultDataWrapper<std::shared_ptr<SyncRoleSettingValue>&>(geode::impl::OkContainer<std::shared_ptr<SyncRoleSettingValue> &> &&) noexcept(false)" que se est├í compilando
          with
          [
              OkType=std::shared_ptr<geode::SettingV3>,
              ErrType=std::string
          ]
  
  entry.cpp
  Generando c├│digo...
